Archive member included to satisfy reference by file (symbol)

external/rtt/librtt_nrf52832_xxAA.a(SEGGER_RTT.c.obj)
                              examples/experimental_dimming/dimming_server/CMakeFiles/light_switch_dimming_server_nrf52832_xxAA_s132_6.1.1.dir/__/__/__/mesh/core/src/log.c.obj (SEGGER_RTT_Write)
external/rtt/librtt_nrf52832_xxAA.a(SEGGER_RTT_printf.c.obj)
                              examples/experimental_dimming/dimming_server/CMakeFiles/light_switch_dimming_server_nrf52832_xxAA_s132_6.1.1.dir/__/__/__/mesh/core/src/log.c.obj (SEGGER_RTT_vprintf)
external/micro-ecc/libuECC_nrf52832_xxAA.a(uECC.c.obj)
                              examples/experimental_dimming/dimming_server/CMakeFiles/light_switch_dimming_server_nrf52832_xxAA_s132_6.1.1.dir/__/__/__/mesh/prov/src/prov_utils.c.obj (uECC_secp256r1)
c:/mesh/arm_gcc/bin/../lib/gcc/arm-none-eabi/7.3.1/thumb/v7e-m/fpv4-sp/hard\libgcc.a(_aeabi_ldivmod.o)
                              examples/experimental_dimming/dimming_server/CMakeFiles/light_switch_dimming_server_nrf52832_xxAA_s132_6.1.1.dir/__/__/common/src/app_level.c.obj (__aeabi_ldivmod)
c:/mesh/arm_gcc/bin/../lib/gcc/arm-none-eabi/7.3.1/thumb/v7e-m/fpv4-sp/hard\libgcc.a(_aeabi_uldivmod.o)
                              examples/experimental_dimming/dimming_server/CMakeFiles/light_switch_dimming_server_nrf52832_xxAA_s132_6.1.1.dir/__/__/common/src/app_level.c.obj (__aeabi_uldivmod)
c:/mesh/arm_gcc/bin/../lib/gcc/arm-none-eabi/7.3.1/thumb/v7e-m/fpv4-sp/hard\libgcc.a(_udivmoddi4.o)
                              c:/mesh/arm_gcc/bin/../lib/gcc/arm-none-eabi/7.3.1/thumb/v7e-m/fpv4-sp/hard\libgcc.a(_aeabi_ldivmod.o) (__udivmoddi4)
c:/mesh/arm_gcc/bin/../lib/gcc/arm-none-eabi/7.3.1/thumb/v7e-m/fpv4-sp/hard\libgcc.a(_dvmd_tls.o)
                              c:/mesh/arm_gcc/bin/../lib/gcc/arm-none-eabi/7.3.1/thumb/v7e-m/fpv4-sp/hard\libgcc.a(_aeabi_ldivmod.o) (__aeabi_ldiv0)
c:/mesh/arm_gcc/bin/../lib/gcc/arm-none-eabi/7.3.1/../../../../arm-none-eabi/lib/thumb/v7e-m/fpv4-sp/hard\libg_nano.a(lib_a-abs.o)
                              examples/experimental_dimming/dimming_server/CMakeFiles/light_switch_dimming_server_nrf52832_xxAA_s132_6.1.1.dir/__/__/common/src/app_level.c.obj (abs)
c:/mesh/arm_gcc/bin/../lib/gcc/arm-none-eabi/7.3.1/../../../../arm-none-eabi/lib/thumb/v7e-m/fpv4-sp/hard\libg_nano.a(lib_a-calloc.o)
                              examples/experimental_dimming/dimming_server/CMakeFiles/light_switch_dimming_server_nrf52832_xxAA_s132_6.1.1.dir/__/__/__/mesh/core/src/mesh_mem_stdlib.c.obj (calloc)
c:/mesh/arm_gcc/bin/../lib/gcc/arm-none-eabi/7.3.1/../../../../arm-none-eabi/lib/thumb/v7e-m/fpv4-sp/hard\libg_nano.a(lib_a-exit.o)
                              c:/mesh/arm_gcc/bin/../lib/gcc/arm-none-eabi/7.3.1/../../../../arm-none-eabi/lib/thumb/v7e-m/fpv4-sp/hard/crt0.o (exit)
c:/mesh/arm_gcc/bin/../lib/gcc/arm-none-eabi/7.3.1/../../../../arm-none-eabi/lib/thumb/v7e-m/fpv4-sp/hard\libg_nano.a(lib_a-impure.o)
                              c:/mesh/arm_gcc/bin/../lib/gcc/arm-none-eabi/7.3.1/../../../../arm-none-eabi/lib/thumb/v7e-m/fpv4-sp/hard\libg_nano.a(lib_a-exit.o) (_global_impure_ptr)
c:/mesh/arm_gcc/bin/../lib/gcc/arm-none-eabi/7.3.1/../../../../arm-none-eabi/lib/thumb/v7e-m/fpv4-sp/hard\libg_nano.a(lib_a-init.o)
                              c:/mesh/arm_gcc/bin/../lib/gcc/arm-none-eabi/7.3.1/../../../../arm-none-eabi/lib/thumb/v7e-m/fpv4-sp/hard/crt0.o (__libc_init_array)
c:/mesh/arm_gcc/bin/../lib/gcc/arm-none-eabi/7.3.1/../../../../arm-none-eabi/lib/thumb/v7e-m/fpv4-sp/hard\libg_nano.a(lib_a-malloc.o)
                              examples/experimental_dimming/dimming_server/CMakeFiles/light_switch_dimming_server_nrf52832_xxAA_s132_6.1.1.dir/__/__/__/mesh/core/src/mesh_mem_stdlib.c.obj (malloc)
c:/mesh/arm_gcc/bin/../lib/gcc/arm-none-eabi/7.3.1/../../../../arm-none-eabi/lib/thumb/v7e-m/fpv4-sp/hard\libg_nano.a(lib_a-memcmp.o)
                              examples/experimental_dimming/dimming_server/CMakeFiles/light_switch_dimming_server_nrf52832_xxAA_s132_6.1.1.dir/C_/mesh/deps/nRF5_SDK_15.3.0_59ac345/components/ble/common/ble_advdata.c.obj (memcmp)
c:/mesh/arm_gcc/bin/../lib/gcc/arm-none-eabi/7.3.1/../../../../arm-none-eabi/lib/thumb/v7e-m/fpv4-sp/hard\libg_nano.a(lib_a-memcpy-stub.o)
                              examples/experimental_dimming/dimming_server/CMakeFiles/light_switch_dimming_server_nrf52832_xxAA_s132_6.1.1.dir/C_/mesh/deps/nRF5_SDK_15.3.0_59ac345/components/ble/common/ble_advdata.c.obj (memcpy)
c:/mesh/arm_gcc/bin/../lib/gcc/arm-none-eabi/7.3.1/../../../../arm-none-eabi/lib/thumb/v7e-m/fpv4-sp/hard\libg_nano.a(lib_a-memset.o)
                              c:/mesh/arm_gcc/bin/../lib/gcc/arm-none-eabi/7.3.1/../../../../arm-none-eabi/lib/thumb/v7e-m/fpv4-sp/hard/crt0.o (memset)
c:/mesh/arm_gcc/bin/../lib/gcc/arm-none-eabi/7.3.1/../../../../arm-none-eabi/lib/thumb/v7e-m/fpv4-sp/hard\libg_nano.a(lib_a-nano-callocr.o)
[...]
Memory Configuration

Name             Origin             Length             Attributes
FLASH            0x00026000         0x00051000         xr
RAM              0x20002da0         0x0000cf60         xrw
*default*        0x00000000         0xffffffff

Linker script and memory map


.text           0x00026000    0x1abb8
 *(.isr_vector)
 .isr_vector    0x00026000      0x200 examples/experimental_dimming/dimming_server/CMakeFiles/light_switch_dimming_server_nrf52832_xxAA_s132_6.1.1.dir/C_/mesh/deps/nRF5_SDK_15.3.0_59ac345/modules/nrfx/mdk/gcc_startup_nrf52.S.obj
                0x00026000                __isr_vector
 *(.text*)
 .text          0x00026200       0x40 c:/mesh/arm_gcc/bin/../lib/gcc/arm-none-eabi/7.3.1/thumb/v7e-m/fpv4-sp/hard/crtbegin.o
 .text          0x00026240       0x74 c:/mesh/arm_gcc/bin/../lib/gcc/arm-none-eabi/7.3.1/../../../../arm-none-eabi/lib/thumb/v7e-m/fpv4-sp/hard/crt0.o
                0x00026240                _start
                0x00026240                _mainCRTStartup
 .text.sd_app_evt_wait
                0x000262b4        0x4 examples/experimental_dimming/dimming_server/CMakeFiles/light_switch_dimming_server_nrf52832_xxAA_s132_6.1.1.dir/src/main.c.obj
 .text.app_level_server_get_cb
                0x000262b8        0xc examples/experimental_dimming/dimming_server/CMakeFiles/light_switch_dimming_server_nrf52832_xxAA_s132_6.1.1.dir/src/main.c.obj
 .text.models_init_cb
                0x000262c4       0x80 examples/experimental_dimming/dimming_server/CMakeFiles/light_switch_dimming_server_nrf52832_xxAA_s132_6.1.1.dir/src/main.c.obj
 .text.node_reset
                0x00026344       0x68 examples/experimental_dimming/dimming_server/CMakeFiles/light_switch_dimming_server_nrf52832_xxAA_s132_6.1.1.dir/src/main.c.obj
 .text.config_server_evt_cb
                0x000263ac        0xc examples/experimental_dimming/dimming_server/CMakeFiles/light_switch_dimming_server_nrf52832_xxAA_s132_6.1.1.dir/src/main.c.obj
 .text.provisioning_complete_cb
                0x000263b8       0xc4 examples/experimental_dimming/dimming_server/CMakeFiles/light_switch_dimming_server_nrf52832_xxAA_s132_6.1.1.dir/src/main.c.obj
 .text.app_rtt_input_handler
                0x0002647c      0x204 examples/experimental_dimming/dimming_server/CMakeFiles/light_switch_dimming_server_nrf52832_xxAA_s132_6.1.1.dir/src/main.c.obj
 .text.app_level_server_set_cb
                0x00026680       0x2c examples/experimental_dimming/dimming_server/CMakeFiles/light_switch_dimming_server_nrf52832_xxAA_s132_6.1.1.dir/src/main.c.obj
 .text.startup.main
                0x000266ac      0x1ac examples/experimental_dimming/dimming_server/CMakeFiles/light_switch_dimming_server_nrf52832_xxAA_s132_6.1.1.dir/src/main.c.obj
                0x000266ac                main
 .text.app_level_fsm_action
                0x00026858       0x10 examples/experimental_dimming/dimming_server/CMakeFiles/light_switch_dimming_server_nrf52832_xxAA_s132_6.1.1.dir/__/__/common/src/app_level.c.obj
 .text.app_level_fsm_guard
                0x00026868       0x10 examples/experimental_dimming/dimming_server/CMakeFiles/light_switch_dimming_server_nrf52832_xxAA_s132_6.1.1.dir/__/__/common/src/app_level.c.obj
 .text.g_set_delay
                0x00026878        0xa examples/experimental_dimming/dimming_server/CMakeFiles/light_switch_dimming_server_nrf52832_xxAA_s132_6.1.1.dir/__/__/common/src/app_level.c.obj
 .text.a_transition_complete
                0x00026882       0x44 examples/experimental_dimming/dimming_server/CMakeFiles/light_switch_dimming_server_nrf52832_xxAA_s132_6.1.1.dir/__/__/common/src/app_level.c.obj
 .text.g_transition_complete
                0x000268c6       0x3c examples/experimental_dimming/dimming_server/CMakeFiles/light_switch_dimming_server_nrf52832_xxAA_s132_6.1.1.dir/__/__/common/src/app_level.c.obj
 *fill*         0x00026902        0x2 
 .text.a_transition_tick
                0x00026904      0x128 examples/experimental_dimming/dimming_server/CMakeFiles/light_switch_dimming_server_nrf52832_xxAA_s132_6.1.1.dir/__/__/common/src/app_level.c.obj
 .text.generic_level_state_get_cb
                0x00026a2c       0xd4 examples/experimental_dimming/dimming_server/CMakeFiles/light_switch_dimming_server_nrf52832_xxAA_s132_6.1.1.dir/__/__/common/src/app_level.c.obj
 .text.a_transition_start
                0x00026b00      0x1dc examples/experimental_dimming/dimming_server/CMakeFiles/light_switch_dimming_server_nrf52832_xxAA_s132_6.1.1.dir/__/__/common/src/app_level.c.obj
 .text.level_state_timer_cb
                0x00026cdc        0xa examples/experimental_dimming/dimming_server/CMakeFiles/light_switch_dimming_server_nrf52832_xxAA_s132_6.1.1.dir/__/__/common/src/app_level.c.obj
 *fill*         0x00026ce6        0x2 
 .text.generic_level_state_move_set_cb
                0x00026ce8       0xe0 examples/experimental_dimming/dimming_server/CMakeFiles/light_switch_dimming_server_nrf52832_xxAA_s132_6.1.1.dir/__/__/common/src/app_level.c.obj
 .text.generic_level_state_set_cb
                0x00026dc8       0xd0 examples/experimental_dimming/dimming_server/CMakeFiles/light_switch_dimming_server_nrf52832_xxAA_s132_6.1.1.dir/__/__/common/src/app_level.c.obj
 .text.generic_level_state_delta_set_cb
                0x00026e98      0x1a8 examples/experimental_dimming/dimming_server/CMakeFiles/light_switch_dimming_server_nrf52832_xxAA_s132_6.1.1.dir/__/__/common/src/app_level.c.obj
 .text.g_set_transition
                0x00027040       0x32 examples/experimental_dimming/dimming_server/CMakeFiles/light_switch_dimming_server_nrf52832_xxAA_s132_6.1.1.dir/__/__/common/src/app_level.c.obj
 *fill*         0x00027072        0x2 
 .text.a_delay_start
                0x00027074       0x94 examples/experimental_dimming/dimming_server/CMakeFiles/light_switch_dimming_server_nrf52832_xxAA_s132_6.1.1.dir/__/__/common/src/app_level.c.obj
 .text.app_level_current_value_publish
                0x00027108       0x38 examples/experimental_dimming/dimming_server/CMakeFiles/light_switch_dimming_server_nrf52832_xxAA_s132_6.1.1.dir/__/__/common/src/app_level.c.obj
                0x00027108                app_level_current_value_publish
 .text.app_level_init
                0x00027140       0x44 examples/experimental_dimming/dimming_server/CMakeFiles/light_switch_dimming_server_nrf52832_xxAA_s132_6.1.1.dir/__/__/common/src/app_level.c.obj
                0x00027140                app_level_init
 .text.mesh_evt_handler
                0x00027184       0x1c examples/experimental_dimming/dimming_server/CMakeFiles/light_switch_dimming_server_nrf52832_xxAA_s132_6.1.1.dir/__/__/__/mesh/stack/src/mesh_stack.c.obj
 .text.mesh_stack_provisioning_data_store
                0x000271a0       0xe4 examples/experimental_dimming/dimming_server/CMakeFiles/light_switch_dimming_server_nrf52832_xxAA_s132_6.1.1.dir/__/__/__/mesh/stack/src/mesh_stack.c.obj
                0x000271a0                mesh_stack_provisioning_data_store
 .text.mesh_stack_config_clear
                0x00027284       0x16 examples/experimental_dimming/dimming_server/CMakeFiles/light_switch_dimming_server_nrf52832_xxAA_s132_6.1.1.dir/__/__/__/mesh/stack/src/mesh_stack.c.obj
                0x00027284                mesh_stack_config_clear
 .text.mesh_stack_is_device_provisioned
                0x0002729a       0x18 examples/experimental_dimming/dimming_server/CMakeFiles/light_switch_dimming_server_nrf52832_xxAA_s132_6.1.1.dir/__/__/__/mesh/stack/src/mesh_stack.c.obj
                0x0002729a                mesh_stack_is_device_provisioned
 *fill*         0x000272b2        0x2 
 .text.mesh_stack_init
                0x000272b4       0x70 examples/experimental_dimming/dimming_server/CMakeFiles/light_switch_dimming_server_nrf52832_xxAA_s132_6.1.1.dir/__/__/__/mesh/stack/src/mesh_stack.c.obj
                0x000272b4                mesh_stack_init
 .text.mesh_stack_start
                0x00027324       0x1a examples/experimental_dimming/dimming_server/CMakeFiles/light_switch_dimming_server_nrf52832_xxAA_s132_6.1.1.dir/__/__/__/mesh/stack/src/mesh_stack.c.obj
                0x00027324                mesh_stack_start
 *fill*         0x0002733e        0x2 
 .text.mesh_stack_device_reset
                0x00027340       0x20 examples/experimental_dimming/dimming_server/CMakeFiles/light_switch_dimming_server_nrf52832_xxAA_s132_6.1.1.dir/__/__/__/mesh/stack/src/mesh_stack.c.obj
                0x00027340                mesh_stack_device_reset
 .text.sd_state_evt_handler
                0x00027360       0xa8 examples/experimental_dimming/dimming_server/CMakeFiles/light_switch_dimming_server_nrf52832_xxAA_s132_6.1.1.dir/__/__/common/src/mesh_provisionee.c.obj
 .text.mesh_evt_handler
                0x00027408       0x2c examples/experimental_dimming/dimming_server/CMakeFiles/light_switch_dimming_server_nrf52832_xxAA_s132_6.1.1.dir/__/__/common/src/mesh_provisionee.c.obj
 .text.provisionee_start
                0x00027434       0x30 examples/experimental_dimming/dimming_server/CMakeFiles/light_switch_dimming_server_nrf52832_xxAA_s132_6.1.1.dir/__/__/common/src/mesh_provisionee.c.obj
 .text.prov_evt_handler
                0x00027464       0xbc examples/experimental_dimming/dimming_server/CMakeFiles/light_switch_dimming_server_nrf52832_xxAA_s132_6.1.1.dir/__/__/common/src/mesh_provisionee.c.obj
 .text.mesh_provisionee_prov_start
                0x00027520       0x94 examples/experimental_dimming/dimming_server/CMakeFiles/light_switch_dimming_server_nrf52832_xxAA_s132_6.1.1.dir/__/__/common/src/mesh_provisionee.c.obj
                0x00027520                mesh_provisionee_prov_start
 .text.timeout_handler
                0x000275b4       0x1c examples/experimental_dimming/dimming_server/CMakeFiles/light_switch_dimming_server_nrf52832_xxAA_s132_6.1.1.dir/__/__/common/src/rtt_input.c.obj
                0x000275b4                timeout_handler
 .text.rtt_input_enable
                0x000275d0       0x6c examples/experimental_dimming/dimming_server/CMakeFiles/light_switch_dimming_server_nrf52832_xxAA_s132_6.1.1.dir/__/__/common/src/rtt_input.c.obj
                0x000275d0                rtt_input_enable
 .text.mesh_app_uuid_print
                0x0002763c      0x11c examples/experimental_dimming/dimming_server/CMakeFiles/light_switch_dimming_server_nrf52832_xxAA_s132_6.1.1.dir/__/__/common/src/mesh_app_utils.c.obj
                0x0002763c                mesh_app_uuid_print
 .text.pwm_dealloc
                0x00027758       0x58 examples/experimental_dimming/dimming_server/CMakeFiles/light_switch_dimming_server_nrf52832_xxAA_s132_6.1.1.dir/C_/mesh/deps/nRF5_SDK_15.3.0_59ac345/components/libraries/pwm/app_pwm.c.obj
 .text.pwm_ready_tick
                0x000277b0       0x5c examples/experimental_dimming/dimming_server/CMakeFiles/light_switch_dimming_server_nrf52832_xxAA_s132_6.1.1.dir/C_/mesh/deps/nRF5_SDK_15.3.0_59ac345/components/libraries/pwm/app_pwm.c.obj
                0x000277b0                pwm_ready_tick
 .text.app_pwm_busy_check
                0x0002780c       0x3c examples/experimental_dimming/dimming_server/CMakeFiles/light_switch_dimming_server_nrf52832_xxAA_s132_6.1.1.dir/C_/mesh/deps/nRF5_SDK_15.3.0_59ac345/components/libraries/pwm/app_pwm.c.obj
                0x0002780c                app_pwm_busy_check
 .text.app_pwm_channel_duty_ticks_set
                0x00027848      0x160 examples/experimental_dimming/dimming_server/CMakeFiles/light_switch_dimming_server_nrf52832_xxAA_s132_6.1.1.dir/C_/mesh/deps/nRF5_SDK_15.3.0_59ac345/components/libraries/pwm/app_pwm.c.obj
                0x00027848                app_pwm_channel_duty_ticks_set
 .text.app_pwm_channel_duty_ticks_get
                0x000279a8        0xc examples/experimental_dimming/dimming_server/CMakeFiles/light_switch_dimming_server_nrf52832_xxAA_s132_6.1.1.dir/C_/mesh/deps/nRF5_SDK_15.3.0_59ac345/components/libraries/pwm/app_pwm.c.obj
                0x000279a8                app_pwm_channel_duty_ticks_get
 .text.app_pwm_cycle_ticks_get
                0x000279b4        0x6 examples/experimental_dimming/dimming_server/CMakeFiles/light_switch_dimming_server_nrf52832_xxAA_s132_6.1.1.dir/C_/mesh/deps/nRF5_SDK_15.3.0_59ac345/components/libraries/pwm/app_pwm.c.obj
                0x000279b4                app_pwm_cycle_ticks_get
 *fill*         0x000279ba        0x2 
 .text.app_pwm_init
                0x000279bc      0x290 examples/experimental_dimming/dimming_server/CMakeFiles/light_switch_dimming_server_nrf52832_xxAA_s132_6.1.1.dir/C_/mesh/deps/nRF5_SDK_15.3.0_59ac345/components/libraries/pwm/app_pwm.c.obj
                0x000279bc                app_pwm_init
 .text.app_pwm_enable
                0x00027c4c       0x74 examples/experimental_dimming/dimming_server/CMakeFiles/light_switch_dimming_server_nrf52832_xxAA_s132_6.1.1.dir/C_/mesh/deps/nRF5_SDK_15.3.0_59ac345/components/libraries/pwm/app_pwm.c.obj
                0x00027c4c                app_pwm_enable
 .text.nrfx_timer_init
                0x00027cc0       0xdc examples/experimental_dimming/dimming_server/CMakeFiles/light_switch_dimming_server_nrf52832_xxAA_s132_6.1.1.dir/C_/mesh/deps/nRF5_SDK_15.3.0_59ac345/modules/nrfx/drivers/src/nrfx_timer.c.obj
                0x00027cc0                nrfx_timer_init
 .text.nrfx_timer_enable
                0x00027d9c       0x1c examples/experimental_dimming/dimming_server/CMakeFiles/light_switch_dimming_server_nrf52832_xxAA_s132_6.1.1.dir/C_/mesh/deps/nRF5_SDK_15.3.0_59ac345/modules/nrfx/drivers/src/nrfx_timer.c.obj
                0x00027d9c                nrfx_timer_enable
 .text.nrfx_timer_disable
                0x00027db8       0x18 examples/experimental_dimming/dimming_server/CMakeFiles/light_switch_dimming_server_nrf52832_xxAA_s132_6.1.1.dir/C_/mesh/deps/nRF5_SDK_15.3.0_59ac345/modules/nrfx/drivers/src/nrfx_timer.c.obj
                0x00027db8                nrfx_timer_disable
 .text.nrfx_timer_uninit
                0x00027dd0       0x50 examples/experimental_dimming/dimming_server/CMakeFiles/light_switch_dimming_server_nrf52832_xxAA_s132_6.1.1.dir/C_/mesh/deps/nRF5_SDK_15.3.0_59ac345/modules/nrfx/drivers/src/nrfx_timer.c.obj
                0x00027dd0                nrfx_timer_uninit
 .text.nrfx_timer_clear
                0x00027e20        0x8 examples/experimental_dimming/dimming_server/CMakeFiles/light_switch_dimming_server_nrf52832_xxAA_s132_6.1.1.dir/C_/mesh/deps/nRF5_SDK_15.3.0_59ac345/modules/nrfx/drivers/src/nrfx_timer.c.obj
                0x00027e20                nrfx_timer_clear
 .text.nrfx_timer_compare
                0x00027e28       0x36 examples/experimental_dimming/dimming_server/CMakeFiles/light_switch_dimming_server_nrf52832_xxAA_s132_6.1.1.dir/C_/mesh/deps/nRF5_SDK_15.3.0_59ac345/modules/nrfx/drivers/src/nrfx_timer.c.obj
                0x00027e28                nrfx_timer_compare
 .text.nrfx_timer_extended_compare
                0x00027e5e       0x2e examples/experimental_dimming/dimming_server/CMakeFiles/light_switch_dimming_server_nrf52832_xxAA_s132_6.1.1.dir/C_/mesh/deps/nRF5_SDK_15.3.0_59ac345/modules/nrfx/drivers/src/nrfx_timer.c.obj
                0x00027e5e                nrfx_timer_extended_compare
 .text.nrfx_timer_compare_int_enable
                0x00027e8c       0x28 examples/experimental_dimming/dimming_server/CMakeFiles/light_switch_dimming_server_nrf52832_xxAA_s132_6.1.1.dir/C_/mesh/deps/nRF5_SDK_15.3.0_59ac345/modules/nrfx/drivers/src/nrfx_timer.c.obj
                0x00027e8c                nrfx_timer_compare_int_enable
 .text.nrfx_timer_compare_int_disable
                0x00027eb4       0x10 examples/experimental_dimming/dimming_server/CMakeFiles/light_switch_dimming_server_nrf52832_xxAA_s132_6.1.1.dir/C_/mesh/deps/nRF5_SDK_15.3.0_59ac345/modules/nrfx/drivers/src/nrfx_timer.c.obj
                0x00027eb4                nrfx_timer_compare_int_disable
 .text.TIMER1_IRQHandler
                0x00027ec4       0x54 examples/experimental_dimming/dimming_server/CMakeFiles/light_switch_dimming_server_nrf52832_xxAA_s132_6.1.1.dir/C_/mesh/deps/nRF5_SDK_15.3.0_59ac345/modules/nrfx/drivers/src/nrfx_timer.c.obj
                0x00027ec4                TIMER1_IRQHandler
 .text.nrfx_ppi_channel_alloc
                0x00027f18       0x68 examples/experimental_dimming/dimming_server/CMakeFiles/light_switch_dimming_server_nrf52832_xxAA_s132_6.1.1.dir/C_/mesh/deps/nRF5_SDK_15.3.0_59ac345/modules/nrfx/drivers/src/nrfx_ppi.c.obj
                0x00027f18                nrfx_ppi_channel_alloc
 .text.nrfx_ppi_channel_free
                0x00027f80       0x44 examples/experimental_dimming/dimming_server/CMakeFiles/light_switch_dimming_server_nrf52832_xxAA_s132_6.1.1.dir/C_/mesh/deps/nRF5_SDK_15.3.0_59ac345/modules/nrfx/drivers/src/nrfx_ppi.c.obj
                0x00027f80                nrfx_ppi_channel_free
 .text.nrfx_ppi_channel_assign
                0x00027fc4       0x40 examples/experimental_dimming/dimming_server/CMakeFiles/light_switch_dimming_server_nrf52832_xxAA_s132_6.1.1.dir/C_/mesh/deps/nRF5_SDK_15.3.0_59ac345/modules/nrfx/drivers/src/nrfx_ppi.c.obj
                0x00027fc4                nrfx_ppi_channel_assign
 .text.nrfx_ppi_channel_enable
                0x00028004       0x30 examples/experimental_dimming/dimming_server/CMakeFiles/light_switch_dimming_server_nrf52832_xxAA_s132_6.1.1.dir/C_/mesh/deps/nRF5_SDK_15.3.0_59ac345/modules/nrfx/drivers/src/nrfx_ppi.c.obj
                0x00028004                nrfx_ppi_channel_enable
 .text.nrfx_ppi_channel_disable
                0x00028034       0x30 examples/experimental_dimming/dimming_server/CMakeFiles/light_switch_dimming_server_nrf52832_xxAA_s132_6.1.1.dir/C_/mesh/deps/nRF5_SDK_15.3.0_59ac345/modules/nrfx/drivers/src/nrfx_ppi.c.obj
                0x00028034                nrfx_ppi_channel_disable
 .text.nrf_gpiote_event_clear
                0x00028064       0x18 examples/experimental_dimming/dimming_server/CMakeFiles/light_switch_dimming_server_nrf52832_xxAA_s132_6.1.1.dir/C_/mesh/deps/nRF5_SDK_15.3.0_59ac345/modules/nrfx/drivers/src/nrfx_gpiote.c.obj
 .text.nrf_gpio_cfg_sense_set
                0x0002807c       0x20 examples/experimental_dimming/dimming_server/CMakeFiles/light_switch_dimming_server_nrf52832_xxAA_s132_6.1.1.dir/C_/mesh/deps/nRF5_SDK_15.3.0_59ac345/modules/nrfx/drivers/src/nrfx_gpiote.c.obj
 .text.channel_free
                0x0002809c       0x1c examples/experimental_dimming/dimming_server/CMakeFiles/light_switch_dimming_server_nrf52832_xxAA_s132_6.1.1.dir/C_/mesh/deps/nRF5_SDK_15.3.0_59ac345/modules/nrfx/drivers/src/nrfx_gpiote.c.obj
 .text.pin_configured_clear
                0x000280b8       0x1c examples/experimental_dimming/dimming_server/CMakeFiles/light_switch_dimming_server_nrf52832_xxAA_s132_6.1.1.dir/C_/mesh/deps/nRF5_SDK_15.3.0_59ac345/modules/nrfx/drivers/src/nrfx_gpiote.c.obj
 .text.nrfx_gpiote_init
                0x000280d4       0x6c examples/experimental_dimming/dimming_server/CMakeFiles/light_switch_dimming_server_nrf52832_xxAA_s132_6.1.1.dir/C_/mesh/deps/nRF5_SDK_15.3.0_59ac345/modules/nrfx/drivers/src/nrfx_gpiote.c.obj
                0x000280d4                nrfx_gpiote_init
 .text.nrfx_gpiote_is_init
                0x00028140       0x14 examples/experimental_dimming/dimming_server/CMakeFiles/light_switch_dimming_server_nrf52832_xxAA_s132_6.1.1.dir/C_/mesh/deps/nRF5_SDK_15.3.0_59ac345/modules/nrfx/drivers/src/nrfx_gpiote.c.obj
                0x00028140                nrfx_gpiote_is_init
 .text.nrfx_gpiote_out_init
                0x00028154       0xc4 examples/experimental_dimming/dimming_server/CMakeFiles/light_switch_dimming_server_nrf52832_xxAA_s132_6.1.1.dir/C_/mesh/deps/nRF5_SDK_15.3.0_59ac345/modules/nrfx/drivers/src/nrfx_gpiote.c.obj
                0x00028154                nrfx_gpiote_out_init
 .text.nrfx_gpiote_out_uninit
                0x00028218       0x64 examples/experimental_dimming/dimming_server/CMakeFiles/light_switch_dimming_server_nrf52832_xxAA_s132_6.1.1.dir/C_/mesh/deps/nRF5_SDK_15.3.0_59ac345/modules/nrfx/drivers/src/nrfx_gpiote.c.obj
                0x00028218                nrfx_gpiote_out_uninit
 .text.nrfx_gpiote_out_task_enable
                0x0002827c       0x24 examples/experimental_dimming/dimming_server/CMakeFiles/light_switch_dimming_server_nrf52832_xxAA_s132_6.1.1.dir/C_/mesh/deps/nRF5_SDK_15.3.0_59ac345/modules/nrfx/drivers/src/nrfx_gpiote.c.obj
                0x0002827c                nrfx_gpiote_out_task_enable
 .text.nrfx_gpiote_set_task_addr_get
                0x000282a0       0x1c examples/experimental_dimming/dimming_server/CMakeFiles/light_switch_dimming_server_nrf52832_xxAA_s132_6.1.1.dir/C_/mesh/deps/nRF5_SDK_15.3.0_59ac345/modules/nrfx/drivers/src/nrfx_gpiote.c.obj
                0x000282a0                nrfx_gpiote_set_task_addr_get
 .text.nrfx_gpiote_clr_task_addr_get
                0x000282bc       0x1c examples/experimental_dimming/dimming_server/CMakeFiles/light_switch_dimming_server_nrf52832_xxAA_s132_6.1.1.dir/C_/mesh/deps/nRF5_SDK_15.3.0_59ac345/modules/nrfx/drivers/src/nrfx_gpiote.c.obj
                0x000282bc                nrfx_gpiote_clr_task_addr_get
 .text.nrfx_gpiote_out_task_force
                0x000282d8       0x30 examples/experimental_dimming/dimming_server/CMakeFiles/light_switch_dimming_server_nrf52832_xxAA_s132_6.1.1.dir/C_/mesh/deps/nRF5_SDK_15.3.0_59ac345/modules/nrfx/drivers/src/nrfx_gpiote.c.obj
                0x000282d8                nrfx_gpiote_out_task_force
 .text.GPIOTE_IRQHandler
                0x00028308      0x170 examples/experimental_dimming/dimming_server/CMakeFiles/light_switch_dimming_server_nrf52832_xxAA_s132_6.1.1.dir/C_/mesh/deps/nRF5_SDK_15.3.0_59ac345/modules/nrfx/drivers/src/nrfx_gpiote.c.obj
                0x00028308                GPIOTE_IRQHandler
 .text.nrf_drv_ppi_init
                0x00028478       0x14 examples/experimental_dimming/dimming_server/CMakeFiles/light_switch_dimming_server_nrf52832_xxAA_s132_6.1.1.dir/C_/mesh/deps/nRF5_SDK_15.3.0_59ac345/integration/nrfx/legacy/nrf_drv_ppi.c.obj
                0x00028478                nrf_drv_ppi_init
 .text.sd_ble_gap_adv_set_configure
                0x0002848c        0x4 examples/experimental_dimming/dimming_server/CMakeFiles/light_switch_dimming_server_nrf52832_xxAA_s132_6.1.1.dir/__/__/common/src/mesh_adv.c.obj
 .text.sd_ble_gap_adv_start
                0x00028490        0x4 examples/experimental_dimming/dimming_server/CMakeFiles/light_switch_dimming_server_nrf52832_xxAA_s132_6.1.1.dir/__/__/common/src/mesh_adv.c.obj
 .text.sd_ble_gap_adv_stop
                0x00028494        0x4 examples/experimental_dimming/dimming_server/CMakeFiles/light_switch_dimming_server_nrf52832_xxAA_s132_6.1.1.dir/__/__/common/src/mesh_adv.c.obj
 .text.mesh_adv_data_set
                0x00028498       0xdc examples/experimental_dimming/dimming_server/CMakeFiles/light_switch_dimming_server_nrf52832_xxAA_s132_6.1.1.dir/__/__/common/src/mesh_adv.c.obj
                0x00028498                mesh_adv_data_set
 .text.mesh_adv_params_set
                0x00028574       0x28 examples/experimental_dimming/dimming_server/CMakeFiles/light_switch_dimming_server_nrf52832_xxAA_s132_6.1.1.dir/__/__/common/src/mesh_adv.c.obj
                0x00028574                mesh_adv_params_set
 .text.mesh_adv_start
                0x0002859c       0x20 examples/experimental_dimming/dimming_server/CMakeFiles/light_switch_dimming_server_nrf52832_xxAA_s132_6.1.1.dir/__/__/common/src/mesh_adv.c.obj
                0x0002859c                mesh_adv_start
 .text.mesh_adv_stop
                0x000285bc       0x1c examples/experimental_dimming/dimming_server/CMakeFiles/light_switch_dimming_server_nrf52832_xxAA_s132_6.1.1.dir/__/__/common/src/mesh_adv.c.obj
                0x000285bc                mesh_adv_stop
 .text.sd_ble_gap_disconnect
                0x000285d8        0x4 examples/experimental_dimming/dimming_server/CMakeFiles/light_switch_dimming_server_nrf52832_xxAA_s132_6.1.1.dir/__/__/common/src/ble_softdevice_support.c.obj
 .text.sd_ble_gap_ppcp_set
                0x000285dc        0x4 examples/experimental_dimming/dimming_server/CMakeFiles/light_switch_dimming_server_nrf52832_xxAA_s132_6.1.1.dir/__/__/common/src/ble_softdevice_support.c.obj
 .text.sd_ble_gap_device_name_set
                0x000285e0        0x4 examples/experimental_dimming/dimming_server/CMakeFiles/light_switch_dimming_server_nrf52832_xxAA_s132_6.1.1.dir/__/__/common/src/ble_softdevice_support.c.obj
 .text.conn_params_error_handler
                0x000285e4        0x4 examples/experimental_dimming/dimming_server/CMakeFiles/light_switch_dimming_server_nrf52832_xxAA_s132_6.1.1.dir/__/__/common/src/ble_softdevice_support.c.obj
 .text.on_sd_evt
                0x000285e8        0x4 examples/experimental_dimming/dimming_server/CMakeFiles/light_switch_dimming_server_nrf52832_xxAA_s132_6.1.1.dir/__/__/common/src/ble_softdevice_support.c.obj
 .text.on_conn_params_evt
                0x000285ec       0x80 examples/experimental_dimming/dimming_server/CMakeFiles/light_switch_dimming_server_nrf52832_xxAA_s132_6.1.1.dir/__/__/common/src/ble_softdevice_support.c.obj
 .text.ble_stack_init
                0x0002866c       0x32 examples/experimental_dimming/dimming_server/CMakeFiles/light_switch_dimming_server_nrf52832_xxAA_s132_6.1.1.dir/__/__/common/src/ble_softdevice_support.c.obj
                0x0002866c                ble_stack_init
 *fill*         0x0002869e        0x2 
 .text.gap_params_init
                0x000286a0       0x50 examples/experimental_dimming/dimming_server/CMakeFiles/light_switch_dimming_server_nrf52832_xxAA_s132_6.1.1.dir/__/__/common/src/ble_softdevice_support.c.obj
                0x000286a0                gap_params_init
 .text.conn_params_init
                0x000286f0       0x68 examples/experimental_dimming/dimming_server/CMakeFiles/light_switch_dimming_server_nrf52832_xxAA_s132_6.1.1.dir/__/__/common/src/ble_softdevice_support.c.obj
                0x000286f0                conn_params_init
 .text.app_util_critical_region_enter
                0x00028758       0x48 examples/experimental_dimming/dimming_server/CMakeFiles/light_switch_dimming_server_nrf52832_xxAA_s132_6.1.1.dir/C_/mesh/deps/nRF5_SDK_15.3.0_59ac345/components/libraries/util/app_util_platform.c.obj
                0x00028758                app_util_critical_region_enter
 .text.app_util_critical_region_exit
                0x000287a0       0x2c examples/experimental_dimming/dimming_server/CMakeFiles/light_switch_dimming_server_nrf52832_xxAA_s132_6.1.1.dir/C_/mesh/deps/nRF5_SDK_15.3.0_59ac345/components/libraries/util/app_util_platform.c.obj
                0x000287a0                app_util_critical_region_exit
 .text.sd_ble_gap_addr_get
                0x000287cc        0x4 examples/experimental_dimming/dimming_server/CMakeFiles/light_switch_dimming_server_nrf52832_xxAA_s132_6.1.1.dir/C_/mesh/deps/nRF5_SDK_15.3.0_59ac345/components/ble/common/ble_advdata.c.obj
 .text.sd_ble_gap_appearance_get
                0x000287d0        0x4 examples/experimental_dimming/dimming_server/CMakeFiles/light_switch_dimming_server_nrf52832_xxAA_s132_6.1.1.dir/C_/mesh/deps/nRF5_SDK_15.3.0_59ac345/components/ble/common/ble_advdata.c.obj
 .text.sd_ble_gap_device_name_get
                0x000287d4        0x4 examples/experimental_dimming/dimming_server/CMakeFiles/light_switch_dimming_server_nrf52832_xxAA_s132_6.1.1.dir/C_/mesh/deps/nRF5_SDK_15.3.0_59ac345/components/ble/common/ble_advdata.c.obj
 .text.sd_ble_uuid_encode
                0x000287d8        0x4 examples/experimental_dimming/dimming_server/CMakeFiles/light_switch_dimming_server_nrf52832_xxAA_s132_6.1.1.dir/C_/mesh/deps/nRF5_SDK_15.3.0_59ac345/components/ble/common/ble_advdata.c.obj
 .text.uuid_list_sized_encode
                0x000287dc       0xa4 examples/experimental_dimming/dimming_server/CMakeFiles/light_switch_dimming_server_nrf52832_xxAA_s132_6.1.1.dir/C_/mesh/deps/nRF5_SDK_15.3.0_59ac345/components/ble/common/ble_advdata.c.obj
 .text.uuid_list_encode
                0x00028880       0x34 examples/experimental_dimming/dimming_server/CMakeFiles/light_switch_dimming_server_nrf52832_xxAA_s132_6.1.1.dir/C_/mesh/deps/nRF5_SDK_15.3.0_59ac345/components/ble/common/ble_advdata.c.obj
 .text.ble_advdata_encode
                0x000288b4      0x392 examples/experimental_dimming/dimming_server/CMakeFiles/light_switch_dimming_server_nrf52832_xxAA_s132_6.1.1.dir/C_/mesh/deps/nRF5_SDK_15.3.0_59ac345/components/ble/common/ble_advdata.c.obj
                0x000288b4                ble_advdata_encode
 .text.nrf_section_iter_init
                0x00028c46       0x12 examples/experimental_dimming/dimming_server/CMakeFiles/light_switch_dimming_server_nrf52832_xxAA_s132_6.1.1.dir/da3a6a21821fc8f19b737641d22f3037/libraries/experimental_section_vars/nrf_section_iter.c.obj
                0x00028c46                nrf_section_iter_init
 .text.nrf_section_iter_next
                0x00028c58       0x18 examples/experimental_dimming/dimming_server/CMakeFiles/light_switch_dimming_server_nrf52832_xxAA_s132_6.1.1.dir/da3a6a21821fc8f19b737641d22f3037/libraries/experimental_section_vars/nrf_section_iter.c.obj
                0x00028c58                nrf_section_iter_next
 .text.sd_evt_get
                0x00028c70        0x4 examples/experimental_dimming/dimming_server/CMakeFiles/light_switch_dimming_server_nrf52832_xxAA_s132_6.1.1.dir/C_/mesh/deps/nRF5_SDK_15.3.0_59ac345/components/softdevice/common/nrf_sdh_soc.c.obj
 .text.nrf_sdh_soc_evts_poll
                0x00028c74       0x3c examples/experimental_dimming/dimming_server/CMakeFiles/light_switch_dimming_server_nrf52832_xxAA_s132_6.1.1.dir/C_/mesh/deps/nRF5_SDK_15.3.0_59ac345/components/softdevice/common/nrf_sdh_soc.c.obj
 .text.sd_ble_enable
                0x00028cb0        0x4 examples/experimental_dimming/dimming_server/CMakeFiles/light_switch_dimming_server_nrf52832_xxAA_s132_6.1.1.dir/C_/mesh/deps/nRF5_SDK_15.3.0_59ac345/components/softdevice/common/nrf_sdh_ble.c.obj
 .text.sd_ble_cfg_set
                0x00028cb4        0x4 examples/experimental_dimming/dimming_server/CMakeFiles/light_switch_dimming_server_nrf52832_xxAA_s132_6.1.1.dir/C_/mesh/deps/nRF5_SDK_15.3.0_59ac345/components/softdevice/common/nrf_sdh_ble.c.obj
 .text.sd_ble_evt_get
                0x00028cb8        0x4 examples/experimental_dimming/dimming_server/CMakeFiles/light_switch_dimming_server_nrf52832_xxAA_s132_6.1.1.dir/C_/mesh/deps/nRF5_SDK_15.3.0_59ac345/components/softdevice/common/nrf_sdh_ble.c.obj
 .text.nrf_sdh_ble_evts_poll
                0x00028cbc       0x50 examples/experimental_dimming/dimming_server/CMakeFiles/light_switch_dimming_server_nrf52832_xxAA_s132_6.1.1.dir/C_/mesh/deps/nRF5_SDK_15.3.0_59ac345/components/softdevice/common/nrf_sdh_ble.c.obj
 .text.nrf_sdh_ble_default_cfg_set
                0x00028d0c       0xd4 examples/experimental_dimming/dimming_server/CMakeFiles/light_switch_dimming_server_nrf52832_xxAA_s132_6.1.1.dir/C_/mesh/deps/nRF5_SDK_15.3.0_59ac345/components/softdevice/common/nrf_sdh_ble.c.obj
                0x00028d0c                nrf_sdh_ble_default_cfg_set
 .text.nrf_sdh_ble_enable
                0x00028de0       0x14 examples/experimental_dimming/dimming_server/CMakeFiles/light_switch_dimming_server_nrf52832_xxAA_s132_6.1.1.dir/C_/mesh/deps/nRF5_SDK_15.3.0_59ac345/components/softdevice/common/nrf_sdh_ble.c.obj
                0x00028de0                nrf_sdh_ble_enable
 .text.sd_softdevice_enable
                0x00028df4        0x4 examples/experimental_dimming/dimming_server/CMakeFiles/light_switch_dimming_server_nrf52832_xxAA_s132_6.1.1.dir/C_/mesh/deps/nRF5_SDK_15.3.0_59ac345/components/softdevice/common/nrf_sdh.c.obj
 .text.sd_softdevice_disable
                0x00028df8        0x4 examples/experimental_dimming/dimming_server/CMakeFiles/light_switch_dimming_server_nrf52832_xxAA_s132_6.1.1.dir/C_/mesh/deps/nRF5_SDK_15.3.0_59ac345/components/softdevice/common/nrf_sdh.c.obj
 .text.sdh_request_observer_notify
                0x00028dfc       0x30 examples/experimental_dimming/dimming_server/CMakeFiles/light_switch_dimming_server_nrf52832_xxAA_s132_6.1.1.dir/C_/mesh/deps/nRF5_SDK_15.3.0_59ac345/components/softdevice/common/nrf_sdh.c.obj
 .text.sdh_state_observer_notify
                0x00028e2c       0x28 examples/experimental_dimming/dimming_server/CMakeFiles/light_switch_dimming_server_nrf52832_xxAA_s132_6.1.1.dir/C_/mesh/deps/nRF5_SDK_15.3.0_59ac345/components/softdevice/common/nrf_sdh.c.obj
 .text.softdevice_evt_irq_disable
                0x00028e54       0x24 examples/experimental_dimming/dimming_server/CMakeFiles/light_switch_dimming_server_nrf52832_xxAA_s132_6.1.1.dir/C_/mesh/deps/nRF5_SDK_15.3.0_59ac345/components/softdevice/common/nrf_sdh.c.obj
 .text.softdevices_evt_irq_enable
                0x00028e78       0x38 examples/experimental_dimming/dimming_server/CMakeFiles/light_switch_dimming_server_nrf52832_xxAA_s132_6.1.1.dir/C_/mesh/deps/nRF5_SDK_15.3.0_59ac345/components/softdevice/common/nrf_sdh.c.obj
 .text.nrf_sdh_enable_request
                0x00028eb0       0x78 examples/experimental_dimming/dimming_server/CMakeFiles/light_switch_dimming_server_nrf52832_xxAA_s132_6.1.1.dir/C_/mesh/deps/nRF5_SDK_15.3.0_59ac345/components/softdevice/common/nrf_sdh.c.obj
                0x00028eb0                nrf_sdh_enable_request
 .text.nrf_sdh_disable_request
                0x00028f28       0x60 examples/experimental_dimming/dimming_server/CMakeFiles/light_switch_dimming_server_nrf52832_xxAA_s132_6.1.1.dir/C_/mesh/deps/nRF5_SDK_15.3.0_59ac345/components/softdevice/common/nrf_sdh.c.obj
                0x00028f28                nrf_sdh_disable_request
 .text.nrf_sdh_evts_poll
                0x00028f88       0x28 examples/experimental_dimming/dimming_server/CMakeFiles/light_switch_dimming_server_nrf52832_xxAA_s132_6.1.1.dir/C_/mesh/deps/nRF5_SDK_15.3.0_59ac345/components/softdevice/common/nrf_sdh.c.obj
                0x00028f88                nrf_sdh_evts_poll
 .text.SWI2_EGU2_IRQHandler
                0x00028fb0        0x4 examples/experimental_dimming/dimming_server/CMakeFiles/light_switch_dimming_server_nrf52832_xxAA_s132_6.1.1.dir/C_/mesh/deps/nRF5_SDK_15.3.0_59ac345/components/softdevice/common/nrf_sdh.c.obj
                0x00028fb0                SWI2_EGU2_IRQHandler
 .text.sd_ble_gap_conn_param_update
                0x00028fb4        0x4 examples/experimental_dimming/dimming_server/CMakeFiles/light_switch_dimming_server_nrf52832_xxAA_s132_6.1.1.dir/C_/mesh/deps/nRF5_SDK_15.3.0_59ac345/components/ble/common/ble_conn_params.c.obj
 .text.sd_ble_gap_disconnect
                0x00028fb8        0x4 examples/experimental_dimming/dimming_server/CMakeFiles/light_switch_dimming_server_nrf52832_xxAA_s132_6.1.1.dir/C_/mesh/deps/nRF5_SDK_15.3.0_59ac345/components/ble/common/ble_conn_params.c.obj
 .text.sd_ble_gap_ppcp_set
                0x00028fbc        0x4 examples/experimental_dimming/dimming_server/CMakeFiles/light_switch_dimming_server_nrf52832_xxAA_s132_6.1.1.dir/C_/mesh/deps/nRF5_SDK_15.3.0_59ac345/components/ble/common/ble_conn_params.c.obj
 .text.sd_ble_gap_ppcp_get
                0x00028fc0        0x4 examples/experimental_dimming/dimming_server/CMakeFiles/light_switch_dimming_server_nrf52832_xxAA_s132_6.1.1.dir/C_/mesh/deps/nRF5_SDK_15.3.0_59ac345/components/ble/common/ble_conn_params.c.obj
 .text.instance_get
                0x00028fc4       0x14 examples/experimental_dimming/dimming_server/CMakeFiles/light_switch_dimming_server_nrf52832_xxAA_s132_6.1.1.dir/C_/mesh/deps/nRF5_SDK_15.3.0_59ac345/components/ble/common/ble_conn_params.c.obj
 .text.send_error_evt
                0x00028fd8       0x10 examples/experimental_dimming/dimming_server/CMakeFiles/light_switch_dimming_server_nrf52832_xxAA_s132_6.1.1.dir/C_/mesh/deps/nRF5_SDK_15.3.0_59ac345/components/ble/common/ble_conn_params.c.obj
 .text.update_timeout_handler
                0x00028fe8       0x6c examples/experimental_dimming/dimming_server/CMakeFiles/light_switch_dimming_server_nrf52832_xxAA_s132_6.1.1.dir/C_/mesh/deps/nRF5_SDK_15.3.0_59ac345/components/ble/common/ble_conn_params.c.obj
 .text.conn_params_negotiation
                0x00029054       0x48 examples/experimental_dimming/dimming_server/CMakeFiles/light_switch_dimming_server_nrf52832_xxAA_s132_6.1.1.dir/C_/mesh/deps/nRF5_SDK_15.3.0_59ac345/components/ble/common/ble_conn_params.c.obj
 .text.is_conn_params_ok.constprop.3
                0x0002909c       0x3a examples/experimental_dimming/dimming_server/CMakeFiles/light_switch_dimming_server_nrf52832_xxAA_s132_6.1.1.dir/C_/mesh/deps/nRF5_SDK_15.3.0_59ac345/components/ble/common/ble_conn_params.c.obj
 *fill*         0x000290d6        0x2 
 .text.ble_evt_handler
                0x000290d8       0xe0 examples/experimental_dimming/dimming_server/CMakeFiles/light_switch_dimming_server_nrf52832_xxAA_s132_6.1.1.dir/C_/mesh/deps/nRF5_SDK_15.3.0_59ac345/components/ble/common/ble_conn_params.c.obj
 .text.ble_conn_params_init
                0x000291b8       0x74 examples/experimental_dimming/dimming_server/CMakeFiles/light_switch_dimming_server_nrf52832_xxAA_s132_6.1.1.dir/C_/mesh/deps/nRF5_SDK_15.3.0_59ac345/components/ble/common/ble_conn_params.c.obj
                0x000291b8                ble_conn_params_init
 .text.ble_srv_is_notification_enabled
                0x0002922c        0x8 examples/experimental_dimming/dimming_server/CMakeFiles/light_switch_dimming_server_nrf52832_xxAA_s132_6.1.1.dir/C_/mesh/deps/nRF5_SDK_15.3.0_59ac345/components/ble/common/ble_srv_common.c.obj
                0x0002922c                ble_srv_is_notification_enabled
 .text._weak_handler
                0x00029234        0x4 examples/experimental_dimming/dimming_server/CMakeFiles/light_switch_dimming_server_nrf52832_xxAA_s132_6.1.1.dir/__/__/nrf_mesh_weak.c.obj
                0x00029234                nrf_mesh_dfu_init
                0x00029234                nrf_mesh_dfu_jump_to_bootloader
                0x00029234                nrf_mesh_dfu_rx
                0x00029234                prov_provisioner_provision
                0x00029234                nrf_mesh_dfu_bank_info_get
                0x00029234                prov_provisioner_oob_pubkey
                0x00029234                nrf_mesh_dfu_request
                0x00029234                nrf_mesh_dfu_bank_flash
                0x00029234                nrf_mesh_dfu_enable
                0x00029234                _weak_handler
                0x00029234                nrf_mesh_dfu_relay
                0x00029234                nrf_mesh_dfu_abort
                0x00029234                mesh_flash_op_execute
                0x00029234                prov_provisionee_init
                0x00029234                nrf_mesh_dfu_state_get
                0x00029234                prov_provisioner_shared_secret
                0x00029234                prov_provisioner_auth_data
                0x00029234                prov_provisioner_oob_use
 .text.app_error_fault_handler
                0x00029238      0x200 examples/experimental_dimming/dimming_server/CMakeFiles/light_switch_dimming_server_nrf52832_xxAA_s132_6.1.1.dir/__/__/common/src/app_error_weak.c.obj
                0x00029238                app_error_fault_handler
 .text.mesh_assertion_handler
                0x00029438       0x24 examples/experimental_dimming/dimming_server/CMakeFiles/light_switch_dimming_server_nrf52832_xxAA_s132_6.1.1.dir/__/__/common/src/assertion_handler_weak.c.obj
                0x00029438                mesh_assertion_handler
 .text.nrf_mesh_configure_device_uuid_set
                0x0002945c       0x10 examples/experimental_dimming/dimming_server/CMakeFiles/light_switch_dimming_server_nrf52832_xxAA_s132_6.1.1.dir/__/__/__/mesh/core/src/nrf_mesh_configure.c.obj
                0x0002945c                nrf_mesh_configure_device_uuid_set
 .text.nrf_mesh_configure_device_uuid_reset
                0x0002946c       0x3c examples/experimental_dimming/dimming_server/CMakeFiles/light_switch_dimming_server_nrf52832_xxAA_s132_6.1.1.dir/__/__/__/mesh/core/src/nrf_mesh_configure.c.obj
                0x0002946c                nrf_mesh_configure_device_uuid_reset
 .text.nrf_mesh_configure_device_uuid_get
                0x000294a8        0x8 examples/experimental_dimming/dimming_server/CMakeFiles/light_switch_dimming_server_nrf52832_xxAA_s132_6.1.1.dir/__/__/__/mesh/core/src/nrf_mesh_configure.c.obj
                0x000294a8                nrf_mesh_configure_device_uuid_get
 .text.msg_cache_init
                0x000294b0       0x24 examples/experimental_dimming/dimming_server/CMakeFiles/light_switch_dimming_server_nrf52832_xxAA_s132_6.1.1.dir/__/__/__/mesh/core/src/msg_cache.c.obj
                0x000294b0                msg_cache_init
 .text.msg_cache_entry_exists
                0x000294d4       0x3c examples/experimental_dimming/dimming_server/CMakeFiles/light_switch_dimming_server_nrf52832_xxAA_s132_6.1.1.dir/__/__/__/mesh/core/src/msg_cache.c.obj
                0x000294d4                msg_cache_entry_exists
 .text.msg_cache_entry_add
                0x00029510       0x2c examples/experimental_dimming/dimming_server/CMakeFiles/light_switch_dimming_server_nrf52832_xxAA_s132_6.1.1.dir/__/__/__/mesh/core/src/msg_cache.c.obj
                0x00029510                msg_cache_entry_add
 .text.seqauth_sequence_number_get
                0x0002953c       0x12 examples/experimental_dimming/dimming_server/CMakeFiles/light_switch_dimming_server_nrf52832_xxAA_s132_6.1.1.dir/__/__/__/mesh/core/src/transport.c.obj
 *fill*         0x0002954e        0x2 
 .text.control_packet_callback_get
                0x00029550       0x40 examples/experimental_dimming/dimming_server/CMakeFiles/light_switch_dimming_server_nrf52832_xxAA_s132_6.1.1.dir/__/__/__/mesh/core/src/transport.c.obj
 .text.tx_complete
                0x00029590       0x2c examples/experimental_dimming/dimming_server/CMakeFiles/light_switch_dimming_server_nrf52832_xxAA_s132_6.1.1.dir/__/__/__/mesh/core/src/transport.c.obj
 .text.seqauth_get
                0x000295bc       0x24 examples/experimental_dimming/dimming_server/CMakeFiles/light_switch_dimming_server_nrf52832_xxAA_s132_6.1.1.dir/__/__/__/mesh/core/src/transport.c.obj
 .text.block_ack_full
                0x000295e0       0x1a examples/experimental_dimming/dimming_server/CMakeFiles/light_switch_dimming_server_nrf52832_xxAA_s132_6.1.1.dir/__/__/__/mesh/core/src/transport.c.obj
 *fill*         0x000295fa        0x2 
 .text.sar_rx_session_mark_as_handled
                0x000295fc       0x5c examples/experimental_dimming/dimming_server/CMakeFiles/light_switch_dimming_server_nrf52832_xxAA_s132_6.1.1.dir/__/__/__/mesh/core/src/transport.c.obj
 .text.upper_trs_packet_encrypt
                0x00029658       0x86 examples/experimental_dimming/dimming_server/CMakeFiles/light_switch_dimming_server_nrf52832_xxAA_s132_6.1.1.dir/__/__/__/mesh/core/src/transport.c.obj
 *fill*         0x000296de        0x2 
 .text.sar_ctx_alloc
                0x000296e0       0xbc examples/experimental_dimming/dimming_server/CMakeFiles/light_switch_dimming_server_nrf52832_xxAA_s132_6.1.1.dir/__/__/__/mesh/core/src/transport.c.obj
 .text.sar_ctx_free
                0x0002979c       0x3a examples/experimental_dimming/dimming_server/CMakeFiles/light_switch_dimming_server_nrf52832_xxAA_s132_6.1.1.dir/__/__/__/mesh/core/src/transport.c.obj
 .text.sar_ctx_tx_complete
                0x000297d6       0x2e examples/experimental_dimming/dimming_server/CMakeFiles/light_switch_dimming_server_nrf52832_xxAA_s132_6.1.1.dir/__/__/__/mesh/core/src/transport.c.obj
 .text.transport_metadata_validate
                0x00029804       0x54 examples/experimental_dimming/dimming_server/CMakeFiles/light_switch_dimming_server_nrf52832_xxAA_s132_6.1.1.dir/__/__/__/mesh/core/src/transport.c.obj
 .text.test_transport_decrypt
                0x00029858       0x88 examples/experimental_dimming/dimming_server/CMakeFiles/light_switch_dimming_server_nrf52832_xxAA_s132_6.1.1.dir/__/__/__/mesh/core/src/transport.c.obj
 .text.replay_list_add
                0x000298e0       0x44 examples/experimental_dimming/dimming_server/CMakeFiles/light_switch_dimming_server_nrf52832_xxAA_s132_6.1.1.dir/__/__/__/mesh/core/src/transport.c.obj
 .text.upper_transport_access_packet_in
                0x00029924      0x1a0 examples/experimental_dimming/dimming_server/CMakeFiles/light_switch_dimming_server_nrf52832_xxAA_s132_6.1.1.dir/__/__/__/mesh/core/src/transport.c.obj
 .text.trs_packet_header_build
                0x00029ac4       0xa4 examples/experimental_dimming/dimming_server/CMakeFiles/light_switch_dimming_server_nrf52832_xxAA_s132_6.1.1.dir/__/__/__/mesh/core/src/transport.c.obj
 .text.unsegmented_packet_tx
                0x00029b68       0x82 examples/experimental_dimming/dimming_server/CMakeFiles/light_switch_dimming_server_nrf52832_xxAA_s132_6.1.1.dir/__/__/__/mesh/core/src/transport.c.obj
 *fill*         0x00029bea        0x2 
 .text.tx_retry_timer_reset
                0x00029bec       0x3c examples/experimental_dimming/dimming_server/CMakeFiles/light_switch_dimming_server_nrf52832_xxAA_s132_6.1.1.dir/__/__/__/mesh/core/src/transport.c.obj
 .text.sar_ctx_cancel
                0x00029c28       0xb0 examples/experimental_dimming/dimming_server/CMakeFiles/light_switch_dimming_server_nrf52832_xxAA_s132_6.1.1.dir/__/__/__/mesh/core/src/transport.c.obj
 .text.abort_timeout
                0x00029cd8        0x8 examples/experimental_dimming/dimming_server/CMakeFiles/light_switch_dimming_server_nrf52832_xxAA_s132_6.1.1.dir/__/__/__/mesh/core/src/transport.c.obj
 .text.retry_timeout
                0x00029ce0       0x4c examples/experimental_dimming/dimming_server/CMakeFiles/light_switch_dimming_server_nrf52832_xxAA_s132_6.1.1.dir/__/__/__/mesh/core/src/transport.c.obj
 .text.trs_sar_packet_out
                0x00029d2c       0xf4 examples/experimental_dimming/dimming_server/CMakeFiles/light_switch_dimming_server_nrf52832_xxAA_s132_6.1.1.dir/__/__/__/mesh/core/src/transport.c.obj
 .text.transport_control_packet_in
                0x00029e20      0x1dc examples/experimental_dimming/dimming_server/CMakeFiles/light_switch_dimming_server_nrf52832_xxAA_s132_6.1.1.dir/__/__/__/mesh/core/src/transport.c.obj
 .text.segmented_packet_tx
                0x00029ffc      0x140 examples/experimental_dimming/dimming_server/CMakeFiles/light_switch_dimming_server_nrf52832_xxAA_s132_6.1.1.dir/__/__/__/mesh/core/src/transport.c.obj
 .text.transport_init
                0x0002a13c       0x84 examples/experimental_dimming/dimming_server/CMakeFiles/light_switch_dimming_server_nrf52832_xxAA_s132_6.1.1.dir/__/__/__/mesh/core/src/transport.c.obj
                0x0002a13c                transport_init
 .text.transport_enable
                0x0002a1c0        0x4 examples/experimental_dimming/dimming_server/CMakeFiles/light_switch_dimming_server_nrf52832_xxAA_s132_6.1.1.dir/__/__/__/mesh/core/src/transport.c.obj
                0x0002a1c0                transport_enable
 .text.transport_tx
                0x0002a1c4       0xec examples/experimental_dimming/dimming_server/CMakeFiles/light_switch_dimming_server_nrf52832_xxAA_s132_6.1.1.dir/__/__/__/mesh/core/src/transport.c.obj
                0x0002a1c4                transport_tx
 .text.transport_control_tx
                0x0002a2b0       0x98 examples/experimental_dimming/dimming_server/CMakeFiles/light_switch_dimming_server_nrf52832_xxAA_s132_6.1.1.dir/__/__/__/mesh/core/src/transport.c.obj
                0x0002a2b0                transport_control_tx
 .text.sar_ack_send
                0x0002a348       0xa4 examples/experimental_dimming/dimming_server/CMakeFiles/light_switch_dimming_server_nrf52832_xxAA_s132_6.1.1.dir/__/__/__/mesh/core/src/transport.c.obj
 .text.ack_timeout
                0x0002a3ec       0x30 examples/experimental_dimming/dimming_server/CMakeFiles/light_switch_dimming_server_nrf52832_xxAA_s132_6.1.1.dir/__/__/__/mesh/core/src/transport.c.obj
 .text.transport_packet_in
                0x0002a41c      0x504 examples/experimental_dimming/dimming_server/CMakeFiles/light_switch_dimming_server_nrf52832_xxAA_s132_6.1.1.dir/__/__/__/mesh/core/src/transport.c.obj
                0x0002a41c                transport_packet_in
 .text.transport_sar_process
                0x0002a920       0x70 examples/experimental_dimming/dimming_server/CMakeFiles/light_switch_dimming_server_nrf52832_xxAA_s132_6.1.1.dir/__/__/__/mesh/core/src/transport.c.obj
 .text.transport_control_packet_consumer_add
                0x0002a990       0x5c examples/experimental_dimming/dimming_server/CMakeFiles/light_switch_dimming_server_nrf52832_xxAA_s132_6.1.1.dir/__/__/__/mesh/core/src/transport.c.obj
                0x0002a990                transport_control_packet_consumer_add
 .text.event_handle
                0x0002a9ec       0x54 examples/experimental_dimming/dimming_server/CMakeFiles/light_switch_dimming_server_nrf52832_xxAA_s132_6.1.1.dir/__/__/__/mesh/core/src/event.c.obj
                0x0002a9ec                event_handle
 .text.event_handler_add
                0x0002aa40       0x20 examples/experimental_dimming/dimming_server/CMakeFiles/light_switch_dimming_server_nrf52832_xxAA_s132_6.1.1.dir/__/__/__/mesh/core/src/event.c.obj
                0x0002aa40                event_handler_add
 .text.event_handler_remove
                0x0002aa60       0x34 examples/experimental_dimming/dimming_server/CMakeFiles/light_switch_dimming_server_nrf52832_xxAA_s132_6.1.1.dir/__/__/__/mesh/core/src/event.c.obj
                0x0002aa60                event_handler_remove
 .text.m_index_increment
                0x0002aa94       0x1e examples/experimental_dimming/dimming_server/CMakeFiles/light_switch_dimming_server_nrf52832_xxAA_s132_6.1.1.dir/__/__/__/mesh/core/src/packet_buffer.c.obj
 .text.m_get_next_packet
                0x0002aab2       0x1c examples/experimental_dimming/dimming_server/CMakeFiles/light_switch_dimming_server_nrf52832_xxAA_s132_6.1.1.dir/__/__/__/mesh/core/src/packet_buffer.c.obj
 .text.packet_buffer_init
                0x0002aace       0xac examples/experimental_dimming/dimming_server/CMakeFiles/light_switch_dimming_server_nrf52832_xxAA_s132_6.1.1.dir/__/__/__/mesh/core/src/packet_buffer.c.obj
                0x0002aace                packet_buffer_init
 .text.packet_buffer_flush
                0x0002ab7a       0x50 examples/experimental_dimming/dimming_server/CMakeFiles/light_switch_dimming_server_nrf52832_xxAA_s132_6.1.1.dir/__/__/__/mesh/core/src/packet_buffer.c.obj
                0x0002ab7a                packet_buffer_flush
 .text.packet_buffer_reserve
                0x0002abca       0xa2 examples/experimental_dimming/dimming_server/CMakeFiles/light_switch_dimming_server_nrf52832_xxAA_s132_6.1.1.dir/__/__/__/mesh/core/src/packet_buffer.c.obj
                0x0002abca                packet_buffer_reserve
 .text.packet_buffer_commit
                0x0002ac6c       0x62 examples/experimental_dimming/dimming_server/CMakeFiles/light_switch_dimming_server_nrf52832_xxAA_s132_6.1.1.dir/__/__/__/mesh/core/src/packet_buffer.c.obj
                0x0002ac6c                packet_buffer_commit
 .text.packet_buffer_pop
                0x0002acce       0x5a examples/experimental_dimming/dimming_server/CMakeFiles/light_switch_dimming_server_nrf52832_xxAA_s132_6.1.1.dir/__/__/__/mesh/core/src/packet_buffer.c.obj
                0x0002acce                packet_buffer_pop
 .text.packet_buffer_can_pop
                0x0002ad28       0x34 examples/experimental_dimming/dimming_server/CMakeFiles/light_switch_dimming_server_nrf52832_xxAA_s132_6.1.1.dir/__/__/__/mesh/core/src/packet_buffer.c.obj
                0x0002ad28                packet_buffer_can_pop
 .text.packet_buffer_packets_ready_to_pop
                0x0002ad5c       0x36 examples/experimental_dimming/dimming_server/CMakeFiles/light_switch_dimming_server_nrf52832_xxAA_s132_6.1.1.dir/__/__/__/mesh/core/src/packet_buffer.c.obj
                0x0002ad5c                packet_buffer_packets_ready_to_pop
 .text.packet_buffer_free
                0x0002ad92       0x74 examples/experimental_dimming/dimming_server/CMakeFiles/light_switch_dimming_server_nrf52832_xxAA_s132_6.1.1.dir/__/__/__/mesh/core/src/packet_buffer.c.obj
                0x0002ad92                packet_buffer_free
 .text.packet_buffer_is_empty
                0x0002ae06       0x28 examples/experimental_dimming/dimming_server/CMakeFiles/light_switch_dimming_server_nrf52832_xxAA_s132_6.1.1.dir/__/__/__/mesh/core/src/packet_buffer.c.obj
                0x0002ae06                packet_buffer_is_empty
 .text.get_last_page
                0x0002ae2e       0x14 examples/experimental_dimming/dimming_server/CMakeFiles/light_switch_dimming_server_nrf52832_xxAA_s132_6.1.1.dir/__/__/__/mesh/core/src/flash_manager_defrag.c.obj
 *fill*         0x0002ae42        0x2 
 .text.defrag_on_end
                0x0002ae44       0x1c examples/experimental_dimming/dimming_server/CMakeFiles/light_switch_dimming_server_nrf52832_xxAA_s132_6.1.1.dir/__/__/__/mesh/core/src/flash_manager_defrag.c.obj
 .text.execute_procedure_step
                0x0002ae60       0x70 examples/experimental_dimming/dimming_server/CMakeFiles/light_switch_dimming_server_nrf52832_xxAA_s132_6.1.1.dir/__/__/__/mesh/core/src/flash_manager_defrag.c.obj
 .text.get_next_entry
                0x0002aed0       0x34 examples/experimental_dimming/dimming_server/CMakeFiles/light_switch_dimming_server_nrf52832_xxAA_s132_6.1.1.dir/__/__/__/mesh/core/src/flash_manager_defrag.c.obj
 .text.get_next_data_entry
                0x0002af04       0x26 examples/experimental_dimming/dimming_server/CMakeFiles/light_switch_dimming_server_nrf52832_xxAA_s132_6.1.1.dir/__/__/__/mesh/core/src/flash_manager_defrag.c.obj
 *fill*         0x0002af2a        0x2 
 .text.on_flash_op_end
                0x0002af2c       0x30 examples/experimental_dimming/dimming_server/CMakeFiles/light_switch_dimming_server_nrf52832_xxAA_s132_6.1.1.dir/__/__/__/mesh/core/src/flash_manager_defrag.c.obj
 .text.check_for_invalid_entries
                0x0002af5c       0x38 examples/experimental_dimming/dimming_server/CMakeFiles/light_switch_dimming_server_nrf52832_xxAA_s132_6.1.1.dir/__/__/__/mesh/core/src/flash_manager_defrag.c.obj
 .text.erase_recovery_area
                0x0002af94       0x34 examples/experimental_dimming/dimming_server/CMakeFiles/light_switch_dimming_server_nrf52832_xxAA_s132_6.1.1.dir/__/__/__/mesh/core/src/flash_manager_defrag.c.obj
 .text.flash.constprop.6
                0x0002afc8       0x24 examples/experimental_dimming/dimming_server/CMakeFiles/light_switch_dimming_server_nrf52832_xxAA_s132_6.1.1.dir/__/__/__/mesh/core/src/flash_manager_defrag.c.obj
 .text.invalidate_duplicate_entries
                0x0002afec       0xa8 examples/experimental_dimming/dimming_server/CMakeFiles/light_switch_dimming_server_nrf52832_xxAA_s132_6.1.1.dir/__/__/__/mesh/core/src/flash_manager_defrag.c.obj
 .text.seal_storage_page
                0x0002b094       0x50 examples/experimental_dimming/dimming_server/CMakeFiles/light_switch_dimming_server_nrf52832_xxAA_s132_6.1.1.dir/__/__/__/mesh/core/src/flash_manager_defrag.c.obj
 .text.copy_metadata
                0x0002b0e4       0x3c examples/experimental_dimming/dimming_server/CMakeFiles/light_switch_dimming_server_nrf52832_xxAA_s132_6.1.1.dir/__/__/__/mesh/core/src/flash_manager_defrag.c.obj
 .text.write_defrag_start_pointer
                0x0002b120       0x20 examples/experimental_dimming/dimming_server/CMakeFiles/light_switch_dimming_server_nrf52832_xxAA_s132_6.1.1.dir/__/__/__/mesh/core/src/flash_manager_defrag.c.obj
 .text.write_back
                0x0002b140       0x28 examples/experimental_dimming/dimming_server/CMakeFiles/light_switch_dimming_server_nrf52832_xxAA_s132_6.1.1.dir/__/__/__/mesh/core/src/flash_manager_defrag.c.obj
 .text.post_process
                0x0002b168       0x40 examples/experimental_dimming/dimming_server/CMakeFiles/light_switch_dimming_server_nrf52832_xxAA_s132_6.1.1.dir/__/__/__/mesh/core/src/flash_manager_defrag.c.obj
 .text.backup_entries
                0x0002b1a8       0xd8 examples/experimental_dimming/dimming_server/CMakeFiles/light_switch_dimming_server_nrf52832_xxAA_s132_6.1.1.dir/__/__/__/mesh/core/src/flash_manager_defrag.c.obj
 .text.erase_source
                0x0002b280       0x34 examples/experimental_dimming/dimming_server/CMakeFiles/light_switch_dimming_server_nrf52832_xxAA_s132_6.1.1.dir/__/__/__/mesh/core/src/flash_manager_defrag.c.obj
 .text.flash_manager_defrag_init
                0x0002b2b4       0x8c examples/experimental_dimming/dimming_server/CMakeFiles/light_switch_dimming_server_nrf52832_xxAA_s132_6.1.1.dir/__/__/__/mesh/core/src/flash_manager_defrag.c.obj
                0x0002b2b4                flash_manager_defrag_init
 .text.flash_manager_defragging
                0x0002b340       0x38 examples/experimental_dimming/dimming_server/CMakeFiles/light_switch_dimming_server_nrf52832_xxAA_s132_6.1.1.dir/__/__/__/mesh/core/src/flash_manager_defrag.c.obj
                0x0002b340                flash_manager_defragging
 .text.flash_manager_defrag_is_running
                0x0002b378       0x10 examples/experimental_dimming/dimming_server/CMakeFiles/light_switch_dimming_server_nrf52832_xxAA_s132_6.1.1.dir/__/__/__/mesh/core/src/flash_manager_defrag.c.obj
                0x0002b378                flash_manager_defrag_is_running
 .text.flash_manager_defrag
                0x0002b388       0x44 examples/experimental_dimming/dimming_server/CMakeFiles/light_switch_dimming_server_nrf52832_xxAA_s132_6.1.1.dir/__/__/__/mesh/core/src/flash_manager_defrag.c.obj
                0x0002b388                flash_manager_defrag
 .text.flash_manager_defrag_recovery_page_get
                0x0002b3cc        0xc examples/experimental_dimming/dimming_server/CMakeFiles/light_switch_dimming_server_nrf52832_xxAA_s132_6.1.1.dir/__/__/__/mesh/core/src/flash_manager_defrag.c.obj
                0x0002b3cc                flash_manager_defrag_recovery_page_get
 .text.fifo_init
                0x0002b3d8       0x34 examples/experimental_dimming/dimming_server/CMakeFiles/light_switch_dimming_server_nrf52832_xxAA_s132_6.1.1.dir/__/__/__/mesh/core/src/fifo.c.obj
                0x0002b3d8                fifo_init
 .text.fifo_pop
                0x0002b40c       0x52 examples/experimental_dimming/dimming_server/CMakeFiles/light_switch_dimming_server_nrf52832_xxAA_s132_6.1.1.dir/__/__/__/mesh/core/src/fifo.c.obj
                0x0002b40c                fifo_pop
 *fill*         0x0002b45e        0x2 
 .text.wait_for_ready
                0x0002b460       0x10 examples/experimental_dimming/dimming_server/CMakeFiles/light_switch_dimming_server_nrf52832_xxAA_s132_6.1.1.dir/__/__/__/mesh/core/src/nrf_flash.c.obj
 .text.nrf_flash_erase
                0x0002b470       0x50 examples/experimental_dimming/dimming_server/CMakeFiles/light_switch_dimming_server_nrf52832_xxAA_s132_6.1.1.dir/__/__/__/mesh/core/src/nrf_flash.c.obj
                0x0002b470                nrf_flash_erase
 .text.nrf_flash_write
                0x0002b4c0       0x50 examples/experimental_dimming/dimming_server/CMakeFiles/light_switch_dimming_server_nrf52832_xxAA_s132_6.1.1.dir/__/__/__/mesh/core/src/nrf_flash.c.obj
                0x0002b4c0                nrf_flash_write
 .text.entry_recover_cb
                0x0002b510       0x18 examples/experimental_dimming/dimming_server/CMakeFiles/light_switch_dimming_server_nrf52832_xxAA_s132_6.1.1.dir/__/__/__/mesh/core/src/net_state.c.obj
 .text.flash_store_iv_index
                0x0002b528       0x38 examples/experimental_dimming/dimming_server/CMakeFiles/light_switch_dimming_server_nrf52832_xxAA_s132_6.1.1.dir/__/__/__/mesh/core/src/net_state.c.obj
 .text.flash_mem_available
                0x0002b560       0x14 examples/experimental_dimming/dimming_server/CMakeFiles/light_switch_dimming_server_nrf52832_xxAA_s132_6.1.1.dir/__/__/__/mesh/core/src/net_state.c.obj
 .text.iv_index_notify
                0x0002b574       0x30 examples/experimental_dimming/dimming_server/CMakeFiles/light_switch_dimming_server_nrf52832_xxAA_s132_6.1.1.dir/__/__/__/mesh/core/src/net_state.c.obj
 .text.seqnum_block_allocate
                0x0002b5a4       0x4c examples/experimental_dimming/dimming_server/CMakeFiles/light_switch_dimming_server_nrf52832_xxAA_s132_6.1.1.dir/__/__/__/mesh/core/src/net_state.c.obj
 .text.net_state_reset
                0x0002b5f0       0x48 examples/experimental_dimming/dimming_server/CMakeFiles/light_switch_dimming_server_nrf52832_xxAA_s132_6.1.1.dir/__/__/__/mesh/core/src/net_state.c.obj
                0x0002b5f0                net_state_reset
 .text.flash_write_complete
                0x0002b638       0x64 examples/experimental_dimming/dimming_server/CMakeFiles/light_switch_dimming_server_nrf52832_xxAA_s132_6.1.1.dir/__/__/__/mesh/core/src/net_state.c.obj
 .text.net_state_recover_from_flash
                0x0002b69c       0x60 examples/experimental_dimming/dimming_server/CMakeFiles/light_switch_dimming_server_nrf52832_xxAA_s132_6.1.1.dir/__/__/__/mesh/core/src/net_state.c.obj
                0x0002b69c                net_state_recover_from_flash
 .text.net_state_flash_area_get
                0x0002b6fc        0xc examples/experimental_dimming/dimming_server/CMakeFiles/light_switch_dimming_server_nrf52832_xxAA_s132_6.1.1.dir/__/__/__/mesh/core/src/net_state.c.obj
                0x0002b6fc                net_state_flash_area_get
 .text.init_flash_storage
                0x0002b708       0x40 examples/experimental_dimming/dimming_server/CMakeFiles/light_switch_dimming_server_nrf52832_xxAA_s132_6.1.1.dir/__/__/__/mesh/core/src/net_state.c.obj
 .text.net_state_init
                0x0002b748       0x44 examples/experimental_dimming/dimming_server/CMakeFiles/light_switch_dimming_server_nrf52832_xxAA_s132_6.1.1.dir/__/__/__/mesh/core/src/net_state.c.obj
                0x0002b748                net_state_init
 .text.net_state_enable
                0x0002b78c       0x30 examples/experimental_dimming/dimming_server/CMakeFiles/light_switch_dimming_server_nrf52832_xxAA_s132_6.1.1.dir/__/__/__/mesh/core/src/net_state.c.obj
                0x0002b78c                net_state_enable
 .text.net_state_iv_update_start
                0x0002b7bc       0x50 examples/experimental_dimming/dimming_server/CMakeFiles/light_switch_dimming_server_nrf52832_xxAA_s132_6.1.1.dir/__/__/__/mesh/core/src/net_state.c.obj
                0x0002b7bc                net_state_iv_update_start
 .text.iv_update_trigger_if_pending
                0x0002b80c       0x6c examples/experimental_dimming/dimming_server/CMakeFiles/light_switch_dimming_server_nrf52832_xxAA_s132_6.1.1.dir/__/__/__/mesh/core/src/net_state.c.obj
 .text.iv_update_timer_handler
                0x0002b878       0x64 examples/experimental_dimming/dimming_server/CMakeFiles/light_switch_dimming_server_nrf52832_xxAA_s132_6.1.1.dir/__/__/__/mesh/core/src/net_state.c.obj
 .text.mesh_evt_handler
                0x0002b8dc       0x8c examples/experimental_dimming/dimming_server/CMakeFiles/light_switch_dimming_server_nrf52832_xxAA_s132_6.1.1.dir/__/__/__/mesh/core/src/net_state.c.obj
 .text.net_state_seqnum_alloc
                0x0002b968       0x68 examples/experimental_dimming/dimming_server/CMakeFiles/light_switch_dimming_server_nrf52832_xxAA_s132_6.1.1.dir/__/__/__/mesh/core/src/net_state.c.obj
                0x0002b968                net_state_seqnum_alloc
 .text.net_state_iv_index_lock
                0x0002b9d0       0x3c examples/experimental_dimming/dimming_server/CMakeFiles/light_switch_dimming_server_nrf52832_xxAA_s132_6.1.1.dir/__/__/__/mesh/core/src/net_state.c.obj
                0x0002b9d0                net_state_iv_index_lock
 .text.net_state_key_refresh_phase_changed
                0x0002ba0c       0x20 examples/experimental_dimming/dimming_server/CMakeFiles/light_switch_dimming_server_nrf52832_xxAA_s132_6.1.1.dir/__/__/__/mesh/core/src/net_state.c.obj
                0x0002ba0c                net_state_key_refresh_phase_changed
 .text.net_state_beacon_iv_index_get
                0x0002ba2c        0xc examples/experimental_dimming/dimming_server/CMakeFiles/light_switch_dimming_server_nrf52832_xxAA_s132_6.1.1.dir/__/__/__/mesh/core/src/net_state.c.obj
                0x0002ba2c                net_state_beacon_iv_index_get
 .text.net_state_tx_iv_index_get
                0x0002ba38       0x14 examples/experimental_dimming/dimming_server/CMakeFiles/light_switch_dimming_server_nrf52832_xxAA_s132_6.1.1.dir/__/__/__/mesh/core/src/net_state.c.obj
                0x0002ba38                net_state_tx_iv_index_get
 .text.net_state_rx_iv_index_get
                0x0002ba4c       0x18 examples/experimental_dimming/dimming_server/CMakeFiles/light_switch_dimming_server_nrf52832_xxAA_s132_6.1.1.dir/__/__/__/mesh/core/src/net_state.c.obj
                0x0002ba4c                net_state_rx_iv_index_get
 .text.net_state_iv_update_get
                0x0002ba64        0xc examples/experimental_dimming/dimming_server/CMakeFiles/light_switch_dimming_server_nrf52832_xxAA_s132_6.1.1.dir/__/__/__/mesh/core/src/net_state.c.obj
                0x0002ba64                net_state_iv_update_get
 .text.net_state_iv_index_set
                0x0002ba70       0x34 examples/experimental_dimming/dimming_server/CMakeFiles/light_switch_dimming_server_nrf52832_xxAA_s132_6.1.1.dir/__/__/__/mesh/core/src/net_state.c.obj
                0x0002ba70                net_state_iv_index_set
 .text.send_end_events
                0x0002baa4       0x84 examples/experimental_dimming/dimming_server/CMakeFiles/light_switch_dimming_server_nrf52832_xxAA_s132_6.1.1.dir/__/__/__/mesh/core/src/mesh_flash.c.obj
 .text.flash_op_action_prepare
                0x0002bb28       0x78 examples/experimental_dimming/dimming_server/CMakeFiles/light_switch_dimming_server_nrf52832_xxAA_s132_6.1.1.dir/__/__/__/mesh/core/src/mesh_flash.c.obj
 .text.flash_op_schedule
                0x0002bba0       0x20 examples/experimental_dimming/dimming_server/CMakeFiles/light_switch_dimming_server_nrf52832_xxAA_s132_6.1.1.dir/__/__/__/mesh/core/src/mesh_flash.c.obj
 .text.flash_op_start
                0x0002bbc0      0x13c examples/experimental_dimming/dimming_server/CMakeFiles/light_switch_dimming_server_nrf52832_xxAA_s132_6.1.1.dir/__/__/__/mesh/core/src/mesh_flash.c.obj
 .text.mesh_flash_init
                0x0002bcfc       0x7c examples/experimental_dimming/dimming_server/CMakeFiles/light_switch_dimming_server_nrf52832_xxAA_s132_6.1.1.dir/__/__/__/mesh/core/src/mesh_flash.c.obj
                0x0002bcfc                mesh_flash_init
 .text.mesh_flash_user_callback_set
                0x0002bd78       0x20 examples/experimental_dimming/dimming_server/CMakeFiles/light_switch_dimming_server_nrf52832_xxAA_s132_6.1.1.dir/__/__/__/mesh/core/src/mesh_flash.c.obj
                0x0002bd78                mesh_flash_user_callback_set
 .text.mesh_flash_op_push
                0x0002bd98      0x10c examples/experimental_dimming/dimming_server/CMakeFiles/light_switch_dimming_server_nrf52832_xxAA_s132_6.1.1.dir/__/__/__/mesh/core/src/mesh_flash.c.obj
                0x0002bd98                mesh_flash_op_push
 .text.mesh_flash_set_suspended
                0x0002bea4       0x70 examples/experimental_dimming/dimming_server/CMakeFiles/light_switch_dimming_server_nrf52832_xxAA_s132_6.1.1.dir/__/__/__/mesh/core/src/mesh_flash.c.obj
                0x0002bea4                mesh_flash_set_suspended
 .text.nrf_mesh_address_type_get
                0x0002bf14       0x10 examples/experimental_dimming/dimming_server/CMakeFiles/light_switch_dimming_server_nrf52832_xxAA_s132_6.1.1.dir/__/__/__/mesh/core/src/nrf_mesh_utils.c.obj
                0x0002bf14                nrf_mesh_address_type_get
 .text.sd_softdevice_is_enabled
                0x0002bf24        0x4 examples/experimental_dimming/dimming_server/CMakeFiles/light_switch_dimming_server_nrf52832_xxAA_s132_6.1.1.dir/__/__/__/mesh/core/src/nrf_mesh.c.obj
 .text.nrf_mesh_listen
                0x0002bf28      0x138 examples/experimental_dimming/dimming_server/CMakeFiles/light_switch_dimming_server_nrf52832_xxAA_s132_6.1.1.dir/__/__/__/mesh/core/src/nrf_mesh.c.obj
 .text.scanner_packet_process_cb
                0x0002c060       0x8c examples/experimental_dimming/dimming_server/CMakeFiles/light_switch_dimming_server_nrf52832_xxAA_s132_6.1.1.dir/__/__/__/mesh/core/src/nrf_mesh.c.obj
 .text.bearer_stopped_cb
                0x0002c0ec       0x30 examples/experimental_dimming/dimming_server/CMakeFiles/light_switch_dimming_server_nrf52832_xxAA_s132_6.1.1.dir/__/__/__/mesh/core/src/nrf_mesh.c.obj
 .text.nrf_mesh_init
                0x0002c11c       0xe8 examples/experimental_dimming/dimming_server/CMakeFiles/light_switch_dimming_server_nrf52832_xxAA_s132_6.1.1.dir/__/__/__/mesh/core/src/nrf_mesh.c.obj
                0x0002c11c                nrf_mesh_init
 .text.nrf_mesh_enable
                0x0002c204       0xac examples/experimental_dimming/dimming_server/CMakeFiles/light_switch_dimming_server_nrf52832_xxAA_s132_6.1.1.dir/__/__/__/mesh/core/src/nrf_mesh.c.obj
                0x0002c204                nrf_mesh_enable
 .text.nrf_mesh_disable
                0x0002c2b0       0x2c examples/experimental_dimming/dimming_server/CMakeFiles/light_switch_dimming_server_nrf52832_xxAA_s132_6.1.1.dir/__/__/__/mesh/core/src/nrf_mesh.c.obj
                0x0002c2b0                nrf_mesh_disable
 .text.nrf_mesh_packet_send
                0x0002c2dc        0x4 examples/experimental_dimming/dimming_server/CMakeFiles/light_switch_dimming_server_nrf52832_xxAA_s132_6.1.1.dir/__/__/__/mesh/core/src/nrf_mesh.c.obj
                0x0002c2dc                nrf_mesh_packet_send
 .text.nrf_mesh_evt_handler_add
                0x0002c2e0        0x4 examples/experimental_dimming/dimming_server/CMakeFiles/light_switch_dimming_server_nrf52832_xxAA_s132_6.1.1.dir/__/__/__/mesh/core/src/nrf_mesh.c.obj
                0x0002c2e0                nrf_mesh_evt_handler_add
 .text.nrf_mesh_evt_handler_remove
                0x0002c2e4        0x4 examples/experimental_dimming/dimming_server/CMakeFiles/light_switch_dimming_server_nrf52832_xxAA_s132_6.1.1.dir/__/__/__/mesh/core/src/nrf_mesh.c.obj
                0x0002c2e4                nrf_mesh_evt_handler_remove
 .text.nrf_mesh_on_sd_evt
                0x0002c2e8        0xa examples/experimental_dimming/dimming_server/CMakeFiles/light_switch_dimming_server_nrf52832_xxAA_s132_6.1.1.dir/__/__/__/mesh/core/src/nrf_mesh.c.obj
                0x0002c2e8                nrf_mesh_on_sd_evt
 .text.nrf_mesh_subnet_added
                0x0002c2f2        0x4 examples/experimental_dimming/dimming_server/CMakeFiles/light_switch_dimming_server_nrf52832_xxAA_s132_6.1.1.dir/__/__/__/mesh/core/src/nrf_mesh.c.obj
                0x0002c2f2                nrf_mesh_subnet_added
 *fill*         0x0002c2f6        0x2 
 .text.nrf_mesh_unique_token_get
                0x0002c2f8       0x18 examples/experimental_dimming/dimming_server/CMakeFiles/light_switch_dimming_server_nrf52832_xxAA_s132_6.1.1.dir/__/__/__/mesh/core/src/nrf_mesh.c.obj
                0x0002c2f8                nrf_mesh_unique_token_get
 .text.queue_init
                0x0002c310       0x14 examples/experimental_dimming/dimming_server/CMakeFiles/light_switch_dimming_server_nrf52832_xxAA_s132_6.1.1.dir/__/__/__/mesh/core/src/queue.c.obj
                0x0002c310                queue_init
 .text.queue_push
                0x0002c324       0x34 examples/experimental_dimming/dimming_server/CMakeFiles/light_switch_dimming_server_nrf52832_xxAA_s132_6.1.1.dir/__/__/__/mesh/core/src/queue.c.obj
                0x0002c324                queue_push
 .text.queue_pop
                0x0002c358       0x26 examples/experimental_dimming/dimming_server/CMakeFiles/light_switch_dimming_server_nrf52832_xxAA_s132_6.1.1.dir/__/__/__/mesh/core/src/queue.c.obj
                0x0002c358                queue_pop
 .text.queue_peek
                0x0002c37e       0x10 examples/experimental_dimming/dimming_server/CMakeFiles/light_switch_dimming_server_nrf52832_xxAA_s132_6.1.1.dir/__/__/__/mesh/core/src/queue.c.obj
                0x0002c37e                queue_peek
 .text.sd_power_reset_reason_clr
                0x0002c38e        0x4 examples/experimental_dimming/dimming_server/CMakeFiles/light_switch_dimming_server_nrf52832_xxAA_s132_6.1.1.dir/__/__/__/mesh/core/src/hal.c.obj
 .text.sd_power_gpregret_set
                0x0002c392        0x4 examples/experimental_dimming/dimming_server/CMakeFiles/light_switch_dimming_server_nrf52832_xxAA_s132_6.1.1.dir/__/__/__/mesh/core/src/hal.c.obj
 .text.sd_power_gpregret_clr
                0x0002c396        0x4 examples/experimental_dimming/dimming_server/CMakeFiles/light_switch_dimming_server_nrf52832_xxAA_s132_6.1.1.dir/__/__/__/mesh/core/src/hal.c.obj
 *fill*         0x0002c39a        0x2 
 .text.hal_device_reset
                0x0002c39c       0x40 examples/experimental_dimming/dimming_server/CMakeFiles/light_switch_dimming_server_nrf52832_xxAA_s132_6.1.1.dir/__/__/__/mesh/core/src/hal.c.obj
                0x0002c39c                hal_device_reset
 .text.hal_lfclk_ppm_get
                0x0002c3dc       0x14 examples/experimental_dimming/dimming_server/CMakeFiles/light_switch_dimming_server_nrf52832_xxAA_s132_6.1.1.dir/__/__/__/mesh/core/src/hal.c.obj
                0x0002c3dc                hal_lfclk_ppm_get
 .text.hal_irq_active_get
                0x0002c3f0       0x10 examples/experimental_dimming/dimming_server/CMakeFiles/light_switch_dimming_server_nrf52832_xxAA_s132_6.1.1.dir/__/__/__/mesh/core/src/hal.c.obj
                0x0002c3f0                hal_irq_active_get
 .text.hal_irq_is_enabled
                0x0002c400       0x28 examples/experimental_dimming/dimming_server/CMakeFiles/light_switch_dimming_server_nrf52832_xxAA_s132_6.1.1.dir/__/__/__/mesh/core/src/hal.c.obj
                0x0002c400                hal_irq_is_enabled
 .text.sd_ecb_block_encrypt
                0x0002c428        0x4 examples/experimental_dimming/dimming_server/CMakeFiles/light_switch_dimming_server_nrf52832_xxAA_s132_6.1.1.dir/__/__/__/mesh/core/src/aes_cmac.c.obj
 .text.utils_xor.constprop.1
                0x0002c42c       0x20 examples/experimental_dimming/dimming_server/CMakeFiles/light_switch_dimming_server_nrf52832_xxAA_s132_6.1.1.dir/__/__/__/mesh/core/src/aes_cmac.c.obj
 .text.aes_cmac
                0x0002c44c      0x10c examples/experimental_dimming/dimming_server/CMakeFiles/light_switch_dimming_server_nrf52832_xxAA_s132_6.1.1.dir/__/__/__/mesh/core/src/aes_cmac.c.obj
                0x0002c44c                aes_cmac
 .text.add_evt  0x0002c558       0x50 examples/experimental_dimming/dimming_server/CMakeFiles/light_switch_dimming_server_nrf52832_xxAA_s132_6.1.1.dir/__/__/__/mesh/core/src/timer_scheduler.c.obj
 .text.remove_evt
                0x0002c5a8       0x50 examples/experimental_dimming/dimming_server/CMakeFiles/light_switch_dimming_server_nrf52832_xxAA_s132_6.1.1.dir/__/__/__/mesh/core/src/timer_scheduler.c.obj
 .text.timer_cb
                0x0002c5f8        0xc examples/experimental_dimming/dimming_server/CMakeFiles/light_switch_dimming_server_nrf52832_xxAA_s132_6.1.1.dir/__/__/__/mesh/core/src/timer_scheduler.c.obj
 .text.setup_timeout.isra.0
                0x0002c604       0x1c examples/experimental_dimming/dimming_server/CMakeFiles/light_switch_dimming_server_nrf52832_xxAA_s132_6.1.1.dir/__/__/__/mesh/core/src/timer_scheduler.c.obj
 .text.flag_event_cb
                0x0002c620       0xa4 examples/experimental_dimming/dimming_server/CMakeFiles/light_switch_dimming_server_nrf52832_xxAA_s132_6.1.1.dir/__/__/__/mesh/core/src/timer_scheduler.c.obj
 .text.timer_sch_init
                0x0002c6c4       0x2c examples/experimental_dimming/dimming_server/CMakeFiles/light_switch_dimming_server_nrf52832_xxAA_s132_6.1.1.dir/__/__/__/mesh/core/src/timer_scheduler.c.obj
                0x0002c6c4                timer_sch_init
 .text.timer_sch_schedule
                0x0002c6f0       0x44 examples/experimental_dimming/dimming_server/CMakeFiles/light_switch_dimming_server_nrf52832_xxAA_s132_6.1.1.dir/__/__/__/mesh/core/src/timer_scheduler.c.obj
                0x0002c6f0                timer_sch_schedule
 .text.timer_sch_abort
                0x0002c734       0x2e examples/experimental_dimming/dimming_server/CMakeFiles/light_switch_dimming_server_nrf52832_xxAA_s132_6.1.1.dir/__/__/__/mesh/core/src/timer_scheduler.c.obj
                0x0002c734                timer_sch_abort
 .text.timer_sch_reschedule
                0x0002c762       0x38 examples/experimental_dimming/dimming_server/CMakeFiles/light_switch_dimming_server_nrf52832_xxAA_s132_6.1.1.dir/__/__/__/mesh/core/src/timer_scheduler.c.obj
                0x0002c762                timer_sch_reschedule
 .text.timer_init
                0x0002c79a       0x1a examples/experimental_dimming/dimming_server/CMakeFiles/light_switch_dimming_server_nrf52832_xxAA_s132_6.1.1.dir/__/__/__/mesh/core/src/timer.c.obj
                0x0002c79a                timer_init
 .text.timer_now
                0x0002c7b4       0x48 examples/experimental_dimming/dimming_server/CMakeFiles/light_switch_dimming_server_nrf52832_xxAA_s132_6.1.1.dir/__/__/__/mesh/core/src/timer.c.obj
                0x0002c7b4                timer_now
 .text.nrf_mesh_timer_tail_handle
                0x0002c7fc       0x34 examples/experimental_dimming/dimming_server/CMakeFiles/light_switch_dimming_server_nrf52832_xxAA_s132_6.1.1.dir/__/__/__/mesh/core/src/timer.c.obj
                0x0002c7fc                nrf_mesh_timer_tail_handle
 .text.nrf_mesh_timer_ovfw_handle
                0x0002c830       0x98 examples/experimental_dimming/dimming_server/CMakeFiles/light_switch_dimming_server_nrf52832_xxAA_s132_6.1.1.dir/__/__/__/mesh/core/src/timer.c.obj
                0x0002c830                nrf_mesh_timer_ovfw_handle
 .text.timer_start
                0x0002c8c8       0xac examples/experimental_dimming/dimming_server/CMakeFiles/light_switch_dimming_server_nrf52832_xxAA_s132_6.1.1.dir/__/__/__/mesh/core/src/timer.c.obj
                0x0002c8c8                timer_start
 .text.timer_stop
                0x0002c974       0x30 examples/experimental_dimming/dimming_server/CMakeFiles/light_switch_dimming_server_nrf52832_xxAA_s132_6.1.1.dir/__/__/__/mesh/core/src/timer.c.obj
                0x0002c974                timer_stop
 .text.sd_rand_application_bytes_available_get
                0x0002c9a4        0x4 examples/experimental_dimming/dimming_server/CMakeFiles/light_switch_dimming_server_nrf52832_xxAA_s132_6.1.1.dir/__/__/__/mesh/core/src/rand.c.obj
 .text.sd_rand_application_vector_get
                0x0002c9a8        0x4 examples/experimental_dimming/dimming_server/CMakeFiles/light_switch_dimming_server_nrf52832_xxAA_s132_6.1.1.dir/__/__/__/mesh/core/src/rand.c.obj
 .text.rand_prng_get
                0x0002c9ac       0x24 examples/experimental_dimming/dimming_server/CMakeFiles/light_switch_dimming_server_nrf52832_xxAA_s132_6.1.1.dir/__/__/__/mesh/core/src/rand.c.obj
                0x0002c9ac                rand_prng_get
 .text.rand_hw_rng_get
                0x0002c9d0       0x44 examples/experimental_dimming/dimming_server/CMakeFiles/light_switch_dimming_server_nrf52832_xxAA_s132_6.1.1.dir/__/__/__/mesh/core/src/rand.c.obj
                0x0002c9d0                rand_hw_rng_get
 .text.rand_prng_seed
                0x0002ca14       0x34 examples/experimental_dimming/dimming_server/CMakeFiles/light_switch_dimming_server_nrf52832_xxAA_s132_6.1.1.dir/__/__/__/mesh/core/src/rand.c.obj
                0x0002ca14                rand_prng_seed
 .text.mesh_opt_init
                0x0002ca48        0x2 examples/experimental_dimming/dimming_server/CMakeFiles/light_switch_dimming_server_nrf52832_xxAA_s132_6.1.1.dir/__/__/__/mesh/core/src/mesh_opt.c.obj
                0x0002ca48                mesh_opt_init
 .text.sd_radio_session_open
                0x0002ca4a        0x4 examples/experimental_dimming/dimming_server/CMakeFiles/light_switch_dimming_server_nrf52832_xxAA_s132_6.1.1.dir/__/__/__/mesh/core/src/timeslot.c.obj
 .text.sd_radio_session_close
                0x0002ca4e        0x4 examples/experimental_dimming/dimming_server/CMakeFiles/light_switch_dimming_server_nrf52832_xxAA_s132_6.1.1.dir/__/__/__/mesh/core/src/timeslot.c.obj
 .text.sd_radio_request
                0x0002ca52        0x4 examples/experimental_dimming/dimming_server/CMakeFiles/light_switch_dimming_server_nrf52832_xxAA_s132_6.1.1.dir/__/__/__/mesh/core/src/timeslot.c.obj
 *fill*         0x0002ca56        0x2 
 .text.end_timer_handler
                0x0002ca58       0x24 examples/experimental_dimming/dimming_server/CMakeFiles/light_switch_dimming_server_nrf52832_xxAA_s132_6.1.1.dir/__/__/__/mesh/core/src/timeslot.c.obj
 .text.get_end_time.isra.3
                0x0002ca7c       0x20 examples/experimental_dimming/dimming_server/CMakeFiles/light_switch_dimming_server_nrf52832_xxAA_s132_6.1.1.dir/__/__/__/mesh/core/src/timeslot.c.obj
 .text.on_ts_begin.constprop.9
                0x0002ca9c       0x48 examples/experimental_dimming/dimming_server/CMakeFiles/light_switch_dimming_server_nrf52832_xxAA_s132_6.1.1.dir/__/__/__/mesh/core/src/timeslot.c.obj
 .text.handle_extend_end.constprop.5
                0x0002cae4       0x88 examples/experimental_dimming/dimming_server/CMakeFiles/light_switch_dimming_server_nrf52832_xxAA_s132_6.1.1.dir/__/__/__/mesh/core/src/timeslot.c.obj
 .text.radio_signal_callback
                0x0002cb6c      0x12c examples/experimental_dimming/dimming_server/CMakeFiles/light_switch_dimming_server_nrf52832_xxAA_s132_6.1.1.dir/__/__/__/mesh/core/src/timeslot.c.obj
 .text.timeslot_sd_event_handler
                0x0002cc98       0x60 examples/experimental_dimming/dimming_server/CMakeFiles/light_switch_dimming_server_nrf52832_xxAA_s132_6.1.1.dir/__/__/__/mesh/core/src/timeslot.c.obj
                0x0002cc98                timeslot_sd_event_handler
 .text.timeslot_init
                0x0002ccf8       0x50 examples/experimental_dimming/dimming_server/CMakeFiles/light_switch_dimming_server_nrf52832_xxAA_s132_6.1.1.dir/__/__/__/mesh/core/src/timeslot.c.obj
                0x0002ccf8                timeslot_init
 .text.timeslot_start
                0x0002cd48       0x48 examples/experimental_dimming/dimming_server/CMakeFiles/light_switch_dimming_server_nrf52832_xxAA_s132_6.1.1.dir/__/__/__/mesh/core/src/timeslot.c.obj
                0x0002cd48                timeslot_start
 .text.timeslot_end_is_pending
                0x0002cd90       0x28 examples/experimental_dimming/dimming_server/CMakeFiles/light_switch_dimming_server_nrf52832_xxAA_s132_6.1.1.dir/__/__/__/mesh/core/src/timeslot.c.obj
                0x0002cd90                timeslot_end_is_pending
 .text.timeslot_length_get
                0x0002cdb8        0xc examples/experimental_dimming/dimming_server/CMakeFiles/light_switch_dimming_server_nrf52832_xxAA_s132_6.1.1.dir/__/__/__/mesh/core/src/timeslot.c.obj
                0x0002cdb8                timeslot_length_get
 .text.timeslot_remaining_time_get
                0x0002cdc4       0x24 examples/experimental_dimming/dimming_server/CMakeFiles/light_switch_dimming_server_nrf52832_xxAA_s132_6.1.1.dir/__/__/__/mesh/core/src/timeslot.c.obj
                0x0002cdc4                timeslot_remaining_time_get
 .text.timeslot_is_in_ts
                0x0002cde8        0xc examples/experimental_dimming/dimming_server/CMakeFiles/light_switch_dimming_server_nrf52832_xxAA_s132_6.1.1.dir/__/__/__/mesh/core/src/timeslot.c.obj
                0x0002cde8                timeslot_is_in_ts
 .text.timeslot_is_in_cb
                0x0002cdf4        0xc examples/experimental_dimming/dimming_server/CMakeFiles/light_switch_dimming_server_nrf52832_xxAA_s132_6.1.1.dir/__/__/__/mesh/core/src/timeslot.c.obj
                0x0002cdf4                timeslot_is_in_cb
 .text.timeslot_session_is_active
                0x0002ce00       0x10 examples/experimental_dimming/dimming_server/CMakeFiles/light_switch_dimming_server_nrf52832_xxAA_s132_6.1.1.dir/__/__/__/mesh/core/src/timeslot.c.obj
                0x0002ce00                timeslot_session_is_active
 .text.timeslot_trigger
                0x0002ce10       0x24 examples/experimental_dimming/dimming_server/CMakeFiles/light_switch_dimming_server_nrf52832_xxAA_s132_6.1.1.dir/__/__/__/mesh/core/src/timeslot.c.obj
                0x0002ce10                timeslot_trigger
 .text.timeslot_stop
                0x0002ce34       0x1c examples/experimental_dimming/dimming_server/CMakeFiles/light_switch_dimming_server_nrf52832_xxAA_s132_6.1.1.dir/__/__/__/mesh/core/src/timeslot.c.obj
                0x0002ce34                timeslot_stop
 .text.timeslot_restart
                0x0002ce50       0x24 examples/experimental_dimming/dimming_server/CMakeFiles/light_switch_dimming_server_nrf52832_xxAA_s132_6.1.1.dir/__/__/__/mesh/core/src/timeslot.c.obj
                0x0002ce50                timeslot_restart
 .text.timeslot_state_lock
                0x0002ce74       0x24 examples/experimental_dimming/dimming_server/CMakeFiles/light_switch_dimming_server_nrf52832_xxAA_s132_6.1.1.dir/__/__/__/mesh/core/src/timeslot.c.obj
                0x0002ce74                timeslot_state_lock
 .text.timer_mut_unlock
                0x0002ce98       0x10 examples/experimental_dimming/dimming_server/CMakeFiles/light_switch_dimming_server_nrf52832_xxAA_s132_6.1.1.dir/__/__/__/mesh/core/src/timeslot_timer.c.obj
 .text.ts_timer_order_cb
                0x0002cea8       0x64 examples/experimental_dimming/dimming_server/CMakeFiles/light_switch_dimming_server_nrf52832_xxAA_s132_6.1.1.dir/__/__/__/mesh/core/src/timeslot_timer.c.obj
                0x0002cea8                ts_timer_order_cb
 .text.ts_timer_now
                0x0002cf0c       0x40 examples/experimental_dimming/dimming_server/CMakeFiles/light_switch_dimming_server_nrf52832_xxAA_s132_6.1.1.dir/__/__/__/mesh/core/src/timeslot_timer.c.obj
                0x0002cf0c                ts_timer_now
 .text.ts_timer_event_handler
                0x0002cf4c       0x68 examples/experimental_dimming/dimming_server/CMakeFiles/light_switch_dimming_server_nrf52832_xxAA_s132_6.1.1.dir/__/__/__/mesh/core/src/timeslot_timer.c.obj
                0x0002cf4c                ts_timer_event_handler
 .text.ts_timer_to_device_time
                0x0002cfb4        0xc examples/experimental_dimming/dimming_server/CMakeFiles/light_switch_dimming_server_nrf52832_xxAA_s132_6.1.1.dir/__/__/__/mesh/core/src/timeslot_timer.c.obj
                0x0002cfb4                ts_timer_to_device_time
 .text.ts_timer_on_ts_begin
                0x0002cfc0       0x64 examples/experimental_dimming/dimming_server/CMakeFiles/light_switch_dimming_server_nrf52832_xxAA_s132_6.1.1.dir/__/__/__/mesh/core/src/timeslot_timer.c.obj
                0x0002cfc0                ts_timer_on_ts_begin
 .text.ts_timer_on_ts_end
                0x0002d024       0x48 examples/experimental_dimming/dimming_server/CMakeFiles/light_switch_dimming_server_nrf52832_xxAA_s132_6.1.1.dir/__/__/__/mesh/core/src/timeslot_timer.c.obj
                0x0002d024                ts_timer_on_ts_end
 .text.trigger_event_handler
                0x0002d06c       0x1c examples/experimental_dimming/dimming_server/CMakeFiles/light_switch_dimming_server_nrf52832_xxAA_s132_6.1.1.dir/__/__/__/mesh/core/src/bearer_event.c.obj
 .text.bearer_event_init
                0x0002d088       0x58 examples/experimental_dimming/dimming_server/CMakeFiles/light_switch_dimming_server_nrf52832_xxAA_s132_6.1.1.dir/__/__/__/mesh/core/src/bearer_event.c.obj
                0x0002d088                bearer_event_init
 .text.bearer_event_start
                0x0002d0e0       0x44 examples/experimental_dimming/dimming_server/CMakeFiles/light_switch_dimming_server_nrf52832_xxAA_s132_6.1.1.dir/__/__/__/mesh/core/src/bearer_event.c.obj
                0x0002d0e0                bearer_event_start
 .text.bearer_event_critical_section_begin
                0x0002d124       0x80 examples/experimental_dimming/dimming_server/CMakeFiles/light_switch_dimming_server_nrf52832_xxAA_s132_6.1.1.dir/__/__/__/mesh/core/src/bearer_event.c.obj
                0x0002d124                bearer_event_critical_section_begin
 .text.bearer_event_critical_section_end
                0x0002d1a4       0x60 examples/experimental_dimming/dimming_server/CMakeFiles/light_switch_dimming_server_nrf52832_xxAA_s132_6.1.1.dir/__/__/__/mesh/core/src/bearer_event.c.obj
                0x0002d1a4                bearer_event_critical_section_end
 .text.bearer_event_flag_add
                0x0002d204       0x3c examples/experimental_dimming/dimming_server/CMakeFiles/light_switch_dimming_server_nrf52832_xxAA_s132_6.1.1.dir/__/__/__/mesh/core/src/bearer_event.c.obj
                0x0002d204                bearer_event_flag_add
 .text.bearer_event_flag_set
                0x0002d240       0x44 examples/experimental_dimming/dimming_server/CMakeFiles/light_switch_dimming_server_nrf52832_xxAA_s132_6.1.1.dir/__/__/__/mesh/core/src/bearer_event.c.obj
                0x0002d240                bearer_event_flag_set
 .text.bearer_event_sequential_add
                0x0002d284       0x2e examples/experimental_dimming/dimming_server/CMakeFiles/light_switch_dimming_server_nrf52832_xxAA_s132_6.1.1.dir/__/__/__/mesh/core/src/bearer_event.c.obj
                0x0002d284                bearer_event_sequential_add
 *fill*         0x0002d2b2        0x2 
 .text.bearer_event_sequential_post
                0x0002d2b4       0x44 examples/experimental_dimming/dimming_server/CMakeFiles/light_switch_dimming_server_nrf52832_xxAA_s132_6.1.1.dir/__/__/__/mesh/core/src/bearer_event.c.obj
                0x0002d2b4                bearer_event_sequential_post
 .text.bearer_event_sequential_pending
                0x0002d2f8       0x10 examples/experimental_dimming/dimming_server/CMakeFiles/light_switch_dimming_server_nrf52832_xxAA_s132_6.1.1.dir/__/__/__/mesh/core/src/bearer_event.c.obj
                0x0002d2f8                bearer_event_sequential_pending
 .text.bearer_event_handler
                0x0002d308       0xe4 examples/experimental_dimming/dimming_server/CMakeFiles/light_switch_dimming_server_nrf52832_xxAA_s132_6.1.1.dir/__/__/__/mesh/core/src/bearer_event.c.obj
                0x0002d308                bearer_event_handler
 .text.QDEC_IRQHandler
                0x0002d3ec        0x4 examples/experimental_dimming/dimming_server/CMakeFiles/light_switch_dimming_server_nrf52832_xxAA_s132_6.1.1.dir/__/__/__/mesh/core/src/bearer_event.c.obj
                0x0002d3ec                QDEC_IRQHandler
 .text.bearer_event_in_correct_irq_priority
                0x0002d3f0       0x74 examples/experimental_dimming/dimming_server/CMakeFiles/light_switch_dimming_server_nrf52832_xxAA_s132_6.1.1.dir/__/__/__/mesh/core/src/bearer_event.c.obj
                0x0002d3f0                bearer_event_in_correct_irq_priority
 .text.sd_ecb_block_encrypt
                0x0002d464        0x4 examples/experimental_dimming/dimming_server/CMakeFiles/light_switch_dimming_server_nrf52832_xxAA_s132_6.1.1.dir/__/__/__/mesh/core/src/enc.c.obj
 .text.enc_aes_encrypt
                0x0002d468       0x32 examples/experimental_dimming/dimming_server/CMakeFiles/light_switch_dimming_server_nrf52832_xxAA_s132_6.1.1.dir/__/__/__/mesh/core/src/enc.c.obj
                0x0002d468                enc_aes_encrypt
 .text.enc_aes_cmac
                0x0002d49a        0x4 examples/experimental_dimming/dimming_server/CMakeFiles/light_switch_dimming_server_nrf52832_xxAA_s132_6.1.1.dir/__/__/__/mesh/core/src/enc.c.obj
                0x0002d49a                enc_aes_cmac
 .text.enc_aes_ccm_encrypt
                0x0002d49e        0x4 examples/experimental_dimming/dimming_server/CMakeFiles/light_switch_dimming_server_nrf52832_xxAA_s132_6.1.1.dir/__/__/__/mesh/core/src/enc.c.obj
                0x0002d49e                enc_aes_ccm_encrypt
 .text.enc_aes_ccm_decrypt
                0x0002d4a2        0x4 examples/experimental_dimming/dimming_server/CMakeFiles/light_switch_dimming_server_nrf52832_xxAA_s132_6.1.1.dir/__/__/__/mesh/core/src/enc.c.obj
                0x0002d4a2                enc_aes_ccm_decrypt
 .text.enc_nonce_generate
                0x0002d4a6       0xbc examples/experimental_dimming/dimming_server/CMakeFiles/light_switch_dimming_server_nrf52832_xxAA_s132_6.1.1.dir/__/__/__/mesh/core/src/enc.c.obj
                0x0002d4a6                enc_nonce_generate
 .text.enc_s1   0x0002d562       0x2c examples/experimental_dimming/dimming_server/CMakeFiles/light_switch_dimming_server_nrf52832_xxAA_s132_6.1.1.dir/__/__/__/mesh/core/src/enc.c.obj
                0x0002d562                enc_s1
 .text.enc_k1   0x0002d58e       0x3c examples/experimental_dimming/dimming_server/CMakeFiles/light_switch_dimming_server_nrf52832_xxAA_s132_6.1.1.dir/__/__/__/mesh/core/src/enc.c.obj
                0x0002d58e                enc_k1
 *fill*         0x0002d5ca        0x2 
 .text.enc_k2   0x0002d5cc       0xc0 examples/experimental_dimming/dimming_server/CMakeFiles/light_switch_dimming_server_nrf52832_xxAA_s132_6.1.1.dir/__/__/__/mesh/core/src/enc.c.obj
                0x0002d5cc                enc_k2
 .text.enc_k3   0x0002d68c       0x5c examples/experimental_dimming/dimming_server/CMakeFiles/light_switch_dimming_server_nrf52832_xxAA_s132_6.1.1.dir/__/__/__/mesh/core/src/enc.c.obj
                0x0002d68c                enc_k3
 .text.enc_k4   0x0002d6e8       0x54 examples/experimental_dimming/dimming_server/CMakeFiles/light_switch_dimming_server_nrf52832_xxAA_s132_6.1.1.dir/__/__/__/mesh/core/src/enc.c.obj
                0x0002d6e8                enc_k4
 .text.allocate_packet
                0x0002d73c       0x6e examples/experimental_dimming/dimming_server/CMakeFiles/light_switch_dimming_server_nrf52832_xxAA_s132_6.1.1.dir/__/__/__/mesh/core/src/network.c.obj
 *fill*         0x0002d7aa        0x2 
 .text.network_init
                0x0002d7ac       0x24 examples/experimental_dimming/dimming_server/CMakeFiles/light_switch_dimming_server_nrf52832_xxAA_s132_6.1.1.dir/__/__/__/mesh/core/src/network.c.obj
                0x0002d7ac                network_init
 .text.network_enable
                0x0002d7d0        0xe examples/experimental_dimming/dimming_server/CMakeFiles/light_switch_dimming_server_nrf52832_xxAA_s132_6.1.1.dir/__/__/__/mesh/core/src/network.c.obj
                0x0002d7d0                network_enable
 .text.network_packet_alloc