Product: MDK-ARM Professional 5.10
Component: ARM Compiler 5.04 update 1 (build 49)
Tool: armlink [5040049]

==============================================================================

Section Cross References

    bootloader.o(.text) refers to aeabi_memset.o(.text) for __aeabi_memset
    bootloader.o(.text) refers to main.o(.text) for app_error_handler_bare
    bootloader.o(.text) refers to nrf_flash.o(.text) for nrf_flash_store
    bootloader.o(.text) refers to bootloader_app_bridge.o(.text) for bl_cmd_handler
    bootloader.o(.text) refers to fifo.o(.text) for fifo_pop
    bootloader.o(.text) refers to bootloader_info.o(.text) for bootloader_info_entry_get
    bootloader.o(.text) refers to bootloader_util.o(.text) for bootloader_util_app_start
    bootloader.o(.text) refers to mesh_packet.o(.text) for mesh_packet_adv_data_get
    bootloader.o(.text) refers to dfu_mesh.o(.text) for dfu_mesh_app_is_valid
    bootloader.o(.text) refers to dfu_util.o(.text) for interrupts_disable
    bootloader.o(.text) refers to radio_control.o(.text) for radio_disable
    bootloader.o(.text) refers to rt_memcpy_v6.o(.text) for __aeabi_memcpy
    bootloader.o(.text) refers to transport.o(.text) for transport_tx
    bootloader.o(.text) refers to lludivv7m.o(.text) for __aeabi_uldivmod
    bootloader.o(.text) refers to dfu_bank.o(.text) for dfu_bank_flash
    bootloader.o(.text) refers to bootloader_rtc.o(.text) for rtc_init
    bootloader.o(.text) refers to rt_memclr_w.o(.text) for __aeabi_memclr4
    bootloader.o(.text) refers to bootloader.o(.bss) for .bss
    bootloader.o(.text) refers to bootloader.o(.data) for .data
    bootloader.o(.text) refers to bootloader.o(.constdata) for .constdata
    bootloader_app_bridge.o(.text) refers to main.o(.text) for app_error_handler_bare
    bootloader_app_bridge.o(.text) refers to bootloader_info.o(.text) for bootloader_info_init
    bootloader_app_bridge.o(.text) refers to dfu_mesh.o(.text) for dfu_mesh_init
    bootloader_app_bridge.o(.text) refers to dfu_bank.o(.text) for dfu_bank_flash
    bootloader_app_bridge.o(.text) refers to dfu_transfer_mesh.o(.text) for dfu_transfer_flash_write_complete
    bootloader_app_bridge.o(.text) refers to rt_memcpy_w.o(.text) for __aeabi_memcpy4
    bootloader_app_bridge.o(.text) refers to bootloader_app_bridge.o(.data) for .data
    bootloader_app_bridge.o(.text) refers to bootloader_app_bridge.o(.constdata) for .constdata
    bootloader_info.o(.text) refers to main.o(.text) for app_error_handler_bare
    bootloader_info.o(.text) refers to bootloader_app_bridge.o(.text) for flash_write
    bootloader_info.o(.text) refers to aeabi_memset.o(.text) for __aeabi_memset
    bootloader_info.o(.text) refers to rt_memcpy_w.o(.text) for __aeabi_memcpy4
    bootloader_info.o(.text) refers to rt_memclr_w.o(.text) for __aeabi_memclr4
    bootloader_info.o(.text) refers to bootloader_info.o(.data) for .data
    bootloader_info.o(.text) refers to bootloader_info.o(.bss) for .bss
    bootloader_info.o(.text) refers to bootloader_info.o(.constdata) for .constdata
    bootloader_rtc.o(.text) refers to transport.o(.text) for transport_rtc_irq_handler
    bootloader_rtc.o(.text) refers to bootloader.o(.text) for bootloader_timeout
    bootloader_util.o(.text) refers to bootloader_util.o(.emb_text) for __asm___17_bootloader_util_c_c13d365c__bootloader_util_reset
    dfu_bank.o(.text) refers to bootloader_info.o(.text) for bootloader_info_entry_overwrite
    dfu_bank.o(.text) refers to main.o(.text) for app_error_handler_bare
    dfu_bank.o(.text) refers to memcmp.o(.text) for memcmp
    dfu_bank.o(.text) refers to dfu_util.o(.text) for interrupts_disable
    dfu_bank.o(.text) refers to bootloader_app_bridge.o(.text) for bootloader_is_in_application
    dfu_bank.o(.text) refers to rt_memcpy_w.o(.text) for __aeabi_memcpy4
    dfu_bank.o(.text) refers to aeabi_memset.o(.text) for __aeabi_memset
    dfu_bank.o(.text) refers to dfu_bank.o(.data) for .data
    dfu_mesh.o(.text) refers to bootloader_info.o(.text) for bootloader_info_entry_get
    dfu_mesh.o(.text) refers to bootloader_app_bridge.o(.text) for send_end_evt
    dfu_mesh.o(.text) refers to sha256.o(.text) for sha256_init
    dfu_mesh.o(.text) refers to dfu_transfer_mesh.o(.text) for dfu_transfer_sha256
    dfu_mesh.o(.text) refers to uECC.o(.text) for uECC_verify
    dfu_mesh.o(.text) refers to rt_memclr_w.o(.text) for __aeabi_memclr4
    dfu_mesh.o(.text) refers to rt_memcpy_v6.o(.text) for __aeabi_memcpy
    dfu_mesh.o(.text) refers to dfu_util.o(.text) for packet_cache_put
    dfu_mesh.o(.text) refers to aeabi_memset.o(.text) for __aeabi_memset
    dfu_mesh.o(.text) refers to main.o(.text) for app_error_handler_bare
    dfu_mesh.o(.text) refers to dfu_mesh.o(.bss) for .bss
    dfu_mesh.o(.text) refers to dfu_mesh.o(.data) for .data
    dfu_mesh.o(.text) refers to rt_memclr.o(.text) for __aeabi_memclr
    dfu_mesh.o(.text) refers to dfu_bank.o(.text) for dfu_bank_transfer_in_progress
[...]
Stack Usage for Reset_Handler 0x0 bytes.
Stack Usage for NMI_Handler 0x0 bytes.
Stack Usage for MemoryManagement_Handler 0x0 bytes.
Stack Usage for BusFault_Handler 0x0 bytes.
Stack Usage for UsageFault_Handler 0x0 bytes.
Stack Usage for SVC_Handler 0x0 bytes.
Stack Usage for DebugMon_Handler 0x0 bytes.
Stack Usage for PendSV_Handler 0x0 bytes.
Stack Usage for SysTick_Handler 0x0 bytes.
Stack Usage for CCM_AAR_IRQHandler 0x0 bytes.
Stack Usage for COMP_LPCOMP_IRQHandler 0x0 bytes.
Stack Usage for ECB_IRQHandler 0x0 bytes.
Stack Usage for FPU_IRQHandler 0x0 bytes.
Stack Usage for GPIOTE_IRQHandler 0x0 bytes.
Stack Usage for I2S_IRQHandler 0x0 bytes.
Stack Usage for MWU_IRQHandler 0x0 bytes.
Stack Usage for NFCT_IRQHandler 0x0 bytes.
Stack Usage for PDM_IRQHandler 0x0 bytes.
Stack Usage for POWER_CLOCK_IRQHandler 0x0 bytes.
Stack Usage for PWM0_IRQHandler 0x0 bytes.
Stack Usage for PWM1_IRQHandler 0x0 bytes.
Stack Usage for PWM2_IRQHandler 0x0 bytes.
Stack Usage for QDEC_IRQHandler 0x0 bytes.
Stack Usage for RNG_IRQHandler 0x0 bytes.
Stack Usage for RTC1_IRQHandler 0x0 bytes.
Stack Usage for RTC2_IRQHandler 0x0 bytes.
Stack Usage for SAADC_IRQHandler 0x0 bytes.
Stack Usage for SPIM0_SPIS0_TWIM0_TWIS0_SPI0_TWI0_IRQHandler 0x0 bytes.
Stack Usage for SPIM1_SPIS1_TWIM1_TWIS1_SPI1_TWI1_IRQHandler 0x0 bytes.
Stack Usage for SPIM2_SPIS2_SPI2_IRQHandler 0x0 bytes.
Stack Usage for SWI1_EGU1_IRQHandler 0x0 bytes.
Stack Usage for SWI2_EGU2_IRQHandler 0x0 bytes.
Stack Usage for SWI4_EGU4_IRQHandler 0x0 bytes.
Stack Usage for SWI5_EGU5_IRQHandler 0x0 bytes.
Stack Usage for TEMP_IRQHandler 0x0 bytes.
Stack Usage for TIMER0_IRQHandler 0x0 bytes.
Stack Usage for TIMER1_IRQHandler 0x0 bytes.
Stack Usage for TIMER2_IRQHandler 0x0 bytes.
Stack Usage for TIMER3_IRQHandler 0x0 bytes.
Stack Usage for TIMER4_IRQHandler 0x0 bytes.
Stack Usage for UARTE0_UART0_IRQHandler 0x0 bytes.
Stack Usage for WDT_IRQHandler 0x0 bytes.
Stack Usage for __user_initial_stackheap 0x0 bytes.
Stack Usage for __aeabi_uldivmod 0x30 bytes.
Stack Usage for _ll_udiv 0x30 bytes.
Stack Usage for __aeabi_llsl 0x0 bytes.
Stack Usage for _ll_shift_l 0x0 bytes.
Stack Usage for memcmp 0x8 bytes.
Stack Usage for __aeabi_memcpy 0x0 bytes.
Stack Usage for __rt_memcpy 0x0 bytes.
Stack Usage for _memcpy_lastbytes unknown bytes.
Stack Usage for __aeabi_memcpy4 0x8 bytes.
Stack Usage for __aeabi_memcpy8 0x8 bytes.
Stack Usage for __rt_memcpy_w 0x8 bytes.
Stack Usage for _memcpy_lastbytes_aligned unknown bytes.
Stack Usage for __aeabi_memset 0x0 bytes.
Stack Usage for __aeabi_memclr 0x0 bytes.
Stack Usage for __rt_memclr 0x0 bytes.
Stack Usage for _memset unknown bytes.
Stack Usage for __aeabi_memclr4 0x4 bytes.
Stack Usage for __aeabi_memclr8 0x4 bytes.
Stack Usage for __rt_memclr_w 0x4 bytes.
Stack Usage for _memset_w unknown bytes.
Stack Usage for __use_two_region_memory 0x0 bytes.
Stack Usage for __rt_heap_escrow$2region 0x0 bytes.
Stack Usage for __rt_heap_expand$2region 0x0 bytes.
Stack Usage for __user_setup_stackheap 0x8 bytes.
Stack Usage for exit 0x0 bytes.
Stack Usage for __user_libspace 0x0 bytes.
Stack Usage for __user_perproc_libspace 0x0 bytes.
Stack Usage for __user_perthread_libspace 0x0 bytes.
Stack Usage for _sys_exit 0x0 bytes.
Stack Usage for __I$use$semihosting 0x0 bytes.
Stack Usage for __use_no_semihosting_swi 0x0 bytes.
Stack Usage for __semihosting_library_function 0x0 bytes.
Stack Usage for _fp_init 0x0 bytes.
Stack Usage for __fplib_config_fpu_vfp unknown bytes.
Stack Usage for __fplib_config_pureend_doubles unknown bytes.
Stack Usage for rx_cb 0x20 bytes.
Stack Usage for bl_evt_handler 0x28 bytes.
Stack Usage for NVIC_SetPendingIRQ 0x0 bytes.
Stack Usage for set_timeout 0x0 bytes.
Stack Usage for stop_timeout 0x0 bytes.
Stack Usage for info_entry_get 0x10 bytes.
Stack Usage for free_write_buffer 0x18 bytes.
Stack Usage for place_head_after_entry 0x0 bytes.
Stack Usage for get_write_buffer 0x18 bytes.
Stack Usage for copy_page_write_meta 0x8 bytes.
Stack Usage for copy_page_write_next_data 0x10 bytes.
Stack Usage for copy_page 0x10 bytes.
Stack Usage for entry_header_invalidate 0x8 bytes.
Stack Usage for bootloader_info_header_get 0x0 bytes.
Stack Usage for bootloader_info_first_unused_get 0x8 bytes.
Stack Usage for copy_page_on_flash_op_end 0x8 bytes.
Stack Usage for flash_bank_entry_fw 0x40 bytes.
Stack Usage for flash_bank_entry 0x118 bytes.
Stack Usage for get_info_pointers 0x8 bytes.
Stack Usage for segment_count_from_start_packet 0x0 bytes.
Stack Usage for packet_tx_dynamic 0x38 bytes.
Stack Usage for signature_check 0xa0 bytes.
Stack Usage for beacon_set 0x50 bytes.
Stack Usage for relay_packet 0x10 bytes.
Stack Usage for start_req 0x10 bytes.
Stack Usage for start_target 0xb8 bytes.
Stack Usage for notify_state_packet 0x28 bytes.
Stack Usage for target_rx_start 0x20 bytes.
Stack Usage for target_rx_data 0x48 bytes.
Stack Usage for handle_data_packet 0x48 bytes.
Stack Usage for handle_state_packet 0x18 bytes.
Stack Usage for handle_data_req_packet 0x30 bytes.
Stack Usage for state_beacon_type 0x0 bytes.
Stack Usage for send_progress_event 0x28 bytes.
Stack Usage for send_bank_notifications 0x50 bytes.
Stack Usage for start_find_fwid 0x8 bytes.
Stack Usage for start_ready 0x10 bytes.
Stack Usage for request_missing_data 0x58 bytes.
Stack Usage for handle_fwid_packet 0x38 bytes.
Stack Usage for segment_is_missing 0x8 bytes.
Stack Usage for transfer_abort 0x0 bytes.
Stack Usage for setup_event 0x20 bytes.
Stack Usage for NVIC_SetPendingIRQ 0x0 bytes.
Stack Usage for set_next_tx 0x10 bytes.
Stack Usage for order_scan 0x10 bytes.
Stack Usage for radio_tx_cb 0x0 bytes.
Stack Usage for radio_rx_cb 0x18 bytes.
Stack Usage for radio_idle_cb 0x0 bytes.
Stack Usage for order_next_rtc 0x14 bytes.
Stack Usage for NVIC_EnableIRQ 0x0 bytes.
Stack Usage for NVIC_DisableIRQ 0x0 bytes.
Stack Usage for NVIC_SetPriority 0x0 bytes.
Stack Usage for vli_numBits 0x0 bytes.
Stack Usage for vli_add 0x10 bytes.
Stack Usage for vli_sub 0x10 bytes.
Stack Usage for muladd 0x14 bytes.
Stack Usage for vli_mult 0x30 bytes.
Stack Usage for vli_mmod_fast 0x38 bytes.
Stack Usage for vli_modInv 0x90 bytes.
Stack Usage for EccPoint_double_jacobian 0x58 bytes.
Stack Usage for apply_z 0x30 bytes.
Stack Usage for XYcZ_add 0x38 bytes.
Stack Usage for vli_modMult_n 0xe8 bytes.
Stack Usage for vli_clear 0x0 bytes.
Stack Usage for vli_isZero 0x0 bytes.
Stack Usage for vli_testBit 0x0 bytes.
Stack Usage for vli_set 0x0 bytes.
Stack Usage for vli_cmp 0x8 bytes.
Stack Usage for vli_rshift1 0x0 bytes.
Stack Usage for vli_modAdd 0x10 bytes.
Stack Usage for vli_modSub 0x10 bytes.
Stack Usage for vli_modMult_fast 0x48 bytes.
Stack Usage for vli_bytesToNative 0x8 bytes.

Potential Stack Usage Inaccuracies.

Untraceable function pointers.

 * BusFault_Handler from arm_startup_nrf52.o(.text) referenced from arm_startup_nrf52.o(RESET)
 * CCM_AAR_IRQHandler from arm_startup_nrf52.o(.text) referenced from arm_startup_nrf52.o(RESET)
 * COMP_LPCOMP_IRQHandler from arm_startup_nrf52.o(.text) referenced from arm_startup_nrf52.o(RESET)
 * DebugMon_Handler from arm_startup_nrf52.o(.text) referenced from arm_startup_nrf52.o(RESET)
 * ECB_IRQHandler from arm_startup_nrf52.o(.text) referenced from arm_startup_nrf52.o(RESET)
 * FPU_IRQHandler from arm_startup_nrf52.o(.text) referenced from arm_startup_nrf52.o(RESET)
 * GPIOTE_IRQHandler from arm_startup_nrf52.o(.text) referenced from arm_startup_nrf52.o(RESET)
 * HardFault_Handler from main.o(.text) referenced from arm_startup_nrf52.o(RESET)
 * I2S_IRQHandler from arm_startup_nrf52.o(.text) referenced from arm_startup_nrf52.o(RESET)
 * MWU_IRQHandler from arm_startup_nrf52.o(.text) referenced from arm_startup_nrf52.o(RESET)
 * MemoryManagement_Handler from arm_startup_nrf52.o(.text) referenced from arm_startup_nrf52.o(RESET)
 * NFCT_IRQHandler from arm_startup_nrf52.o(.text) referenced from arm_startup_nrf52.o(RESET)
 * NMI_Handler from arm_startup_nrf52.o(.text) referenced from arm_startup_nrf52.o(RESET)
 * PDM_IRQHandler from arm_startup_nrf52.o(.text) referenced from arm_startup_nrf52.o(RESET)
 * POWER_CLOCK_IRQHandler from arm_startup_nrf52.o(.text) referenced from arm_startup_nrf52.o(RESET)
 * PWM0_IRQHandler from arm_startup_nrf52.o(.text) referenced from arm_startup_nrf52.o(RESET)
 * PWM1_IRQHandler from arm_startup_nrf52.o(.text) referenced from arm_startup_nrf52.o(RESET)
 * PWM2_IRQHandler from arm_startup_nrf52.o(.text) referenced from arm_startup_nrf52.o(RESET)
 * PendSV_Handler from arm_startup_nrf52.o(.text) referenced from arm_startup_nrf52.o(RESET)
 * QDEC_IRQHandler from arm_startup_nrf52.o(.text) referenced from arm_startup_nrf52.o(RESET)
 * RADIO_IRQHandler from transport.o(.text) referenced from arm_startup_nrf52.o(RESET)
 * RNG_IRQHandler from arm_startup_nrf52.o(.text) referenced from arm_startup_nrf52.o(RESET)
 * RTC0_IRQHandler from bootloader_rtc.o(.text) referenced from arm_startup_nrf52.o(RESET)
 * RTC1_IRQHandler from arm_startup_nrf52.o(.text) referenced from arm_startup_nrf52.o(RESET)
 * RTC2_IRQHandler from arm_startup_nrf52.o(.text) referenced from arm_startup_nrf52.o(RESET)
 * Reset_Handler from arm_startup_nrf52.o(.text) referenced from arm_startup_nrf52.o(RESET)
 * SAADC_IRQHandler from arm_startup_nrf52.o(.text) referenced from arm_startup_nrf52.o(RESET)
 * SPIM0_SPIS0_TWIM0_TWIS0_SPI0_TWI0_IRQHandler from arm_startup_nrf52.o(.text) referenced from arm_startup_nrf52.o(RESET)
 * SPIM1_SPIS1_TWIM1_TWIS1_SPI1_TWI1_IRQHandler from arm_startup_nrf52.o(.text) referenced from arm_startup_nrf52.o(RESET)
 * SPIM2_SPIS2_SPI2_IRQHandler from arm_startup_nrf52.o(.text) referenced from arm_startup_nrf52.o(RESET)
 * SVC_Handler from arm_startup_nrf52.o(.text) referenced from arm_startup_nrf52.o(RESET)
 * SWI0_EGU0_IRQHandler from transport.o(.text) referenced from arm_startup_nrf52.o(RESET)
 * SWI1_EGU1_IRQHandler from arm_startup_nrf52.o(.text) referenced from arm_startup_nrf52.o(RESET)
 * SWI2_EGU2_IRQHandler from arm_startup_nrf52.o(.text) referenced from arm_startup_nrf52.o(RESET)
 * SWI3_EGU3_IRQHandler from bootloader.o(.text) referenced from arm_startup_nrf52.o(RESET)
 * SWI4_EGU4_IRQHandler from arm_startup_nrf52.o(.text) referenced from arm_startup_nrf52.o(RESET)
 * SWI5_EGU5_IRQHandler from arm_startup_nrf52.o(.text) referenced from arm_startup_nrf52.o(RESET)
 * SysTick_Handler from arm_startup_nrf52.o(.text) referenced from arm_startup_nrf52.o(RESET)
 * SystemInit from system_nrf52.o(.text) referenced from arm_startup_nrf52.o(.text)
 * TEMP_IRQHandler from arm_startup_nrf52.o(.text) referenced from arm_startup_nrf52.o(RESET)
 * TIMER0_IRQHandler from arm_startup_nrf52.o(.text) referenced from arm_startup_nrf52.o(RESET)
 * TIMER1_IRQHandler from arm_startup_nrf52.o(.text) referenced from arm_startup_nrf52.o(RESET)
 * TIMER2_IRQHandler from arm_startup_nrf52.o(.text) referenced from arm_startup_nrf52.o(RESET)
 * TIMER3_IRQHandler from arm_startup_nrf52.o(.text) referenced from arm_startup_nrf52.o(RESET)
 * TIMER4_IRQHandler from arm_startup_nrf52.o(.text) referenced from arm_startup_nrf52.o(RESET)
 * UARTE0_UART0_IRQHandler from arm_startup_nrf52.o(.text) referenced from arm_startup_nrf52.o(RESET)
 * UsageFault_Handler from arm_startup_nrf52.o(.text) referenced from arm_startup_nrf52.o(RESET)
 * WDT_IRQHandler from arm_startup_nrf52.o(.text) referenced from arm_startup_nrf52.o(RESET)
 * __main from __main.o(!!!main) referenced from arm_startup_nrf52.o(.text)
 * bl_cmd_handler from bootloader_app_bridge.o(.text) referenced from bootloader_app_bridge.o(.text)
 * bl_evt_handler from bootloader.o(.text) referenced from bootloader.o(.text)
 * radio_idle_cb from transport.o(.text) referenced from transport.o(.text)
 * radio_rx_cb from transport.o(.text) referenced from transport.o(.text)
 * radio_tx_cb from transport.o(.text) referenced from transport.o(.text)
 * rx_cb from bootloader.o(.text) referenced from bootloader.o(.text)

==============================================================================

Image Symbol Table

    Local Symbols

    Symbol Name                              Value     Ov Type        Size  Object(Section)

    ../clib/angel/boardlib.s                 0x00000000   Number         0  boardshut.o ABSOLUTE
    ../clib/angel/boardlib.s                 0x00000000   Number         0  boardinit3.o ABSOLUTE
    ../clib/angel/boardlib.s                 0x00000000   Number         0  boardinit2.o ABSOLUTE
    ../clib/angel/boardlib.s                 0x00000000   Number         0  boardinit1.o ABSOLUTE
    ../clib/angel/handlers.s                 0x00000000   Number         0  __scatter_zi.o ABSOLUTE
    ../clib/angel/handlers.s                 0x00000000   Number         0  __scatter_copy.o ABSOLUTE
    ../clib/angel/kernel.s                   0x00000000   Number         0  rtentry.o ABSOLUTE
    ../clib/angel/kernel.s                   0x00000000   Number         0  rtentry2.o ABSOLUTE
    ../clib/angel/kernel.s                   0x00000000   Number         0  rtentry4.o ABSOLUTE
    ../clib/angel/kernel.s                   0x00000000   Number         0  rtexit2.o ABSOLUTE
    ../clib/angel/kernel.s                   0x00000000   Number         0  rtexit.o ABSOLUTE
    ../clib/angel/rt.s                       0x00000000   Number         0  rt_raise.o ABSOLUTE
    ../clib/angel/rt.s                       0x00000000   Number         0  aeabi_ldiv0.o ABSOLUTE
    ../clib/angel/rt.s                       0x00000000   Number         0  aeabi_ldiv0_sigfpe.o ABSOLUTE
    ../clib/angel/rt.s                       0x00000000   Number         0  rt_div0.o ABSOLUTE
    ../clib/angel/scatter.s                  0x00000000   Number         0  __scatter.o ABSOLUTE
    ../clib/angel/startup.s                  0x00000000   Number         0  __main.o ABSOLUTE
    ../clib/angel/sys.s                      0x00000000   Number         0  indicate_semi.o ABSOLUTE
    ../clib/angel/sys.s                      0x00000000   Number         0  sys_stackheap_outer.o ABSOLUTE
    ../clib/angel/sys.s                      0x00000000   Number         0  libspace.o ABSOLUTE
    ../clib/angel/sys.s                      0x00000000   Number         0  use_no_semi.o ABSOLUTE
    ../clib/angel/sysapp.c                   0x00000000   Number         0  sys_exit.o ABSOLUTE
    ../clib/angel/sysapp.c                   0x00000000   Number         0  sys_wrch.o ABSOLUTE
    ../clib/angel/sysapp.c                   0x00000000   Number         0  sys_command.o ABSOLUTE
    ../clib/armsys.c                         0x00000000   Number         0  argv_veneer.o ABSOLUTE
    ../clib/armsys.c                         0x00000000   Number         0  no_argv.o ABSOLUTE
    ../clib/armsys.c                         0x00000000   Number         0  argv_veneer.o ABSOLUTE
    ../clib/armsys.c                         0x00000000   Number         0  _get_argv_nomalloc.o ABSOLUTE
    ../clib/heapalloc.c                      0x00000000   Number         0  hrguard.o ABSOLUTE
    ../clib/heapaux.c                        0x00000000   Number         0  heapauxi.o ABSOLUTE
    ../clib/libinit.s                        0x00000000   Number         0  libshutdown2.o ABSOLUTE
    ../clib/libinit.s                        0x00000000   Number         0  libshutdown.o ABSOLUTE
    ../clib/libinit.s                        0x00000000   Number         0  libinit2.o ABSOLUTE
    ../clib/libinit.s                        0x00000000   Number         0  libinit.o ABSOLUTE
    ../clib/longlong.s                       0x00000000   Number         0  lludivv7m.o ABSOLUTE
    ../clib/longlong.s                       0x00000000   Number         0  llshl.o ABSOLUTE
    ../clib/memcpset.s                       0x00000000   Number         0  rt_memcpy_v6.o ABSOLUTE
    ../clib/memcpset.s                       0x00000000   Number         0  rt_memclr_w.o ABSOLUTE
    ../clib/memcpset.s                       0x00000000   Number         0  rt_memcpy_w.o ABSOLUTE
    ../clib/memcpset.s                       0x00000000   Number         0  rt_memclr.o ABSOLUTE
    ../clib/memcpset.s                       0x00000000   Number         0  aeabi_memset.o ABSOLUTE
    ../clib/signal.c                         0x00000000   Number         0  defsig_other.o ABSOLUTE
    ../clib/signal.c                         0x00000000   Number         0  defsig_segv_inner.o ABSOLUTE
    ../clib/signal.c                         0x00000000   Number         0  defsig_cppl_inner.o ABSOLUTE
    ../clib/signal.c                         0x00000000   Number         0  defsig_pvfn_inner.o ABSOLUTE
    ../clib/signal.c                         0x00000000   Number         0  defsig_fpe_outer.o ABSOLUTE
    ../clib/signal.c                         0x00000000   Number         0  defsig_fpe_formal.o ABSOLUTE
    ../clib/signal.c                         0x00000000   Number         0  defsig_fpe_inner.o ABSOLUTE
    ../clib/signal.c                         0x00000000   Number         0  defsig_general.o ABSOLUTE
    ../clib/signal.c                         0x00000000   Number         0  __raise.o ABSOLUTE
    ../clib/signal.c                         0x00000000   Number         0  defsig_exit.o ABSOLUTE
    ../clib/signal.c                         0x00000000   Number         0  defsig_abrt_inner.o ABSOLUTE
    ../clib/signal.c                         0x00000000   Number         0  defsig_rtred_inner.o ABSOLUTE
    ../clib/signal.c                         0x00000000   Number         0  defsig_rtmem_inner.o ABSOLUTE
    ../clib/signal.c                         0x00000000   Number         0  defsig_rtmem_outer.o ABSOLUTE
    ../clib/signal.c                         0x00000000   Number         0  defsig_rtmem_formal.o ABSOLUTE
    ../clib/signal.c                         0x00000000   Number         0  defsig_stak_inner.o ABSOLUTE
    ../clib/signal.s                         0x00000000   Number         0  defsig.o ABSOLUTE
    ../clib/stdlib.c                         0x00000000   Number         0  exit.o ABSOLUTE
    ../clib/string.c                         0x00000000   Number         0  memcmp.o ABSOLUTE
    ../fplib/fpinit.s                        0x00000000   Number         0  fpinit.o ABSOLUTE
    ..\\mesh\\bootloader\\src\\bootloader.c  0x00000000   Number         0  bootloader.o ABSOLUTE
    ..\\mesh\\bootloader\\src\\bootloader_app_bridge.c 0x00000000   Number         0  bootloader_app_bridge.o ABSOLUTE
    ..\\mesh\\bootloader\\src\\bootloader_info.c 0x00000000   Number         0  bootloader_info.o ABSOLUTE
    ..\\mesh\\bootloader\\src\\bootloader_rtc.c 0x00000000   Number         0  bootloader_rtc.o ABSOLUTE
    ..\\mesh\\bootloader\\src\\bootloader_util.c 0x00000000   Number         0  bootloader_util.o ABSOLUTE
    ..\\mesh\\bootloader\\src\\dfu_bank.c    0x00000000   Number         0  dfu_bank.o ABSOLUTE
    ..\\mesh\\bootloader\\src\\dfu_mesh.c    0x00000000   Number         0  dfu_mesh.o ABSOLUTE
    ..\\mesh\\bootloader\\src\\dfu_transfer_mesh.c 0x00000000   Number         0  dfu_transfer_mesh.o ABSOLUTE
    ..\\mesh\\bootloader\\src\\dfu_util.c    0x00000000   Number         0  dfu_util.o ABSOLUTE
    ..\\mesh\\bootloader\\src\\fifo.c        0x00000000   Number         0  fifo.o ABSOLUTE
    ..\\mesh\\bootloader\\src\\main.c        0x00000000   Number         0  main.o ABSOLUTE
    ..\\mesh\\bootloader\\src\\mesh_packet.c 0x00000000   Number         0  mesh_packet.o ABSOLUTE
    ..\\mesh\\bootloader\\src\\nrf_flash.c   0x00000000   Number         0  nrf_flash.o ABSOLUTE
    ..\\mesh\\bootloader\\src\\radio_control.c 0x00000000   Number         0  radio_control.o ABSOLUTE
    ..\\mesh\\bootloader\\src\\rand.c        0x00000000   Number         0  rand.o ABSOLUTE
    ..\\mesh\\bootloader\\src\\transport.c   0x00000000   Number         0  transport.o ABSOLUTE
    ..\mesh\bootloader\src\bootloader.c      0x00000000   Number         0  bootloader.o ABSOLUTE
    ..\mesh\bootloader\src\bootloader_app_bridge.c 0x00000000   Number         0  bootloader_app_bridge.o ABSOLUTE
    ..\mesh\bootloader\src\bootloader_info.c 0x00000000   Number         0  bootloader_info.o ABSOLUTE
    ..\mesh\bootloader\src\bootloader_rtc.c  0x00000000   Number         0  bootloader_rtc.o ABSOLUTE
    ..\mesh\bootloader\src\bootloader_util.c 0x00000000   Number         0  bootloader_util.o ABSOLUTE
    ..\mesh\bootloader\src\dfu_bank.c        0x00000000   Number         0  dfu_bank.o ABSOLUTE
    ..\mesh\bootloader\src\dfu_mesh.c        0x00000000   Number         0  dfu_mesh.o ABSOLUTE
    ..\mesh\bootloader\src\dfu_transfer_mesh.c 0x00000000   Number         0  dfu_transfer_mesh.o ABSOLUTE
    ..\mesh\bootloader\src\dfu_util.c        0x00000000   Number         0  dfu_util.o ABSOLUTE
    ..\mesh\bootloader\src\fifo.c            0x00000000   Number         0  fifo.o ABSOLUTE
    ..\mesh\bootloader\src\main.c            0x00000000   Number         0  main.o ABSOLUTE
    ..\mesh\bootloader\src\mesh_packet.c     0x00000000   Number         0  mesh_packet.o ABSOLUTE
    ..\mesh\bootloader\src\nrf_flash.c       0x00000000   Number         0  nrf_flash.o ABSOLUTE
    ..\mesh\bootloader\src\radio_control.c   0x00000000   Number         0  radio_control.o ABSOLUTE
    ..\mesh\bootloader\src\rand.c            0x00000000   Number         0  rand.o ABSOLUTE
    ..\mesh\bootloader\src\transport.c       0x00000000   Number         0  transport.o ABSOLUTE
    ..\mesh\bootloader\src\uECC.c            0x00000000   Number         0  uECC.o ABSOLUTE
    C:\\m\\.venv\\common\\nRF5_SDK_15.2.0_9412b96\\components\\libraries\\sha256\\sha256.c 0x00000000   Number         0  sha256.o ABSOLUTE
    C:\\m\\.venv\\common\\nRF5_SDK_15.2.0_9412b96\\modules\\nrfx\\mdk\\arm_startup_nrf52.s 0x00000000   Number         0  arm_startup_nrf52.o ABSOLUTE
    C:\\m\\.venv\\common\\nRF5_SDK_15.2.0_9412b96\\modules\\nrfx\\mdk\\system_nrf52.c 0x00000000   Number         0  system_nrf52.o ABSOLUTE
    C:\m\.venv\common\nRF5_SDK_15.2.0_9412b96\components\libraries\sha256\sha256.c 0x00000000   Number         0  sha256.o ABSOLUTE
    C:\m\.venv\common\nRF5_SDK_15.2.0_9412b96\modules\nrfx\mdk\system_nrf52.c 0x00000000   Number         0  system_nrf52.o ABSOLUTE
    dc.s                                     0x00000000   Number         0  dc.o ABSOLUTE
    RESET                                    0x00078000   Section      512  arm_startup_nrf52.o(RESET)
    !!!main                                  0x00078200   Section        8  __main.o(!!!main)
    !!!scatter                               0x00078208   Section       52  __scatter.o(!!!scatter)
    !!handler_copy                           0x0007823c   Section       26  __scatter_copy.o(!!handler_copy)
    !!handler_zi                             0x00078258   Section       28  __scatter_zi.o(!!handler_zi)
    .ARM.Collect$$libinit$$00000000          0x00078274   Section        2  libinit.o(.ARM.Collect$$libinit$$00000000)
    .ARM.Collect$$libinit$$00000001          0x00078276   Section        4  libinit2.o(.ARM.Collect$$libinit$$00000001)
    .ARM.Collect$$libinit$$00000008          0x0007827a   Section        0  libinit2.o(.ARM.Collect$$libinit$$00000008)
    .ARM.Collect$$libinit$$0000000A          0x0007827a   Section        0  libinit2.o(.ARM.Collect$$libinit$$0000000A)
    .ARM.Collect$$libinit$$0000000C          0x0007827a   Section        0  libinit2.o(.ARM.Collect$$libinit$$0000000C)
    .ARM.Collect$$libinit$$0000000F          0x0007827a   Section        0  libinit2.o(.ARM.Collect$$libinit$$0000000F)
    .ARM.Collect$$libinit$$00000011          0x0007827a   Section        0  libinit2.o(.ARM.Collect$$libinit$$00000011)
    .ARM.Collect$$libinit$$00000013          0x0007827a   Section        0  libinit2.o(.ARM.Collect$$libinit$$00000013)
    .ARM.Collect$$libinit$$00000015          0x0007827a   Section        0  libinit2.o(.ARM.Collect$$libinit$$00000015)
    .ARM.Collect$$libinit$$00000017          0x0007827a   Section        0  libinit2.o(.ARM.Collect$$libinit$$00000017)
    .ARM.Collect$$libinit$$00000019          0x0007827a   Section        0  libinit2.o(.ARM.Collect$$libinit$$00000019)
    .ARM.Collect$$libinit$$0000001B          0x0007827a   Section        0  libinit2.o(.ARM.Collect$$libinit$$0000001B)
    .ARM.Collect$$libinit$$0000001D          0x0007827a   Section        0  libinit2.o(.ARM.Collect$$libinit$$0000001D)
    .ARM.Collect$$libinit$$0000001F          0x0007827a   Section        0  libinit2.o(.ARM.Collect$$libinit$$0000001F)
    .ARM.Collect$$libinit$$00000021          0x0007827a   Section        0  libinit2.o(.ARM.Collect$$libinit$$00000021)
    .ARM.Collect$$libinit$$00000023          0x0007827a   Section        0  libinit2.o(.ARM.Collect$$libinit$$00000023)
    .ARM.Collect$$libinit$$0000002A          0x0007827a   Section        0  libinit2.o(.ARM.Collect$$libinit$$0000002A)
    .ARM.Collect$$libinit$$0000002C          0x0007827a   Section        0  libinit2.o(.ARM.Collect$$libinit$$0000002C)
    .ARM.Collect$$libinit$$0000002E          0x0007827a   Section        0  libinit2.o(.ARM.Collect$$libinit$$0000002E)
    .ARM.Collect$$libinit$$00000030          0x0007827a   Section        0  libinit2.o(.ARM.Collect$$libinit$$00000030)
    .ARM.Collect$$libinit$$00000031          0x0007827a   Section        2  libinit2.o(.ARM.Collect$$libinit$$00000031)
    .ARM.Collect$$libshutdown$$00000000      0x0007827c   Section        2  libshutdown.o(.ARM.Collect$$libshutdown$$00000000)
    .ARM.Collect$$libshutdown$$00000003      0x0007827e   Section        0  libshutdown2.o(.ARM.Collect$$libshutdown$$00000003)
    .ARM.Collect$$libshutdown$$00000006      0x0007827e   Section        0  libshutdown2.o(.ARM.Collect$$libshutdown$$00000006)
    .ARM.Collect$$libshutdown$$00000009      0x0007827e   Section        0  libshutdown2.o(.ARM.Collect$$libshutdown$$00000009)
    .ARM.Collect$$libshutdown$$0000000B      0x0007827e   Section        0  libshutdown2.o(.ARM.Collect$$libshutdown$$0000000B)
    .ARM.Collect$$libshutdown$$0000000E      0x0007827e   Section        0  libshutdown2.o(.ARM.Collect$$libshutdown$$0000000E)
    .ARM.Collect$$libshutdown$$0000000F      0x0007827e   Section        2  libshutdown2.o(.ARM.Collect$$libshutdown$$0000000F)
    .ARM.Collect$$rtentry$$00000000          0x00078280   Section        0  rtentry.o(.ARM.Collect$$rtentry$$00000000)
    .ARM.Collect$$rtentry$$00000002          0x00078280   Section        0  rtentry2.o(.ARM.Collect$$rtentry$$00000002)
    .ARM.Collect$$rtentry$$00000004          0x00078280   Section        6  rtentry4.o(.ARM.Collect$$rtentry$$00000004)
    .ARM.Collect$$rtentry$$00000009          0x00078286   Section        0  rtentry2.o(.ARM.Collect$$rtentry$$00000009)
    .ARM.Collect$$rtentry$$0000000A          0x00078286   Section        4  rtentry2.o(.ARM.Collect$$rtentry$$0000000A)
    .ARM.Collect$$rtentry$$0000000C          0x0007828a   Section        0  rtentry2.o(.ARM.Collect$$rtentry$$0000000C)
    .ARM.Collect$$rtentry$$0000000D          0x0007828a   Section        8  rtentry2.o(.ARM.Collect$$rtentry$$0000000D)
    .ARM.Collect$$rtexit$$00000000           0x00078292   Section        2  rtexit.o(.ARM.Collect$$rtexit$$00000000)
    .ARM.Collect$$rtexit$$00000002           0x00078294   Section        0  rtexit2.o(.ARM.Collect$$rtexit$$00000002)
    .ARM.Collect$$rtexit$$00000003           0x00078294   Section        4  rtexit2.o(.ARM.Collect$$rtexit$$00000003)
    .ARM.Collect$$rtexit$$00000004           0x00078298   Section        6  rtexit2.o(.ARM.Collect$$rtexit$$00000004)
    .emb_text                                0x000782a0   Section       52  bootloader_util.o(.emb_text)
    $v0                                      0x000782a0   Number         0  bootloader_util.o(.emb_text)
    .text                                    0x000782d4   Section        0  bootloader.o(.text)
    rx_cb                                    0x000783bd   Thumb Code    48  bootloader.o(.text)
    bl_evt_handler                           0x00078465   Thumb Code   540  bootloader.o(.text)
    NVIC_SetPendingIRQ                       0x00078847   Thumb Code    22  bootloader.o(.text)
    set_timeout                              0x0007885d   Thumb Code    38  bootloader.o(.text)
    stop_timeout                             0x00078883   Thumb Code    18  bootloader.o(.text)
    .text                                    0x000788a0   Section        0  bootloader_app_bridge.o(.text)
    .text                                    0x00078ad8   Section        0  bootloader_info.o(.text)
    info_entry_get                           0x00078ad9   Thumb Code    68  bootloader_info.o(.text)
    free_write_buffer                        0x00078b1d   Thumb Code   114  bootloader_info.o(.text)
    place_head_after_entry                   0x00078b8f   Thumb Code    50  bootloader_info.o(.text)
    get_write_buffer                         0x00078bc1   Thumb Code   130  bootloader_info.o(.text)
    copy_page_write_meta                     0x00078c43   Thumb Code    28  bootloader_info.o(.text)
    copy_page_write_next_data                0x00078c5f   Thumb Code   106  bootloader_info.o(.text)
    copy_page                                0x00078cc9   Thumb Code    42  bootloader_info.o(.text)
    entry_header_invalidate                  0x00079001   Thumb Code    28  bootloader_info.o(.text)
    bootloader_info_header_get               0x0007901d   Thumb Code    26  bootloader_info.o(.text)
    bootloader_info_first_unused_get         0x00079037   Thumb Code    22  bootloader_info.o(.text)
    copy_page_on_flash_op_end                0x0007904d   Thumb Code    84  bootloader_info.o(.text)
    .text                                    0x000790ac   Section        0  bootloader_rtc.o(.text)
    .text                                    0x00079124   Section        0  bootloader_util.o(.text)
    .text                                    0x00079128   Section        0  dfu_bank.o(.text)
    flash_bank_entry_fw                      0x00079129   Thumb Code   326  dfu_bank.o(.text)
    flash_bank_entry                         0x0007926f   Thumb Code   330  dfu_bank.o(.text)
    .text                                    0x00079484   Section        0  dfu_mesh.o(.text)
    get_info_pointers                        0x00079485   Thumb Code    98  dfu_mesh.o(.text)
    segment_count_from_start_packet          0x000794e7   Thumb Code    48  dfu_mesh.o(.text)
    packet_tx_dynamic                        0x00079517   Thumb Code    64  dfu_mesh.o(.text)
    signature_check                          0x00079557   Thumb Code   148  dfu_mesh.o(.text)
    beacon_set                               0x000795eb   Thumb Code   226  dfu_mesh.o(.text)
    relay_packet                             0x000796cd   Thumb Code    44  dfu_mesh.o(.text)
    start_req                                0x000796f9   Thumb Code    66  dfu_mesh.o(.text)
    start_target                             0x0007973b   Thumb Code   434  dfu_mesh.o(.text)
    notify_state_packet                      0x000798ed   Thumb Code    56  dfu_mesh.o(.text)
    target_rx_start                          0x00079925   Thumb Code   276  dfu_mesh.o(.text)
    target_rx_data                           0x00079a39   Thumb Code   188  dfu_mesh.o(.text)
    handle_data_packet                       0x00079af5   Thumb Code   300  dfu_mesh.o(.text)
    handle_state_packet                      0x00079c21   Thumb Code   228  dfu_mesh.o(.text)
    handle_data_req_packet                   0x00079d05   Thumb Code   188  dfu_mesh.o(.text)
    state_beacon_type                        0x0007a14b   Thumb Code    28  dfu_mesh.o(.text)
    send_progress_event                      0x0007a167   Thumb Code    26  dfu_mesh.o(.text)
    send_bank_notifications                  0x0007a181   Thumb Code   122  dfu_mesh.o(.text)
    start_find_fwid                          0x0007a1fb   Thumb Code    26  dfu_mesh.o(.text)
    start_ready                              0x0007a215   Thumb Code    82  dfu_mesh.o(.text)
    request_missing_data                     0x0007a267   Thumb Code   138  dfu_mesh.o(.text)
    handle_fwid_packet                       0x0007a2f1   Thumb Code   162  dfu_mesh.o(.text)
    .text                                    0x0007a3a4   Section        0  dfu_transfer_mesh.o(.text)
    segment_is_missing                       0x0007a3a5   Thumb Code    52  dfu_transfer_mesh.o(.text)
    transfer_abort                           0x0007a667   Thumb Code    12  dfu_transfer_mesh.o(.text)
    .text                                    0x0007a678   Section        0  dfu_util.o(.text)
    .text                                    0x0007a944   Section        0  fifo.o(.text)
    .text                                    0x0007aa68   Section        0  main.o(.text)
    .text                                    0x0007ab00   Section        0  mesh_packet.o(.text)
    .text                                    0x0007ad88   Section        0  nrf_flash.o(.text)
    .text                                    0x0007ae58   Section        0  radio_control.o(.text)
    setup_event                              0x0007ae77   Thumb Code   162  radio_control.o(.text)
    NVIC_SetPendingIRQ                       0x0007b13b   Thumb Code    22  radio_control.o(.text)
    .text                                    0x0007b180   Section        0  rand.o(.text)
    .text                                    0x0007b210   Section        0  transport.o(.text)
    set_next_tx                              0x0007b211   Thumb Code   124  transport.o(.text)
    order_scan                               0x0007b28d   Thumb Code    52  transport.o(.text)
    radio_tx_cb                              0x0007b2c1   Thumb Code     4  transport.o(.text)
    radio_rx_cb                              0x0007b2c5   Thumb Code    38  transport.o(.text)
    radio_idle_cb                            0x0007b2eb   Thumb Code    12  transport.o(.text)
    order_next_rtc                           0x0007b2f7   Thumb Code    92  transport.o(.text)
    NVIC_EnableIRQ                           0x0007b5cb   Thumb Code    22  transport.o(.text)
    NVIC_DisableIRQ                          0x0007b5e1   Thumb Code    22  transport.o(.text)
    NVIC_SetPriority                         0x0007b5f7   Thumb Code    68  transport.o(.text)
    .text                                    0x0007b63c   Section        0  uECC.o(.text)
    vli_numBits                              0x0007b63d   Thumb Code    50  uECC.o(.text)
    vli_add                                  0x0007b66f   Thumb Code    50  uECC.o(.text)
    vli_sub                                  0x0007b6a1   Thumb Code    50  uECC.o(.text)
    muladd                                   0x0007b6d3   Thumb Code    42  uECC.o(.text)
    vli_mult                                 0x0007b6fd   Thumb Code   152  uECC.o(.text)
    vli_mmod_fast                            0x0007b795   Thumb Code   398  uECC.o(.text)
    vli_modInv                               0x0007b923   Thumb Code   286  uECC.o(.text)
    EccPoint_double_jacobian                 0x0007ba41   Thumb Code   284  uECC.o(.text)
    apply_z                                  0x0007bb5d   Thumb Code    52  uECC.o(.text)
    XYcZ_add                                 0x0007bb91   Thumb Code   166  uECC.o(.text)
    vli_modMult_n                            0x0007bc37   Thumb Code   166  uECC.o(.text)
    vli_clear                                0x0007bef9   Thumb Code    16  uECC.o(.text)
    vli_isZero                               0x0007bf09   Thumb Code    22  uECC.o(.text)
    vli_testBit                              0x0007bf1f   Thumb Code    18  uECC.o(.text)
    vli_set                                  0x0007bf31   Thumb Code    18  uECC.o(.text)
    vli_cmp                                  0x0007bf43   Thumb Code    38  uECC.o(.text)
    vli_rshift1                              0x0007bf69   Thumb Code    28  uECC.o(.text)
    vli_modAdd                               0x0007bf85   Thumb Code    40  uECC.o(.text)
    vli_modSub                               0x0007bfad   Thumb Code    30  uECC.o(.text)
    vli_modMult_fast                         0x0007bfcb   Thumb Code    24  uECC.o(.text)
    vli_bytesToNative                        0x0007bfe3   Thumb Code    36  uECC.o(.text)
    .text                                    0x0007c00c   Section        0  sha256.o(.text)
    .text                                    0x0007c2ec   Section        0  system_nrf52.o(.text)
    .text                                    0x0007c610   Section       64  arm_startup_nrf52.o(.text)
    $v0                                      0x0007c610   Number         0  arm_startup_nrf52.o(.text)
    .text                                    0x0007c650   Section      238  lludivv7m.o(.text)
    .text                                    0x0007c73e   Section       38  llshl.o(.text)
    .text                                    0x0007c764   Section        0  memcmp.o(.text)
    .text                                    0x0007c7bc   Section      138  rt_memcpy_v6.o(.text)
    .text                                    0x0007c846   Section      100  rt_memcpy_w.o(.text)
    .text                                    0x0007c8aa   Section       16  aeabi_memset.o(.text)
    .text                                    0x0007c8ba   Section       68  rt_memclr.o(.text)
    .text                                    0x0007c8fe   Section       78  rt_memclr_w.o(.text)
    .text                                    0x0007c94c   Section        0  heapauxi.o(.text)
    .text                                    0x0007c952   Section       74  sys_stackheap_outer.o(.text)
    .text                                    0x0007c99c   Section        0  exit.o(.text)
    .text                                    0x0007c9a8   Section        8  libspace.o(.text)
    .text                                    0x0007c9b0   Section        0  sys_exit.o(.text)
    .text                                    0x0007c9bc   Section        2  use_no_semi.o(.text)
    .text                                    0x0007c9be   Section        0  indicate_semi.o(.text)
    x$fpl$fpinit                             0x0007c9be   Section       10  fpinit.o(x$fpl$fpinit)
    $v0                                      0x0007c9be   Number         0  fpinit.o(x$fpl$fpinit)
    .constdata                               0x0007c9c8   Section       16  bootloader.o(.constdata)
    .constdata                               0x0007c9d8   Section       72  bootloader_app_bridge.o(.constdata)
    .constdata                               0x0007ca20   Section        4  bootloader_info.o(.constdata)
    m_invalid_header                         0x0007ca20   Data           4  bootloader_info.o(.constdata)
    .constdata                               0x0007ca24   Section        6  dfu_mesh.o(.constdata)
    .constdata                               0x0007ca2c   Section       12  radio_control.o(.constdata)
    .constdata                               0x0007ca38   Section      144  uECC.o(.constdata)
    curve_p                                  0x0007ca38   Data          32  uECC.o(.constdata)
    curve_G                                  0x0007ca58   Data          64  uECC.o(.constdata)
    curve_n                                  0x0007ca98   Data          32  uECC.o(.constdata)
    .constdata                               0x0007cac8   Section      256  sha256.o(.constdata)
    k                                        0x0007cac8   Data         256  sha256.o(.constdata)
    .ARM.__AT_0x10001014                     0x10001014   Section        4  main.o(.ARM.__AT_0x10001014)
    .ARM.__AT_0x10001018                     0x10001018   Section        4  main.o(.ARM.__AT_0x10001018)
    .data                                    0x20000004   Section        2  bootloader.o(.data)
    m_go_to_app                              0x20000004   Data           1  bootloader.o(.data)
    m_timeout_action                         0x20000005   Data           1  bootloader.o(.data)
    .data                                    0x20000008   Section        4  nrf_flash.o(.data)
    buffer                                   0x20000008   Data           4  nrf_flash.o(.data)
    .data                                    0x2000000c   Section       20  radio_control.o(.data)
    m_radio_state                            0x2000000c   Data           1  radio_control.o(.data)
    m_alt_aa                                 0x20000010   Data           4  radio_control.o(.data)
    m_idle_cb                                0x20000014   Data           4  radio_control.o(.data)
    m_rx_cb                                  0x20000018   Data           4  radio_control.o(.data)
    m_tx_cb                                  0x2000001c   Data           4  radio_control.o(.data)
    .data                                    0x20000020   Section       12  transport.o(.data)
    m_running                                0x20000020   Data           1  transport.o(.data)
    m_rx_cb                                  0x20000024   Data           4  transport.o(.data)
    m_ticks_at_order_time                    0x20000028   Data           4  transport.o(.data)
    .data                                    0x2000002c   Section        4  system_nrf52.o(.data)
    __tagsym$$used                           0x2000002c   Number         0  system_nrf52.o(.data)
    .bss                                     0x20000030   Section      176  bootloader.o(.bss)
    rsp_cmd                                  0x20000030   Data          24  bootloader.o(.bss)
    m_flash_fifo                             0x20000048   Data          24  bootloader.o(.bss)
    m_flash_fifo_buf                         0x20000060   Data         128  bootloader.o(.bss)
    .bss                                     0x200000e0   Section     1312  mesh_packet.o(.bss)
    g_packet_pool                            0x200000e0   Data        1280  mesh_packet.o(.bss)
    g_packet_refs                            0x200005e0   Data          32  mesh_packet.o(.bss)
    .bss                                     0x20000600   Section       88  radio_control.o(.bss)
    m_radio_fifo                             0x20000600   Data          24  radio_control.o(.bss)
    m_radio_fifo_queue                       0x20000618   Data          64  radio_control.o(.bss)
    .bss                                     0x20000658   Section      296  transport.o(.bss)
    m_tx                                     0x20000658   Data         128  transport.o(.bss)
    m_rx_fifo                                0x200006d8   Data          24  transport.o(.bss)
    m_rx_fifo_buf                            0x200006f0   Data         128  transport.o(.bss)
    m_prng                                   0x20000770   Data          16  transport.o(.bss)
    .bss                                     0x20000780   Section       96  libspace.o(.bss)
    HEAP                                     0x200007e0   Section     1024  arm_startup_nrf52.o(HEAP)
    Heap_Mem                                 0x200007e0   Data        1024  arm_startup_nrf52.o(HEAP)
    STACK                                    0x20000be0   Section     8192  arm_startup_nrf52.o(STACK)
    Stack_Mem                                0x20000be0   Data        8192  arm_startup_nrf52.o(STACK)
    __initial_sp                             0x20002be0   Data           0  arm_startup_nrf52.o(STACK)
    .data                                    0x2000fd00   Section        8  bootloader_app_bridge.o(.data)
    m_in_bl                                  0x2000fd00   Data           1  bootloader_app_bridge.o(.data)
    m_evt_handler                            0x2000fd04   Data           4  bootloader_app_bridge.o(.data)
    .data                                    0x2000fd08   Section       24  bootloader_info.o(.data)
    m_state                                  0x2000fd08   Data           1  bootloader_info.o(.data)
    m_write_in_progress                      0x2000fd09   Data           1  bootloader_info.o(.data)
    mp_bl_info_page                          0x2000fd0c   Data           4  bootloader_info.o(.data)
    mp_bl_info_bank_page                     0x2000fd10   Data           4  bootloader_info.o(.data)
    mp_info_entry_head                       0x2000fd14   Data           4  bootloader_info.o(.data)
    mp_info_entry_tail                       0x2000fd18   Data           4  bootloader_info.o(.data)
    mp_write_pos                             0x2000fd1c   Data           4  bootloader_info.o(.data)
    .data                                    0x2000fd20   Section        8  dfu_bank.o(.data)
    m_dfu_type                               0x2000fd20   Data           1  dfu_bank.o(.data)
    m_waiting_for_idle                       0x2000fd21   Data           1  dfu_bank.o(.data)
    mp_bank_entry                            0x2000fd24   Data           4  dfu_bank.o(.data)
    .data                                    0x2000fd28   Section        6  dfu_mesh.o(.data)
    m_state                                  0x2000fd28   Data           1  dfu_mesh.o(.data)
    tx_slot                                  0x2000fd29   Data           1  dfu_mesh.o(.data)
    m_req_index                              0x2000fd2a   Data           1  dfu_mesh.o(.data)
    m_tx_slots                               0x2000fd2b   Data           1  dfu_mesh.o(.data)
    m_data_req_segment                       0x2000fd2c   Data           2  dfu_mesh.o(.data)
    .data                                    0x2000fd30   Section        8  dfu_util.o(.data)
    m_tid_index                              0x2000fd30   Data           1  dfu_util.o(.data)
    m_packet_cache_index                     0x2000fd34   Data           4  dfu_util.o(.data)
    .bss                                     0x2000fd38   Section      156  bootloader_info.o(.bss)
    mp_info_entry_buffer                     0x2000fd38   Data         128  bootloader_info.o(.bss)
    m_info_copy                              0x2000fdb8   Data          28  bootloader_info.o(.bss)
    .bss                                     0x2000fdd4   Section      172  dfu_mesh.o(.bss)
    m_transaction                            0x2000fdd4   Data         116  dfu_mesh.o(.bss)
    m_bl_info_pointers                       0x2000fe48   Data          40  dfu_mesh.o(.bss)
    m_req_cache                              0x2000fe70   Data          16  dfu_mesh.o(.bss)
    .bss                                     0x2000fe80   Section       48  dfu_transfer_mesh.o(.bss)
    m_transfer                               0x2000fe80   Data          48  dfu_transfer_mesh.o(.bss)
    .bss                                     0x2000feb0   Section       96  dfu_util.o(.bss)
    m_tid_cache                              0x2000feb0   Data          32  dfu_util.o(.bss)
    m_packet_cache                           0x2000fed0   Data          64  dfu_util.o(.bss)

    Global Symbols

    Symbol Name                              Value     Ov Type        Size  Object(Section)

    BuildAttributes$$THM_ISAv4$E$P$D$K$B$S$7EM$VFPi3$EXTD16$VFPS$VFMA$PE$A:L22UL41UL21$X:L11$S22US41US21$IEEE1$IW$USESV6$~STKCKD$USESV7$~SHL$OSPACE$ROPI$EBA8$UX$STANDARDLIB$REQ8$PRES8$EABIv2 0x00000000   Number         0  anon$$obj.o ABSOLUTE
    __ARM_use_no_argv                        0x00000000   Number         0  main.o ABSOLUTE
    __ARM_exceptions_init                     - Undefined Weak Reference
    __alloca_initialize                       - Undefined Weak Reference
    __cpp_initialize__aeabi_                  - Undefined Weak Reference
    __cxa_finalize                            - Undefined Weak Reference
    __rt_locale                               - Undefined Weak Reference
    __sigvec_lookup                           - Undefined Weak Reference
    _atexit_init                              - Undefined Weak Reference
    _call_atexit_fns                          - Undefined Weak Reference
    _clock_init                               - Undefined Weak Reference
    _fp_trap_init                             - Undefined Weak Reference
    _fp_trap_shutdown                         - Undefined Weak Reference
    _get_lc_collate                           - Undefined Weak Reference
    _get_lc_ctype                             - Undefined Weak Reference
    _get_lc_monetary                          - Undefined Weak Reference
    _get_lc_numeric                           - Undefined Weak Reference
    _get_lc_time                              - Undefined Weak Reference
    _getenv_init                              - Undefined Weak Reference
    _handle_redirection                       - Undefined Weak Reference
    _init_alloc                               - Undefined Weak Reference
    _init_user_alloc                          - Undefined Weak Reference
    _initio                                   - Undefined Weak Reference
    _rand_init                                - Undefined Weak Reference
    _signal_finish                            - Undefined Weak Reference
    _signal_init                              - Undefined Weak Reference
    _terminate_alloc                          - Undefined Weak Reference
    _terminate_user_alloc                     - Undefined Weak Reference
    _terminateio                              - Undefined Weak Reference
    __Vectors_Size                           0x00000200   Number         0  arm_startup_nrf52.o ABSOLUTE
    __Vectors                                0x00078000   Data           4  arm_startup_nrf52.o(RESET)
    __Vectors_End                            0x00078200   Data           0  arm_startup_nrf52.o(RESET)
    __main                                   0x00078201   Thumb Code     8  __main.o(!!!main)
    __scatterload                            0x00078209   Thumb Code     0  __scatter.o(!!!scatter)
    __scatterload_rt2                        0x00078209   Thumb Code    44  __scatter.o(!!!scatter)
    __scatterload_rt2_thumb_only             0x00078209   Thumb Code     0  __scatter.o(!!!scatter)
    __scatterload_null                       0x00078217   Thumb Code     0  __scatter.o(!!!scatter)
    __scatterload_copy                       0x0007823d   Thumb Code    26  __scatter_copy.o(!!handler_copy)
    __scatterload_zeroinit                   0x00078259   Thumb Code    28  __scatter_zi.o(!!handler_zi)
    __rt_lib_init                            0x00078275   Thumb Code     0  libinit.o(.ARM.Collect$$libinit$$00000000)
    __rt_lib_init_fp_1                       0x00078277   Thumb Code     0  libinit2.o(.ARM.Collect$$libinit$$00000001)
    __rt_lib_init_alloca_1                   0x0007827b   Thumb Code     0  libinit2.o(.ARM.Collect$$libinit$$0000002C)
    __rt_lib_init_argv_1                     0x0007827b   Thumb Code     0  libinit2.o(.ARM.Collect$$libinit$$0000002A)
    __rt_lib_init_atexit_1                   0x0007827b   Thumb Code     0  libinit2.o(.ARM.Collect$$libinit$$00000019)
    __rt_lib_init_clock_1                    0x0007827b   Thumb Code     0  libinit2.o(.ARM.Collect$$libinit$$0000001F)
    __rt_lib_init_cpp_1                      0x0007827b   Thumb Code     0  libinit2.o(.ARM.Collect$$libinit$$00000030)
    __rt_lib_init_exceptions_1               0x0007827b   Thumb Code     0  libinit2.o(.ARM.Collect$$libinit$$0000002E)
    __rt_lib_init_fp_trap_1                  0x0007827b   Thumb Code     0  libinit2.o(.ARM.Collect$$libinit$$0000001D)
    __rt_lib_init_getenv_1                   0x0007827b   Thumb Code     0  libinit2.o(.ARM.Collect$$libinit$$00000021)
    __rt_lib_init_heap_1                     0x0007827b   Thumb Code     0  libinit2.o(.ARM.Collect$$libinit$$00000008)
    __rt_lib_init_lc_collate_1               0x0007827b   Thumb Code     0  libinit2.o(.ARM.Collect$$libinit$$0000000F)
    __rt_lib_init_lc_ctype_1                 0x0007827b   Thumb Code     0  libinit2.o(.ARM.Collect$$libinit$$00000011)
    __rt_lib_init_lc_monetary_1              0x0007827b   Thumb Code     0  libinit2.o(.ARM.Collect$$libinit$$00000013)
    __rt_lib_init_lc_numeric_1               0x0007827b   Thumb Code     0  libinit2.o(.ARM.Collect$$libinit$$00000015)
    __rt_lib_init_lc_time_1                  0x0007827b   Thumb Code     0  libinit2.o(.ARM.Collect$$libinit$$00000017)
    __rt_lib_init_rand_1                     0x0007827b   Thumb Code     0  libinit2.o(.ARM.Collect$$libinit$$0000000C)
    __rt_lib_init_return                     0x0007827b   Thumb Code     0  libinit2.o(.ARM.Collect$$libinit$$00000031)
    __rt_lib_init_signal_1                   0x0007827b   Thumb Code     0  libinit2.o(.ARM.Collect$$libinit$$0000001B)
    __rt_lib_init_stdio_1                    0x0007827b   Thumb Code     0  libinit2.o(.ARM.Collect$$libinit$$00000023)
    __rt_lib_init_user_alloc_1               0x0007827b   Thumb Code     0  libinit2.o(.ARM.Collect$$libinit$$0000000A)
    __rt_lib_shutdown                        0x0007827d   Thumb Code     0  libshutdown.o(.ARM.Collect$$libshutdown$$00000000)
    __rt_lib_shutdown_fp_trap_1              0x0007827f   Thumb Code     0  libshutdown2.o(.ARM.Collect$$libshutdown$$00000006)
    __rt_lib_shutdown_heap_1                 0x0007827f   Thumb Code     0  libshutdown2.o(.ARM.Collect$$libshutdown$$0000000E)
    __rt_lib_shutdown_return                 0x0007827f   Thumb Code     0  libshutdown2.o(.ARM.Collect$$libshutdown$$0000000F)
    __rt_lib_shutdown_signal_1               0x0007827f   Thumb Code     0  libshutdown2.o(.ARM.Collect$$libshutdown$$00000009)
    __rt_lib_shutdown_stdio_1                0x0007827f   Thumb Code     0  libshutdown2.o(.ARM.Collect$$libshutdown$$00000003)
    __rt_lib_shutdown_user_alloc_1           0x0007827f   Thumb Code     0  libshutdown2.o(.ARM.Collect$$libshutdown$$0000000B)
    __rt_entry                               0x00078281   Thumb Code     0  rtentry.o(.ARM.Collect$$rtentry$$00000000)
    __rt_entry_presh_1                       0x00078281   Thumb Code     0  rtentry2.o(.ARM.Collect$$rtentry$$00000002)
    __rt_entry_sh                            0x00078281   Thumb Code     0  rtentry4.o(.ARM.Collect$$rtentry$$00000004)
    __rt_entry_li                            0x00078287   Thumb Code     0  rtentry2.o(.ARM.Collect$$rtentry$$0000000A)
    __rt_entry_postsh_1                      0x00078287   Thumb Code     0  rtentry2.o(.ARM.Collect$$rtentry$$00000009)
    __rt_entry_main                          0x0007828b   Thumb Code     0  rtentry2.o(.ARM.Collect$$rtentry$$0000000D)
    __rt_entry_postli_1                      0x0007828b   Thumb Code     0  rtentry2.o(.ARM.Collect$$rtentry$$0000000C)
    __rt_exit                                0x00078293   Thumb Code     0  rtexit.o(.ARM.Collect$$rtexit$$00000000)
    __rt_exit_ls                             0x00078295   Thumb Code     0  rtexit2.o(.ARM.Collect$$rtexit$$00000003)
    __rt_exit_prels_1                        0x00078295   Thumb Code     0  rtexit2.o(.ARM.Collect$$rtexit$$00000002)
    __rt_exit_exit                           0x00078299   Thumb Code     0  rtexit2.o(.ARM.Collect$$rtexit$$00000004)
    __asm___17_bootloader_util_c_c13d365c__bootloader_util_reset 0x000782a1   Thumb Code    52  bootloader_util.o(.emb_text)
    SWI3_EGU3_IRQHandler                     0x000782d5   Thumb Code   232  bootloader.o(.text)
    bootloader_abort                         0x000783ed   Thumb Code   116  bootloader.o(.text)
    bootloader_cmd_send                      0x00078461   Thumb Code     4  bootloader.o(.text)
    bootloader_init                          0x00078681   Thumb Code   128  bootloader.o(.text)
    bootloader_enable                        0x00078701   Thumb Code   260  bootloader.o(.text)
    bootloader_timeout                       0x00078805   Thumb Code    66  bootloader.o(.text)
    bl_cmd_handler                           0x000788a1   Thumb Code   320  bootloader_app_bridge.o(.text)
    bootloader_app_bridge_init               0x000789e1   Thumb Code    30  bootloader_app_bridge.o(.text)
    bootloader_evt_send                      0x000789ff   Thumb Code    12  bootloader_app_bridge.o(.text)
    send_end_evt                             0x00078a0b   Thumb Code    24  bootloader_app_bridge.o(.text)
    flash_write                              0x00078a23   Thumb Code    36  bootloader_app_bridge.o(.text)
    flash_erase                              0x00078a47   Thumb Code    32  bootloader_app_bridge.o(.text)
    timer_set                                0x00078a67   Thumb Code    24  bootloader_app_bridge.o(.text)
    timer_abort                              0x00078a7f   Thumb Code    22  bootloader_app_bridge.o(.text)
    tx_abort                                 0x00078a95   Thumb Code    22  bootloader_app_bridge.o(.text)
    bootloader_error_post                    0x00078aab   Thumb Code    24  bootloader_app_bridge.o(.text)
    bootloader_is_in_application             0x00078ac3   Thumb Code    10  bootloader_app_bridge.o(.text)
    entry_invalidate                         0x00078cf3   Thumb Code    56  bootloader_info.o(.text)
    entry_write                              0x00078d2b   Thumb Code   104  bootloader_info.o(.text)
    bootloader_info_init                     0x00078d93   Thumb Code   126  bootloader_info.o(.text)
    bootloader_info_get                      0x00078e11   Thumb Code     6  bootloader_info.o(.text)
    bootloader_info_entry_get                0x00078e17   Thumb Code     8  bootloader_info.o(.text)
    bootloader_info_reset                    0x00078e1f   Thumb Code    46  bootloader_info.o(.text)
    bootloader_info_entry_put                0x00078e4d   Thumb Code   214  bootloader_info.o(.text)
    bootloader_info_entry_overwrite          0x00078f23   Thumb Code    44  bootloader_info.o(.text)
    bootloader_info_entry_invalidate         0x00078f4f   Thumb Code     8  bootloader_info.o(.text)
    bootloader_info_available                0x00078f57   Thumb Code    12  bootloader_info.o(.text)
    bootloader_info_stable                   0x00078f63   Thumb Code    20  bootloader_info.o(.text)
    bootloader_info_on_flash_op_end          0x00078f77   Thumb Code    88  bootloader_info.o(.text)
    bootloader_info_on_flash_idle            0x00078fcf   Thumb Code    50  bootloader_info.o(.text)
    RTC0_IRQHandler                          0x000790ad   Thumb Code    66  bootloader_rtc.o(.text)
    rtc_init                                 0x000790ef   Thumb Code    42  bootloader_rtc.o(.text)
    bootloader_util_app_start                0x00079125   Thumb Code     4  bootloader_util.o(.text)
    dfu_bank_scan                            0x000793b9   Thumb Code    60  dfu_bank.o(.text)
    dfu_bank_flash                           0x000793f5   Thumb Code    64  dfu_bank.o(.text)
    dfu_bank_is_available                    0x00079435   Thumb Code    24  dfu_bank.o(.text)
    dfu_bank_on_flash_idle                   0x0007944d   Thumb Code    22  dfu_bank.o(.text)
    dfu_bank_transfer_in_progress            0x00079463   Thumb Code    12  dfu_bank.o(.text)
    dfu_mesh_init                            0x00079dc1   Thumb Code    42  dfu_mesh.o(.text)
    dfu_mesh_start                           0x00079deb   Thumb Code    60  dfu_mesh.o(.text)
    dfu_mesh_req                             0x00079e27   Thumb Code    44  dfu_mesh.o(.text)
    dfu_mesh_relay                           0x00079e53   Thumb Code    54  dfu_mesh.o(.text)
    dfu_mesh_rx                              0x00079e89   Thumb Code   110  dfu_mesh.o(.text)
    dfu_mesh_finalize                        0x00079ef7   Thumb Code   304  dfu_mesh.o(.text)
    dfu_mesh_timeout                         0x0007a027   Thumb Code    76  dfu_mesh.o(.text)
    dfu_mesh_missing_type_get                0x0007a073   Thumb Code    76  dfu_mesh.o(.text)
    dfu_mesh_app_is_valid                    0x0007a0bf   Thumb Code    62  dfu_mesh.o(.text)
    dfu_mesh_restart                         0x0007a0fd   Thumb Code     4  dfu_mesh.o(.text)
    dfu_mesh_on_flash_idle                   0x0007a101   Thumb Code    74  dfu_mesh.o(.text)
    dfu_transfer_init                        0x0007a3d9   Thumb Code    20  dfu_transfer_mesh.o(.text)
    dfu_transfer_start                       0x0007a3ed   Thumb Code   108  dfu_transfer_mesh.o(.text)
    dfu_transfer_data                        0x0007a459   Thumb Code   280  dfu_transfer_mesh.o(.text)
    dfu_transfer_has_entry                   0x0007a571   Thumb Code   100  dfu_transfer_mesh.o(.text)
    dfu_transfer_get_oldest_missing_entry    0x0007a5d5   Thumb Code   102  dfu_transfer_mesh.o(.text)
    dfu_transfer_sha256                      0x0007a63b   Thumb Code    24  dfu_transfer_mesh.o(.text)
    dfu_transfer_end                         0x0007a653   Thumb Code     2  dfu_transfer_mesh.o(.text)
    dfu_transfer_flash_write_complete        0x0007a655   Thumb Code    18  dfu_transfer_mesh.o(.text)
    fwid_union_cpy                           0x0007a679   Thumb Code    32  dfu_util.o(.text)
    fwid_union_cmp                           0x0007a699   Thumb Code    40  dfu_util.o(.text)
    fwid_union_id_cmp                        0x0007a6c1   Thumb Code    48  dfu_util.o(.text)
    fwid_union_version_cmp                   0x0007a6f1   Thumb Code    40  dfu_util.o(.text)
    tid_cache_has_entry                      0x0007a719   Thumb Code    26  dfu_util.o(.text)
    ready_packet_matches_our_req             0x0007a733   Thumb Code    66  dfu_util.o(.text)
    addr_from_seg                            0x0007a775   Thumb Code    20  dfu_util.o(.text)
    is_upgrade                               0x0007a789   Thumb Code   120  dfu_util.o(.text)
    app_is_newer                             0x0007a801   Thumb Code    46  dfu_util.o(.text)
    bootloader_is_newer                      0x0007a82f   Thumb Code    36  dfu_util.o(.text)
    fw_is_verified                           0x0007a853   Thumb Code    32  dfu_util.o(.text)
    tid_cache_entry_put                      0x0007a873   Thumb Code    22  dfu_util.o(.text)
    packet_in_cache                          0x0007a889   Thumb Code    44  dfu_util.o(.text)
    packet_cache_put                         0x0007a8b5   Thumb Code    34  dfu_util.o(.text)
    packet_cache_flush                       0x0007a8d7   Thumb Code    20  dfu_util.o(.text)
    section_overlap                          0x0007a8eb   Thumb Code    28  dfu_util.o(.text)
    interrupts_disable                       0x0007a907   Thumb Code    52  dfu_util.o(.text)
    fifo_init                                0x0007a945   Thumb Code    28  fifo.o(.text)
    fifo_push                                0x0007a961   Thumb Code    80  fifo.o(.text)
    fifo_pop                                 0x0007a9b1   Thumb Code    76  fifo.o(.text)
    fifo_get_len                             0x0007a9fd   Thumb Code     8  fifo.o(.text)
    fifo_peek_at                             0x0007aa05   Thumb Code    72  fifo.o(.text)
    fifo_peek                                0x0007aa4d   Thumb Code     4  fifo.o(.text)
    fifo_flush                               0x0007aa51   Thumb Code     6  fifo.o(.text)
    fifo_is_empty                            0x0007aa57   Thumb Code    16  fifo.o(.text)
    app_error_handler_bare                   0x0007aa69   Thumb Code     6  main.o(.text)
    app_error_handler                        0x0007aa6f   Thumb Code     6  main.o(.text)
    HardFault_Handler                        0x0007aa75   Thumb Code     6  main.o(.text)
    main                                     0x0007aa7b   Thumb Code   120  main.o(.text)
    mesh_packet_init                         0x0007ab01   Thumb Code    16  mesh_packet.o(.text)
    mesh_packet_acquire                      0x0007ab11   Thumb Code    60  mesh_packet.o(.text)
    mesh_packet_get_aligned                  0x0007ab4d   Thumb Code    28  mesh_packet.o(.text)
    mesh_packet_ref_count_inc                0x0007ab69   Thumb Code    60  mesh_packet.o(.text)
    mesh_packet_ref_count_dec                0x0007aba5   Thumb Code    66  mesh_packet.o(.text)
    mesh_packet_ref_count_get                0x0007abe7   Thumb Code    24  mesh_packet.o(.text)
    mesh_packet_set_local_addr               0x0007abff   Thumb Code    34  mesh_packet.o(.text)
    mesh_packet_build                        0x0007ac21   Thumb Code    94  mesh_packet.o(.text)
    mesh_packet_adv_data_get                 0x0007ac7f   Thumb Code    76  mesh_packet.o(.text)
    mesh_packet_adv_data_sanitize            0x0007accb   Thumb Code    56  mesh_packet.o(.text)
    mesh_packet_handle_get                   0x0007ad03   Thumb Code    18  mesh_packet.o(.text)
    mesh_packet_has_additional_data          0x0007ad15   Thumb Code    50  mesh_packet.o(.text)
    mesh_packet_take_ownership               0x0007ad47   Thumb Code    24  mesh_packet.o(.text)
    mesh_packet_get_start_pointer            0x0007ad5f   Thumb Code    28  mesh_packet.o(.text)
    nrf_flash_erase                          0x0007ad89   Thumb Code    88  nrf_flash.o(.text)
    nrf_flash_store                          0x0007ade1   Thumb Code   108  nrf_flash.o(.text)
    radio_disable                            0x0007ae59   Thumb Code    30  radio_control.o(.text)
    radio_init                               0x0007af19   Thumb Code   244  radio_control.o(.text)
    radio_alt_aa_set                         0x0007b00d   Thumb Code     6  radio_control.o(.text)
    radio_order                              0x0007b013   Thumb Code    68  radio_control.o(.text)
    radio_event_handler                      0x0007b057   Thumb Code   228  radio_control.o(.text)
    rand_prng_get                            0x0007b181   Thumb Code    36  rand.o(.text)
    rand_hw_rng_get                          0x0007b1a5   Thumb Code    44  rand.o(.text)
    rand_prng_seed                           0x0007b1d1   Thumb Code    50  rand.o(.text)
    transport_start                          0x0007b353   Thumb Code    16  transport.o(.text)
    SWI0_EGU0_IRQHandler                     0x0007b363   Thumb Code    64  transport.o(.text)
    RADIO_IRQHandler                         0x0007b3a3   Thumb Code     4  transport.o(.text)
    timeslot_is_in_ts                        0x0007b3a7   Thumb Code     4  transport.o(.text)
    transport_init                           0x0007b3ab   Thumb Code    96  transport.o(.text)
    transport_tx                             0x0007b40b   Thumb Code    96  transport.o(.text)
    transport_tx_reset                       0x0007b46b   Thumb Code    34  transport.o(.text)
    transport_tx_skip                        0x0007b48d   Thumb Code    36  transport.o(.text)
    transport_tx_abort                       0x0007b4b1   Thumb Code    50  transport.o(.text)
    transport_rtc_irq_handler                0x0007b4e3   Thumb Code   178  transport.o(.text)
    transport_tx_evt_set                     0x0007b595   Thumb Code    24  transport.o(.text)
    transport_tx_evt_get                     0x0007b5ad   Thumb Code    30  transport.o(.text)
    uECC_verify                              0x0007bcdd   Thumb Code   540  uECC.o(.text)
    sha256_transform                         0x0007c00d   Thumb Code   294  sha256.o(.text)
    sha256_init                              0x0007c133   Thumb Code    50  sha256.o(.text)
    sha256_update                            0x0007c165   Thumb Code    84  sha256.o(.text)
    sha256_final                             0x0007c1b9   Thumb Code   272  sha256.o(.text)
    SystemCoreClockUpdate                    0x0007c2ed   Thumb Code     8  system_nrf52.o(.text)
    SystemInit                               0x0007c2f5   Thumb Code   726  system_nrf52.o(.text)
    Reset_Handler                            0x0007c611   Thumb Code     8  arm_startup_nrf52.o(.text)
    NMI_Handler                              0x0007c619   Thumb Code     2  arm_startup_nrf52.o(.text)
    MemoryManagement_Handler                 0x0007c61d   Thumb Code     2  arm_startup_nrf52.o(.text)
    BusFault_Handler                         0x0007c61f   Thumb Code     2  arm_startup_nrf52.o(.text)
    UsageFault_Handler                       0x0007c621   Thumb Code     2  arm_startup_nrf52.o(.text)
    SVC_Handler                              0x0007c623   Thumb Code     2  arm_startup_nrf52.o(.text)
    DebugMon_Handler                         0x0007c625   Thumb Code     2  arm_startup_nrf52.o(.text)
    PendSV_Handler                           0x0007c627   Thumb Code     2  arm_startup_nrf52.o(.text)
    SysTick_Handler                          0x0007c629   Thumb Code     2  arm_startup_nrf52.o(.text)
    CCM_AAR_IRQHandler                       0x0007c62b   Thumb Code     0  arm_startup_nrf52.o(.text)
    COMP_LPCOMP_IRQHandler                   0x0007c62b   Thumb Code     0  arm_startup_nrf52.o(.text)
    ECB_IRQHandler                           0x0007c62b   Thumb Code     0  arm_startup_nrf52.o(.text)
    FPU_IRQHandler                           0x0007c62b   Thumb Code     0  arm_startup_nrf52.o(.text)
    GPIOTE_IRQHandler                        0x0007c62b   Thumb Code     0  arm_startup_nrf52.o(.text)
    I2S_IRQHandler                           0x0007c62b   Thumb Code     0  arm_startup_nrf52.o(.text)
    MWU_IRQHandler                           0x0007c62b   Thumb Code     0  arm_startup_nrf52.o(.text)
    NFCT_IRQHandler                          0x0007c62b   Thumb Code     0  arm_startup_nrf52.o(.text)
    PDM_IRQHandler                           0x0007c62b   Thumb Code     0  arm_startup_nrf52.o(.text)
    POWER_CLOCK_IRQHandler                   0x0007c62b   Thumb Code     0  arm_startup_nrf52.o(.text)
    PWM0_IRQHandler                          0x0007c62b   Thumb Code     0  arm_startup_nrf52.o(.text)
    PWM1_IRQHandler                          0x0007c62b   Thumb Code     0  arm_startup_nrf52.o(.text)
    PWM2_IRQHandler                          0x0007c62b   Thumb Code     0  arm_startup_nrf52.o(.text)
    QDEC_IRQHandler                          0x0007c62b   Thumb Code     0  arm_startup_nrf52.o(.text)
    RNG_IRQHandler                           0x0007c62b   Thumb Code     0  arm_startup_nrf52.o(.text)
    RTC1_IRQHandler                          0x0007c62b   Thumb Code     0  arm_startup_nrf52.o(.text)
    RTC2_IRQHandler                          0x0007c62b   Thumb Code     0  arm_startup_nrf52.o(.text)
    SAADC_IRQHandler                         0x0007c62b   Thumb Code     0  arm_startup_nrf52.o(.text)
    SPIM0_SPIS0_TWIM0_TWIS0_SPI0_TWI0_IRQHandler 0x0007c62b   Thumb Code     0  arm_startup_nrf52.o(.text)
    SPIM1_SPIS1_TWIM1_TWIS1_SPI1_TWI1_IRQHandler 0x0007c62b   Thumb Code     0  arm_startup_nrf52.o(.text)
    SPIM2_SPIS2_SPI2_IRQHandler              0x0007c62b   Thumb Code     0  arm_startup_nrf52.o(.text)
    SWI1_EGU1_IRQHandler                     0x0007c62b   Thumb Code     0  arm_startup_nrf52.o(.text)
    SWI2_EGU2_IRQHandler                     0x0007c62b   Thumb Code     0  arm_startup_nrf52.o(.text)
    SWI4_EGU4_IRQHandler                     0x0007c62b   Thumb Code     0  arm_startup_nrf52.o(.text)
    SWI5_EGU5_IRQHandler                     0x0007c62b   Thumb Code     0  arm_startup_nrf52.o(.text)
    TEMP_IRQHandler                          0x0007c62b   Thumb Code     0  arm_startup_nrf52.o(.text)
    TIMER0_IRQHandler                        0x0007c62b   Thumb Code     0  arm_startup_nrf52.o(.text)
    TIMER1_IRQHandler                        0x0007c62b   Thumb Code     0  arm_startup_nrf52.o(.text)
    TIMER2_IRQHandler                        0x0007c62b   Thumb Code     0  arm_startup_nrf52.o(.text)
    TIMER3_IRQHandler                        0x0007c62b   Thumb Code     0  arm_startup_nrf52.o(.text)
    TIMER4_IRQHandler                        0x0007c62b   Thumb Code     0  arm_startup_nrf52.o(.text)
    UARTE0_UART0_IRQHandler                  0x0007c62b   Thumb Code     0  arm_startup_nrf52.o(.text)
    WDT_IRQHandler                           0x0007c62b   Thumb Code     0  arm_startup_nrf52.o(.text)
    __user_initial_stackheap                 0x0007c62d   Thumb Code    10  arm_startup_nrf52.o(.text)
    __aeabi_uldivmod                         0x0007c651   Thumb Code     0  lludivv7m.o(.text)
    _ll_udiv                                 0x0007c651   Thumb Code   238  lludivv7m.o(.text)
    __aeabi_llsl                             0x0007c73f   Thumb Code     0  llshl.o(.text)
    _ll_shift_l                              0x0007c73f   Thumb Code    38  llshl.o(.text)
    memcmp                                   0x0007c765   Thumb Code    88  memcmp.o(.text)
    __aeabi_memcpy                           0x0007c7bd   Thumb Code     0  rt_memcpy_v6.o(.text)
    __rt_memcpy                              0x0007c7bd   Thumb Code   138  rt_memcpy_v6.o(.text)
    _memcpy_lastbytes                        0x0007c823   Thumb Code     0  rt_memcpy_v6.o(.text)
    __aeabi_memcpy4                          0x0007c847   Thumb Code     0  rt_memcpy_w.o(.text)
    __aeabi_memcpy8                          0x0007c847   Thumb Code     0  rt_memcpy_w.o(.text)
    __rt_memcpy_w                            0x0007c847   Thumb Code   100  rt_memcpy_w.o(.text)
    _memcpy_lastbytes_aligned                0x0007c88f   Thumb Code     0  rt_memcpy_w.o(.text)
    __aeabi_memset                           0x0007c8ab   Thumb Code    16  aeabi_memset.o(.text)
    __aeabi_memclr                           0x0007c8bb   Thumb Code     0  rt_memclr.o(.text)
    __rt_memclr                              0x0007c8bb   Thumb Code    68  rt_memclr.o(.text)
    _memset                                  0x0007c8bf   Thumb Code     0  rt_memclr.o(.text)
    __aeabi_memclr4                          0x0007c8ff   Thumb Code     0  rt_memclr_w.o(.text)
    __aeabi_memclr8                          0x0007c8ff   Thumb Code     0  rt_memclr_w.o(.text)
    __rt_memclr_w                            0x0007c8ff   Thumb Code    78  rt_memclr_w.o(.text)
    _memset_w                                0x0007c903   Thumb Code     0  rt_memclr_w.o(.text)
    __use_two_region_memory                  0x0007c94d   Thumb Code     2  heapauxi.o(.text)
    __rt_heap_escrow$2region                 0x0007c94f   Thumb Code     2  heapauxi.o(.text)
    __rt_heap_expand$2region                 0x0007c951   Thumb Code     2  heapauxi.o(.text)
    __user_setup_stackheap                   0x0007c953   Thumb Code    74  sys_stackheap_outer.o(.text)
    exit                                     0x0007c99d   Thumb Code    12  exit.o(.text)
    __user_libspace                          0x0007c9a9   Thumb Code     8  libspace.o(.text)
    __user_perproc_libspace                  0x0007c9a9   Thumb Code     0  libspace.o(.text)
    __user_perthread_libspace                0x0007c9a9   Thumb Code     0  libspace.o(.text)
    _sys_exit                                0x0007c9b1   Thumb Code     8  sys_exit.o(.text)
    __I$use$semihosting                      0x0007c9bd   Thumb Code     0  use_no_semi.o(.text)
    __use_no_semihosting_swi                 0x0007c9bd   Thumb Code     2  use_no_semi.o(.text)
    __semihosting_library_function           0x0007c9bf   Thumb Code     0  indicate_semi.o(.text)
    _fp_init                                 0x0007c9bf   Thumb Code    10  fpinit.o(x$fpl$fpinit)
    __fplib_config_fpu_vfp                   0x0007c9c7   Thumb Code     0  fpinit.o(x$fpl$fpinit)
    __fplib_config_pureend_doubles           0x0007c9c7   Thumb Code     0  fpinit.o(x$fpl$fpinit)
    Region$$Table$$Base                      0x0007cbc8   Number         0  anon$$obj.o(Region$$Table)
    Region$$Table$$Limit                     0x0007cc08   Number         0  anon$$obj.o(Region$$Table)
    m_uicr_bootloader_start_address          0x10001014   Data           4  main.o(.ARM.__AT_0x10001014)
    m_uicr_bootloader_mbrparam_address       0x10001018   Data           4  main.o(.ARM.__AT_0x10001018)
    m_tx_evt_bitfield                        0x20000022   Data           2  transport.o(.data)
    SystemCoreClock                          0x2000002c   Data           4  system_nrf52.o(.data)
    __libspace_start                         0x20000780   Data          96  libspace.o(.bss)
    __temporary_stack_top$libspace           0x200007e0   Data           0  libspace.o(.bss)



==============================================================================

Memory Map of the image

  Image Entry point : 0x00078201

  Load Region LR_IROM1 (Base: 0x00078000, Size: 0x00004c6c, Max: 0x00006000, ABSOLUTE)

    Execution Region ER_IROM1 (Base: 0x00078000, Size: 0x00004c08, Max: 0x00006000, ABSOLUTE)

    Base Addr    Size         Type   Attr      Idx    E Section Name        Object

    0x00078000   0x00000200   Data   RO          858    RESET               arm_startup_nrf52.o
    0x00078200   0x00000008   Code   RO          881  * !!!main             c_w.l(__main.o)
    0x00078208   0x00000034   Code   RO         1045    !!!scatter          c_w.l(__scatter.o)
    0x0007823c   0x0000001a   Code   RO         1047    !!handler_copy      c_w.l(__scatter_copy.o)
    0x00078256   0x00000002   PAD
    0x00078258   0x0000001c   Code   RO         1049    !!handler_zi        c_w.l(__scatter_zi.o)
    0x00078274   0x00000002   Code   RO          918    .ARM.Collect$$libinit$$00000000  c_w.l(libinit.o)
    0x00078276   0x00000004   Code   RO          930    .ARM.Collect$$libinit$$00000001  c_w.l(libinit2.o)
    0x0007827a   0x00000000   Code   RO          934    .ARM.Collect$$libinit$$00000008  c_w.l(libinit2.o)
    0x0007827a   0x00000000   Code   RO          936    .ARM.Collect$$libinit$$0000000A  c_w.l(libinit2.o)
    0x0007827a   0x00000000   Code   RO          938    .ARM.Collect$$libinit$$0000000C  c_w.l(libinit2.o)
    0x0007827a   0x00000000   Code   RO          941    .ARM.Collect$$libinit$$0000000F  c_w.l(libinit2.o)
    0x0007827a   0x00000000   Code   RO          943    .ARM.Collect$$libinit$$00000011  c_w.l(libinit2.o)
    0x0007827a   0x00000000   Code   RO          945    .ARM.Collect$$libinit$$00000013  c_w.l(libinit2.o)
    0x0007827a   0x00000000   Code   RO          947    .ARM.Collect$$libinit$$00000015  c_w.l(libinit2.o)
    0x0007827a   0x00000000   Code   RO          949    .ARM.Collect$$libinit$$00000017  c_w.l(libinit2.o)
    0x0007827a   0x00000000   Code   RO          951    .ARM.Collect$$libinit$$00000019  c_w.l(libinit2.o)
    0x0007827a   0x00000000   Code   RO          953    .ARM.Collect$$libinit$$0000001B  c_w.l(libinit2.o)
    0x0007827a   0x00000000   Code   RO          955    .ARM.Collect$$libinit$$0000001D  c_w.l(libinit2.o)
    0x0007827a   0x00000000   Code   RO          957    .ARM.Collect$$libinit$$0000001F  c_w.l(libinit2.o)
    0x0007827a   0x00000000   Code   RO          959    .ARM.Collect$$libinit$$00000021  c_w.l(libinit2.o)
    0x0007827a   0x00000000   Code   RO          961    .ARM.Collect$$libinit$$00000023  c_w.l(libinit2.o)
    0x0007827a   0x00000000   Code   RO          965    .ARM.Collect$$libinit$$0000002A  c_w.l(libinit2.o)
    0x0007827a   0x00000000   Code   RO          967    .ARM.Collect$$libinit$$0000002C  c_w.l(libinit2.o)
    0x0007827a   0x00000000   Code   RO          969    .ARM.Collect$$libinit$$0000002E  c_w.l(libinit2.o)
    0x0007827a   0x00000000   Code   RO          971    .ARM.Collect$$libinit$$00000030  c_w.l(libinit2.o)
    0x0007827a   0x00000002   Code   RO          972    .ARM.Collect$$libinit$$00000031  c_w.l(libinit2.o)
    0x0007827c   0x00000002   Code   RO         1003    .ARM.Collect$$libshutdown$$00000000  c_w.l(libshutdown.o)
    0x0007827e   0x00000000   Code   RO         1030    .ARM.Collect$$libshutdown$$00000003  c_w.l(libshutdown2.o)
    0x0007827e   0x00000000   Code   RO         1033    .ARM.Collect$$libshutdown$$00000006  c_w.l(libshutdown2.o)
    0x0007827e   0x00000000   Code   RO         1036    .ARM.Collect$$libshutdown$$00000009  c_w.l(libshutdown2.o)
    0x0007827e   0x00000000   Code   RO         1038    .ARM.Collect$$libshutdown$$0000000B  c_w.l(libshutdown2.o)
    0x0007827e   0x00000000   Code   RO         1041    .ARM.Collect$$libshutdown$$0000000E  c_w.l(libshutdown2.o)
    0x0007827e   0x00000002   Code   RO         1042    .ARM.Collect$$libshutdown$$0000000F  c_w.l(libshutdown2.o)
    0x00078280   0x00000000   Code   RO          883    .ARM.Collect$$rtentry$$00000000  c_w.l(rtentry.o)
    0x00078280   0x00000000   Code   RO          889    .ARM.Collect$$rtentry$$00000002  c_w.l(rtentry2.o)
    0x00078280   0x00000006   Code   RO          901    .ARM.Collect$$rtentry$$00000004  c_w.l(rtentry4.o)
    0x00078286   0x00000000   Code   RO          891    .ARM.Collect$$rtentry$$00000009  c_w.l(rtentry2.o)
    0x00078286   0x00000004   Code   RO          892    .ARM.Collect$$rtentry$$0000000A  c_w.l(rtentry2.o)
    0x0007828a   0x00000000   Code   RO          894    .ARM.Collect$$rtentry$$0000000C  c_w.l(rtentry2.o)
    0x0007828a   0x00000008   Code   RO          895    .ARM.Collect$$rtentry$$0000000D  c_w.l(rtentry2.o)
    0x00078292   0x00000002   Code   RO          922    .ARM.Collect$$rtexit$$00000000  c_w.l(rtexit.o)
    0x00078294   0x00000000   Code   RO          976    .ARM.Collect$$rtexit$$00000002  c_w.l(rtexit2.o)
    0x00078294   0x00000004   Code   RO          977    .ARM.Collect$$rtexit$$00000003  c_w.l(rtexit2.o)
    0x00078298   0x00000006   Code   RO          978    .ARM.Collect$$rtexit$$00000004  c_w.l(rtexit2.o)
    0x0007829e   0x00000002   PAD
    0x000782a0   0x00000034   Code   RO          388    .emb_text           bootloader_util.o
    0x000782d4   0x000005cc   Code   RO            4    .text               bootloader.o
    0x000788a0   0x00000238   Code   RO          286    .text               bootloader_app_bridge.o
    0x00078ad8   0x000005d4   Code   RO          327    .text               bootloader_info.o
    0x000790ac   0x00000078   Code   RO          363    .text               bootloader_rtc.o
    0x00079124   0x00000004   Code   RO          389    .text               bootloader_util.o
    0x00079128   0x0000035c   Code   RO          407    .text               dfu_bank.o
    0x00079484   0x00000f20   Code   RO          441    .text               dfu_mesh.o
    0x0007a3a4   0x000002d4   Code   RO          473    .text               dfu_transfer_mesh.o
    0x0007a678   0x000002cc   Code   RO          500    .text               dfu_util.o
    0x0007a944   0x00000122   Code   RO          532    .text               fifo.o
    0x0007aa66   0x00000002   PAD
    0x0007aa68   0x00000098   Code   RO          570    .text               main.o
    0x0007ab00   0x00000288   Code   RO          603    .text               mesh_packet.o
    0x0007ad88   0x000000d0   Code   RO          630    .text               nrf_flash.o
    0x0007ae58   0x00000328   Code   RO          655    .text               radio_control.o
    0x0007b180   0x00000090   Code   RO          697    .text               rand.o
    0x0007b210   0x0000042a   Code   RO          724    .text               transport.o
    0x0007b63a   0x00000002   PAD
    0x0007b63c   0x000009d0   Code   RO          764    .text               uECC.o
    0x0007c00c   0x000002e0   Code   RO          781    .text               sha256.o
    0x0007c2ec   0x00000324   Code   RO          828    .text               system_nrf52.o
    0x0007c610   0x00000040   Code   RO          859    .text               arm_startup_nrf52.o
    0x0007c650   0x000000ee   Code   RO          863    .text               c_w.l(lludivv7m.o)
    0x0007c73e   0x00000026   Code   RO          865    .text               c_w.l(llshl.o)
    0x0007c764   0x00000058   Code   RO          867    .text               c_w.l(memcmp.o)
    0x0007c7bc   0x0000008a   Code   RO          869    .text               c_w.l(rt_memcpy_v6.o)
    0x0007c846   0x00000064   Code   RO          871    .text               c_w.l(rt_memcpy_w.o)
    0x0007c8aa   0x00000010   Code   RO          873    .text               c_w.l(aeabi_memset.o)
    0x0007c8ba   0x00000044   Code   RO          875    .text               c_w.l(rt_memclr.o)
    0x0007c8fe   0x0000004e   Code   RO          877    .text               c_w.l(rt_memclr_w.o)
    0x0007c94c   0x00000006   Code   RO          879    .text               c_w.l(heapauxi.o)
    0x0007c952   0x0000004a   Code   RO          905    .text               c_w.l(sys_stackheap_outer.o)
    0x0007c99c   0x0000000c   Code   RO          907    .text               c_w.l(exit.o)
    0x0007c9a8   0x00000008   Code   RO          919    .text               c_w.l(libspace.o)
    0x0007c9b0   0x0000000c   Code   RO          973    .text               c_w.l(sys_exit.o)
    0x0007c9bc   0x00000002   Code   RO          992    .text               c_w.l(use_no_semi.o)
    0x0007c9be   0x00000000   Code   RO          994    .text               c_w.l(indicate_semi.o)
    0x0007c9be   0x0000000a   Code   RO          988    x$fpl$fpinit        fz_wm.l(fpinit.o)
    0x0007c9c8   0x00000010   Data   RO            6    .constdata          bootloader.o
    0x0007c9d8   0x00000048   Data   RO          287    .constdata          bootloader_app_bridge.o
    0x0007ca20   0x00000004   Data   RO          329    .constdata          bootloader_info.o
    0x0007ca24   0x00000006   Data   RO          443    .constdata          dfu_mesh.o
    0x0007ca2a   0x00000002   PAD
    0x0007ca2c   0x0000000c   Data   RO          657    .constdata          radio_control.o
    0x0007ca38   0x00000090   Data   RO          765    .constdata          uECC.o
    0x0007cac8   0x00000100   Data   RO          782    .constdata          sha256.o
    0x0007cbc8   0x00000040   Data   RO         1043    Region$$Table       anon$$obj.o


    Execution Region RW_IRAM1 (Base: 0x20000004, Size: 0x00002bdc, Max: 0x0000fcfc, ABSOLUTE)

    Base Addr    Size         Type   Attr      Idx    E Section Name        Object

    0x20000004   0x00000002   Data   RW            7    .data               bootloader.o
    0x20000006   0x00000002   PAD
    0x20000008   0x00000004   Data   RW          631    .data               nrf_flash.o
    0x2000000c   0x00000014   Data   RW          658    .data               radio_control.o
    0x20000020   0x0000000c   Data   RW          726    .data               transport.o
    0x2000002c   0x00000004   Data   RW          829    .data               system_nrf52.o
    0x20000030   0x000000b0   Zero   RW            5    .bss                bootloader.o
    0x200000e0   0x00000520   Zero   RW          604    .bss                mesh_packet.o
    0x20000600   0x00000058   Zero   RW          656    .bss                radio_control.o
    0x20000658   0x00000128   Zero   RW          725    .bss                transport.o
    0x20000780   0x00000060   Zero   RW          920    .bss                c_w.l(libspace.o)
    0x200007e0   0x00000400   Zero   RW          857    HEAP                arm_startup_nrf52.o
    0x20000be0   0x00002000   Zero   RW          856    STACK               arm_startup_nrf52.o


    Execution Region RW_IRAM2 (Base: 0x2000fd00, Size: 0x00000210, Max: 0x00000300, ABSOLUTE)

    Base Addr    Size         Type   Attr      Idx    E Section Name        Object

    0x2000fd00   0x00000008   Data   RW          288    .data               bootloader_app_bridge.o
    0x2000fd08   0x00000018   Data   RW          330    .data               bootloader_info.o
    0x2000fd20   0x00000008   Data   RW          408    .data               dfu_bank.o
    0x2000fd28   0x00000006   Data   RW          444    .data               dfu_mesh.o
    0x2000fd2e   0x00000002   PAD
    0x2000fd30   0x00000008   Data   RW          502    .data               dfu_util.o
    0x2000fd38   0x0000009c   Zero   RW          328    .bss                bootloader_info.o
    0x2000fdd4   0x000000ac   Zero   RW          442    .bss                dfu_mesh.o
    0x2000fe80   0x00000030   Zero   RW          474    .bss                dfu_transfer_mesh.o
    0x2000feb0   0x00000060   Zero   RW          501    .bss                dfu_util.o



  Load Region LR$$.ARM.__AT_0x10001014 (Base: 0x10001014, Size: 0x00000004, Max: 0x00000004, ABSOLUTE)

    Execution Region ER$$.ARM.__AT_0x10001014 (Base: 0x10001014, Size: 0x00000004, Max: 0x00000004, ABSOLUTE, UNINIT)

    Base Addr    Size         Type   Attr      Idx    E Section Name        Object

    0x10001014   0x00000004   Data   RW          571    .ARM.__AT_0x10001014  main.o



  Load Region LR$$.ARM.__AT_0x10001018 (Base: 0x10001018, Size: 0x00000004, Max: 0x00000004, ABSOLUTE)

    Execution Region ER$$.ARM.__AT_0x10001018 (Base: 0x10001018, Size: 0x00000004, Max: 0x00000004, ABSOLUTE, UNINIT)

    Base Addr    Size         Type   Attr      Idx    E Section Name        Object

    0x10001018   0x00000004   Data   RW          572    .ARM.__AT_0x10001018  main.o


==============================================================================

Image component sizes


      Code (inc. data)   RO Data    RW Data    ZI Data      Debug   Object Name

        64         26        512          0       9216        292   arm_startup_nrf52.o
      1484         48         16          2        176     114106   bootloader.o
       568         12         72          8          0      33889   bootloader_app_bridge.o
      1492         22          4         24        156       9664   bootloader_info.o
       120         12          0          0          0      27602   bootloader_rtc.o
        56          2          0          0          0        976   bootloader_util.o
       860         22          0          8          0      30993   dfu_bank.o
      3872         64          6          6        172      15398   dfu_mesh.o
       724          6          0          0         48       4443   dfu_transfer_mesh.o
       716         10          0          8         96      32235   dfu_util.o
       290          0          0          0          0       2938   fifo.o
       152         14          0          8          0      29338   main.o
       648         14          0          0       1312       5275   mesh_packet.o
       208         12          0          4          0       1462   nrf_flash.o
       808         48         12         20         88      31101   radio_control.o
       144         14          0          0          0       1855   rand.o
       736         36        256          0          0       4718   sha256.o
       804         70          0          4          0       3003   system_nrf52.o
      1066         36          0         12        296      32691   transport.o
      2512         12        144          0          0      11026   uECC.o

    ----------------------------------------------------------------------
     17328        480       1088        108      11560     393005   Object Totals
         0          0         64          0          0          0   (incl. Generated)
         4          0          2          4          0          0   (incl. Padding)

    ----------------------------------------------------------------------

      Code (inc. data)   RO Data    RW Data    ZI Data      Debug   Library Member Name

         8          0          0          0          0         68   __main.o
        52          8          0          0          0          0   __scatter.o
        26          0          0          0          0          0   __scatter_copy.o
        28          0          0          0          0          0   __scatter_zi.o
        16          0          0          0          0         68   aeabi_memset.o
        12          0          0          0          0         72   exit.o
         6          0          0          0          0        152   heapauxi.o
         0          0          0          0          0          0   indicate_semi.o
         2          0          0          0          0          0   libinit.o
         6          0          0          0          0          0   libinit2.o
         2          0          0          0          0          0   libshutdown.o
         2          0          0          0          0          0   libshutdown2.o
         8          4          0          0         96         68   libspace.o
        38          0          0          0          0         68   llshl.o
       238          0          0          0          0        100   lludivv7m.o
        88          0          0          0          0         76   memcmp.o
        68          0          0          0          0         68   rt_memclr.o
        78          0          0          0          0         80   rt_memclr_w.o
       138          0          0          0          0         68   rt_memcpy_v6.o
       100          0          0          0          0         80   rt_memcpy_w.o
         0          0          0          0          0          0   rtentry.o
        12          0          0          0          0          0   rtentry2.o
         6          0          0          0          0          0   rtentry4.o
         2          0          0          0          0          0   rtexit.o
        10          0          0          0          0          0   rtexit2.o
        12          4          0          0          0         68   sys_exit.o
        74          0          0          0          0         80   sys_stackheap_outer.o
         2          0          0          0          0         68   use_no_semi.o
        10          0          0          0          0        116   fpinit.o

    ----------------------------------------------------------------------
      1048         16          0          0         96       1300   Library Totals
         4          0          0          0          0          0   (incl. Padding)

    ----------------------------------------------------------------------

      Code (inc. data)   RO Data    RW Data    ZI Data      Debug   Library Name

      1034         16          0          0         96       1184   c_w.l
        10          0          0          0          0        116   fz_wm.l

    ----------------------------------------------------------------------
      1048         16          0          0         96       1300   Library Totals

    ----------------------------------------------------------------------

==============================================================================


      Code (inc. data)   RO Data    RW Data    ZI Data      Debug   

     18376        496       1088        108      11656     389733   Grand Totals
     18376        496       1088        108      11656     389733   ELF Image Totals
     18376        496       1088        108          0          0   ROM Totals

==============================================================================

    Total RO  Size (Code + RO Data)                19464 (  19.01kB)
    Total RW  Size (RW Data + ZI Data)             11764 (  11.49kB)
    Total ROM Size (Code + RO Data + RW Data)      19572 (  19.11kB)

==============================================================================

