Archive member included to satisfy reference by file (symbol)

c:/a/gcc_arm/6/bin/../lib/gcc/arm-none-eabi/6.3.1/thumb/v7e-m/fpv4-sp/hard\libgcc.a(_lshrdi3.o)
                              mesh/bootloader/CMakeFiles/mesh_bootloader_serial_gccarmemb_nrf52832_xxAA.dir/src/dfu_transfer_mesh.c.obj (__aeabi_llsr)
c:/a/gcc_arm/6/bin/../lib/gcc/arm-none-eabi/6.3.1/thumb/v7e-m/fpv4-sp/hard\libgcc.a(_ashldi3.o)
                              mesh/bootloader/CMakeFiles/mesh_bootloader_serial_gccarmemb_nrf52832_xxAA.dir/src/dfu_transfer_mesh.c.obj (__aeabi_llsl)
c:/a/gcc_arm/6/bin/../lib/gcc/arm-none-eabi/6.3.1/thumb/v7e-m/fpv4-sp/hard\libgcc.a(_aeabi_uldivmod.o)
                              mesh/bootloader/CMakeFiles/mesh_bootloader_serial_gccarmemb_nrf52832_xxAA.dir/src/bootloader.c.obj (__aeabi_uldivmod)
c:/a/gcc_arm/6/bin/../lib/gcc/arm-none-eabi/6.3.1/thumb/v7e-m/fpv4-sp/hard\libgcc.a(_udivmoddi4.o)
                              c:/a/gcc_arm/6/bin/../lib/gcc/arm-none-eabi/6.3.1/thumb/v7e-m/fpv4-sp/hard\libgcc.a(_aeabi_uldivmod.o) (__udivmoddi4)
c:/a/gcc_arm/6/bin/../lib/gcc/arm-none-eabi/6.3.1/thumb/v7e-m/fpv4-sp/hard\libgcc.a(_dvmd_tls.o)
                              c:/a/gcc_arm/6/bin/../lib/gcc/arm-none-eabi/6.3.1/thumb/v7e-m/fpv4-sp/hard\libgcc.a(_aeabi_uldivmod.o) (__aeabi_ldiv0)
c:/a/gcc_arm/6/bin/../lib/gcc/arm-none-eabi/6.3.1/../../../../arm-none-eabi/lib/thumb/v7e-m/fpv4-sp/hard\libg_nano.a(lib_a-exit.o)
                              c:/a/gcc_arm/6/bin/../lib/gcc/arm-none-eabi/6.3.1/../../../../arm-none-eabi/lib/thumb/v7e-m/fpv4-sp/hard/crt0.o (exit)
c:/a/gcc_arm/6/bin/../lib/gcc/arm-none-eabi/6.3.1/../../../../arm-none-eabi/lib/thumb/v7e-m/fpv4-sp/hard\libg_nano.a(lib_a-impure.o)
                              c:/a/gcc_arm/6/bin/../lib/gcc/arm-none-eabi/6.3.1/../../../../arm-none-eabi/lib/thumb/v7e-m/fpv4-sp/hard\libg_nano.a(lib_a-exit.o) (_global_impure_ptr)
c:/a/gcc_arm/6/bin/../lib/gcc/arm-none-eabi/6.3.1/../../../../arm-none-eabi/lib/thumb/v7e-m/fpv4-sp/hard\libg_nano.a(lib_a-init.o)
                              c:/a/gcc_arm/6/bin/../lib/gcc/arm-none-eabi/6.3.1/../../../../arm-none-eabi/lib/thumb/v7e-m/fpv4-sp/hard/crt0.o (__libc_init_array)
c:/a/gcc_arm/6/bin/../lib/gcc/arm-none-eabi/6.3.1/../../../../arm-none-eabi/lib/thumb/v7e-m/fpv4-sp/hard\libg_nano.a(lib_a-memcmp.o)
                              mesh/bootloader/CMakeFiles/mesh_bootloader_serial_gccarmemb_nrf52832_xxAA.dir/src/dfu_bank.c.obj (memcmp)
c:/a/gcc_arm/6/bin/../lib/gcc/arm-none-eabi/6.3.1/../../../../arm-none-eabi/lib/thumb/v7e-m/fpv4-sp/hard\libg_nano.a(lib_a-memcpy-stub.o)
                              mesh/bootloader/CMakeFiles/mesh_bootloader_serial_gccarmemb_nrf52832_xxAA.dir/src/bootloader.c.obj (memcpy)
c:/a/gcc_arm/6/bin/../lib/gcc/arm-none-eabi/6.3.1/../../../../arm-none-eabi/lib/thumb/v7e-m/fpv4-sp/hard\libg_nano.a(lib_a-memset.o)
                              c:/a/gcc_arm/6/bin/../lib/gcc/arm-none-eabi/6.3.1/../../../../arm-none-eabi/lib/thumb/v7e-m/fpv4-sp/hard/crt0.o (memset)
c:/a/gcc_arm/6/bin/../lib/gcc/arm-none-eabi/6.3.1/../../../../arm-none-eabi/lib/thumb/v7e-m/fpv4-sp/hard\libnosys.a(_exit.o)
                              c:/a/gcc_arm/6/bin/../lib/gcc/arm-none-eabi/6.3.1/../../../../arm-none-eabi/lib/thumb/v7e-m/fpv4-sp/hard\libg_nano.a(lib_a-exit.o) (_exit)

Allocating common symbols
Common symbol       size              file

m_tx_evt_bitfield   0x2               mesh/bootloader/CMakeFiles/mesh_bootloader_serial_gccarmemb_nrf52832_xxAA.dir/src/transport.c.obj

Discarded input sections

 .text          0x00000000        0x0 c:/a/gcc_arm/6/bin/../lib/gcc/arm-none-eabi/6.3.1/thumb/v7e-m/fpv4-sp/hard/crti.o
 .data          0x00000000        0x0 c:/a/gcc_arm/6/bin/../lib/gcc/arm-none-eabi/6.3.1/thumb/v7e-m/fpv4-sp/hard/crti.o
 .bss           0x00000000        0x0 c:/a/gcc_arm/6/bin/../lib/gcc/arm-none-eabi/6.3.1/thumb/v7e-m/fpv4-sp/hard/crti.o
 .data          0x00000000        0x4 c:/a/gcc_arm/6/bin/../lib/gcc/arm-none-eabi/6.3.1/thumb/v7e-m/fpv4-sp/hard/crtbegin.o
 .data          0x00000000        0x0 c:/a/gcc_arm/6/bin/../lib/gcc/arm-none-eabi/6.3.1/../../../../arm-none-eabi/lib/thumb/v7e-m/fpv4-sp/hard/crt0.o
 .bss           0x00000000        0x0 c:/a/gcc_arm/6/bin/../lib/gcc/arm-none-eabi/6.3.1/../../../../arm-none-eabi/lib/thumb/v7e-m/fpv4-sp/hard/crt0.o
 .ARM.extab     0x00000000        0x0 c:/a/gcc_arm/6/bin/../lib/gcc/arm-none-eabi/6.3.1/../../../../arm-none-eabi/lib/thumb/v7e-m/fpv4-sp/hard/crt0.o
 .text          0x00000000        0x0 mesh/bootloader/CMakeFiles/mesh_bootloader_serial_gccarmemb_nrf52832_xxAA.dir/src/bootloader.c.obj
 .data          0x00000000        0x0 mesh/bootloader/CMakeFiles/mesh_bootloader_serial_gccarmemb_nrf52832_xxAA.dir/src/bootloader.c.obj
 .bss           0x00000000        0x0 mesh/bootloader/CMakeFiles/mesh_bootloader_serial_gccarmemb_nrf52832_xxAA.dir/src/bootloader.c.obj
[...]
Memory Configuration

Name             Origin             Length             Attributes
FLASH            0x00078000         0x00006000         xr
RAM              0x20000004         0x0000fcfc         rw
CORE_BL_RAM      0x2000fd00         0x00000300         rw
UICR_BOOTADDR    0x10001014         0x00000004         r
UICR_MBRPARAMADDR 0x10001018         0x00000004         r
*default*        0x00000000         0xffffffff

Linker script and memory map

LOAD c:/a/gcc_arm/6/bin/../lib/gcc/arm-none-eabi/6.3.1/thumb/v7e-m/fpv4-sp/hard/crti.o
LOAD c:/a/gcc_arm/6/bin/../lib/gcc/arm-none-eabi/6.3.1/thumb/v7e-m/fpv4-sp/hard/crtbegin.o
LOAD c:/a/gcc_arm/6/bin/../lib/gcc/arm-none-eabi/6.3.1/../../../../arm-none-eabi/lib/thumb/v7e-m/fpv4-sp/hard/crt0.o
LOAD mesh/bootloader/CMakeFiles/mesh_bootloader_serial_gccarmemb_nrf52832_xxAA.dir/src/bootloader.c.obj
LOAD mesh/bootloader/CMakeFiles/mesh_bootloader_serial_gccarmemb_nrf52832_xxAA.dir/src/bootloader_app_bridge.c.obj
LOAD mesh/bootloader/CMakeFiles/mesh_bootloader_serial_gccarmemb_nrf52832_xxAA.dir/src/bootloader_info.c.obj
LOAD mesh/bootloader/CMakeFiles/mesh_bootloader_serial_gccarmemb_nrf52832_xxAA.dir/src/bootloader_rtc.c.obj
LOAD mesh/bootloader/CMakeFiles/mesh_bootloader_serial_gccarmemb_nrf52832_xxAA.dir/src/bootloader_util.c.obj
LOAD mesh/bootloader/CMakeFiles/mesh_bootloader_serial_gccarmemb_nrf52832_xxAA.dir/src/dfu_bank.c.obj
LOAD mesh/bootloader/CMakeFiles/mesh_bootloader_serial_gccarmemb_nrf52832_xxAA.dir/src/dfu_mesh.c.obj
LOAD mesh/bootloader/CMakeFiles/mesh_bootloader_serial_gccarmemb_nrf52832_xxAA.dir/src/dfu_transfer_mesh.c.obj
LOAD mesh/bootloader/CMakeFiles/mesh_bootloader_serial_gccarmemb_nrf52832_xxAA.dir/src/dfu_util.c.obj
LOAD mesh/bootloader/CMakeFiles/mesh_bootloader_serial_gccarmemb_nrf52832_xxAA.dir/src/fifo.c.obj
LOAD mesh/bootloader/CMakeFiles/mesh_bootloader_serial_gccarmemb_nrf52832_xxAA.dir/src/main.c.obj
LOAD mesh/bootloader/CMakeFiles/mesh_bootloader_serial_gccarmemb_nrf52832_xxAA.dir/src/mesh_packet.c.obj
LOAD mesh/bootloader/CMakeFiles/mesh_bootloader_serial_gccarmemb_nrf52832_xxAA.dir/src/nrf_flash.c.obj
LOAD mesh/bootloader/CMakeFiles/mesh_bootloader_serial_gccarmemb_nrf52832_xxAA.dir/src/radio_control.c.obj
LOAD mesh/bootloader/CMakeFiles/mesh_bootloader_serial_gccarmemb_nrf52832_xxAA.dir/src/rand.c.obj
LOAD mesh/bootloader/CMakeFiles/mesh_bootloader_serial_gccarmemb_nrf52832_xxAA.dir/src/transport.c.obj
LOAD mesh/bootloader/CMakeFiles/mesh_bootloader_serial_gccarmemb_nrf52832_xxAA.dir/src/uECC.c.obj
LOAD mesh/bootloader/CMakeFiles/mesh_bootloader_serial_gccarmemb_nrf52832_xxAA.dir/__/__/external/nRF5_SDK_14.2.0_17b948a/components/libraries/sha256/sha256.c.obj
LOAD mesh/bootloader/CMakeFiles/mesh_bootloader_serial_gccarmemb_nrf52832_xxAA.dir/src/serial_handler_uart.c.obj
LOAD mesh/bootloader/CMakeFiles/mesh_bootloader_serial_gccarmemb_nrf52832_xxAA.dir/src/mesh_aci.c.obj
LOAD mesh/bootloader/CMakeFiles/mesh_bootloader_serial_gccarmemb_nrf52832_xxAA.dir/__/__/external/nRF5_SDK_14.2.0_17b948a/components/toolchain/system_nrf52.c.obj
LOAD mesh/bootloader/CMakeFiles/mesh_bootloader_serial_gccarmemb_nrf52832_xxAA.dir/__/__/external/nRF5_SDK_14.2.0_17b948a/components/toolchain/gcc/gcc_startup_nrf52.S.obj
LOAD external/rtt/librtt_nrf52832_xxAA.a
START GROUP
LOAD c:/a/gcc_arm/6/bin/../lib/gcc/arm-none-eabi/6.3.1/thumb/v7e-m/fpv4-sp/hard\libgcc.a
LOAD c:/a/gcc_arm/6/bin/../lib/gcc/arm-none-eabi/6.3.1/../../../../arm-none-eabi/lib/thumb/v7e-m/fpv4-sp/hard\libg_nano.a
LOAD c:/a/gcc_arm/6/bin/../lib/gcc/arm-none-eabi/6.3.1/../../../../arm-none-eabi/lib/thumb/v7e-m/fpv4-sp/hard\libc_nano.a
END GROUP
START GROUP
LOAD c:/a/gcc_arm/6/bin/../lib/gcc/arm-none-eabi/6.3.1/thumb/v7e-m/fpv4-sp/hard\libgcc.a
LOAD c:/a/gcc_arm/6/bin/../lib/gcc/arm-none-eabi/6.3.1/../../../../arm-none-eabi/lib/thumb/v7e-m/fpv4-sp/hard\libc_nano.a
END GROUP
LOAD c:/a/gcc_arm/6/bin/../lib/gcc/arm-none-eabi/6.3.1/thumb/v7e-m/fpv4-sp/hard/crtend.o
LOAD c:/a/gcc_arm/6/bin/../lib/gcc/arm-none-eabi/6.3.1/thumb/v7e-m/fpv4-sp/hard/crtn.o
START GROUP
LOAD c:/a/gcc_arm/6/bin/../lib/gcc/arm-none-eabi/6.3.1/thumb/v7e-m/fpv4-sp/hard\libgcc.a
LOAD c:/a/gcc_arm/6/bin/../lib/gcc/arm-none-eabi/6.3.1/../../../../arm-none-eabi/lib/thumb/v7e-m/fpv4-sp/hard\libc.a
LOAD c:/a/gcc_arm/6/bin/../lib/gcc/arm-none-eabi/6.3.1/../../../../arm-none-eabi/lib/thumb/v7e-m/fpv4-sp/hard\libnosys.a
END GROUP

.core_data      0x2000fd00        0x4
                0x2000fd00                __core_ram_start__ = .
                0x2000fd00                . = ALIGN (0x4)
 *sha256.c.obj(.data*)
 *bootloader_app_bridge.c.obj(.data*)
 *bootloader_info.c.obj(.data*)
 *uECC.c.obj(.data*)
 *dfu_mesh.c.obj(.data*)
 .data.m_state  0x2000fd00        0x1 mesh/bootloader/CMakeFiles/mesh_bootloader_serial_gccarmemb_nrf52832_xxAA.dir/src/dfu_mesh.c.obj
 .data.tx_slot.11170
                0x2000fd01        0x1 mesh/bootloader/CMakeFiles/mesh_bootloader_serial_gccarmemb_nrf52832_xxAA.dir/src/dfu_mesh.c.obj
 *dfu_transfer_mesh.c.obj(.data*)
 *dfu_bank.c.obj(.data*)
 *dfu_util.c.obj(.data*)
                0x2000fd04                . = ALIGN (0x4)
 *fill*         0x2000fd02        0x2 
                0x2000fd04                __core_ram_end__ = .

.core_bss       0x2000fd08      0x210
                0x2000fd08                __core_ram_start__ = .
                0x2000fd08                . = ALIGN (0x4)
 *sha256.c.obj(.bss*)
 *bootloader_app_bridge.c.obj(.bss*)
 .bss.m_evt_handler
                0x2000fd08        0x4 mesh/bootloader/CMakeFiles/mesh_bootloader_serial_gccarmemb_nrf52832_xxAA.dir/src/bootloader_app_bridge.c.obj
 .bss.m_in_bl   0x2000fd0c        0x1 mesh/bootloader/CMakeFiles/mesh_bootloader_serial_gccarmemb_nrf52832_xxAA.dir/src/bootloader_app_bridge.c.obj
 *bootloader_info.c.obj(.bss*)
 *fill*         0x2000fd0d        0x3 
 .bss.m_info_copy
                0x2000fd10       0x1c mesh/bootloader/CMakeFiles/mesh_bootloader_serial_gccarmemb_nrf52832_xxAA.dir/src/bootloader_info.c.obj
 .bss.m_state   0x2000fd2c        0x1 mesh/bootloader/CMakeFiles/mesh_bootloader_serial_gccarmemb_nrf52832_xxAA.dir/src/bootloader_info.c.obj
 .bss.m_write_in_progress
                0x2000fd2d        0x1 mesh/bootloader/CMakeFiles/mesh_bootloader_serial_gccarmemb_nrf52832_xxAA.dir/src/bootloader_info.c.obj
 *fill*         0x2000fd2e        0x2 
 .bss.mp_bl_info_bank_page
                0x2000fd30        0x4 mesh/bootloader/CMakeFiles/mesh_bootloader_serial_gccarmemb_nrf52832_xxAA.dir/src/bootloader_info.c.obj
 .bss.mp_bl_info_page
                0x2000fd34        0x4 mesh/bootloader/CMakeFiles/mesh_bootloader_serial_gccarmemb_nrf52832_xxAA.dir/src/bootloader_info.c.obj
 .bss.mp_info_entry_buffer
                0x2000fd38       0x80 mesh/bootloader/CMakeFiles/mesh_bootloader_serial_gccarmemb_nrf52832_xxAA.dir/src/bootloader_info.c.obj
 .bss.mp_info_entry_head
                0x2000fdb8        0x4 mesh/bootloader/CMakeFiles/mesh_bootloader_serial_gccarmemb_nrf52832_xxAA.dir/src/bootloader_info.c.obj
 .bss.mp_info_entry_tail
                0x2000fdbc        0x4 mesh/bootloader/CMakeFiles/mesh_bootloader_serial_gccarmemb_nrf52832_xxAA.dir/src/bootloader_info.c.obj
 .bss.mp_write_pos
                0x2000fdc0        0x4 mesh/bootloader/CMakeFiles/mesh_bootloader_serial_gccarmemb_nrf52832_xxAA.dir/src/bootloader_info.c.obj
 *uECC.c.obj(.bss*)
 *dfu_mesh.c.obj(.bss*)
 .bss.m_bl_info_pointers
                0x2000fdc4       0x28 mesh/bootloader/CMakeFiles/mesh_bootloader_serial_gccarmemb_nrf52832_xxAA.dir/src/dfu_mesh.c.obj
 .bss.m_data_req_segment
                0x2000fdec        0x2 mesh/bootloader/CMakeFiles/mesh_bootloader_serial_gccarmemb_nrf52832_xxAA.dir/src/dfu_mesh.c.obj
 .bss.m_req_cache
                0x2000fdee       0x10 mesh/bootloader/CMakeFiles/mesh_bootloader_serial_gccarmemb_nrf52832_xxAA.dir/src/dfu_mesh.c.obj
 .bss.m_req_index
                0x2000fdfe        0x1 mesh/bootloader/CMakeFiles/mesh_bootloader_serial_gccarmemb_nrf52832_xxAA.dir/src/dfu_mesh.c.obj
 *fill*         0x2000fdff        0x1 
 .bss.m_transaction
                0x2000fe00       0x74 mesh/bootloader/CMakeFiles/mesh_bootloader_serial_gccarmemb_nrf52832_xxAA.dir/src/dfu_mesh.c.obj
 .bss.m_tx_slots
                0x2000fe74        0x1 mesh/bootloader/CMakeFiles/mesh_bootloader_serial_gccarmemb_nrf52832_xxAA.dir/src/dfu_mesh.c.obj
 *dfu_transfer_mesh.c.obj(.bss*)
 *fill*         0x2000fe75        0x3 
 .bss.m_transfer
                0x2000fe78       0x30 mesh/bootloader/CMakeFiles/mesh_bootloader_serial_gccarmemb_nrf52832_xxAA.dir/src/dfu_transfer_mesh.c.obj
 *dfu_bank.c.obj(.bss*)
 .bss.m_dfu_type
                0x2000fea8        0x1 mesh/bootloader/CMakeFiles/mesh_bootloader_serial_gccarmemb_nrf52832_xxAA.dir/src/dfu_bank.c.obj
 .bss.m_waiting_for_idle
                0x2000fea9        0x1 mesh/bootloader/CMakeFiles/mesh_bootloader_serial_gccarmemb_nrf52832_xxAA.dir/src/dfu_bank.c.obj
 *fill*         0x2000feaa        0x2 
 .bss.mp_bank_entry
                0x2000feac        0x4 mesh/bootloader/CMakeFiles/mesh_bootloader_serial_gccarmemb_nrf52832_xxAA.dir/src/dfu_bank.c.obj
 *dfu_util.c.obj(.bss*)
 .bss.m_packet_cache
                0x2000feb0       0x40 mesh/bootloader/CMakeFiles/mesh_bootloader_serial_gccarmemb_nrf52832_xxAA.dir/src/dfu_util.c.obj
 .bss.m_packet_cache_index
                0x2000fef0        0x4 mesh/bootloader/CMakeFiles/mesh_bootloader_serial_gccarmemb_nrf52832_xxAA.dir/src/dfu_util.c.obj
 .bss.m_tid_cache
                0x2000fef4       0x20 mesh/bootloader/CMakeFiles/mesh_bootloader_serial_gccarmemb_nrf52832_xxAA.dir/src/dfu_util.c.obj
 .bss.m_tid_index
                0x2000ff14        0x1 mesh/bootloader/CMakeFiles/mesh_bootloader_serial_gccarmemb_nrf52832_xxAA.dir/src/dfu_util.c.obj
                0x2000ff18                . = ALIGN (0x4)
 *fill*         0x2000ff15        0x3 
                0x2000ff18                __core_ram_end__ = .

.uicrBootStartAddress
                0x10001014        0x4
 *(.uicrBootStartAddress)
 .uicrBootStartAddress
                0x10001014        0x4 mesh/bootloader/CMakeFiles/mesh_bootloader_serial_gccarmemb_nrf52832_xxAA.dir/src/main.c.obj
                0x10001014                m_uicr_bootloader_start_address

.uicrBootMBRParamAddress
                0x10001018        0x4
 *(.uicrBootMBRParamAddress)
 .uicrBootMBRParamAddress
                0x10001018        0x4 mesh/bootloader/CMakeFiles/mesh_bootloader_serial_gccarmemb_nrf52832_xxAA.dir/src/main.c.obj
                0x10001018                m_uicr_bootloader_mbrparam_address

.text           0x00078000     0x50f8
 *(.isr_vector)
 .isr_vector    0x00078000      0x200 mesh/bootloader/CMakeFiles/mesh_bootloader_serial_gccarmemb_nrf52832_xxAA.dir/__/__/external/nRF5_SDK_14.2.0_17b948a/components/toolchain/gcc/gcc_startup_nrf52.S.obj
                0x00078000                __isr_vector
 *(.text*)
 .text          0x00078200       0x6c c:/a/gcc_arm/6/bin/../lib/gcc/arm-none-eabi/6.3.1/thumb/v7e-m/fpv4-sp/hard/crtbegin.o
 .text          0x0007826c       0x74 c:/a/gcc_arm/6/bin/../lib/gcc/arm-none-eabi/6.3.1/../../../../arm-none-eabi/lib/thumb/v7e-m/fpv4-sp/hard/crt0.o
                0x0007826c                _start
                0x0007826c                _mainCRTStartup
 .text.unlikely.sd_softdevice_vector_table_base_set
                0x000782e0        0x4 mesh/bootloader/CMakeFiles/mesh_bootloader_serial_gccarmemb_nrf52832_xxAA.dir/src/bootloader.c.obj
 .text.unlikely.sd_mbr_command
                0x000782e4        0x4 mesh/bootloader/CMakeFiles/mesh_bootloader_serial_gccarmemb_nrf52832_xxAA.dir/src/bootloader.c.obj
 .text.set_timeout
                0x000782e8       0x2c mesh/bootloader/CMakeFiles/mesh_bootloader_serial_gccarmemb_nrf52832_xxAA.dir/src/bootloader.c.obj
 .text.rx_cb    0x00078314       0x2e mesh/bootloader/CMakeFiles/mesh_bootloader_serial_gccarmemb_nrf52832_xxAA.dir/src/bootloader.c.obj
 .text.SWI2_EGU2_IRQHandler
                0x00078342        0x4 mesh/bootloader/CMakeFiles/mesh_bootloader_serial_gccarmemb_nrf52832_xxAA.dir/src/bootloader.c.obj
                0x00078342                SWI2_EGU2_IRQHandler
 *fill*         0x00078346        0x2 
 .text.SWI3_EGU3_IRQHandler
                0x00078348       0xd4 mesh/bootloader/CMakeFiles/mesh_bootloader_serial_gccarmemb_nrf52832_xxAA.dir/src/bootloader.c.obj
                0x00078348                SWI3_EGU3_IRQHandler
 .text.bootloader_init
                0x0007841c       0xa4 mesh/bootloader/CMakeFiles/mesh_bootloader_serial_gccarmemb_nrf52832_xxAA.dir/src/bootloader.c.obj
                0x0007841c                bootloader_init
 .text.bootloader_enable
                0x000784c0       0xe0 mesh/bootloader/CMakeFiles/mesh_bootloader_serial_gccarmemb_nrf52832_xxAA.dir/src/bootloader.c.obj
                0x000784c0                bootloader_enable
 .text.bootloader_cmd_send
                0x000785a0        0x4 mesh/bootloader/CMakeFiles/mesh_bootloader_serial_gccarmemb_nrf52832_xxAA.dir/src/bootloader.c.obj
                0x000785a0                bootloader_cmd_send
 .text.bootloader_abort
                0x000785a4       0x7c mesh/bootloader/CMakeFiles/mesh_bootloader_serial_gccarmemb_nrf52832_xxAA.dir/src/bootloader.c.obj
                0x000785a4                bootloader_abort
 .text.bl_evt_handler
                0x00078620      0x264 mesh/bootloader/CMakeFiles/mesh_bootloader_serial_gccarmemb_nrf52832_xxAA.dir/src/bootloader.c.obj
 .text.bootloader_timeout
                0x00078884       0x4c mesh/bootloader/CMakeFiles/mesh_bootloader_serial_gccarmemb_nrf52832_xxAA.dir/src/bootloader.c.obj
                0x00078884                bootloader_timeout
 .text.bl_cmd_handler
                0x000788d0      0x148 mesh/bootloader/CMakeFiles/mesh_bootloader_serial_gccarmemb_nrf52832_xxAA.dir/src/bootloader_app_bridge.c.obj
                0x000788d0                bl_cmd_handler
 .text.bootloader_app_bridge_init
                0x00078a18       0x28 mesh/bootloader/CMakeFiles/mesh_bootloader_serial_gccarmemb_nrf52832_xxAA.dir/src/bootloader_app_bridge.c.obj
                0x00078a18                bootloader_app_bridge_init
 .text.bootloader_evt_send
                0x00078a40       0x10 mesh/bootloader/CMakeFiles/mesh_bootloader_serial_gccarmemb_nrf52832_xxAA.dir/src/bootloader_app_bridge.c.obj
                0x00078a40                bootloader_evt_send
 .text.send_end_evt
                0x00078a50       0x1a mesh/bootloader/CMakeFiles/mesh_bootloader_serial_gccarmemb_nrf52832_xxAA.dir/src/bootloader_app_bridge.c.obj
                0x00078a50                send_end_evt
 .text.flash_write
                0x00078a6a       0x2a mesh/bootloader/CMakeFiles/mesh_bootloader_serial_gccarmemb_nrf52832_xxAA.dir/src/bootloader_app_bridge.c.obj
                0x00078a6a                flash_write
 .text.flash_erase
                0x00078a94       0x26 mesh/bootloader/CMakeFiles/mesh_bootloader_serial_gccarmemb_nrf52832_xxAA.dir/src/bootloader_app_bridge.c.obj
                0x00078a94                flash_erase
 .text.tx_abort
                0x00078aba       0x1a mesh/bootloader/CMakeFiles/mesh_bootloader_serial_gccarmemb_nrf52832_xxAA.dir/src/bootloader_app_bridge.c.obj
                0x00078aba                tx_abort
 .text.bootloader_is_in_application
                0x00078ad4       0x10 mesh/bootloader/CMakeFiles/mesh_bootloader_serial_gccarmemb_nrf52832_xxAA.dir/src/bootloader_app_bridge.c.obj
                0x00078ad4                bootloader_is_in_application
 .text.info_entry_get
                0x00078ae4       0x3c mesh/bootloader/CMakeFiles/mesh_bootloader_serial_gccarmemb_nrf52832_xxAA.dir/src/bootloader_info.c.obj
 .text.bootloader_info_header_get
                0x00078b20       0x1c mesh/bootloader/CMakeFiles/mesh_bootloader_serial_gccarmemb_nrf52832_xxAA.dir/src/bootloader_info.c.obj
 .text.bootloader_info_first_unused_get
                0x00078b3c       0x16 mesh/bootloader/CMakeFiles/mesh_bootloader_serial_gccarmemb_nrf52832_xxAA.dir/src/bootloader_info.c.obj
 *fill*         0x00078b52        0x2 
 .text.entry_header_invalidate
                0x00078b54       0x20 mesh/bootloader/CMakeFiles/mesh_bootloader_serial_gccarmemb_nrf52832_xxAA.dir/src/bootloader_info.c.obj
 .text.copy_page_write_meta
                0x00078b74       0x20 mesh/bootloader/CMakeFiles/mesh_bootloader_serial_gccarmemb_nrf52832_xxAA.dir/src/bootloader_info.c.obj
 .text.copy_page_write_next_data
                0x00078b94       0x74 mesh/bootloader/CMakeFiles/mesh_bootloader_serial_gccarmemb_nrf52832_xxAA.dir/src/bootloader_info.c.obj
 .text.copy_page
                0x00078c08       0x34 mesh/bootloader/CMakeFiles/mesh_bootloader_serial_gccarmemb_nrf52832_xxAA.dir/src/bootloader_info.c.obj
 .text.place_head_after_entry.constprop.1
                0x00078c3c       0x40 mesh/bootloader/CMakeFiles/mesh_bootloader_serial_gccarmemb_nrf52832_xxAA.dir/src/bootloader_info.c.obj
 .text.entry_invalidate
                0x00078c7c       0x34 mesh/bootloader/CMakeFiles/mesh_bootloader_serial_gccarmemb_nrf52832_xxAA.dir/src/bootloader_info.c.obj
                0x00078c7c                entry_invalidate
 .text.entry_write
                0x00078cb0       0xf8 mesh/bootloader/CMakeFiles/mesh_bootloader_serial_gccarmemb_nrf52832_xxAA.dir/src/bootloader_info.c.obj
                0x00078cb0                entry_write
 .text.bootloader_info_init
                0x00078da8       0xcc mesh/bootloader/CMakeFiles/mesh_bootloader_serial_gccarmemb_nrf52832_xxAA.dir/src/bootloader_info.c.obj
                0x00078da8                bootloader_info_init
 .text.bootloader_info_entry_get
                0x00078e74        0xa mesh/bootloader/CMakeFiles/mesh_bootloader_serial_gccarmemb_nrf52832_xxAA.dir/src/bootloader_info.c.obj
                0x00078e74                bootloader_info_entry_get
 .text.bootloader_info_entry_overwrite
                0x00078e7e       0x2a mesh/bootloader/CMakeFiles/mesh_bootloader_serial_gccarmemb_nrf52832_xxAA.dir/src/bootloader_info.c.obj
                0x00078e7e                bootloader_info_entry_overwrite
 .text.bootloader_info_entry_invalidate
                0x00078ea8        0xa mesh/bootloader/CMakeFiles/mesh_bootloader_serial_gccarmemb_nrf52832_xxAA.dir/src/bootloader_info.c.obj
                0x00078ea8                bootloader_info_entry_invalidate
 *fill*         0x00078eb2        0x2 
 .text.bootloader_info_reset
                0x00078eb4       0x40 mesh/bootloader/CMakeFiles/mesh_bootloader_serial_gccarmemb_nrf52832_xxAA.dir/src/bootloader_info.c.obj
                0x00078eb4                bootloader_info_reset
 .text.bootloader_info_entry_put
                0x00078ef4       0xd0 mesh/bootloader/CMakeFiles/mesh_bootloader_serial_gccarmemb_nrf52832_xxAA.dir/src/bootloader_info.c.obj
                0x00078ef4                bootloader_info_entry_put
 .text.bootloader_info_stable
                0x00078fc4       0x20 mesh/bootloader/CMakeFiles/mesh_bootloader_serial_gccarmemb_nrf52832_xxAA.dir/src/bootloader_info.c.obj
                0x00078fc4                bootloader_info_stable
 .text.bootloader_info_on_flash_op_end
                0x00078fe4      0x118 mesh/bootloader/CMakeFiles/mesh_bootloader_serial_gccarmemb_nrf52832_xxAA.dir/src/bootloader_info.c.obj
                0x00078fe4                bootloader_info_on_flash_op_end
 .text.bootloader_info_on_flash_idle
                0x000790fc       0x40 mesh/bootloader/CMakeFiles/mesh_bootloader_serial_gccarmemb_nrf52832_xxAA.dir/src/bootloader_info.c.obj
                0x000790fc                bootloader_info_on_flash_idle
 .text.RTC0_IRQHandler
                0x0007913c       0x48 mesh/bootloader/CMakeFiles/mesh_bootloader_serial_gccarmemb_nrf52832_xxAA.dir/src/bootloader_rtc.c.obj
                0x0007913c                RTC0_IRQHandler
 .text.rtc_init
                0x00079184       0x30 mesh/bootloader/CMakeFiles/mesh_bootloader_serial_gccarmemb_nrf52832_xxAA.dir/src/bootloader_rtc.c.obj
                0x00079184                rtc_init
 .text.bootloader_util_app_start
                0x000791b4       0x3c mesh/bootloader/CMakeFiles/mesh_bootloader_serial_gccarmemb_nrf52832_xxAA.dir/src/bootloader_util.c.obj
                0x000791b4                bootloader_util_app_start
 .text.unlikely.sd_power_reset_reason_clr
                0x000791f0        0x4 mesh/bootloader/CMakeFiles/mesh_bootloader_serial_gccarmemb_nrf52832_xxAA.dir/src/dfu_bank.c.obj
 .text.unlikely.sd_power_gpregret_set
                0x000791f4        0x4 mesh/bootloader/CMakeFiles/mesh_bootloader_serial_gccarmemb_nrf52832_xxAA.dir/src/dfu_bank.c.obj
 .text.sd_mbr_command
                0x000791f8        0x4 mesh/bootloader/CMakeFiles/mesh_bootloader_serial_gccarmemb_nrf52832_xxAA.dir/src/dfu_bank.c.obj
 .text.flash_bank_entry
                0x000791fc      0x2c0 mesh/bootloader/CMakeFiles/mesh_bootloader_serial_gccarmemb_nrf52832_xxAA.dir/src/dfu_bank.c.obj
 .text.dfu_bank_scan
                0x000794bc       0x48 mesh/bootloader/CMakeFiles/mesh_bootloader_serial_gccarmemb_nrf52832_xxAA.dir/src/dfu_bank.c.obj
                0x000794bc                dfu_bank_scan
 .text.dfu_bank_flash
                0x00079504       0x48 mesh/bootloader/CMakeFiles/mesh_bootloader_serial_gccarmemb_nrf52832_xxAA.dir/src/dfu_bank.c.obj
                0x00079504                dfu_bank_flash
 .text.dfu_bank_on_flash_idle
                0x0007954c       0x20 mesh/bootloader/CMakeFiles/mesh_bootloader_serial_gccarmemb_nrf52832_xxAA.dir/src/dfu_bank.c.obj
                0x0007954c                dfu_bank_on_flash_idle
 .text.dfu_bank_transfer_in_progress
                0x0007956c       0x10 mesh/bootloader/CMakeFiles/mesh_bootloader_serial_gccarmemb_nrf52832_xxAA.dir/src/dfu_bank.c.obj
                0x0007956c                dfu_bank_transfer_in_progress
 .text.segment_count_from_start_packet
                0x0007957c       0x2c mesh/bootloader/CMakeFiles/mesh_bootloader_serial_gccarmemb_nrf52832_xxAA.dir/src/dfu_mesh.c.obj
 .text.get_info_pointers
                0x000795a8       0x68 mesh/bootloader/CMakeFiles/mesh_bootloader_serial_gccarmemb_nrf52832_xxAA.dir/src/dfu_mesh.c.obj
 .text.beacon_set
                0x00079610      0x100 mesh/bootloader/CMakeFiles/mesh_bootloader_serial_gccarmemb_nrf52832_xxAA.dir/src/dfu_mesh.c.obj
 .text.start_find_fwid
                0x00079710       0x24 mesh/bootloader/CMakeFiles/mesh_bootloader_serial_gccarmemb_nrf52832_xxAA.dir/src/dfu_mesh.c.obj
 .text.notify_state_packet
                0x00079734       0x3c mesh/bootloader/CMakeFiles/mesh_bootloader_serial_gccarmemb_nrf52832_xxAA.dir/src/dfu_mesh.c.obj
 .text.packet_tx_dynamic.constprop.3
                0x00079770       0x4c mesh/bootloader/CMakeFiles/mesh_bootloader_serial_gccarmemb_nrf52832_xxAA.dir/src/dfu_mesh.c.obj
 .text.relay_packet
                0x000797bc       0x30 mesh/bootloader/CMakeFiles/mesh_bootloader_serial_gccarmemb_nrf52832_xxAA.dir/src/dfu_mesh.c.obj
 .text.start_req
                0x000797ec       0x58 mesh/bootloader/CMakeFiles/mesh_bootloader_serial_gccarmemb_nrf52832_xxAA.dir/src/dfu_mesh.c.obj
 .text.handle_data_packet
                0x00079844      0x52c mesh/bootloader/CMakeFiles/mesh_bootloader_serial_gccarmemb_nrf52832_xxAA.dir/src/dfu_mesh.c.obj
 .text.dfu_mesh_init
                0x00079d70       0x44 mesh/bootloader/CMakeFiles/mesh_bootloader_serial_gccarmemb_nrf52832_xxAA.dir/src/dfu_mesh.c.obj
                0x00079d70                dfu_mesh_init
 .text.dfu_mesh_start
                0x00079db4       0xe8 mesh/bootloader/CMakeFiles/mesh_bootloader_serial_gccarmemb_nrf52832_xxAA.dir/src/dfu_mesh.c.obj
                0x00079db4                dfu_mesh_start
 .text.dfu_mesh_req
                0x00079e9c       0x34 mesh/bootloader/CMakeFiles/mesh_bootloader_serial_gccarmemb_nrf52832_xxAA.dir/src/dfu_mesh.c.obj
                0x00079e9c                dfu_mesh_req
 .text.dfu_mesh_relay
                0x00079ed0       0x4c mesh/bootloader/CMakeFiles/mesh_bootloader_serial_gccarmemb_nrf52832_xxAA.dir/src/dfu_mesh.c.obj
                0x00079ed0                dfu_mesh_relay
 .text.dfu_mesh_rx
                0x00079f1c      0x2f4 mesh/bootloader/CMakeFiles/mesh_bootloader_serial_gccarmemb_nrf52832_xxAA.dir/src/dfu_mesh.c.obj
                0x00079f1c                dfu_mesh_rx
 .text.dfu_mesh_missing_type_get
                0x0007a210       0x4c mesh/bootloader/CMakeFiles/mesh_bootloader_serial_gccarmemb_nrf52832_xxAA.dir/src/dfu_mesh.c.obj
                0x0007a210                dfu_mesh_missing_type_get
 .text.dfu_mesh_app_is_valid
                0x0007a25c       0x34 mesh/bootloader/CMakeFiles/mesh_bootloader_serial_gccarmemb_nrf52832_xxAA.dir/src/dfu_mesh.c.obj
                0x0007a25c                dfu_mesh_app_is_valid
 .text.dfu_mesh_finalize
                0x0007a290      0x150 mesh/bootloader/CMakeFiles/mesh_bootloader_serial_gccarmemb_nrf52832_xxAA.dir/src/dfu_mesh.c.obj
                0x0007a290                dfu_mesh_finalize
 .text.dfu_mesh_timeout
                0x0007a3e0       0xd8 mesh/bootloader/CMakeFiles/mesh_bootloader_serial_gccarmemb_nrf52832_xxAA.dir/src/dfu_mesh.c.obj
                0x0007a3e0                dfu_mesh_timeout
 .text.dfu_mesh_restart
                0x0007a4b8        0x4 mesh/bootloader/CMakeFiles/mesh_bootloader_serial_gccarmemb_nrf52832_xxAA.dir/src/dfu_mesh.c.obj
                0x0007a4b8                dfu_mesh_restart
 .text.dfu_mesh_on_flash_idle
                0x0007a4bc       0x50 mesh/bootloader/CMakeFiles/mesh_bootloader_serial_gccarmemb_nrf52832_xxAA.dir/src/dfu_mesh.c.obj
                0x0007a4bc                dfu_mesh_on_flash_idle
 .text.segment_is_missing
                0x0007a50c       0x2c mesh/bootloader/CMakeFiles/mesh_bootloader_serial_gccarmemb_nrf52832_xxAA.dir/src/dfu_transfer_mesh.c.obj
 .text.dfu_transfer_init
                0x0007a538       0x1c mesh/bootloader/CMakeFiles/mesh_bootloader_serial_gccarmemb_nrf52832_xxAA.dir/src/dfu_transfer_mesh.c.obj
                0x0007a538                dfu_transfer_init
 .text.dfu_transfer_start
                0x0007a554       0x80 mesh/bootloader/CMakeFiles/mesh_bootloader_serial_gccarmemb_nrf52832_xxAA.dir/src/dfu_transfer_mesh.c.obj
                0x0007a554                dfu_transfer_start
 .text.dfu_transfer_data
                0x0007a5d4      0x12c mesh/bootloader/CMakeFiles/mesh_bootloader_serial_gccarmemb_nrf52832_xxAA.dir/src/dfu_transfer_mesh.c.obj
                0x0007a5d4                dfu_transfer_data
 .text.dfu_transfer_has_entry
                0x0007a700       0x58 mesh/bootloader/CMakeFiles/mesh_bootloader_serial_gccarmemb_nrf52832_xxAA.dir/src/dfu_transfer_mesh.c.obj
                0x0007a700                dfu_transfer_has_entry
 .text.dfu_transfer_get_oldest_missing_entry
                0x0007a758       0x70 mesh/bootloader/CMakeFiles/mesh_bootloader_serial_gccarmemb_nrf52832_xxAA.dir/src/dfu_transfer_mesh.c.obj
                0x0007a758                dfu_transfer_get_oldest_missing_entry
 .text.dfu_transfer_sha256
                0x0007a7c8       0x1c mesh/bootloader/CMakeFiles/mesh_bootloader_serial_gccarmemb_nrf52832_xxAA.dir/src/dfu_transfer_mesh.c.obj
                0x0007a7c8                dfu_transfer_sha256
 .text.dfu_transfer_end
                0x0007a7e4        0x4 mesh/bootloader/CMakeFiles/mesh_bootloader_serial_gccarmemb_nrf52832_xxAA.dir/src/dfu_transfer_mesh.c.obj
                0x0007a7e4                dfu_transfer_end
 .text.dfu_transfer_flash_write_complete
                0x0007a7e8       0x18 mesh/bootloader/CMakeFiles/mesh_bootloader_serial_gccarmemb_nrf52832_xxAA.dir/src/dfu_transfer_mesh.c.obj
                0x0007a7e8                dfu_transfer_flash_write_complete
 .text.fwid_union_cpy
                0x0007a800       0x1e mesh/bootloader/CMakeFiles/mesh_bootloader_serial_gccarmemb_nrf52832_xxAA.dir/src/dfu_util.c.obj
                0x0007a800                fwid_union_cpy
 .text.fwid_union_cmp
                0x0007a81e       0x2c mesh/bootloader/CMakeFiles/mesh_bootloader_serial_gccarmemb_nrf52832_xxAA.dir/src/dfu_util.c.obj
                0x0007a81e                fwid_union_cmp
 .text.fwid_union_id_cmp
                0x0007a84a       0x30 mesh/bootloader/CMakeFiles/mesh_bootloader_serial_gccarmemb_nrf52832_xxAA.dir/src/dfu_util.c.obj
                0x0007a84a                fwid_union_id_cmp
 .text.fwid_union_version_cmp
                0x0007a87a       0x28 mesh/bootloader/CMakeFiles/mesh_bootloader_serial_gccarmemb_nrf52832_xxAA.dir/src/dfu_util.c.obj
                0x0007a87a                fwid_union_version_cmp
 .text.addr_from_seg
                0x0007a8a2       0x14 mesh/bootloader/CMakeFiles/mesh_bootloader_serial_gccarmemb_nrf52832_xxAA.dir/src/dfu_util.c.obj
                0x0007a8a2                addr_from_seg
 .text.is_upgrade
                0x0007a8b6       0x86 mesh/bootloader/CMakeFiles/mesh_bootloader_serial_gccarmemb_nrf52832_xxAA.dir/src/dfu_util.c.obj
                0x0007a8b6                is_upgrade
 .text.app_is_newer
                0x0007a93c       0x30 mesh/bootloader/CMakeFiles/mesh_bootloader_serial_gccarmemb_nrf52832_xxAA.dir/src/dfu_util.c.obj
                0x0007a93c                app_is_newer
 .text.bootloader_is_newer
                0x0007a96c       0x2e mesh/bootloader/CMakeFiles/mesh_bootloader_serial_gccarmemb_nrf52832_xxAA.dir/src/dfu_util.c.obj
                0x0007a96c                bootloader_is_newer
 .text.fw_is_verified
                0x0007a99a       0x1c mesh/bootloader/CMakeFiles/mesh_bootloader_serial_gccarmemb_nrf52832_xxAA.dir/src/dfu_util.c.obj
                0x0007a99a                fw_is_verified
 *fill*         0x0007a9b6        0x2 
 .text.tid_cache_entry_put
                0x0007a9b8       0x1c mesh/bootloader/CMakeFiles/mesh_bootloader_serial_gccarmemb_nrf52832_xxAA.dir/src/dfu_util.c.obj
                0x0007a9b8                tid_cache_entry_put
 .text.tid_cache_has_entry
                0x0007a9d4       0x20 mesh/bootloader/CMakeFiles/mesh_bootloader_serial_gccarmemb_nrf52832_xxAA.dir/src/dfu_util.c.obj
                0x0007a9d4                tid_cache_has_entry
 .text.ready_packet_matches_our_req
                0x0007a9f4       0x3e mesh/bootloader/CMakeFiles/mesh_bootloader_serial_gccarmemb_nrf52832_xxAA.dir/src/dfu_util.c.obj
                0x0007a9f4                ready_packet_matches_our_req
 *fill*         0x0007aa32        0x2 
 .text.packet_in_cache
                0x0007aa34       0x2c mesh/bootloader/CMakeFiles/mesh_bootloader_serial_gccarmemb_nrf52832_xxAA.dir/src/dfu_util.c.obj
                0x0007aa34                packet_in_cache
 .text.packet_cache_put
                0x0007aa60       0x28 mesh/bootloader/CMakeFiles/mesh_bootloader_serial_gccarmemb_nrf52832_xxAA.dir/src/dfu_util.c.obj
                0x0007aa60                packet_cache_put
 .text.packet_cache_flush
                0x0007aa88       0x1c mesh/bootloader/CMakeFiles/mesh_bootloader_serial_gccarmemb_nrf52832_xxAA.dir/src/dfu_util.c.obj
                0x0007aa88                packet_cache_flush
 .text.section_overlap
                0x0007aaa4       0x22 mesh/bootloader/CMakeFiles/mesh_bootloader_serial_gccarmemb_nrf52832_xxAA.dir/src/dfu_util.c.obj
                0x0007aaa4                section_overlap
 *fill*         0x0007aac6        0x2 
 .text.interrupts_disable
                0x0007aac8       0x24 mesh/bootloader/CMakeFiles/mesh_bootloader_serial_gccarmemb_nrf52832_xxAA.dir/src/dfu_util.c.obj
                0x0007aac8                interrupts_disable
 .text.fifo_init
                0x0007aaec       0x1e mesh/bootloader/CMakeFiles/mesh_bootloader_serial_gccarmemb_nrf52832_xxAA.dir/src/fifo.c.obj
                0x0007aaec                fifo_init
 .text.fifo_push
                0x0007ab0a       0x4e mesh/bootloader/CMakeFiles/mesh_bootloader_serial_gccarmemb_nrf52832_xxAA.dir/src/fifo.c.obj
                0x0007ab0a                fifo_push
 .text.fifo_pop
                0x0007ab58       0x4a mesh/bootloader/CMakeFiles/mesh_bootloader_serial_gccarmemb_nrf52832_xxAA.dir/src/fifo.c.obj
                0x0007ab58                fifo_pop
 .text.fifo_peek_at
                0x0007aba2       0x4e mesh/bootloader/CMakeFiles/mesh_bootloader_serial_gccarmemb_nrf52832_xxAA.dir/src/fifo.c.obj
                0x0007aba2                fifo_peek_at
 .text.fifo_peek
                0x0007abf0        0x6 mesh/bootloader/CMakeFiles/mesh_bootloader_serial_gccarmemb_nrf52832_xxAA.dir/src/fifo.c.obj
                0x0007abf0                fifo_peek
 .text.fifo_get_len
                0x0007abf6        0x8 mesh/bootloader/CMakeFiles/mesh_bootloader_serial_gccarmemb_nrf52832_xxAA.dir/src/fifo.c.obj
                0x0007abf6                fifo_get_len
 .text.fifo_is_full
                0x0007abfe       0x10 mesh/bootloader/CMakeFiles/mesh_bootloader_serial_gccarmemb_nrf52832_xxAA.dir/src/fifo.c.obj
                0x0007abfe                fifo_is_full
 .text.fifo_is_empty
                0x0007ac0e        0xc mesh/bootloader/CMakeFiles/mesh_bootloader_serial_gccarmemb_nrf52832_xxAA.dir/src/fifo.c.obj
                0x0007ac0e                fifo_is_empty
 .text.app_error_handler_bare
                0x0007ac1a        0x6 mesh/bootloader/CMakeFiles/mesh_bootloader_serial_gccarmemb_nrf52832_xxAA.dir/src/main.c.obj
                0x0007ac1a                app_error_handler_bare
 .text.HardFault_Handler
                0x0007ac20        0x6 mesh/bootloader/CMakeFiles/mesh_bootloader_serial_gccarmemb_nrf52832_xxAA.dir/src/main.c.obj
                0x0007ac20                HardFault_Handler
 *fill*         0x0007ac26        0x2 
 .text.startup.main
                0x0007ac28       0x90 mesh/bootloader/CMakeFiles/mesh_bootloader_serial_gccarmemb_nrf52832_xxAA.dir/src/main.c.obj
                0x0007ac28                main
 .text.mesh_packet_init
                0x0007acb8       0x14 mesh/bootloader/CMakeFiles/mesh_bootloader_serial_gccarmemb_nrf52832_xxAA.dir/src/mesh_packet.c.obj
                0x0007acb8                mesh_packet_init
 .text.mesh_packet_acquire
                0x0007accc       0x3c mesh/bootloader/CMakeFiles/mesh_bootloader_serial_gccarmemb_nrf52832_xxAA.dir/src/mesh_packet.c.obj
                0x0007accc                mesh_packet_acquire
 .text.mesh_packet_ref_count_inc
                0x0007ad08       0x44 mesh/bootloader/CMakeFiles/mesh_bootloader_serial_gccarmemb_nrf52832_xxAA.dir/src/mesh_packet.c.obj
                0x0007ad08                mesh_packet_ref_count_inc
 .text.mesh_packet_ref_count_dec
                0x0007ad4c       0x48 mesh/bootloader/CMakeFiles/mesh_bootloader_serial_gccarmemb_nrf52832_xxAA.dir/src/mesh_packet.c.obj
                0x0007ad4c                mesh_packet_ref_count_dec
 .text.mesh_packet_ref_count_get
                0x0007ad94       0x20 mesh/bootloader/CMakeFiles/mesh_bootloader_serial_gccarmemb_nrf52832_xxAA.dir/src/mesh_packet.c.obj
                0x0007ad94                mesh_packet_ref_count_get
 .text.mesh_packet_set_local_addr
                0x0007adb4       0x28 mesh/bootloader/CMakeFiles/mesh_bootloader_serial_gccarmemb_nrf52832_xxAA.dir/src/mesh_packet.c.obj
                0x0007adb4                mesh_packet_set_local_addr
 .text.mesh_packet_adv_data_get
                0x0007addc       0x48 mesh/bootloader/CMakeFiles/mesh_bootloader_serial_gccarmemb_nrf52832_xxAA.dir/src/mesh_packet.c.obj
                0x0007addc                mesh_packet_adv_data_get
 .text.nrf_flash_erase
                0x0007ae24       0x60 mesh/bootloader/CMakeFiles/mesh_bootloader_serial_gccarmemb_nrf52832_xxAA.dir/src/nrf_flash.c.obj
                0x0007ae24                nrf_flash_erase
 .text.nrf_flash_store
                0x0007ae84       0x74 mesh/bootloader/CMakeFiles/mesh_bootloader_serial_gccarmemb_nrf52832_xxAA.dir/src/nrf_flash.c.obj
                0x0007ae84                nrf_flash_store
 .text.radio_init
                0x0007aef8      0x118 mesh/bootloader/CMakeFiles/mesh_bootloader_serial_gccarmemb_nrf52832_xxAA.dir/src/radio_control.c.obj
                0x0007aef8                radio_init
 .text.radio_order
                0x0007b010       0x4c mesh/bootloader/CMakeFiles/mesh_bootloader_serial_gccarmemb_nrf52832_xxAA.dir/src/radio_control.c.obj
                0x0007b010                radio_order
 .text.radio_disable
                0x0007b05c       0x24 mesh/bootloader/CMakeFiles/mesh_bootloader_serial_gccarmemb_nrf52832_xxAA.dir/src/radio_control.c.obj
                0x0007b05c                radio_disable
 .text.radio_event_handler
                0x0007b080      0x1b0 mesh/bootloader/CMakeFiles/mesh_bootloader_serial_gccarmemb_nrf52832_xxAA.dir/src/radio_control.c.obj
                0x0007b080                radio_event_handler
 .text.rand_prng_get
                0x0007b230       0x22 mesh/bootloader/CMakeFiles/mesh_bootloader_serial_gccarmemb_nrf52832_xxAA.dir/src/rand.c.obj
                0x0007b230                rand_prng_get
 *fill*         0x0007b252        0x2 
 .text.rand_hw_rng_get
                0x0007b254       0x30 mesh/bootloader/CMakeFiles/mesh_bootloader_serial_gccarmemb_nrf52832_xxAA.dir/src/rand.c.obj
                0x0007b254                rand_hw_rng_get
 .text.rand_prng_seed
                0x0007b284       0x38 mesh/bootloader/CMakeFiles/mesh_bootloader_serial_gccarmemb_nrf52832_xxAA.dir/src/rand.c.obj
                0x0007b284                rand_prng_seed
 .text.order_next_rtc
                0x0007b2bc       0x68 mesh/bootloader/CMakeFiles/mesh_bootloader_serial_gccarmemb_nrf52832_xxAA.dir/src/transport.c.obj
 .text.radio_rx_cb
                0x0007b324       0x30 mesh/bootloader/CMakeFiles/mesh_bootloader_serial_gccarmemb_nrf52832_xxAA.dir/src/transport.c.obj
 .text.order_scan
                0x0007b354       0x3c mesh/bootloader/CMakeFiles/mesh_bootloader_serial_gccarmemb_nrf52832_xxAA.dir/src/transport.c.obj
 .text.radio_idle_cb
                0x0007b390       0x10 mesh/bootloader/CMakeFiles/mesh_bootloader_serial_gccarmemb_nrf52832_xxAA.dir/src/transport.c.obj
 .text.set_next_tx
                0x0007b3a0       0x70 mesh/bootloader/CMakeFiles/mesh_bootloader_serial_gccarmemb_nrf52832_xxAA.dir/src/transport.c.obj
 .text.RADIO_IRQHandler
                0x0007b410        0x4 mesh/bootloader/CMakeFiles/mesh_bootloader_serial_gccarmemb_nrf52832_xxAA.dir/src/transport.c.obj
                0x0007b410                RADIO_IRQHandler
 .text.timeslot_is_in_ts
                0x0007b414        0x4 mesh/bootloader/CMakeFiles/mesh_bootloader_serial_gccarmemb_nrf52832_xxAA.dir/src/transport.c.obj
                0x0007b414                timeslot_is_in_ts
 .text.transport_init
                0x0007b418       0x8c mesh/bootloader/CMakeFiles/mesh_bootloader_serial_gccarmemb_nrf52832_xxAA.dir/src/transport.c.obj
                0x0007b418                transport_init
 .text.transport_start
                0x0007b4a4       0x14 mesh/bootloader/CMakeFiles/mesh_bootloader_serial_gccarmemb_nrf52832_xxAA.dir/src/transport.c.obj
                0x0007b4a4                transport_start
 .text.SWI0_EGU0_IRQHandler
                0x0007b4b8       0x4c mesh/bootloader/CMakeFiles/mesh_bootloader_serial_gccarmemb_nrf52832_xxAA.dir/src/transport.c.obj
                0x0007b4b8                SWI0_EGU0_IRQHandler
 .text.transport_tx
                0x0007b504       0x74 mesh/bootloader/CMakeFiles/mesh_bootloader_serial_gccarmemb_nrf52832_xxAA.dir/src/transport.c.obj
                0x0007b504                transport_tx
 .text.transport_tx_abort
                0x0007b578       0x40 mesh/bootloader/CMakeFiles/mesh_bootloader_serial_gccarmemb_nrf52832_xxAA.dir/src/transport.c.obj
                0x0007b578                transport_tx_abort
 .text.transport_rtc_irq_handler
                0x0007b5b8       0xc0 mesh/bootloader/CMakeFiles/mesh_bootloader_serial_gccarmemb_nrf52832_xxAA.dir/src/transport.c.obj
                0x0007b5b8                transport_rtc_irq_handler
 .text.transport_tx_evt_set
                0x0007b678       0x20 mesh/bootloader/CMakeFiles/mesh_bootloader_serial_gccarmemb_nrf52832_xxAA.dir/src/transport.c.obj
                0x0007b678                transport_tx_evt_set
 .text.transport_tx_evt_get
                0x0007b698       0x24 mesh/bootloader/CMakeFiles/mesh_bootloader_serial_gccarmemb_nrf52832_xxAA.dir/src/transport.c.obj
                0x0007b698                transport_tx_evt_get
 .text.radio_tx_cb
                0x0007b6bc       0x3e mesh/bootloader/CMakeFiles/mesh_bootloader_serial_gccarmemb_nrf52832_xxAA.dir/src/transport.c.obj
 .text.vli_clear
                0x0007b6fa       0x10 mesh/bootloader/CMakeFiles/mesh_bootloader_serial_gccarmemb_nrf52832_xxAA.dir/src/uECC.c.obj
 .text.vli_isZero
                0x0007b70a       0x16 mesh/bootloader/CMakeFiles/mesh_bootloader_serial_gccarmemb_nrf52832_xxAA.dir/src/uECC.c.obj
 .text.vli_testBit
                0x0007b720       0x14 mesh/bootloader/CMakeFiles/mesh_bootloader_serial_gccarmemb_nrf52832_xxAA.dir/src/uECC.c.obj
 .text.vli_set  0x0007b734       0x14 mesh/bootloader/CMakeFiles/mesh_bootloader_serial_gccarmemb_nrf52832_xxAA.dir/src/uECC.c.obj
 .text.vli_cmp  0x0007b748       0x28 mesh/bootloader/CMakeFiles/mesh_bootloader_serial_gccarmemb_nrf52832_xxAA.dir/src/uECC.c.obj
 .text.vli_rshift1
                0x0007b770       0x1c mesh/bootloader/CMakeFiles/mesh_bootloader_serial_gccarmemb_nrf52832_xxAA.dir/src/uECC.c.obj
 .text.vli_add  0x0007b78c       0x2a mesh/bootloader/CMakeFiles/mesh_bootloader_serial_gccarmemb_nrf52832_xxAA.dir/src/uECC.c.obj
 .text.vli_sub  0x0007b7b6       0x2a mesh/bootloader/CMakeFiles/mesh_bootloader_serial_gccarmemb_nrf52832_xxAA.dir/src/uECC.c.obj
 .text.vli_bytesToNative
                0x0007b7e0       0x28 mesh/bootloader/CMakeFiles/mesh_bootloader_serial_gccarmemb_nrf52832_xxAA.dir/src/uECC.c.obj
 .text.vli_modInv
                0x0007b808      0x11c mesh/bootloader/CMakeFiles/mesh_bootloader_serial_gccarmemb_nrf52832_xxAA.dir/src/uECC.c.obj
 .text.vli_modSub.constprop.1
                0x0007b924       0x20 mesh/bootloader/CMakeFiles/mesh_bootloader_serial_gccarmemb_nrf52832_xxAA.dir/src/uECC.c.obj
 .text.vli_modAdd.constprop.2
                0x0007b944       0x2c mesh/bootloader/CMakeFiles/mesh_bootloader_serial_gccarmemb_nrf52832_xxAA.dir/src/uECC.c.obj
 .text.vli_numBits.constprop.3
                0x0007b970       0x2c mesh/bootloader/CMakeFiles/mesh_bootloader_serial_gccarmemb_nrf52832_xxAA.dir/src/uECC.c.obj
 .text.vli_mult
                0x0007b99c       0xc4 mesh/bootloader/CMakeFiles/mesh_bootloader_serial_gccarmemb_nrf52832_xxAA.dir/src/uECC.c.obj
 .text.vli_modMult_fast
                0x0007ba60      0x198 mesh/bootloader/CMakeFiles/mesh_bootloader_serial_gccarmemb_nrf52832_xxAA.dir/src/uECC.c.obj
 .text.apply_z  0x0007bbf8       0x34 mesh/bootloader/CMakeFiles/mesh_bootloader_serial_gccarmemb_nrf52832_xxAA.dir/src/uECC.c.obj
 .text.XYcZ_add
                0x0007bc2c       0x9a mesh/bootloader/CMakeFiles/mesh_bootloader_serial_gccarmemb_nrf52832_xxAA.dir/src/uECC.c.obj
 *fill*         0x0007bcc6        0x2 
 .text.vli_modMult_n
                0x0007bcc8       0x9c mesh/bootloader/CMakeFiles/mesh_bootloader_serial_gccarmemb_nrf52832_xxAA.dir/src/uECC.c.obj
 .text.uECC_verify
                0x0007bd64      0x330 mesh/bootloader/CMakeFiles/mesh_bootloader_serial_gccarmemb_nrf52832_xxAA.dir/src/uECC.c.obj
                0x0007bd64                uECC_verify
 .text.sha256_transform
                0x0007c094      0x138 mesh/bootloader/CMakeFiles/mesh_bootloader_serial_gccarmemb_nrf52832_xxAA.dir/__/__/external/nRF5_SDK_14.2.0_17b948a/components/libraries/sha256/sha256.c.obj
                0x0007c094                sha256_transform
 .text.sha256_init
                0x0007c1cc       0x60 mesh/bootloader/CMakeFiles/mesh_bootloader_serial_gccarmemb_nrf52832_xxAA.dir/__/__/external/nRF5_SDK_14.2.0_17b948a/components/libraries/sha256/sha256.c.obj
                0x0007c1cc                sha256_init
 .text.sha256_update
                0x0007c22c       0x48 mesh/bootloader/CMakeFiles/mesh_bootloader_serial_gccarmemb_nrf52832_xxAA.dir/__/__/external/nRF5_SDK_14.2.0_17b948a/components/libraries/sha256/sha256.c.obj
                0x0007c22c                sha256_update
 .text.sha256_final
                0x0007c274      0x11e mesh/bootloader/CMakeFiles/mesh_bootloader_serial_gccarmemb_nrf52832_xxAA.dir/__/__/external/nRF5_SDK_14.2.0_17b948a/components/libraries/sha256/sha256.c.obj
                0x0007c274                sha256_final
 *fill*         0x0007c392        0x2 
 .text.schedule_transmit
                0x0007c394       0x2c mesh/bootloader/CMakeFiles/mesh_bootloader_serial_gccarmemb_nrf52832_xxAA.dir/src/serial_handler_uart.c.obj
 .text.SWI1_EGU1_IRQHandler
                0x0007c3c0       0x40 mesh/bootloader/CMakeFiles/mesh_bootloader_serial_gccarmemb_nrf52832_xxAA.dir/src/serial_handler_uart.c.obj
                0x0007c3c0                SWI1_EGU1_IRQHandler
 .text.serial_handler_init
                0x0007c400       0xc0 mesh/bootloader/CMakeFiles/mesh_bootloader_serial_gccarmemb_nrf52832_xxAA.dir/src/serial_handler_uart.c.obj
                0x0007c400                serial_handler_init
 .text.serial_handler_credit_available
                0x0007c4c0        0xc mesh/bootloader/CMakeFiles/mesh_bootloader_serial_gccarmemb_nrf52832_xxAA.dir/src/serial_handler_uart.c.obj
                0x0007c4c0                serial_handler_credit_available
 .text.serial_handler_event_send
                0x0007c4cc       0x48 mesh/bootloader/CMakeFiles/mesh_bootloader_serial_gccarmemb_nrf52832_xxAA.dir/src/serial_handler_uart.c.obj
                0x0007c4cc                serial_handler_event_send
 .text.UARTE0_UART0_IRQHandler
                0x0007c514       0xf8 mesh/bootloader/CMakeFiles/mesh_bootloader_serial_gccarmemb_nrf52832_xxAA.dir/src/serial_handler_uart.c.obj
                0x0007c514                UARTE0_UART0_IRQHandler
 .text.serial_wait_for_completion
                0x0007c60c       0x2c mesh/bootloader/CMakeFiles/mesh_bootloader_serial_gccarmemb_nrf52832_xxAA.dir/src/serial_handler_uart.c.obj
                0x0007c60c                serial_wait_for_completion
 .text.serial_handler_command_get
                0x0007c638       0x4c mesh/bootloader/CMakeFiles/mesh_bootloader_serial_gccarmemb_nrf52832_xxAA.dir/src/serial_handler_uart.c.obj
                0x0007c638                serial_handler_command_get
 .text.mesh_aci_init
                0x0007c684       0x18 mesh/bootloader/CMakeFiles/mesh_bootloader_serial_gccarmemb_nrf52832_xxAA.dir/src/mesh_aci.c.obj
                0x0007c684                mesh_aci_init
 .text.mesh_aci_start
                0x0007c69c       0x42 mesh/bootloader/CMakeFiles/mesh_bootloader_serial_gccarmemb_nrf52832_xxAA.dir/src/mesh_aci.c.obj
                0x0007c69c                mesh_aci_start
 *fill*         0x0007c6de        0x2 
 .text.mesh_aci_command_check
                0x0007c6e0      0x170 mesh/bootloader/CMakeFiles/mesh_bootloader_serial_gccarmemb_nrf52832_xxAA.dir/src/mesh_aci.c.obj
                0x0007c6e0                mesh_aci_command_check
 .text.errata_57
                0x0007c850       0x34 mesh/bootloader/CMakeFiles/mesh_bootloader_serial_gccarmemb_nrf52832_xxAA.dir/__/__/external/nRF5_SDK_14.2.0_17b948a/components/toolchain/system_nrf52.c.obj
 .text.errata_136
                0x0007c884       0x40 mesh/bootloader/CMakeFiles/mesh_bootloader_serial_gccarmemb_nrf52832_xxAA.dir/__/__/external/nRF5_SDK_14.2.0_17b948a/components/toolchain/system_nrf52.c.obj
 .text.SystemInit
                0x0007c8c4      0x238 mesh/bootloader/CMakeFiles/mesh_bootloader_serial_gccarmemb_nrf52832_xxAA.dir/__/__/external/nRF5_SDK_14.2.0_17b948a/components/toolchain/system_nrf52.c.obj
                0x0007c8c4                SystemInit
 .text          0x0007cafc       0x3c mesh/bootloader/CMakeFiles/mesh_bootloader_serial_gccarmemb_nrf52832_xxAA.dir/__/__/external/nRF5_SDK_14.2.0_17b948a/components/toolchain/gcc/gcc_startup_nrf52.S.obj
                0x0007cafc                Reset_Handler
                0x0007cb24                NMI_Handler
                0x0007cb28                MemoryManagement_Handler
                0x0007cb2a                BusFault_Handler
                0x0007cb2c                UsageFault_Handler
                0x0007cb2e                SVC_Handler
                0x0007cb30                DebugMon_Handler
                0x0007cb32                PendSV_Handler
                0x0007cb34                SysTick_Handler
                0x0007cb36                TEMP_IRQHandler
                0x0007cb36                QDEC_IRQHandler
                0x0007cb36                TIMER3_IRQHandler
                0x0007cb36                FPU_IRQHandler
                0x0007cb36                PDM_IRQHandler
                0x0007cb36                POWER_CLOCK_IRQHandler
                0x0007cb36                TIMER4_IRQHandler
                0x0007cb36                PWM1_IRQHandler
                0x0007cb36                SWI4_EGU4_IRQHandler
                0x0007cb36                TIMER0_IRQHandler
                0x0007cb36                SPIM0_SPIS0_TWIM0_TWIS0_SPI0_TWI0_IRQHandler
                0x0007cb36                TIMER1_IRQHandler
                0x0007cb36                PWM2_IRQHandler
                0x0007cb36                ECB_IRQHandler
                0x0007cb36                SPIM1_SPIS1_TWIM1_TWIS1_SPI1_TWI1_IRQHandler
                0x0007cb36                Default_Handler
                0x0007cb36                SAADC_IRQHandler
                0x0007cb36                CCM_AAR_IRQHandler
                0x0007cb36                WDT_IRQHandler
                0x0007cb36                I2S_IRQHandler
                0x0007cb36                SWI5_EGU5_IRQHandler
                0x0007cb36                RNG_IRQHandler
                0x0007cb36                RTC2_IRQHandler
                0x0007cb36                PWM0_IRQHandler
                0x0007cb36                RTC1_IRQHandler
                0x0007cb36                SPIM2_SPIS2_SPI2_IRQHandler
                0x0007cb36                NFCT_IRQHandler
                0x0007cb36                GPIOTE_IRQHandler
                0x0007cb36                MWU_IRQHandler
                0x0007cb36                TIMER2_IRQHandler
                0x0007cb36                COMP_LPCOMP_IRQHandler
 .text          0x0007cb38       0x18 c:/a/gcc_arm/6/bin/../lib/gcc/arm-none-eabi/6.3.1/thumb/v7e-m/fpv4-sp/hard\libgcc.a(_lshrdi3.o)
                0x0007cb38                __lshrdi3
                0x0007cb38                __aeabi_llsr
 .text          0x0007cb50       0x18 c:/a/gcc_arm/6/bin/../lib/gcc/arm-none-eabi/6.3.1/thumb/v7e-m/fpv4-sp/hard\libgcc.a(_ashldi3.o)
                0x0007cb50                __aeabi_llsl
                0x0007cb50                __ashldi3
 .text          0x0007cb68       0x30 c:/a/gcc_arm/6/bin/../lib/gcc/arm-none-eabi/6.3.1/thumb/v7e-m/fpv4-sp/hard\libgcc.a(_aeabi_uldivmod.o)
                0x0007cb68                __aeabi_uldivmod
 .text          0x0007cb98      0x2dc c:/a/gcc_arm/6/bin/../lib/gcc/arm-none-eabi/6.3.1/thumb/v7e-m/fpv4-sp/hard\libgcc.a(_udivmoddi4.o)
                0x0007cb98                __udivmoddi4
 .text          0x0007ce74        0x4 c:/a/gcc_arm/6/bin/../lib/gcc/arm-none-eabi/6.3.1/thumb/v7e-m/fpv4-sp/hard\libgcc.a(_dvmd_tls.o)
                0x0007ce74                __aeabi_idiv0
                0x0007ce74                __aeabi_ldiv0
 .text.exit     0x0007ce78       0x28 c:/a/gcc_arm/6/bin/../lib/gcc/arm-none-eabi/6.3.1/../../../../arm-none-eabi/lib/thumb/v7e-m/fpv4-sp/hard\libg_nano.a(lib_a-exit.o)
                0x0007ce78                exit
 .text.__libc_init_array
                0x0007cea0       0x48 c:/a/gcc_arm/6/bin/../lib/gcc/arm-none-eabi/6.3.1/../../../../arm-none-eabi/lib/thumb/v7e-m/fpv4-sp/hard\libg_nano.a(lib_a-init.o)
                0x0007cea0                __libc_init_array
 .text.memcmp   0x0007cee8       0x1e c:/a/gcc_arm/6/bin/../lib/gcc/arm-none-eabi/6.3.1/../../../../arm-none-eabi/lib/thumb/v7e-m/fpv4-sp/hard\libg_nano.a(lib_a-memcmp.o)
                0x0007cee8                memcmp
 .text.memcpy   0x0007cf06       0x16 c:/a/gcc_arm/6/bin/../lib/gcc/arm-none-eabi/6.3.1/../../../../arm-none-eabi/lib/thumb/v7e-m/fpv4-sp/hard\libg_nano.a(lib_a-memcpy-stub.o)
                0x0007cf06                memcpy
 .text.memset   0x0007cf1c       0x10 c:/a/gcc_arm/6/bin/../lib/gcc/arm-none-eabi/6.3.1/../../../../arm-none-eabi/lib/thumb/v7e-m/fpv4-sp/hard\libg_nano.a(lib_a-memset.o)
                0x0007cf1c                memset
 .text._exit    0x0007cf2c        0x4 c:/a/gcc_arm/6/bin/../lib/gcc/arm-none-eabi/6.3.1/../../../../arm-none-eabi/lib/thumb/v7e-m/fpv4-sp/hard\libnosys.a(_exit.o)
                0x0007cf2c                _exit
 *(.init)
 .init          0x0007cf30        0x4 c:/a/gcc_arm/6/bin/../lib/gcc/arm-none-eabi/6.3.1/thumb/v7e-m/fpv4-sp/hard/crti.o
                0x0007cf30                _init
 .init          0x0007cf34        0x8 c:/a/gcc_arm/6/bin/../lib/gcc/arm-none-eabi/6.3.1/thumb/v7e-m/fpv4-sp/hard/crtn.o
 *(.fini)
 .fini          0x0007cf3c        0x4 c:/a/gcc_arm/6/bin/../lib/gcc/arm-none-eabi/6.3.1/thumb/v7e-m/fpv4-sp/hard/crti.o
                0x0007cf3c                _fini
 .fini          0x0007cf40        0x8 c:/a/gcc_arm/6/bin/../lib/gcc/arm-none-eabi/6.3.1/thumb/v7e-m/fpv4-sp/hard/crtn.o
 *crtbegin.o(.ctors)
 *crtbegin?.o(.ctors)
 *(EXCLUDE_FILE(*crtend.o *crtend?.o) .ctors)
 *(SORT(.ctors.*))
 *(.ctors)
 *crtbegin.o(.dtors)
 *crtbegin?.o(.dtors)
 *(EXCLUDE_FILE(*crtend.o *crtend?.o) .dtors)
 *(SORT(.dtors.*))
 *(.dtors)
 *(.rodata*)
 .rodata.m_invalid_header
                0x0007cf48        0x4 mesh/bootloader/CMakeFiles/mesh_bootloader_serial_gccarmemb_nrf52832_xxAA.dir/src/bootloader_info.c.obj
 .rodata.CSWTCH.30
                0x0007cf4c        0x4 mesh/bootloader/CMakeFiles/mesh_bootloader_serial_gccarmemb_nrf52832_xxAA.dir/src/dfu_mesh.c.obj
 .rodata        0x0007cf50        0xc mesh/bootloader/CMakeFiles/mesh_bootloader_serial_gccarmemb_nrf52832_xxAA.dir/src/radio_control.c.obj
 .rodata.curve_G
                0x0007cf5c       0x40 mesh/bootloader/CMakeFiles/mesh_bootloader_serial_gccarmemb_nrf52832_xxAA.dir/src/uECC.c.obj
 .rodata.curve_n
                0x0007cf9c       0x20 mesh/bootloader/CMakeFiles/mesh_bootloader_serial_gccarmemb_nrf52832_xxAA.dir/src/uECC.c.obj
 .rodata.curve_p
                0x0007cfbc       0x20 mesh/bootloader/CMakeFiles/mesh_bootloader_serial_gccarmemb_nrf52832_xxAA.dir/src/uECC.c.obj
 .rodata.k      0x0007cfdc      0x100 mesh/bootloader/CMakeFiles/mesh_bootloader_serial_gccarmemb_nrf52832_xxAA.dir/__/__/external/nRF5_SDK_14.2.0_17b948a/components/libraries/sha256/sha256.c.obj
 .rodata.CSWTCH.8
                0x0007d0dc       0x12 mesh/bootloader/CMakeFiles/mesh_bootloader_serial_gccarmemb_nrf52832_xxAA.dir/src/mesh_aci.c.obj
 *fill*         0x0007d0ee        0x2 
 .rodata._global_impure_ptr
                0x0007d0f0        0x4 c:/a/gcc_arm/6/bin/../lib/gcc/arm-none-eabi/6.3.1/../../../../arm-none-eabi/lib/thumb/v7e-m/fpv4-sp/hard\libg_nano.a(lib_a-impure.o)
                0x0007d0f0                _global_impure_ptr
 *(.eh_frame*)
 .eh_frame      0x0007d0f4        0x0 c:/a/gcc_arm/6/bin/../lib/gcc/arm-none-eabi/6.3.1/thumb/v7e-m/fpv4-sp/hard/crtbegin.o
 .eh_frame      0x0007d0f4        0x4 c:/a/gcc_arm/6/bin/../lib/gcc/arm-none-eabi/6.3.1/thumb/v7e-m/fpv4-sp/hard/crtend.o

.glue_7         0x0007d0f8        0x0
 .glue_7        0x0007d0f8        0x0 linker stubs

.glue_7t        0x0007d0f8        0x0
 .glue_7t       0x0007d0f8        0x0 linker stubs

.vfp11_veneer   0x0007d0f8        0x0
 .vfp11_veneer  0x0007d0f8        0x0 linker stubs

.v4_bx          0x0007d0f8        0x0
 .v4_bx         0x0007d0f8        0x0 linker stubs

.iplt           0x0007d0f8        0x0
 .iplt          0x0007d0f8        0x0 c:/a/gcc_arm/6/bin/../lib/gcc/arm-none-eabi/6.3.1/thumb/v7e-m/fpv4-sp/hard/crtbegin.o

.ARM.extab
 *(.ARM.extab* .gnu.linkonce.armextab.*)
                0x0007d0f8                __exidx_start = .

.ARM.exidx      0x0007d0f8        0x8
 *(.ARM.exidx* .gnu.linkonce.armexidx.*)
 .ARM.exidx     0x0007d0f8        0x8 c:/a/gcc_arm/6/bin/../lib/gcc/arm-none-eabi/6.3.1/../../../../arm-none-eabi/lib/thumb/v7e-m/fpv4-sp/hard/crt0.o
 .ARM.exidx     0x0007d100        0x0 c:/a/gcc_arm/6/bin/../lib/gcc/arm-none-eabi/6.3.1/thumb/v7e-m/fpv4-sp/hard\libgcc.a(_udivmoddi4.o)
                                  0x8 (size before relaxing)
                0x0007d100                __exidx_end = .
                0x0007d100                __etext = .

.rel.dyn        0x0007d100        0x0
 .rel.iplt      0x0007d100        0x0 c:/a/gcc_arm/6/bin/../lib/gcc/arm-none-eabi/6.3.1/thumb/v7e-m/fpv4-sp/hard/crtbegin.o

.data           0x20000004       0x7c load address 0x0007d100
                0x20000004                __data_start__ = .
 *(vtable)
 *(.data*)
 .data.m_alt_aa
                0x20000004        0x4 mesh/bootloader/CMakeFiles/mesh_bootloader_serial_gccarmemb_nrf52832_xxAA.dir/src/radio_control.c.obj
 .data.m_radio_state
                0x20000008        0x1 mesh/bootloader/CMakeFiles/mesh_bootloader_serial_gccarmemb_nrf52832_xxAA.dir/src/radio_control.c.obj
 *fill*         0x20000009        0x3 
 .data.pp.10925
                0x2000000c        0x4 mesh/bootloader/CMakeFiles/mesh_bootloader_serial_gccarmemb_nrf52832_xxAA.dir/src/serial_handler_uart.c.obj
 .data.SystemCoreClock
                0x20000010        0x4 mesh/bootloader/CMakeFiles/mesh_bootloader_serial_gccarmemb_nrf52832_xxAA.dir/__/__/external/nRF5_SDK_14.2.0_17b948a/components/toolchain/system_nrf52.c.obj
                0x20000010                SystemCoreClock
 .data.impure_data
                0x20000014       0x60 c:/a/gcc_arm/6/bin/../lib/gcc/arm-none-eabi/6.3.1/../../../../arm-none-eabi/lib/thumb/v7e-m/fpv4-sp/hard\libg_nano.a(lib_a-impure.o)
                0x20000074                . = ALIGN (0x4)
                0x20000074                PROVIDE (__preinit_array_start, .)
 *(.preinit_array)
                0x20000074                PROVIDE (__preinit_array_end, .)
                0x20000074                . = ALIGN (0x4)
                0x20000074                PROVIDE (__init_array_start, .)
 *(SORT(.init_array.*))
 *(.init_array)
 .init_array    0x20000074        0x4 c:/a/gcc_arm/6/bin/../lib/gcc/arm-none-eabi/6.3.1/thumb/v7e-m/fpv4-sp/hard/crtbegin.o
                0x20000078                PROVIDE (__init_array_end, .)
                0x20000078                . = ALIGN (0x4)
                [!provide]                PROVIDE (__fini_array_start, .)
 *(SORT(.fini_array.*))
 *(.fini_array)
 .fini_array    0x20000078        0x4 c:/a/gcc_arm/6/bin/../lib/gcc/arm-none-eabi/6.3.1/thumb/v7e-m/fpv4-sp/hard/crtbegin.o
                [!provide]                PROVIDE (__fini_array_end, .)
 *(.jcr*)
 .jcr           0x2000007c        0x0 c:/a/gcc_arm/6/bin/../lib/gcc/arm-none-eabi/6.3.1/thumb/v7e-m/fpv4-sp/hard/crtbegin.o
 .jcr           0x2000007c        0x4 c:/a/gcc_arm/6/bin/../lib/gcc/arm-none-eabi/6.3.1/thumb/v7e-m/fpv4-sp/hard/crtend.o
                0x20000080                . = ALIGN (0x4)
                0x20000080                __data_end__ = .

.igot.plt       0x20000080        0x0 load address 0x0007d17c
 .igot.plt      0x20000080        0x0 c:/a/gcc_arm/6/bin/../lib/gcc/arm-none-eabi/6.3.1/thumb/v7e-m/fpv4-sp/hard/crtbegin.o

.bss            0x20000080      0x954 load address 0x0007d17c
                0x20000080                . = ALIGN (0x4)
                0x20000080                __bss_start__ = .
 *(.bss*)
 .bss           0x20000080       0x1c c:/a/gcc_arm/6/bin/../lib/gcc/arm-none-eabi/6.3.1/thumb/v7e-m/fpv4-sp/hard/crtbegin.o
 .bss.m_flash_fifo
                0x2000009c       0x18 mesh/bootloader/CMakeFiles/mesh_bootloader_serial_gccarmemb_nrf52832_xxAA.dir/src/bootloader.c.obj
 .bss.m_flash_fifo_buf
                0x200000b4       0x80 mesh/bootloader/CMakeFiles/mesh_bootloader_serial_gccarmemb_nrf52832_xxAA.dir/src/bootloader.c.obj
 .bss.m_go_to_app
                0x20000134        0x1 mesh/bootloader/CMakeFiles/mesh_bootloader_serial_gccarmemb_nrf52832_xxAA.dir/src/bootloader.c.obj
 .bss.m_timeout_action
                0x20000135        0x1 mesh/bootloader/CMakeFiles/mesh_bootloader_serial_gccarmemb_nrf52832_xxAA.dir/src/bootloader.c.obj
 *fill*         0x20000136        0x2 
 .bss.rsp_cmd.11392
                0x20000138       0x18 mesh/bootloader/CMakeFiles/mesh_bootloader_serial_gccarmemb_nrf52832_xxAA.dir/src/bootloader.c.obj
 .bss.g_packet_pool
                0x20000150      0x500 mesh/bootloader/CMakeFiles/mesh_bootloader_serial_gccarmemb_nrf52832_xxAA.dir/src/mesh_packet.c.obj
 .bss.g_packet_refs
                0x20000650       0x20 mesh/bootloader/CMakeFiles/mesh_bootloader_serial_gccarmemb_nrf52832_xxAA.dir/src/mesh_packet.c.obj
 .bss.buffer.6864
                0x20000670        0x4 mesh/bootloader/CMakeFiles/mesh_bootloader_serial_gccarmemb_nrf52832_xxAA.dir/src/nrf_flash.c.obj
 .bss.m_idle_cb
                0x20000674        0x4 mesh/bootloader/CMakeFiles/mesh_bootloader_serial_gccarmemb_nrf52832_xxAA.dir/src/radio_control.c.obj
 .bss.m_radio_fifo
                0x20000678       0x18 mesh/bootloader/CMakeFiles/mesh_bootloader_serial_gccarmemb_nrf52832_xxAA.dir/src/radio_control.c.obj
 .bss.m_radio_fifo_queue
                0x20000690       0x40 mesh/bootloader/CMakeFiles/mesh_bootloader_serial_gccarmemb_nrf52832_xxAA.dir/src/radio_control.c.obj
 .bss.m_rx_cb   0x200006d0        0x4 mesh/bootloader/CMakeFiles/mesh_bootloader_serial_gccarmemb_nrf52832_xxAA.dir/src/radio_control.c.obj
 .bss.m_tx_cb   0x200006d4        0x4 mesh/bootloader/CMakeFiles/mesh_bootloader_serial_gccarmemb_nrf52832_xxAA.dir/src/radio_control.c.obj
 .bss.m_prng    0x200006d8       0x10 mesh/bootloader/CMakeFiles/mesh_bootloader_serial_gccarmemb_nrf52832_xxAA.dir/src/transport.c.obj
 .bss.m_running
                0x200006e8        0x1 mesh/bootloader/CMakeFiles/mesh_bootloader_serial_gccarmemb_nrf52832_xxAA.dir/src/transport.c.obj
 *fill*         0x200006e9        0x3 
 .bss.m_rx_cb   0x200006ec        0x4 mesh/bootloader/CMakeFiles/mesh_bootloader_serial_gccarmemb_nrf52832_xxAA.dir/src/transport.c.obj
 .bss.m_rx_fifo
                0x200006f0       0x18 mesh/bootloader/CMakeFiles/mesh_bootloader_serial_gccarmemb_nrf52832_xxAA.dir/src/transport.c.obj
 .bss.m_rx_fifo_buf
                0x20000708       0x80 mesh/bootloader/CMakeFiles/mesh_bootloader_serial_gccarmemb_nrf52832_xxAA.dir/src/transport.c.obj
 .bss.m_ticks_at_order_time
                0x20000788        0x4 mesh/bootloader/CMakeFiles/mesh_bootloader_serial_gccarmemb_nrf52832_xxAA.dir/src/transport.c.obj
 .bss.m_tx      0x2000078c       0x80 mesh/bootloader/CMakeFiles/mesh_bootloader_serial_gccarmemb_nrf52832_xxAA.dir/src/transport.c.obj
 .bss.m_rx_fifo
                0x2000080c       0x18 mesh/bootloader/CMakeFiles/mesh_bootloader_serial_gccarmemb_nrf52832_xxAA.dir/src/serial_handler_uart.c.obj
 .bss.m_rx_fifo_buffer
                0x20000824       0x9c mesh/bootloader/CMakeFiles/mesh_bootloader_serial_gccarmemb_nrf52832_xxAA.dir/src/serial_handler_uart.c.obj
 .bss.m_serial_state
                0x200008c0        0x1 mesh/bootloader/CMakeFiles/mesh_bootloader_serial_gccarmemb_nrf52832_xxAA.dir/src/serial_handler_uart.c.obj
 .bss.m_suspend
                0x200008c1        0x1 mesh/bootloader/CMakeFiles/mesh_bootloader_serial_gccarmemb_nrf52832_xxAA.dir/src/serial_handler_uart.c.obj
 .bss.m_tx_buffer
                0x200008c2       0x27 mesh/bootloader/CMakeFiles/mesh_bootloader_serial_gccarmemb_nrf52832_xxAA.dir/src/serial_handler_uart.c.obj
 *fill*         0x200008e9        0x3 
 .bss.m_tx_fifo
                0x200008ec       0x18 mesh/bootloader/CMakeFiles/mesh_bootloader_serial_gccarmemb_nrf52832_xxAA.dir/src/serial_handler_uart.c.obj
 .bss.m_tx_fifo_buffer
                0x20000904       0x9c mesh/bootloader/CMakeFiles/mesh_bootloader_serial_gccarmemb_nrf52832_xxAA.dir/src/serial_handler_uart.c.obj
 .bss.m_tx_len  0x200009a0        0x4 mesh/bootloader/CMakeFiles/mesh_bootloader_serial_gccarmemb_nrf52832_xxAA.dir/src/serial_handler_uart.c.obj
 .bss.mp_tx_ptr
                0x200009a4        0x4 mesh/bootloader/CMakeFiles/mesh_bootloader_serial_gccarmemb_nrf52832_xxAA.dir/src/serial_handler_uart.c.obj
 .bss.rx_buf.10924
                0x200009a8       0x27 mesh/bootloader/CMakeFiles/mesh_bootloader_serial_gccarmemb_nrf52832_xxAA.dir/src/serial_handler_uart.c.obj
 *(COMMON)
 *fill*         0x200009cf        0x1 
 COMMON         0x200009d0        0x2 mesh/bootloader/CMakeFiles/mesh_bootloader_serial_gccarmemb_nrf52832_xxAA.dir/src/transport.c.obj
                0x200009d0                m_tx_evt_bitfield
                0x200009d4                . = ALIGN (0x4)
 *fill*         0x200009d2        0x2 
                0x200009d4                __bss_end__ = .

.heap           0x200009d8     0x2000
                0x200009d8                __HeapBase = .
                0x200009d8                __end__ = .
                [!provide]                PROVIDE (end, .)
 *(.heap*)
 .heap          0x200009d8     0x2000 mesh/bootloader/CMakeFiles/mesh_bootloader_serial_gccarmemb_nrf52832_xxAA.dir/__/__/external/nRF5_SDK_14.2.0_17b948a/components/toolchain/gcc/gcc_startup_nrf52.S.obj
                0x200029d8                __HeapLimit = .

.stack_dummy    0x200009d8     0x2000
 *(.stack*)
 .stack         0x200009d8     0x2000 mesh/bootloader/CMakeFiles/mesh_bootloader_serial_gccarmemb_nrf52832_xxAA.dir/__/__/external/nRF5_SDK_14.2.0_17b948a/components/toolchain/gcc/gcc_startup_nrf52.S.obj
                0x2000fd00                __StackTop = (ORIGIN (RAM) + LENGTH (RAM))
                0x2000dd00                __StackLimit = (__StackTop - SIZEOF (.stack_dummy))
                0x2000fd00                PROVIDE (__stack, __StackTop)
                0x00000001                ASSERT ((__StackLimit >= __HeapLimit), region RAM overflowed with stack)
                0x0000007c                DataInitFlashUsed = (__bss_start__ - __data_start__)
                0x00005100                CodeFlashUsed = (__etext - ORIGIN (FLASH))
                0x0000517c                TotalFlashUsed = (CodeFlashUsed + DataInitFlashUsed)
                0x00000001                ASSERT ((TotalFlashUsed <= LENGTH (FLASH)), region FLASH overflowed with .data and user data)
OUTPUT(mesh\bootloader\mesh_bootloader_serial_gccarmemb_nrf52832_xxAA.elf elf32-littlearm)

.ARM.attributes
                0x00000000       0x30
 .ARM.attributes
                0x00000000       0x22 c:/a/gcc_arm/6/bin/../lib/gcc/arm-none-eabi/6.3.1/thumb/v7e-m/fpv4-sp/hard/crti.o
 .ARM.attributes
                0x00000022       0x34 c:/a/gcc_arm/6/bin/../lib/gcc/arm-none-eabi/6.3.1/thumb/v7e-m/fpv4-sp/hard/crtbegin.o
 .ARM.attributes
                0x00000056       0x20 c:/a/gcc_arm/6/bin/../lib/gcc/arm-none-eabi/6.3.1/../../../../arm-none-eabi/lib/thumb/v7e-m/fpv4-sp/hard/crt0.o
 .ARM.attributes
                0x00000076       0x39 mesh/bootloader/CMakeFiles/mesh_bootloader_serial_gccarmemb_nrf52832_xxAA.dir/src/bootloader.c.obj
 .ARM.attributes
                0x000000af       0x39 mesh/bootloader/CMakeFiles/mesh_bootloader_serial_gccarmemb_nrf52832_xxAA.dir/src/bootloader_app_bridge.c.obj
 .ARM.attributes
                0x000000e8       0x39 mesh/bootloader/CMakeFiles/mesh_bootloader_serial_gccarmemb_nrf52832_xxAA.dir/src/bootloader_info.c.obj
 .ARM.attributes
                0x00000121       0x39 mesh/bootloader/CMakeFiles/mesh_bootloader_serial_gccarmemb_nrf52832_xxAA.dir/src/bootloader_rtc.c.obj
 .ARM.attributes
                0x0000015a       0x39 mesh/bootloader/CMakeFiles/mesh_bootloader_serial_gccarmemb_nrf52832_xxAA.dir/src/bootloader_util.c.obj
 .ARM.attributes
                0x00000193       0x39 mesh/bootloader/CMakeFiles/mesh_bootloader_serial_gccarmemb_nrf52832_xxAA.dir/src/dfu_bank.c.obj
 .ARM.attributes
                0x000001cc       0x39 mesh/bootloader/CMakeFiles/mesh_bootloader_serial_gccarmemb_nrf52832_xxAA.dir/src/dfu_mesh.c.obj
 .ARM.attributes
                0x00000205       0x39 mesh/bootloader/CMakeFiles/mesh_bootloader_serial_gccarmemb_nrf52832_xxAA.dir/src/dfu_transfer_mesh.c.obj
 .ARM.attributes
                0x0000023e       0x39 mesh/bootloader/CMakeFiles/mesh_bootloader_serial_gccarmemb_nrf52832_xxAA.dir/src/dfu_util.c.obj
 .ARM.attributes
                0x00000277       0x39 mesh/bootloader/CMakeFiles/mesh_bootloader_serial_gccarmemb_nrf52832_xxAA.dir/src/fifo.c.obj
 .ARM.attributes
                0x000002b0       0x39 mesh/bootloader/CMakeFiles/mesh_bootloader_serial_gccarmemb_nrf52832_xxAA.dir/src/main.c.obj
 .ARM.attributes
                0x000002e9       0x39 mesh/bootloader/CMakeFiles/mesh_bootloader_serial_gccarmemb_nrf52832_xxAA.dir/src/mesh_packet.c.obj
 .ARM.attributes
                0x00000322       0x39 mesh/bootloader/CMakeFiles/mesh_bootloader_serial_gccarmemb_nrf52832_xxAA.dir/src/nrf_flash.c.obj
 .ARM.attributes
                0x0000035b       0x39 mesh/bootloader/CMakeFiles/mesh_bootloader_serial_gccarmemb_nrf52832_xxAA.dir/src/radio_control.c.obj
 .ARM.attributes
                0x00000394       0x39 mesh/bootloader/CMakeFiles/mesh_bootloader_serial_gccarmemb_nrf52832_xxAA.dir/src/rand.c.obj
 .ARM.attributes
                0x000003cd       0x39 mesh/bootloader/CMakeFiles/mesh_bootloader_serial_gccarmemb_nrf52832_xxAA.dir/src/transport.c.obj
 .ARM.attributes
                0x00000406       0x39 mesh/bootloader/CMakeFiles/mesh_bootloader_serial_gccarmemb_nrf52832_xxAA.dir/src/uECC.c.obj
 .ARM.attributes
                0x0000043f       0x39 mesh/bootloader/CMakeFiles/mesh_bootloader_serial_gccarmemb_nrf52832_xxAA.dir/__/__/external/nRF5_SDK_14.2.0_17b948a/components/libraries/sha256/sha256.c.obj
 .ARM.attributes
                0x00000478       0x39 mesh/bootloader/CMakeFiles/mesh_bootloader_serial_gccarmemb_nrf52832_xxAA.dir/src/serial_handler_uart.c.obj
 .ARM.attributes
                0x000004b1       0x39 mesh/bootloader/CMakeFiles/mesh_bootloader_serial_gccarmemb_nrf52832_xxAA.dir/src/mesh_aci.c.obj
 .ARM.attributes
                0x000004ea       0x39 mesh/bootloader/CMakeFiles/mesh_bootloader_serial_gccarmemb_nrf52832_xxAA.dir/__/__/external/nRF5_SDK_14.2.0_17b948a/components/toolchain/system_nrf52.c.obj
 .ARM.attributes
                0x00000523       0x20 mesh/bootloader/CMakeFiles/mesh_bootloader_serial_gccarmemb_nrf52832_xxAA.dir/__/__/external/nRF5_SDK_14.2.0_17b948a/components/toolchain/gcc/gcc_startup_nrf52.S.obj
 .ARM.attributes
                0x00000543       0x22 c:/a/gcc_arm/6/bin/../lib/gcc/arm-none-eabi/6.3.1/thumb/v7e-m/fpv4-sp/hard\libgcc.a(_lshrdi3.o)
 .ARM.attributes
                0x00000565       0x22 c:/a/gcc_arm/6/bin/../lib/gcc/arm-none-eabi/6.3.1/thumb/v7e-m/fpv4-sp/hard\libgcc.a(_ashldi3.o)
 .ARM.attributes
                0x00000587       0x22 c:/a/gcc_arm/6/bin/../lib/gcc/arm-none-eabi/6.3.1/thumb/v7e-m/fpv4-sp/hard\libgcc.a(_aeabi_uldivmod.o)
 .ARM.attributes
                0x000005a9       0x34 c:/a/gcc_arm/6/bin/../lib/gcc/arm-none-eabi/6.3.1/thumb/v7e-m/fpv4-sp/hard\libgcc.a(_udivmoddi4.o)
 .ARM.attributes
                0x000005dd       0x22 c:/a/gcc_arm/6/bin/../lib/gcc/arm-none-eabi/6.3.1/thumb/v7e-m/fpv4-sp/hard\libgcc.a(_dvmd_tls.o)
 .ARM.attributes
                0x000005ff       0x34 c:/a/gcc_arm/6/bin/../lib/gcc/arm-none-eabi/6.3.1/../../../../arm-none-eabi/lib/thumb/v7e-m/fpv4-sp/hard\libg_nano.a(lib_a-exit.o)
 .ARM.attributes
                0x00000633       0x34 c:/a/gcc_arm/6/bin/../lib/gcc/arm-none-eabi/6.3.1/../../../../arm-none-eabi/lib/thumb/v7e-m/fpv4-sp/hard\libg_nano.a(lib_a-impure.o)
 .ARM.attributes
                0x00000667       0x34 c:/a/gcc_arm/6/bin/../lib/gcc/arm-none-eabi/6.3.1/../../../../arm-none-eabi/lib/thumb/v7e-m/fpv4-sp/hard\libg_nano.a(lib_a-init.o)
 .ARM.attributes
                0x0000069b       0x34 c:/a/gcc_arm/6/bin/../lib/gcc/arm-none-eabi/6.3.1/../../../../arm-none-eabi/lib/thumb/v7e-m/fpv4-sp/hard\libg_nano.a(lib_a-memcmp.o)
 .ARM.attributes
                0x000006cf       0x34 c:/a/gcc_arm/6/bin/../lib/gcc/arm-none-eabi/6.3.1/../../../../arm-none-eabi/lib/thumb/v7e-m/fpv4-sp/hard\libg_nano.a(lib_a-memcpy-stub.o)
 .ARM.attributes
                0x00000703       0x34 c:/a/gcc_arm/6/bin/../lib/gcc/arm-none-eabi/6.3.1/../../../../arm-none-eabi/lib/thumb/v7e-m/fpv4-sp/hard\libg_nano.a(lib_a-memset.o)
 .ARM.attributes
                0x00000737       0x34 c:/a/gcc_arm/6/bin/../lib/gcc/arm-none-eabi/6.3.1/thumb/v7e-m/fpv4-sp/hard/crtend.o
 .ARM.attributes
                0x0000076b       0x22 c:/a/gcc_arm/6/bin/../lib/gcc/arm-none-eabi/6.3.1/thumb/v7e-m/fpv4-sp/hard/crtn.o
 .ARM.attributes
                0x0000078d       0x34 c:/a/gcc_arm/6/bin/../lib/gcc/arm-none-eabi/6.3.1/../../../../arm-none-eabi/lib/thumb/v7e-m/fpv4-sp/hard\libnosys.a(_exit.o)

.comment        0x00000000       0x7f
 .comment       0x00000000       0x7f mesh/bootloader/CMakeFiles/mesh_bootloader_serial_gccarmemb_nrf52832_xxAA.dir/src/bootloader.c.obj
                                 0x80 (size before relaxing)
 .comment       0x0000007f       0x80 mesh/bootloader/CMakeFiles/mesh_bootloader_serial_gccarmemb_nrf52832_xxAA.dir/src/bootloader_app_bridge.c.obj
 .comment       0x0000007f       0x80 mesh/bootloader/CMakeFiles/mesh_bootloader_serial_gccarmemb_nrf52832_xxAA.dir/src/bootloader_info.c.obj
 .comment       0x0000007f       0x80 mesh/bootloader/CMakeFiles/mesh_bootloader_serial_gccarmemb_nrf52832_xxAA.dir/src/bootloader_rtc.c.obj
 .comment       0x0000007f       0x80 mesh/bootloader/CMakeFiles/mesh_bootloader_serial_gccarmemb_nrf52832_xxAA.dir/src/bootloader_util.c.obj
 .comment       0x0000007f       0x80 mesh/bootloader/CMakeFiles/mesh_bootloader_serial_gccarmemb_nrf52832_xxAA.dir/src/dfu_bank.c.obj
 .comment       0x0000007f       0x80 mesh/bootloader/CMakeFiles/mesh_bootloader_serial_gccarmemb_nrf52832_xxAA.dir/src/dfu_mesh.c.obj
 .comment       0x0000007f       0x80 mesh/bootloader/CMakeFiles/mesh_bootloader_serial_gccarmemb_nrf52832_xxAA.dir/src/dfu_transfer_mesh.c.obj
 .comment       0x0000007f       0x80 mesh/bootloader/CMakeFiles/mesh_bootloader_serial_gccarmemb_nrf52832_xxAA.dir/src/dfu_util.c.obj
 .comment       0x0000007f       0x80 mesh/bootloader/CMakeFiles/mesh_bootloader_serial_gccarmemb_nrf52832_xxAA.dir/src/fifo.c.obj
 .comment       0x0000007f       0x80 mesh/bootloader/CMakeFiles/mesh_bootloader_serial_gccarmemb_nrf52832_xxAA.dir/src/main.c.obj
 .comment       0x0000007f       0x80 mesh/bootloader/CMakeFiles/mesh_bootloader_serial_gccarmemb_nrf52832_xxAA.dir/src/mesh_packet.c.obj
 .comment       0x0000007f       0x80 mesh/bootloader/CMakeFiles/mesh_bootloader_serial_gccarmemb_nrf52832_xxAA.dir/src/nrf_flash.c.obj
 .comment       0x0000007f       0x80 mesh/bootloader/CMakeFiles/mesh_bootloader_serial_gccarmemb_nrf52832_xxAA.dir/src/radio_control.c.obj
 .comment       0x0000007f       0x80 mesh/bootloader/CMakeFiles/mesh_bootloader_serial_gccarmemb_nrf52832_xxAA.dir/src/rand.c.obj
 .comment       0x0000007f       0x80 mesh/bootloader/CMakeFiles/mesh_bootloader_serial_gccarmemb_nrf52832_xxAA.dir/src/transport.c.obj
 .comment       0x0000007f       0x80 mesh/bootloader/CMakeFiles/mesh_bootloader_serial_gccarmemb_nrf52832_xxAA.dir/src/uECC.c.obj
 .comment       0x0000007f       0x80 mesh/bootloader/CMakeFiles/mesh_bootloader_serial_gccarmemb_nrf52832_xxAA.dir/__/__/external/nRF5_SDK_14.2.0_17b948a/components/libraries/sha256/sha256.c.obj
 .comment       0x0000007f       0x80 mesh/bootloader/CMakeFiles/mesh_bootloader_serial_gccarmemb_nrf52832_xxAA.dir/src/serial_handler_uart.c.obj
 .comment       0x0000007f       0x80 mesh/bootloader/CMakeFiles/mesh_bootloader_serial_gccarmemb_nrf52832_xxAA.dir/src/mesh_aci.c.obj
 .comment       0x0000007f       0x80 mesh/bootloader/CMakeFiles/mesh_bootloader_serial_gccarmemb_nrf52832_xxAA.dir/__/__/external/nRF5_SDK_14.2.0_17b948a/components/toolchain/system_nrf52.c.obj

.debug_info     0x00000000    0x20a35
 .debug_info    0x00000000     0x3944 mesh/bootloader/CMakeFiles/mesh_bootloader_serial_gccarmemb_nrf52832_xxAA.dir/src/bootloader.c.obj
 .debug_info    0x00003944     0x232c mesh/bootloader/CMakeFiles/mesh_bootloader_serial_gccarmemb_nrf52832_xxAA.dir/src/bootloader_app_bridge.c.obj
 .debug_info    0x00005c70     0x1c12 mesh/bootloader/CMakeFiles/mesh_bootloader_serial_gccarmemb_nrf52832_xxAA.dir/src/bootloader_info.c.obj
 .debug_info    0x00007882      0x783 mesh/bootloader/CMakeFiles/mesh_bootloader_serial_gccarmemb_nrf52832_xxAA.dir/src/bootloader_rtc.c.obj
 .debug_info    0x00008005      0x8fd mesh/bootloader/CMakeFiles/mesh_bootloader_serial_gccarmemb_nrf52832_xxAA.dir/src/bootloader_util.c.obj
 .debug_info    0x00008902     0x2110 mesh/bootloader/CMakeFiles/mesh_bootloader_serial_gccarmemb_nrf52832_xxAA.dir/src/dfu_bank.c.obj
 .debug_info    0x0000aa12     0x35bd mesh/bootloader/CMakeFiles/mesh_bootloader_serial_gccarmemb_nrf52832_xxAA.dir/src/dfu_mesh.c.obj
 .debug_info    0x0000dfcf      0xed9 mesh/bootloader/CMakeFiles/mesh_bootloader_serial_gccarmemb_nrf52832_xxAA.dir/src/dfu_transfer_mesh.c.obj
 .debug_info    0x0000eea8     0x16f4 mesh/bootloader/CMakeFiles/mesh_bootloader_serial_gccarmemb_nrf52832_xxAA.dir/src/dfu_util.c.obj
 .debug_info    0x0001059c      0xc77 mesh/bootloader/CMakeFiles/mesh_bootloader_serial_gccarmemb_nrf52832_xxAA.dir/src/fifo.c.obj
 .debug_info    0x00011213     0x150d mesh/bootloader/CMakeFiles/mesh_bootloader_serial_gccarmemb_nrf52832_xxAA.dir/src/main.c.obj
 .debug_info    0x00012720     0x12ec mesh/bootloader/CMakeFiles/mesh_bootloader_serial_gccarmemb_nrf52832_xxAA.dir/src/mesh_packet.c.obj
 .debug_info    0x00013a0c      0x641 mesh/bootloader/CMakeFiles/mesh_bootloader_serial_gccarmemb_nrf52832_xxAA.dir/src/nrf_flash.c.obj
 .debug_info    0x0001404d     0x16a2 mesh/bootloader/CMakeFiles/mesh_bootloader_serial_gccarmemb_nrf52832_xxAA.dir/src/radio_control.c.obj
 .debug_info    0x000156ef      0x34d mesh/bootloader/CMakeFiles/mesh_bootloader_serial_gccarmemb_nrf52832_xxAA.dir/src/rand.c.obj
 .debug_info    0x00015a3c     0x23c5 mesh/bootloader/CMakeFiles/mesh_bootloader_serial_gccarmemb_nrf52832_xxAA.dir/src/transport.c.obj
 .debug_info    0x00017e01     0x1ecf mesh/bootloader/CMakeFiles/mesh_bootloader_serial_gccarmemb_nrf52832_xxAA.dir/src/uECC.c.obj
 .debug_info    0x00019cd0      0xc0f mesh/bootloader/CMakeFiles/mesh_bootloader_serial_gccarmemb_nrf52832_xxAA.dir/__/__/external/nRF5_SDK_14.2.0_17b948a/components/libraries/sha256/sha256.c.obj
 .debug_info    0x0001a8df     0x213c mesh/bootloader/CMakeFiles/mesh_bootloader_serial_gccarmemb_nrf52832_xxAA.dir/src/serial_handler_uart.c.obj
 .debug_info    0x0001ca1b     0x2f40 mesh/bootloader/CMakeFiles/mesh_bootloader_serial_gccarmemb_nrf52832_xxAA.dir/src/mesh_aci.c.obj
 .debug_info    0x0001f95b     0x10da mesh/bootloader/CMakeFiles/mesh_bootloader_serial_gccarmemb_nrf52832_xxAA.dir/__/__/external/nRF5_SDK_14.2.0_17b948a/components/toolchain/system_nrf52.c.obj

.debug_abbrev   0x00000000     0x4593
 .debug_abbrev  0x00000000      0x475 mesh/bootloader/CMakeFiles/mesh_bootloader_serial_gccarmemb_nrf52832_xxAA.dir/src/bootloader.c.obj
 .debug_abbrev  0x00000475      0x373 mesh/bootloader/CMakeFiles/mesh_bootloader_serial_gccarmemb_nrf52832_xxAA.dir/src/bootloader_app_bridge.c.obj
 .debug_abbrev  0x000007e8      0x4d6 mesh/bootloader/CMakeFiles/mesh_bootloader_serial_gccarmemb_nrf52832_xxAA.dir/src/bootloader_info.c.obj
 .debug_abbrev  0x00000cbe      0x191 mesh/bootloader/CMakeFiles/mesh_bootloader_serial_gccarmemb_nrf52832_xxAA.dir/src/bootloader_rtc.c.obj
 .debug_abbrev  0x00000e4f      0x1db mesh/bootloader/CMakeFiles/mesh_bootloader_serial_gccarmemb_nrf52832_xxAA.dir/src/bootloader_util.c.obj
 .debug_abbrev  0x0000102a      0x45c mesh/bootloader/CMakeFiles/mesh_bootloader_serial_gccarmemb_nrf52832_xxAA.dir/src/dfu_bank.c.obj
 .debug_abbrev  0x00001486      0x4bd mesh/bootloader/CMakeFiles/mesh_bootloader_serial_gccarmemb_nrf52832_xxAA.dir/src/dfu_mesh.c.obj
 .debug_abbrev  0x00001943      0x384 mesh/bootloader/CMakeFiles/mesh_bootloader_serial_gccarmemb_nrf52832_xxAA.dir/src/dfu_transfer_mesh.c.obj
 .debug_abbrev  0x00001cc7      0x405 mesh/bootloader/CMakeFiles/mesh_bootloader_serial_gccarmemb_nrf52832_xxAA.dir/src/dfu_util.c.obj
 .debug_abbrev  0x000020cc      0x2d4 mesh/bootloader/CMakeFiles/mesh_bootloader_serial_gccarmemb_nrf52832_xxAA.dir/src/fifo.c.obj
 .debug_abbrev  0x000023a0      0x31b mesh/bootloader/CMakeFiles/mesh_bootloader_serial_gccarmemb_nrf52832_xxAA.dir/src/main.c.obj
 .debug_abbrev  0x000026bb      0x36c mesh/bootloader/CMakeFiles/mesh_bootloader_serial_gccarmemb_nrf52832_xxAA.dir/src/mesh_packet.c.obj
 .debug_abbrev  0x00002a27      0x1aa mesh/bootloader/CMakeFiles/mesh_bootloader_serial_gccarmemb_nrf52832_xxAA.dir/src/nrf_flash.c.obj
 .debug_abbrev  0x00002bd1      0x43e mesh/bootloader/CMakeFiles/mesh_bootloader_serial_gccarmemb_nrf52832_xxAA.dir/src/radio_control.c.obj
 .debug_abbrev  0x0000300f      0x179 mesh/bootloader/CMakeFiles/mesh_bootloader_serial_gccarmemb_nrf52832_xxAA.dir/src/rand.c.obj
 .debug_abbrev  0x00003188      0x4db mesh/bootloader/CMakeFiles/mesh_bootloader_serial_gccarmemb_nrf52832_xxAA.dir/src/transport.c.obj
 .debug_abbrev  0x00003663      0x292 mesh/bootloader/CMakeFiles/mesh_bootloader_serial_gccarmemb_nrf52832_xxAA.dir/src/uECC.c.obj
 .debug_abbrev  0x000038f5      0x24c mesh/bootloader/CMakeFiles/mesh_bootloader_serial_gccarmemb_nrf52832_xxAA.dir/__/__/external/nRF5_SDK_14.2.0_17b948a/components/libraries/sha256/sha256.c.obj
 .debug_abbrev  0x00003b41      0x44c mesh/bootloader/CMakeFiles/mesh_bootloader_serial_gccarmemb_nrf52832_xxAA.dir/src/serial_handler_uart.c.obj
 .debug_abbrev  0x00003f8d      0x404 mesh/bootloader/CMakeFiles/mesh_bootloader_serial_gccarmemb_nrf52832_xxAA.dir/src/mesh_aci.c.obj
 .debug_abbrev  0x00004391      0x202 mesh/bootloader/CMakeFiles/mesh_bootloader_serial_gccarmemb_nrf52832_xxAA.dir/__/__/external/nRF5_SDK_14.2.0_17b948a/components/toolchain/system_nrf52.c.obj

.debug_loc      0x00000000     0x5f72
 .debug_loc     0x00000000      0x550 mesh/bootloader/CMakeFiles/mesh_bootloader_serial_gccarmemb_nrf52832_xxAA.dir/src/bootloader.c.obj
 .debug_loc     0x00000550      0x36d mesh/bootloader/CMakeFiles/mesh_bootloader_serial_gccarmemb_nrf52832_xxAA.dir/src/bootloader_app_bridge.c.obj
 .debug_loc     0x000008bd      0xad5 mesh/bootloader/CMakeFiles/mesh_bootloader_serial_gccarmemb_nrf52832_xxAA.dir/src/bootloader_info.c.obj
 .debug_loc     0x00001392       0x3c mesh/bootloader/CMakeFiles/mesh_bootloader_serial_gccarmemb_nrf52832_xxAA.dir/src/bootloader_rtc.c.obj
 .debug_loc     0x000013ce       0x31 mesh/bootloader/CMakeFiles/mesh_bootloader_serial_gccarmemb_nrf52832_xxAA.dir/src/bootloader_util.c.obj
 .debug_loc     0x000013ff      0x357 mesh/bootloader/CMakeFiles/mesh_bootloader_serial_gccarmemb_nrf52832_xxAA.dir/src/dfu_bank.c.obj
 .debug_loc     0x00001756      0xf3d mesh/bootloader/CMakeFiles/mesh_bootloader_serial_gccarmemb_nrf52832_xxAA.dir/src/dfu_mesh.c.obj
 .debug_loc     0x00002693      0x4e3 mesh/bootloader/CMakeFiles/mesh_bootloader_serial_gccarmemb_nrf52832_xxAA.dir/src/dfu_transfer_mesh.c.obj
 .debug_loc     0x00002b76      0x5c5 mesh/bootloader/CMakeFiles/mesh_bootloader_serial_gccarmemb_nrf52832_xxAA.dir/src/dfu_util.c.obj
 .debug_loc     0x0000313b      0x369 mesh/bootloader/CMakeFiles/mesh_bootloader_serial_gccarmemb_nrf52832_xxAA.dir/src/fifo.c.obj
 .debug_loc     0x000034a4       0x3c mesh/bootloader/CMakeFiles/mesh_bootloader_serial_gccarmemb_nrf52832_xxAA.dir/src/main.c.obj
 .debug_loc     0x000034e0      0x582 mesh/bootloader/CMakeFiles/mesh_bootloader_serial_gccarmemb_nrf52832_xxAA.dir/src/mesh_packet.c.obj
 .debug_loc     0x00003a62      0x184 mesh/bootloader/CMakeFiles/mesh_bootloader_serial_gccarmemb_nrf52832_xxAA.dir/src/nrf_flash.c.obj
 .debug_loc     0x00003be6      0x259 mesh/bootloader/CMakeFiles/mesh_bootloader_serial_gccarmemb_nrf52832_xxAA.dir/src/radio_control.c.obj
 .debug_loc     0x00003e3f      0x12d mesh/bootloader/CMakeFiles/mesh_bootloader_serial_gccarmemb_nrf52832_xxAA.dir/src/rand.c.obj
 .debug_loc     0x00003f6c      0x5b4 mesh/bootloader/CMakeFiles/mesh_bootloader_serial_gccarmemb_nrf52832_xxAA.dir/src/transport.c.obj
 .debug_loc     0x00004520     0x12f8 mesh/bootloader/CMakeFiles/mesh_bootloader_serial_gccarmemb_nrf52832_xxAA.dir/src/uECC.c.obj
 .debug_loc     0x00005818      0x537 mesh/bootloader/CMakeFiles/mesh_bootloader_serial_gccarmemb_nrf52832_xxAA.dir/__/__/external/nRF5_SDK_14.2.0_17b948a/components/libraries/sha256/sha256.c.obj
 .debug_loc     0x00005d4f      0x128 mesh/bootloader/CMakeFiles/mesh_bootloader_serial_gccarmemb_nrf52832_xxAA.dir/src/serial_handler_uart.c.obj
 .debug_loc     0x00005e77       0xfb mesh/bootloader/CMakeFiles/mesh_bootloader_serial_gccarmemb_nrf52832_xxAA.dir/src/mesh_aci.c.obj

.debug_aranges  0x00000000      0x810
 .debug_aranges
                0x00000000       0x78 mesh/bootloader/CMakeFiles/mesh_bootloader_serial_gccarmemb_nrf52832_xxAA.dir/src/bootloader.c.obj
 .debug_aranges
                0x00000078       0x70 mesh/bootloader/CMakeFiles/mesh_bootloader_serial_gccarmemb_nrf52832_xxAA.dir/src/bootloader_app_bridge.c.obj
 .debug_aranges
                0x000000e8       0xc0 mesh/bootloader/CMakeFiles/mesh_bootloader_serial_gccarmemb_nrf52832_xxAA.dir/src/bootloader_info.c.obj
 .debug_aranges
                0x000001a8       0x28 mesh/bootloader/CMakeFiles/mesh_bootloader_serial_gccarmemb_nrf52832_xxAA.dir/src/bootloader_rtc.c.obj
 .debug_aranges
                0x000001d0       0x20 mesh/bootloader/CMakeFiles/mesh_bootloader_serial_gccarmemb_nrf52832_xxAA.dir/src/bootloader_util.c.obj
 .debug_aranges
                0x000001f0       0x60 mesh/bootloader/CMakeFiles/mesh_bootloader_serial_gccarmemb_nrf52832_xxAA.dir/src/dfu_bank.c.obj
 .debug_aranges
                0x00000250       0xb8 mesh/bootloader/CMakeFiles/mesh_bootloader_serial_gccarmemb_nrf52832_xxAA.dir/src/dfu_mesh.c.obj
 .debug_aranges
                0x00000308       0x60 mesh/bootloader/CMakeFiles/mesh_bootloader_serial_gccarmemb_nrf52832_xxAA.dir/src/dfu_transfer_mesh.c.obj
 .debug_aranges
                0x00000368       0xa0 mesh/bootloader/CMakeFiles/mesh_bootloader_serial_gccarmemb_nrf52832_xxAA.dir/src/dfu_util.c.obj
 .debug_aranges
                0x00000408       0x60 mesh/bootloader/CMakeFiles/mesh_bootloader_serial_gccarmemb_nrf52832_xxAA.dir/src/fifo.c.obj
 .debug_aranges
                0x00000468       0x38 mesh/bootloader/CMakeFiles/mesh_bootloader_serial_gccarmemb_nrf52832_xxAA.dir/src/main.c.obj
 .debug_aranges
                0x000004a0       0x80 mesh/bootloader/CMakeFiles/mesh_bootloader_serial_gccarmemb_nrf52832_xxAA.dir/src/mesh_packet.c.obj
 .debug_aranges
                0x00000520       0x28 mesh/bootloader/CMakeFiles/mesh_bootloader_serial_gccarmemb_nrf52832_xxAA.dir/src/nrf_flash.c.obj
 .debug_aranges
                0x00000548       0x40 mesh/bootloader/CMakeFiles/mesh_bootloader_serial_gccarmemb_nrf52832_xxAA.dir/src/radio_control.c.obj
 .debug_aranges
                0x00000588       0x30 mesh/bootloader/CMakeFiles/mesh_bootloader_serial_gccarmemb_nrf52832_xxAA.dir/src/rand.c.obj
 .debug_aranges
                0x000005b8       0xa8 mesh/bootloader/CMakeFiles/mesh_bootloader_serial_gccarmemb_nrf52832_xxAA.dir/src/transport.c.obj
 .debug_aranges
                0x00000660       0xb0 mesh/bootloader/CMakeFiles/mesh_bootloader_serial_gccarmemb_nrf52832_xxAA.dir/src/uECC.c.obj
 .debug_aranges
                0x00000710       0x38 mesh/bootloader/CMakeFiles/mesh_bootloader_serial_gccarmemb_nrf52832_xxAA.dir/__/__/external/nRF5_SDK_14.2.0_17b948a/components/libraries/sha256/sha256.c.obj
 .debug_aranges
                0x00000748       0x58 mesh/bootloader/CMakeFiles/mesh_bootloader_serial_gccarmemb_nrf52832_xxAA.dir/src/serial_handler_uart.c.obj
 .debug_aranges
                0x000007a0       0x38 mesh/bootloader/CMakeFiles/mesh_bootloader_serial_gccarmemb_nrf52832_xxAA.dir/src/mesh_aci.c.obj
 .debug_aranges
                0x000007d8       0x38 mesh/bootloader/CMakeFiles/mesh_bootloader_serial_gccarmemb_nrf52832_xxAA.dir/__/__/external/nRF5_SDK_14.2.0_17b948a/components/toolchain/system_nrf52.c.obj

.debug_ranges   0x00000000      0xf08
 .debug_ranges  0x00000000      0x110 mesh/bootloader/CMakeFiles/mesh_bootloader_serial_gccarmemb_nrf52832_xxAA.dir/src/bootloader.c.obj
 .debug_ranges  0x00000110       0x60 mesh/bootloader/CMakeFiles/mesh_bootloader_serial_gccarmemb_nrf52832_xxAA.dir/src/bootloader_app_bridge.c.obj
 .debug_ranges  0x00000170      0x1a8 mesh/bootloader/CMakeFiles/mesh_bootloader_serial_gccarmemb_nrf52832_xxAA.dir/src/bootloader_info.c.obj
 .debug_ranges  0x00000318       0x18 mesh/bootloader/CMakeFiles/mesh_bootloader_serial_gccarmemb_nrf52832_xxAA.dir/src/bootloader_rtc.c.obj
 .debug_ranges  0x00000330       0x10 mesh/bootloader/CMakeFiles/mesh_bootloader_serial_gccarmemb_nrf52832_xxAA.dir/src/bootloader_util.c.obj
 .debug_ranges  0x00000340       0xb8 mesh/bootloader/CMakeFiles/mesh_bootloader_serial_gccarmemb_nrf52832_xxAA.dir/src/dfu_bank.c.obj
 .debug_ranges  0x000003f8      0x318 mesh/bootloader/CMakeFiles/mesh_bootloader_serial_gccarmemb_nrf52832_xxAA.dir/src/dfu_mesh.c.obj
 .debug_ranges  0x00000710       0xa0 mesh/bootloader/CMakeFiles/mesh_bootloader_serial_gccarmemb_nrf52832_xxAA.dir/src/dfu_transfer_mesh.c.obj
 .debug_ranges  0x000007b0       0xc0 mesh/bootloader/CMakeFiles/mesh_bootloader_serial_gccarmemb_nrf52832_xxAA.dir/src/dfu_util.c.obj
 .debug_ranges  0x00000870       0x68 mesh/bootloader/CMakeFiles/mesh_bootloader_serial_gccarmemb_nrf52832_xxAA.dir/src/fifo.c.obj
 .debug_ranges  0x000008d8       0x28 mesh/bootloader/CMakeFiles/mesh_bootloader_serial_gccarmemb_nrf52832_xxAA.dir/src/main.c.obj
 .debug_ranges  0x00000900       0x90 mesh/bootloader/CMakeFiles/mesh_bootloader_serial_gccarmemb_nrf52832_xxAA.dir/src/mesh_packet.c.obj
 .debug_ranges  0x00000990       0x70 mesh/bootloader/CMakeFiles/mesh_bootloader_serial_gccarmemb_nrf52832_xxAA.dir/src/nrf_flash.c.obj
 .debug_ranges  0x00000a00       0xe8 mesh/bootloader/CMakeFiles/mesh_bootloader_serial_gccarmemb_nrf52832_xxAA.dir/src/radio_control.c.obj
 .debug_ranges  0x00000ae8       0x20 mesh/bootloader/CMakeFiles/mesh_bootloader_serial_gccarmemb_nrf52832_xxAA.dir/src/rand.c.obj
 .debug_ranges  0x00000b08      0x148 mesh/bootloader/CMakeFiles/mesh_bootloader_serial_gccarmemb_nrf52832_xxAA.dir/src/transport.c.obj
 .debug_ranges  0x00000c50      0x198 mesh/bootloader/CMakeFiles/mesh_bootloader_serial_gccarmemb_nrf52832_xxAA.dir/src/uECC.c.obj
 .debug_ranges  0x00000de8       0x28 mesh/bootloader/CMakeFiles/mesh_bootloader_serial_gccarmemb_nrf52832_xxAA.dir/__/__/external/nRF5_SDK_14.2.0_17b948a/components/libraries/sha256/sha256.c.obj
 .debug_ranges  0x00000e10       0x70 mesh/bootloader/CMakeFiles/mesh_bootloader_serial_gccarmemb_nrf52832_xxAA.dir/src/serial_handler_uart.c.obj
 .debug_ranges  0x00000e80       0x60 mesh/bootloader/CMakeFiles/mesh_bootloader_serial_gccarmemb_nrf52832_xxAA.dir/src/mesh_aci.c.obj
 .debug_ranges  0x00000ee0       0x28 mesh/bootloader/CMakeFiles/mesh_bootloader_serial_gccarmemb_nrf52832_xxAA.dir/__/__/external/nRF5_SDK_14.2.0_17b948a/components/toolchain/system_nrf52.c.obj

.debug_line     0x00000000     0x5930
 .debug_line    0x00000000      0x747 mesh/bootloader/CMakeFiles/mesh_bootloader_serial_gccarmemb_nrf52832_xxAA.dir/src/bootloader.c.obj
 .debug_line    0x00000747      0x489 mesh/bootloader/CMakeFiles/mesh_bootloader_serial_gccarmemb_nrf52832_xxAA.dir/src/bootloader_app_bridge.c.obj
 .debug_line    0x00000bd0      0x60e mesh/bootloader/CMakeFiles/mesh_bootloader_serial_gccarmemb_nrf52832_xxAA.dir/src/bootloader_info.c.obj
 .debug_line    0x000011de      0x222 mesh/bootloader/CMakeFiles/mesh_bootloader_serial_gccarmemb_nrf52832_xxAA.dir/src/bootloader_rtc.c.obj
 .debug_line    0x00001400      0x135 mesh/bootloader/CMakeFiles/mesh_bootloader_serial_gccarmemb_nrf52832_xxAA.dir/src/bootloader_util.c.obj
 .debug_line    0x00001535      0x543 mesh/bootloader/CMakeFiles/mesh_bootloader_serial_gccarmemb_nrf52832_xxAA.dir/src/dfu_bank.c.obj
 .debug_line    0x00001a78      0x8ea mesh/bootloader/CMakeFiles/mesh_bootloader_serial_gccarmemb_nrf52832_xxAA.dir/src/dfu_mesh.c.obj
 .debug_line    0x00002362      0x3e9 mesh/bootloader/CMakeFiles/mesh_bootloader_serial_gccarmemb_nrf52832_xxAA.dir/src/dfu_transfer_mesh.c.obj
 .debug_line    0x0000274b      0x486 mesh/bootloader/CMakeFiles/mesh_bootloader_serial_gccarmemb_nrf52832_xxAA.dir/src/dfu_util.c.obj
 .debug_line    0x00002bd1      0x331 mesh/bootloader/CMakeFiles/mesh_bootloader_serial_gccarmemb_nrf52832_xxAA.dir/src/fifo.c.obj
 .debug_line    0x00002f02      0x315 mesh/bootloader/CMakeFiles/mesh_bootloader_serial_gccarmemb_nrf52832_xxAA.dir/src/main.c.obj
 .debug_line    0x00003217      0x48b mesh/bootloader/CMakeFiles/mesh_bootloader_serial_gccarmemb_nrf52832_xxAA.dir/src/mesh_packet.c.obj
 .debug_line    0x000036a2      0x22d mesh/bootloader/CMakeFiles/mesh_bootloader_serial_gccarmemb_nrf52832_xxAA.dir/src/nrf_flash.c.obj
 .debug_line    0x000038cf      0x3ea mesh/bootloader/CMakeFiles/mesh_bootloader_serial_gccarmemb_nrf52832_xxAA.dir/src/radio_control.c.obj
 .debug_line    0x00003cb9      0x221 mesh/bootloader/CMakeFiles/mesh_bootloader_serial_gccarmemb_nrf52832_xxAA.dir/src/rand.c.obj
 .debug_line    0x00003eda      0x613 mesh/bootloader/CMakeFiles/mesh_bootloader_serial_gccarmemb_nrf52832_xxAA.dir/src/transport.c.obj
 .debug_line    0x000044ed      0x520 mesh/bootloader/CMakeFiles/mesh_bootloader_serial_gccarmemb_nrf52832_xxAA.dir/src/uECC.c.obj
 .debug_line    0x00004a0d      0x430 mesh/bootloader/CMakeFiles/mesh_bootloader_serial_gccarmemb_nrf52832_xxAA.dir/__/__/external/nRF5_SDK_14.2.0_17b948a/components/libraries/sha256/sha256.c.obj
 .debug_line    0x00004e3d      0x428 mesh/bootloader/CMakeFiles/mesh_bootloader_serial_gccarmemb_nrf52832_xxAA.dir/src/serial_handler_uart.c.obj
 .debug_line    0x00005265      0x44d mesh/bootloader/CMakeFiles/mesh_bootloader_serial_gccarmemb_nrf52832_xxAA.dir/src/mesh_aci.c.obj
 .debug_line    0x000056b2      0x27e mesh/bootloader/CMakeFiles/mesh_bootloader_serial_gccarmemb_nrf52832_xxAA.dir/__/__/external/nRF5_SDK_14.2.0_17b948a/components/toolchain/system_nrf52.c.obj

.debug_str      0x00000000     0x57ec