Archive member included to satisfy reference by file (symbol)

c:/mesh/arm_gcc/bin/../lib/gcc/arm-none-eabi/7.3.1/thumb/v7e-m/fpv4-sp/hard\libgcc.a(_aeabi_ldivmod.o)
                              mesh/bootloader/CMakeFiles/mesh_bootloader_serial_gccarmemb_nrf52832_xxAA.dir/src/bootloader.c.obj (__aeabi_ldivmod)
c:/mesh/arm_gcc/bin/../lib/gcc/arm-none-eabi/7.3.1/thumb/v7e-m/fpv4-sp/hard\libgcc.a(_aeabi_uldivmod.o)
                              mesh/bootloader/CMakeFiles/mesh_bootloader_serial_gccarmemb_nrf52832_xxAA.dir/src/bootloader.c.obj (__aeabi_uldivmod)
c:/mesh/arm_gcc/bin/../lib/gcc/arm-none-eabi/7.3.1/thumb/v7e-m/fpv4-sp/hard\libgcc.a(_udivmoddi4.o)
                              c:/mesh/arm_gcc/bin/../lib/gcc/arm-none-eabi/7.3.1/thumb/v7e-m/fpv4-sp/hard\libgcc.a(_aeabi_ldivmod.o) (__udivmoddi4)
c:/mesh/arm_gcc/bin/../lib/gcc/arm-none-eabi/7.3.1/thumb/v7e-m/fpv4-sp/hard\libgcc.a(_dvmd_tls.o)
                              c:/mesh/arm_gcc/bin/../lib/gcc/arm-none-eabi/7.3.1/thumb/v7e-m/fpv4-sp/hard\libgcc.a(_aeabi_ldivmod.o) (__aeabi_ldiv0)
c:/mesh/arm_gcc/bin/../lib/gcc/arm-none-eabi/7.3.1/../../../../arm-none-eabi/lib/thumb/v7e-m/fpv4-sp/hard\libg_nano.a(lib_a-exit.o)
                              c:/mesh/arm_gcc/bin/../lib/gcc/arm-none-eabi/7.3.1/../../../../arm-none-eabi/lib/thumb/v7e-m/fpv4-sp/hard/crt0.o (exit)
c:/mesh/arm_gcc/bin/../lib/gcc/arm-none-eabi/7.3.1/../../../../arm-none-eabi/lib/thumb/v7e-m/fpv4-sp/hard\libg_nano.a(lib_a-impure.o)
                              c:/mesh/arm_gcc/bin/../lib/gcc/arm-none-eabi/7.3.1/../../../../arm-none-eabi/lib/thumb/v7e-m/fpv4-sp/hard\libg_nano.a(lib_a-exit.o) (_global_impure_ptr)
c:/mesh/arm_gcc/bin/../lib/gcc/arm-none-eabi/7.3.1/../../../../arm-none-eabi/lib/thumb/v7e-m/fpv4-sp/hard\libg_nano.a(lib_a-init.o)
                              c:/mesh/arm_gcc/bin/../lib/gcc/arm-none-eabi/7.3.1/../../../../arm-none-eabi/lib/thumb/v7e-m/fpv4-sp/hard/crt0.o (__libc_init_array)
c:/mesh/arm_gcc/bin/../lib/gcc/arm-none-eabi/7.3.1/../../../../arm-none-eabi/lib/thumb/v7e-m/fpv4-sp/hard\libg_nano.a(lib_a-memcmp.o)
                              mesh/bootloader/CMakeFiles/mesh_bootloader_serial_gccarmemb_nrf52832_xxAA.dir/src/dfu_bank.c.obj (memcmp)
c:/mesh/arm_gcc/bin/../lib/gcc/arm-none-eabi/7.3.1/../../../../arm-none-eabi/lib/thumb/v7e-m/fpv4-sp/hard\libg_nano.a(lib_a-memcpy-stub.o)
                              mesh/bootloader/CMakeFiles/mesh_bootloader_serial_gccarmemb_nrf52832_xxAA.dir/src/bootloader.c.obj (memcpy)
c:/mesh/arm_gcc/bin/../lib/gcc/arm-none-eabi/7.3.1/../../../../arm-none-eabi/lib/thumb/v7e-m/fpv4-sp/hard\libg_nano.a(lib_a-memset.o)
                              c:/mesh/arm_gcc/bin/../lib/gcc/arm-none-eabi/7.3.1/../../../../arm-none-eabi/lib/thumb/v7e-m/fpv4-sp/hard/crt0.o (memset)
c:/mesh/arm_gcc/bin/../lib/gcc/arm-none-eabi/7.3.1/../../../../arm-none-eabi/lib/thumb/v7e-m/fpv4-sp/hard\libnosys.a(_exit.o)
                              c:/mesh/arm_gcc/bin/../lib/gcc/arm-none-eabi/7.3.1/../../../../arm-none-eabi/lib/thumb/v7e-m/fpv4-sp/hard\libg_nano.a(lib_a-exit.o) (_exit)

Allocating common symbols
Common symbol       size              file

m_tx_evt_bitfield   0x2               mesh/bootloader/CMakeFiles/mesh_bootloader_serial_gccarmemb_nrf52832_xxAA.dir/src/transport.c.obj

Discarded input sections

 .text          0x00000000        0x0 c:/mesh/arm_gcc/bin/../lib/gcc/arm-none-eabi/7.3.1/thumb/v7e-m/fpv4-sp/hard/crti.o
 .data          0x00000000        0x0 c:/mesh/arm_gcc/bin/../lib/gcc/arm-none-eabi/7.3.1/thumb/v7e-m/fpv4-sp/hard/crti.o
 .bss           0x00000000        0x0 c:/mesh/arm_gcc/bin/../lib/gcc/arm-none-eabi/7.3.1/thumb/v7e-m/fpv4-sp/hard/crti.o
 .data          0x00000000        0x4 c:/mesh/arm_gcc/bin/../lib/gcc/arm-none-eabi/7.3.1/thumb/v7e-m/fpv4-sp/hard/crtbegin.o
 .data          0x00000000        0x0 c:/mesh/arm_gcc/bin/../lib/gcc/arm-none-eabi/7.3.1/../../../../arm-none-eabi/lib/thumb/v7e-m/fpv4-sp/hard/crt0.o
 .bss           0x00000000        0x0 c:/mesh/arm_gcc/bin/../lib/gcc/arm-none-eabi/7.3.1/../../../../arm-none-eabi/lib/thumb/v7e-m/fpv4-sp/hard/crt0.o
 .ARM.extab     0x00000000        0x0 c:/mesh/arm_gcc/bin/../lib/gcc/arm-none-eabi/7.3.1/../../../../arm-none-eabi/lib/thumb/v7e-m/fpv4-sp/hard/crt0.o
 .text          0x00000000        0x0 mesh/bootloader/CMakeFiles/mesh_bootloader_serial_gccarmemb_nrf52832_xxAA.dir/src/bootloader.c.obj
 .data          0x00000000        0x0 mesh/bootloader/CMakeFiles/mesh_bootloader_serial_gccarmemb_nrf52832_xxAA.dir/src/bootloader.c.obj
 .bss           0x00000000        0x0 mesh/bootloader/CMakeFiles/mesh_bootloader_serial_gccarmemb_nrf52832_xxAA.dir/src/bootloader.c.obj
 .text          0x00000000        0x0 mesh/bootloader/CMakeFiles/mesh_bootloader_serial_gccarmemb_nrf52832_xxAA.dir/src/bootloader_app_bridge.c.obj
 .data          0x00000000        0x0 mesh/bootloader/CMakeFiles/mesh_bootloader_serial_gccarmemb_nrf52832_xxAA.dir/src/bootloader_app_bridge.c.obj
[...]
Memory Configuration

Name             Origin             Length             Attributes
FLASH            0x00078000         0x00006000         xr
RAM              0x20000004         0x0000fcfc         rw
CORE_BL_RAM      0x2000fd00         0x00000300         rw
UICR_BOOTADDR    0x10001014         0x00000004         r
UICR_MBRPARAMADDR 0x10001018         0x00000004         r
*default*        0x00000000         0xffffffff

Linker script and memory map

LOAD c:/mesh/arm_gcc/bin/../lib/gcc/arm-none-eabi/7.3.1/thumb/v7e-m/fpv4-sp/hard/crti.o
LOAD c:/mesh/arm_gcc/bin/../lib/gcc/arm-none-eabi/7.3.1/thumb/v7e-m/fpv4-sp/hard/crtbegin.o
LOAD c:/mesh/arm_gcc/bin/../lib/gcc/arm-none-eabi/7.3.1/../../../../arm-none-eabi/lib/thumb/v7e-m/fpv4-sp/hard/crt0.o
LOAD mesh/bootloader/CMakeFiles/mesh_bootloader_serial_gccarmemb_nrf52832_xxAA.dir/src/bootloader.c.obj
LOAD mesh/bootloader/CMakeFiles/mesh_bootloader_serial_gccarmemb_nrf52832_xxAA.dir/src/bootloader_app_bridge.c.obj
LOAD mesh/bootloader/CMakeFiles/mesh_bootloader_serial_gccarmemb_nrf52832_xxAA.dir/src/bootloader_info.c.obj
LOAD mesh/bootloader/CMakeFiles/mesh_bootloader_serial_gccarmemb_nrf52832_xxAA.dir/src/bootloader_rtc.c.obj
LOAD mesh/bootloader/CMakeFiles/mesh_bootloader_serial_gccarmemb_nrf52832_xxAA.dir/src/bootloader_util.c.obj
LOAD mesh/bootloader/CMakeFiles/mesh_bootloader_serial_gccarmemb_nrf52832_xxAA.dir/src/dfu_bank.c.obj
LOAD mesh/bootloader/CMakeFiles/mesh_bootloader_serial_gccarmemb_nrf52832_xxAA.dir/src/dfu_mesh.c.obj
LOAD mesh/bootloader/CMakeFiles/mesh_bootloader_serial_gccarmemb_nrf52832_xxAA.dir/src/dfu_transfer_mesh.c.obj
LOAD mesh/bootloader/CMakeFiles/mesh_bootloader_serial_gccarmemb_nrf52832_xxAA.dir/src/dfu_util.c.obj
LOAD mesh/bootloader/CMakeFiles/mesh_bootloader_serial_gccarmemb_nrf52832_xxAA.dir/src/fifo.c.obj
LOAD mesh/bootloader/CMakeFiles/mesh_bootloader_serial_gccarmemb_nrf52832_xxAA.dir/src/main.c.obj
LOAD mesh/bootloader/CMakeFiles/mesh_bootloader_serial_gccarmemb_nrf52832_xxAA.dir/src/mesh_packet.c.obj
LOAD mesh/bootloader/CMakeFiles/mesh_bootloader_serial_gccarmemb_nrf52832_xxAA.dir/src/nrf_flash.c.obj
LOAD mesh/bootloader/CMakeFiles/mesh_bootloader_serial_gccarmemb_nrf52832_xxAA.dir/src/radio_control.c.obj
LOAD mesh/bootloader/CMakeFiles/mesh_bootloader_serial_gccarmemb_nrf52832_xxAA.dir/src/rand.c.obj
LOAD mesh/bootloader/CMakeFiles/mesh_bootloader_serial_gccarmemb_nrf52832_xxAA.dir/src/transport.c.obj
LOAD mesh/bootloader/CMakeFiles/mesh_bootloader_serial_gccarmemb_nrf52832_xxAA.dir/src/uECC.c.obj
LOAD mesh/bootloader/CMakeFiles/mesh_bootloader_serial_gccarmemb_nrf52832_xxAA.dir/C_/mesh/deps/nRF5_SDK_15.3.0_59ac345/components/libraries/sha256/sha256.c.obj
LOAD mesh/bootloader/CMakeFiles/mesh_bootloader_serial_gccarmemb_nrf52832_xxAA.dir/src/serial_handler_uart.c.obj
LOAD mesh/bootloader/CMakeFiles/mesh_bootloader_serial_gccarmemb_nrf52832_xxAA.dir/src/mesh_aci.c.obj
LOAD mesh/bootloader/CMakeFiles/mesh_bootloader_serial_gccarmemb_nrf52832_xxAA.dir/C_/mesh/deps/nRF5_SDK_15.3.0_59ac345/modules/nrfx/mdk/system_nrf52.c.obj
LOAD mesh/bootloader/CMakeFiles/mesh_bootloader_serial_gccarmemb_nrf52832_xxAA.dir/C_/mesh/deps/nRF5_SDK_15.3.0_59ac345/modules/nrfx/mdk/gcc_startup_nrf52.S.obj
LOAD external/rtt/librtt_nrf52832_xxAA.a
START GROUP
LOAD c:/mesh/arm_gcc/bin/../lib/gcc/arm-none-eabi/7.3.1/thumb/v7e-m/fpv4-sp/hard\libgcc.a
LOAD c:/mesh/arm_gcc/bin/../lib/gcc/arm-none-eabi/7.3.1/../../../../arm-none-eabi/lib/thumb/v7e-m/fpv4-sp/hard\libg_nano.a
LOAD c:/mesh/arm_gcc/bin/../lib/gcc/arm-none-eabi/7.3.1/../../../../arm-none-eabi/lib/thumb/v7e-m/fpv4-sp/hard\libc_nano.a
END GROUP
START GROUP
LOAD c:/mesh/arm_gcc/bin/../lib/gcc/arm-none-eabi/7.3.1/thumb/v7e-m/fpv4-sp/hard\libgcc.a
LOAD c:/mesh/arm_gcc/bin/../lib/gcc/arm-none-eabi/7.3.1/../../../../arm-none-eabi/lib/thumb/v7e-m/fpv4-sp/hard\libc_nano.a
END GROUP
LOAD c:/mesh/arm_gcc/bin/../lib/gcc/arm-none-eabi/7.3.1/thumb/v7e-m/fpv4-sp/hard/crtend.o
LOAD c:/mesh/arm_gcc/bin/../lib/gcc/arm-none-eabi/7.3.1/thumb/v7e-m/fpv4-sp/hard/crtn.o
START GROUP
LOAD c:/mesh/arm_gcc/bin/../lib/gcc/arm-none-eabi/7.3.1/thumb/v7e-m/fpv4-sp/hard\libgcc.a
LOAD c:/mesh/arm_gcc/bin/../lib/gcc/arm-none-eabi/7.3.1/../../../../arm-none-eabi/lib/thumb/v7e-m/fpv4-sp/hard\libc.a
LOAD c:/mesh/arm_gcc/bin/../lib/gcc/arm-none-eabi/7.3.1/../../../../arm-none-eabi/lib/thumb/v7e-m/fpv4-sp/hard\libnosys.a
END GROUP

.core_data      0x2000fd00        0x4
                0x2000fd00                __core_ram_start__ = .
                0x2000fd00                . = ALIGN (0x4)
 *sha256.c.obj(.data*)
 *bootloader_app_bridge.c.obj(.data*)
 *bootloader_info.c.obj(.data*)
 *uECC.c.obj(.data*)
 *dfu_mesh.c.obj(.data*)
 .data.m_state  0x2000fd00        0x1 mesh/bootloader/CMakeFiles/mesh_bootloader_serial_gccarmemb_nrf52832_xxAA.dir/src/dfu_mesh.c.obj
 .data.tx_slot.11448
                0x2000fd01        0x1 mesh/bootloader/CMakeFiles/mesh_bootloader_serial_gccarmemb_nrf52832_xxAA.dir/src/dfu_mesh.c.obj
 *dfu_transfer_mesh.c.obj(.data*)
 *dfu_bank.c.obj(.data*)
 *dfu_util.c.obj(.data*)
                0x2000fd04                . = ALIGN (0x4)
 *fill*         0x2000fd02        0x2 
                0x2000fd04                __core_ram_end__ = .

.core_bss       0x2000fd08      0x210
                0x2000fd08                __core_ram_start__ = .
                0x2000fd08                . = ALIGN (0x4)
 *sha256.c.obj(.bss*)
 *bootloader_app_bridge.c.obj(.bss*)
 .bss.m_evt_handler
                0x2000fd08        0x4 mesh/bootloader/CMakeFiles/mesh_bootloader_serial_gccarmemb_nrf52832_xxAA.dir/src/bootloader_app_bridge.c.obj
 .bss.m_in_bl   0x2000fd0c        0x1 mesh/bootloader/CMakeFiles/mesh_bootloader_serial_gccarmemb_nrf52832_xxAA.dir/src/bootloader_app_bridge.c.obj
 *bootloader_info.c.obj(.bss*)
 *fill*         0x2000fd0d        0x3 
 .bss.m_info_copy
                0x2000fd10       0x1c mesh/bootloader/CMakeFiles/mesh_bootloader_serial_gccarmemb_nrf52832_xxAA.dir/src/bootloader_info.c.obj
 .bss.m_state   0x2000fd2c        0x1 mesh/bootloader/CMakeFiles/mesh_bootloader_serial_gccarmemb_nrf52832_xxAA.dir/src/bootloader_info.c.obj
 .bss.m_write_in_progress
                0x2000fd2d        0x1 mesh/bootloader/CMakeFiles/mesh_bootloader_serial_gccarmemb_nrf52832_xxAA.dir/src/bootloader_info.c.obj
 *fill*         0x2000fd2e        0x2 
 .bss.mp_bl_info_bank_page
                0x2000fd30        0x4 mesh/bootloader/CMakeFiles/mesh_bootloader_serial_gccarmemb_nrf52832_xxAA.dir/src/bootloader_info.c.obj
 .bss.mp_bl_info_page
                0x2000fd34        0x4 mesh/bootloader/CMakeFiles/mesh_bootloader_serial_gccarmemb_nrf52832_xxAA.dir/src/bootloader_info.c.obj
 .bss.mp_info_entry_buffer
                0x2000fd38       0x80 mesh/bootloader/CMakeFiles/mesh_bootloader_serial_gccarmemb_nrf52832_xxAA.dir/src/bootloader_info.c.obj
 .bss.mp_info_entry_head
                0x2000fdb8        0x4 mesh/bootloader/CMakeFiles/mesh_bootloader_serial_gccarmemb_nrf52832_xxAA.dir/src/bootloader_info.c.obj
 .bss.mp_info_entry_tail
                0x2000fdbc        0x4 mesh/bootloader/CMakeFiles/mesh_bootloader_serial_gccarmemb_nrf52832_xxAA.dir/src/bootloader_info.c.obj
 .bss.mp_write_pos
                0x2000fdc0        0x4 mesh/bootloader/CMakeFiles/mesh_bootloader_serial_gccarmemb_nrf52832_xxAA.dir/src/bootloader_info.c.obj
 *uECC.c.obj(.bss*)
 *dfu_mesh.c.obj(.bss*)
 .bss.m_bl_info_pointers
                0x2000fdc4       0x28 mesh/bootloader/CMakeFiles/mesh_bootloader_serial_gccarmemb_nrf52832_xxAA.dir/src/dfu_mesh.c.obj
 .bss.m_data_req_segment
                0x2000fdec        0x2 mesh/bootloader/CMakeFiles/mesh_bootloader_serial_gccarmemb_nrf52832_xxAA.dir/src/dfu_mesh.c.obj
 .bss.m_req_cache
                0x2000fdee       0x10 mesh/bootloader/CMakeFiles/mesh_bootloader_serial_gccarmemb_nrf52832_xxAA.dir/src/dfu_mesh.c.obj
 .bss.m_req_index
                0x2000fdfe        0x1 mesh/bootloader/CMakeFiles/mesh_bootloader_serial_gccarmemb_nrf52832_xxAA.dir/src/dfu_mesh.c.obj
 *fill*         0x2000fdff        0x1 
 .bss.m_transaction
                0x2000fe00       0x74 mesh/bootloader/CMakeFiles/mesh_bootloader_serial_gccarmemb_nrf52832_xxAA.dir/src/dfu_mesh.c.obj
 .bss.m_tx_slots
                0x2000fe74        0x1 mesh/bootloader/CMakeFiles/mesh_bootloader_serial_gccarmemb_nrf52832_xxAA.dir/src/dfu_mesh.c.obj
 *dfu_transfer_mesh.c.obj(.bss*)
 *fill*         0x2000fe75        0x3 
 .bss.m_transfer
                0x2000fe78       0x30 mesh/bootloader/CMakeFiles/mesh_bootloader_serial_gccarmemb_nrf52832_xxAA.dir/src/dfu_transfer_mesh.c.obj
 *dfu_bank.c.obj(.bss*)
 .bss.m_dfu_type
                0x2000fea8        0x1 mesh/bootloader/CMakeFiles/mesh_bootloader_serial_gccarmemb_nrf52832_xxAA.dir/src/dfu_bank.c.obj
 .bss.m_waiting_for_idle
                0x2000fea9        0x1 mesh/bootloader/CMakeFiles/mesh_bootloader_serial_gccarmemb_nrf52832_xxAA.dir/src/dfu_bank.c.obj
 *fill*         0x2000feaa        0x2 
 .bss.mp_bank_entry
                0x2000feac        0x4 mesh/bootloader/CMakeFiles/mesh_bootloader_serial_gccarmemb_nrf52832_xxAA.dir/src/dfu_bank.c.obj
 *dfu_util.c.obj(.bss*)
 .bss.m_packet_cache
                0x2000feb0       0x40 mesh/bootloader/CMakeFiles/mesh_bootloader_serial_gccarmemb_nrf52832_xxAA.dir/src/dfu_util.c.obj
 .bss.m_packet_cache_index
                0x2000fef0        0x4 mesh/bootloader/CMakeFiles/mesh_bootloader_serial_gccarmemb_nrf52832_xxAA.dir/src/dfu_util.c.obj
 .bss.m_tid_cache
                0x2000fef4       0x20 mesh/bootloader/CMakeFiles/mesh_bootloader_serial_gccarmemb_nrf52832_xxAA.dir/src/dfu_util.c.obj
 .bss.m_tid_index
                0x2000ff14        0x1 mesh/bootloader/CMakeFiles/mesh_bootloader_serial_gccarmemb_nrf52832_xxAA.dir/src/dfu_util.c.obj
                0x2000ff18                . = ALIGN (0x4)
 *fill*         0x2000ff15        0x3 
                0x2000ff18                __core_ram_end__ = .

.uicrBootStartAddress
                0x10001014        0x4
 *(.uicrBootStartAddress)
 .uicrBootStartAddress
                0x10001014        0x4 mesh/bootloader/CMakeFiles/mesh_bootloader_serial_gccarmemb_nrf52832_xxAA.dir/src/main.c.obj
                0x10001014                m_uicr_bootloader_start_address

.uicrBootMBRParamAddress
                0x10001018        0x4
 *(.uicrBootMBRParamAddress)
 .uicrBootMBRParamAddress
                0x10001018        0x4 mesh/bootloader/CMakeFiles/mesh_bootloader_serial_gccarmemb_nrf52832_xxAA.dir/src/main.c.obj
                0x10001018                m_uicr_bootloader_mbrparam_address

.text           0x00078000     0x50c0
 *(.isr_vector)
 .isr_vector    0x00078000      0x200 mesh/bootloader/CMakeFiles/mesh_bootloader_serial_gccarmemb_nrf52832_xxAA.dir/C_/mesh/deps/nRF5_SDK_15.3.0_59ac345/modules/nrfx/mdk/gcc_startup_nrf52.S.obj
                0x00078000                __isr_vector
 *(.text*)
 .text          0x00078200       0x40 c:/mesh/arm_gcc/bin/../lib/gcc/arm-none-eabi/7.3.1/thumb/v7e-m/fpv4-sp/hard/crtbegin.o
 .text          0x00078240       0x74 c:/mesh/arm_gcc/bin/../lib/gcc/arm-none-eabi/7.3.1/../../../../arm-none-eabi/lib/thumb/v7e-m/fpv4-sp/hard/crt0.o
                0x00078240                _start
                0x00078240                _mainCRTStartup
 .text.unlikely.sd_softdevice_vector_table_base_set
                0x000782b4        0x4 mesh/bootloader/CMakeFiles/mesh_bootloader_serial_gccarmemb_nrf52832_xxAA.dir/src/bootloader.c.obj
 .text.unlikely.sd_mbr_command
                0x000782b8        0x4 mesh/bootloader/CMakeFiles/mesh_bootloader_serial_gccarmemb_nrf52832_xxAA.dir/src/bootloader.c.obj
 .text.set_timeout
                0x000782bc       0x2c mesh/bootloader/CMakeFiles/mesh_bootloader_serial_gccarmemb_nrf52832_xxAA.dir/src/bootloader.c.obj
 .text.rx_cb    0x000782e8       0x2e mesh/bootloader/CMakeFiles/mesh_bootloader_serial_gccarmemb_nrf52832_xxAA.dir/src/bootloader.c.obj
 .text.SWI2_EGU2_IRQHandler
                0x00078316        0x4 mesh/bootloader/CMakeFiles/mesh_bootloader_serial_gccarmemb_nrf52832_xxAA.dir/src/bootloader.c.obj
                0x00078316                SWI2_EGU2_IRQHandler
 *fill*         0x0007831a        0x2 
 .text.SWI3_EGU3_IRQHandler
                0x0007831c       0xd4 mesh/bootloader/CMakeFiles/mesh_bootloader_serial_gccarmemb_nrf52832_xxAA.dir/src/bootloader.c.obj
                0x0007831c                SWI3_EGU3_IRQHandler
 .text.bootloader_init
                0x000783f0       0xa0 mesh/bootloader/CMakeFiles/mesh_bootloader_serial_gccarmemb_nrf52832_xxAA.dir/src/bootloader.c.obj
                0x000783f0                bootloader_init
 .text.bootloader_enable
                0x00078490       0xe0 mesh/bootloader/CMakeFiles/mesh_bootloader_serial_gccarmemb_nrf52832_xxAA.dir/src/bootloader.c.obj
                0x00078490                bootloader_enable
 .text.bootloader_cmd_send
                0x00078570        0x4 mesh/bootloader/CMakeFiles/mesh_bootloader_serial_gccarmemb_nrf52832_xxAA.dir/src/bootloader.c.obj
                0x00078570                bootloader_cmd_send
 .text.bootloader_abort
                0x00078574       0x80 mesh/bootloader/CMakeFiles/mesh_bootloader_serial_gccarmemb_nrf52832_xxAA.dir/src/bootloader.c.obj
                0x00078574                bootloader_abort
 .text.bl_evt_handler
                0x000785f4      0x264 mesh/bootloader/CMakeFiles/mesh_bootloader_serial_gccarmemb_nrf52832_xxAA.dir/src/bootloader.c.obj
 .text.bootloader_timeout
                0x00078858       0x4c mesh/bootloader/CMakeFiles/mesh_bootloader_serial_gccarmemb_nrf52832_xxAA.dir/src/bootloader.c.obj
                0x00078858                bootloader_timeout
 .text.bl_cmd_handler
                0x000788a4      0x148 mesh/bootloader/CMakeFiles/mesh_bootloader_serial_gccarmemb_nrf52832_xxAA.dir/src/bootloader_app_bridge.c.obj
                0x000788a4                bl_cmd_handler
 .text.bootloader_app_bridge_init
                0x000789ec       0x28 mesh/bootloader/CMakeFiles/mesh_bootloader_serial_gccarmemb_nrf52832_xxAA.dir/src/bootloader_app_bridge.c.obj
                0x000789ec                bootloader_app_bridge_init
 .text.bootloader_evt_send
                0x00078a14       0x10 mesh/bootloader/CMakeFiles/mesh_bootloader_serial_gccarmemb_nrf52832_xxAA.dir/src/bootloader_app_bridge.c.obj
                0x00078a14                bootloader_evt_send
 .text.send_end_evt
                0x00078a24       0x1a mesh/bootloader/CMakeFiles/mesh_bootloader_serial_gccarmemb_nrf52832_xxAA.dir/src/bootloader_app_bridge.c.obj
                0x00078a24                send_end_evt
 .text.flash_write
                0x00078a3e       0x2a mesh/bootloader/CMakeFiles/mesh_bootloader_serial_gccarmemb_nrf52832_xxAA.dir/src/bootloader_app_bridge.c.obj
                0x00078a3e                flash_write
 .text.flash_erase
                0x00078a68       0x26 mesh/bootloader/CMakeFiles/mesh_bootloader_serial_gccarmemb_nrf52832_xxAA.dir/src/bootloader_app_bridge.c.obj
                0x00078a68                flash_erase
 .text.tx_abort
                0x00078a8e       0x1a mesh/bootloader/CMakeFiles/mesh_bootloader_serial_gccarmemb_nrf52832_xxAA.dir/src/bootloader_app_bridge.c.obj
                0x00078a8e                tx_abort
 .text.bootloader_is_in_application
                0x00078aa8       0x10 mesh/bootloader/CMakeFiles/mesh_bootloader_serial_gccarmemb_nrf52832_xxAA.dir/src/bootloader_app_bridge.c.obj
                0x00078aa8                bootloader_is_in_application
 .text.info_entry_get
                0x00078ab8       0x40 mesh/bootloader/CMakeFiles/mesh_bootloader_serial_gccarmemb_nrf52832_xxAA.dir/src/bootloader_info.c.obj
 .text.bootloader_info_header_get
                0x00078af8       0x1c mesh/bootloader/CMakeFiles/mesh_bootloader_serial_gccarmemb_nrf52832_xxAA.dir/src/bootloader_info.c.obj
 .text.bootloader_info_first_unused_get
                0x00078b14       0x16 mesh/bootloader/CMakeFiles/mesh_bootloader_serial_gccarmemb_nrf52832_xxAA.dir/src/bootloader_info.c.obj
 *fill*         0x00078b2a        0x2 
 .text.entry_header_invalidate
                0x00078b2c       0x20 mesh/bootloader/CMakeFiles/mesh_bootloader_serial_gccarmemb_nrf52832_xxAA.dir/src/bootloader_info.c.obj
 .text.copy_page_write_meta
                0x00078b4c       0x20 mesh/bootloader/CMakeFiles/mesh_bootloader_serial_gccarmemb_nrf52832_xxAA.dir/src/bootloader_info.c.obj
 .text.copy_page_write_next_data
                0x00078b6c       0x74 mesh/bootloader/CMakeFiles/mesh_bootloader_serial_gccarmemb_nrf52832_xxAA.dir/src/bootloader_info.c.obj
 .text.copy_page
                0x00078be0       0x34 mesh/bootloader/CMakeFiles/mesh_bootloader_serial_gccarmemb_nrf52832_xxAA.dir/src/bootloader_info.c.obj
 .text.place_head_after_entry.constprop.1
                0x00078c14       0x40 mesh/bootloader/CMakeFiles/mesh_bootloader_serial_gccarmemb_nrf52832_xxAA.dir/src/bootloader_info.c.obj
 .text.entry_invalidate
                0x00078c54       0x34 mesh/bootloader/CMakeFiles/mesh_bootloader_serial_gccarmemb_nrf52832_xxAA.dir/src/bootloader_info.c.obj
                0x00078c54                entry_invalidate
 .text.entry_write
                0x00078c88       0xf8 mesh/bootloader/CMakeFiles/mesh_bootloader_serial_gccarmemb_nrf52832_xxAA.dir/src/bootloader_info.c.obj
                0x00078c88                entry_write
 .text.bootloader_info_init
                0x00078d80       0xc8 mesh/bootloader/CMakeFiles/mesh_bootloader_serial_gccarmemb_nrf52832_xxAA.dir/src/bootloader_info.c.obj
                0x00078d80                bootloader_info_init
 .text.bootloader_info_entry_get
                0x00078e48        0xa mesh/bootloader/CMakeFiles/mesh_bootloader_serial_gccarmemb_nrf52832_xxAA.dir/src/bootloader_info.c.obj
                0x00078e48                bootloader_info_entry_get
 .text.bootloader_info_entry_overwrite
                0x00078e52       0x2a mesh/bootloader/CMakeFiles/mesh_bootloader_serial_gccarmemb_nrf52832_xxAA.dir/src/bootloader_info.c.obj
                0x00078e52                bootloader_info_entry_overwrite
 .text.bootloader_info_entry_invalidate
                0x00078e7c        0xa mesh/bootloader/CMakeFiles/mesh_bootloader_serial_gccarmemb_nrf52832_xxAA.dir/src/bootloader_info.c.obj
                0x00078e7c                bootloader_info_entry_invalidate
 *fill*         0x00078e86        0x2 
 .text.bootloader_info_reset
                0x00078e88       0x40 mesh/bootloader/CMakeFiles/mesh_bootloader_serial_gccarmemb_nrf52832_xxAA.dir/src/bootloader_info.c.obj
                0x00078e88                bootloader_info_reset
 .text.bootloader_info_entry_put
                0x00078ec8       0xd0 mesh/bootloader/CMakeFiles/mesh_bootloader_serial_gccarmemb_nrf52832_xxAA.dir/src/bootloader_info.c.obj
                0x00078ec8                bootloader_info_entry_put
 .text.bootloader_info_stable
                0x00078f98       0x20 mesh/bootloader/CMakeFiles/mesh_bootloader_serial_gccarmemb_nrf52832_xxAA.dir/src/bootloader_info.c.obj
                0x00078f98                bootloader_info_stable
 .text.bootloader_info_on_flash_op_end
                0x00078fb8      0x118 mesh/bootloader/CMakeFiles/mesh_bootloader_serial_gccarmemb_nrf52832_xxAA.dir/src/bootloader_info.c.obj
                0x00078fb8                bootloader_info_on_flash_op_end
 .text.bootloader_info_on_flash_idle
                0x000790d0       0x40 mesh/bootloader/CMakeFiles/mesh_bootloader_serial_gccarmemb_nrf52832_xxAA.dir/src/bootloader_info.c.obj
                0x000790d0                bootloader_info_on_flash_idle
 .text.RTC0_IRQHandler
                0x00079110       0x48 mesh/bootloader/CMakeFiles/mesh_bootloader_serial_gccarmemb_nrf52832_xxAA.dir/src/bootloader_rtc.c.obj
                0x00079110                RTC0_IRQHandler
 .text.rtc_init
                0x00079158       0x30 mesh/bootloader/CMakeFiles/mesh_bootloader_serial_gccarmemb_nrf52832_xxAA.dir/src/bootloader_rtc.c.obj
                0x00079158                rtc_init
 .text.bootloader_util_app_start
                0x00079188       0x3c mesh/bootloader/CMakeFiles/mesh_bootloader_serial_gccarmemb_nrf52832_xxAA.dir/src/bootloader_util.c.obj
                0x00079188                bootloader_util_app_start
 .text.sd_mbr_command
                0x000791c4        0x4 mesh/bootloader/CMakeFiles/mesh_bootloader_serial_gccarmemb_nrf52832_xxAA.dir/src/dfu_bank.c.obj
 .text.flash_bank_entry
                0x000791c8      0x2c0 mesh/bootloader/CMakeFiles/mesh_bootloader_serial_gccarmemb_nrf52832_xxAA.dir/src/dfu_bank.c.obj
 .text.dfu_bank_scan
                0x00079488       0x4c mesh/bootloader/CMakeFiles/mesh_bootloader_serial_gccarmemb_nrf52832_xxAA.dir/src/dfu_bank.c.obj
                0x00079488                dfu_bank_scan
 .text.dfu_bank_flash
                0x000794d4       0x48 mesh/bootloader/CMakeFiles/mesh_bootloader_serial_gccarmemb_nrf52832_xxAA.dir/src/dfu_bank.c.obj
                0x000794d4                dfu_bank_flash
 .text.dfu_bank_on_flash_idle
                0x0007951c       0x20 mesh/bootloader/CMakeFiles/mesh_bootloader_serial_gccarmemb_nrf52832_xxAA.dir/src/dfu_bank.c.obj
                0x0007951c                dfu_bank_on_flash_idle
 .text.dfu_bank_transfer_in_progress
                0x0007953c       0x10 mesh/bootloader/CMakeFiles/mesh_bootloader_serial_gccarmemb_nrf52832_xxAA.dir/src/dfu_bank.c.obj
                0x0007953c                dfu_bank_transfer_in_progress
 .text.segment_count_from_start_packet
                0x0007954c       0x2c mesh/bootloader/CMakeFiles/mesh_bootloader_serial_gccarmemb_nrf52832_xxAA.dir/src/dfu_mesh.c.obj
 .text.get_info_pointers
                0x00079578       0x68 mesh/bootloader/CMakeFiles/mesh_bootloader_serial_gccarmemb_nrf52832_xxAA.dir/src/dfu_mesh.c.obj
 .text.beacon_set
                0x000795e0      0x100 mesh/bootloader/CMakeFiles/mesh_bootloader_serial_gccarmemb_nrf52832_xxAA.dir/src/dfu_mesh.c.obj
 .text.start_find_fwid
                0x000796e0       0x24 mesh/bootloader/CMakeFiles/mesh_bootloader_serial_gccarmemb_nrf52832_xxAA.dir/src/dfu_mesh.c.obj
 .text.notify_state_packet
                0x00079704       0x38 mesh/bootloader/CMakeFiles/mesh_bootloader_serial_gccarmemb_nrf52832_xxAA.dir/src/dfu_mesh.c.obj
 .text.packet_tx_dynamic.constprop.3
                0x0007973c       0x4c mesh/bootloader/CMakeFiles/mesh_bootloader_serial_gccarmemb_nrf52832_xxAA.dir/src/dfu_mesh.c.obj
 .text.relay_packet
                0x00079788       0x30 mesh/bootloader/CMakeFiles/mesh_bootloader_serial_gccarmemb_nrf52832_xxAA.dir/src/dfu_mesh.c.obj
 .text.start_req
                0x000797b8       0x58 mesh/bootloader/CMakeFiles/mesh_bootloader_serial_gccarmemb_nrf52832_xxAA.dir/src/dfu_mesh.c.obj
 .text.handle_data_packet
                0x00079810      0x528 mesh/bootloader/CMakeFiles/mesh_bootloader_serial_gccarmemb_nrf52832_xxAA.dir/src/dfu_mesh.c.obj
 .text.dfu_mesh_init
                0x00079d38       0x44 mesh/bootloader/CMakeFiles/mesh_bootloader_serial_gccarmemb_nrf52832_xxAA.dir/src/dfu_mesh.c.obj
                0x00079d38                dfu_mesh_init
 .text.dfu_mesh_start
                0x00079d7c       0xe8 mesh/bootloader/CMakeFiles/mesh_bootloader_serial_gccarmemb_nrf52832_xxAA.dir/src/dfu_mesh.c.obj
                0x00079d7c                dfu_mesh_start
 .text.dfu_mesh_req
                0x00079e64       0x34 mesh/bootloader/CMakeFiles/mesh_bootloader_serial_gccarmemb_nrf52832_xxAA.dir/src/dfu_mesh.c.obj
                0x00079e64                dfu_mesh_req
 .text.dfu_mesh_relay
                0x00079e98       0x4c mesh/bootloader/CMakeFiles/mesh_bootloader_serial_gccarmemb_nrf52832_xxAA.dir/src/dfu_mesh.c.obj
                0x00079e98                dfu_mesh_relay
 .text.dfu_mesh_rx
                0x00079ee4      0x2ec mesh/bootloader/CMakeFiles/mesh_bootloader_serial_gccarmemb_nrf52832_xxAA.dir/src/dfu_mesh.c.obj
                0x00079ee4                dfu_mesh_rx
 .text.dfu_mesh_missing_type_get
                0x0007a1d0       0x4c mesh/bootloader/CMakeFiles/mesh_bootloader_serial_gccarmemb_nrf52832_xxAA.dir/src/dfu_mesh.c.obj
                0x0007a1d0                dfu_mesh_missing_type_get
 .text.dfu_mesh_app_is_valid
                0x0007a21c       0x34 mesh/bootloader/CMakeFiles/mesh_bootloader_serial_gccarmemb_nrf52832_xxAA.dir/src/dfu_mesh.c.obj
                0x0007a21c                dfu_mesh_app_is_valid
 .text.dfu_mesh_finalize
                0x0007a250      0x14c mesh/bootloader/CMakeFiles/mesh_bootloader_serial_gccarmemb_nrf52832_xxAA.dir/src/dfu_mesh.c.obj
                0x0007a250                dfu_mesh_finalize
 .text.dfu_mesh_timeout
                0x0007a39c       0xd4 mesh/bootloader/CMakeFiles/mesh_bootloader_serial_gccarmemb_nrf52832_xxAA.dir/src/dfu_mesh.c.obj
                0x0007a39c                dfu_mesh_timeout
 .text.dfu_mesh_restart
                0x0007a470        0x4 mesh/bootloader/CMakeFiles/mesh_bootloader_serial_gccarmemb_nrf52832_xxAA.dir/src/dfu_mesh.c.obj
                0x0007a470                dfu_mesh_restart
 .text.dfu_mesh_on_flash_idle
                0x0007a474       0x50 mesh/bootloader/CMakeFiles/mesh_bootloader_serial_gccarmemb_nrf52832_xxAA.dir/src/dfu_mesh.c.obj
                0x0007a474                dfu_mesh_on_flash_idle
 .text.segment_is_missing
                0x0007a4c4       0x3c mesh/bootloader/CMakeFiles/mesh_bootloader_serial_gccarmemb_nrf52832_xxAA.dir/src/dfu_transfer_mesh.c.obj
 .text.dfu_transfer_init
                0x0007a500       0x1c mesh/bootloader/CMakeFiles/mesh_bootloader_serial_gccarmemb_nrf52832_xxAA.dir/src/dfu_transfer_mesh.c.obj
                0x0007a500                dfu_transfer_init
 .text.dfu_transfer_start
                0x0007a51c       0x74 mesh/bootloader/CMakeFiles/mesh_bootloader_serial_gccarmemb_nrf52832_xxAA.dir/src/dfu_transfer_mesh.c.obj
                0x0007a51c                dfu_transfer_start
 .text.dfu_transfer_data
                0x0007a590      0x184 mesh/bootloader/CMakeFiles/mesh_bootloader_serial_gccarmemb_nrf52832_xxAA.dir/src/dfu_transfer_mesh.c.obj
                0x0007a590                dfu_transfer_data
 .text.dfu_transfer_has_entry
                0x0007a714       0x58 mesh/bootloader/CMakeFiles/mesh_bootloader_serial_gccarmemb_nrf52832_xxAA.dir/src/dfu_transfer_mesh.c.obj
                0x0007a714                dfu_transfer_has_entry
 .text.dfu_transfer_get_oldest_missing_entry
                0x0007a76c       0x7c mesh/bootloader/CMakeFiles/mesh_bootloader_serial_gccarmemb_nrf52832_xxAA.dir/src/dfu_transfer_mesh.c.obj
                0x0007a76c                dfu_transfer_get_oldest_missing_entry
 .text.dfu_transfer_sha256
                0x0007a7e8       0x1c mesh/bootloader/CMakeFiles/mesh_bootloader_serial_gccarmemb_nrf52832_xxAA.dir/src/dfu_transfer_mesh.c.obj
                0x0007a7e8                dfu_transfer_sha256
 .text.dfu_transfer_end
                0x0007a804        0x4 mesh/bootloader/CMakeFiles/mesh_bootloader_serial_gccarmemb_nrf52832_xxAA.dir/src/dfu_transfer_mesh.c.obj
                0x0007a804                dfu_transfer_end
 .text.dfu_transfer_flash_write_complete
                0x0007a808       0x18 mesh/bootloader/CMakeFiles/mesh_bootloader_serial_gccarmemb_nrf52832_xxAA.dir/src/dfu_transfer_mesh.c.obj
                0x0007a808                dfu_transfer_flash_write_complete
 .text.fwid_union_cpy
                0x0007a820       0x1e mesh/bootloader/CMakeFiles/mesh_bootloader_serial_gccarmemb_nrf52832_xxAA.dir/src/dfu_util.c.obj
                0x0007a820                fwid_union_cpy
 .text.fwid_union_cmp
                0x0007a83e       0x2c mesh/bootloader/CMakeFiles/mesh_bootloader_serial_gccarmemb_nrf52832_xxAA.dir/src/dfu_util.c.obj
                0x0007a83e                fwid_union_cmp
 .text.fwid_union_id_cmp
                0x0007a86a       0x30 mesh/bootloader/CMakeFiles/mesh_bootloader_serial_gccarmemb_nrf52832_xxAA.dir/src/dfu_util.c.obj
                0x0007a86a                fwid_union_id_cmp
 .text.fwid_union_version_cmp
                0x0007a89a       0x28 mesh/bootloader/CMakeFiles/mesh_bootloader_serial_gccarmemb_nrf52832_xxAA.dir/src/dfu_util.c.obj
                0x0007a89a                fwid_union_version_cmp
 .text.addr_from_seg
                0x0007a8c2       0x14 mesh/bootloader/CMakeFiles/mesh_bootloader_serial_gccarmemb_nrf52832_xxAA.dir/src/dfu_util.c.obj
                0x0007a8c2                addr_from_seg
 .text.is_upgrade
                0x0007a8d6       0x88 mesh/bootloader/CMakeFiles/mesh_bootloader_serial_gccarmemb_nrf52832_xxAA.dir/src/dfu_util.c.obj
                0x0007a8d6                is_upgrade
 .text.app_is_newer
                0x0007a95e       0x30 mesh/bootloader/CMakeFiles/mesh_bootloader_serial_gccarmemb_nrf52832_xxAA.dir/src/dfu_util.c.obj
                0x0007a95e                app_is_newer
 .text.bootloader_is_newer
                0x0007a98e       0x2e mesh/bootloader/CMakeFiles/mesh_bootloader_serial_gccarmemb_nrf52832_xxAA.dir/src/dfu_util.c.obj
                0x0007a98e                bootloader_is_newer
 .text.fw_is_verified
                0x0007a9bc       0x1c mesh/bootloader/CMakeFiles/mesh_bootloader_serial_gccarmemb_nrf52832_xxAA.dir/src/dfu_util.c.obj
                0x0007a9bc                fw_is_verified
 .text.tid_cache_entry_put
                0x0007a9d8       0x1c mesh/bootloader/CMakeFiles/mesh_bootloader_serial_gccarmemb_nrf52832_xxAA.dir/src/dfu_util.c.obj
                0x0007a9d8                tid_cache_entry_put
 .text.tid_cache_has_entry
                0x0007a9f4       0x20 mesh/bootloader/CMakeFiles/mesh_bootloader_serial_gccarmemb_nrf52832_xxAA.dir/src/dfu_util.c.obj
                0x0007a9f4                tid_cache_has_entry
 .text.ready_packet_matches_our_req
                0x0007aa14       0x3c mesh/bootloader/CMakeFiles/mesh_bootloader_serial_gccarmemb_nrf52832_xxAA.dir/src/dfu_util.c.obj
                0x0007aa14                ready_packet_matches_our_req
 .text.packet_in_cache
                0x0007aa50       0x30 mesh/bootloader/CMakeFiles/mesh_bootloader_serial_gccarmemb_nrf52832_xxAA.dir/src/dfu_util.c.obj
                0x0007aa50                packet_in_cache
 .text.packet_cache_put
                0x0007aa80       0x28 mesh/bootloader/CMakeFiles/mesh_bootloader_serial_gccarmemb_nrf52832_xxAA.dir/src/dfu_util.c.obj
                0x0007aa80                packet_cache_put
 .text.packet_cache_flush
                0x0007aaa8       0x1c mesh/bootloader/CMakeFiles/mesh_bootloader_serial_gccarmemb_nrf52832_xxAA.dir/src/dfu_util.c.obj
                0x0007aaa8                packet_cache_flush
 .text.section_overlap
                0x0007aac4       0x22 mesh/bootloader/CMakeFiles/mesh_bootloader_serial_gccarmemb_nrf52832_xxAA.dir/src/dfu_util.c.obj
                0x0007aac4                section_overlap
 *fill*         0x0007aae6        0x2 
 .text.interrupts_disable
                0x0007aae8       0x24 mesh/bootloader/CMakeFiles/mesh_bootloader_serial_gccarmemb_nrf52832_xxAA.dir/src/dfu_util.c.obj
                0x0007aae8                interrupts_disable
 .text.fifo_init
                0x0007ab0c       0x1e mesh/bootloader/CMakeFiles/mesh_bootloader_serial_gccarmemb_nrf52832_xxAA.dir/src/fifo.c.obj
                0x0007ab0c                fifo_init
 .text.fifo_push
                0x0007ab2a       0x4e mesh/bootloader/CMakeFiles/mesh_bootloader_serial_gccarmemb_nrf52832_xxAA.dir/src/fifo.c.obj
                0x0007ab2a                fifo_push
 .text.fifo_pop
                0x0007ab78       0x4a mesh/bootloader/CMakeFiles/mesh_bootloader_serial_gccarmemb_nrf52832_xxAA.dir/src/fifo.c.obj
                0x0007ab78                fifo_pop
 .text.fifo_peek_at
                0x0007abc2       0x4e mesh/bootloader/CMakeFiles/mesh_bootloader_serial_gccarmemb_nrf52832_xxAA.dir/src/fifo.c.obj
                0x0007abc2                fifo_peek_at
 .text.fifo_peek
                0x0007ac10        0x6 mesh/bootloader/CMakeFiles/mesh_bootloader_serial_gccarmemb_nrf52832_xxAA.dir/src/fifo.c.obj
                0x0007ac10                fifo_peek
 .text.fifo_get_len
                0x0007ac16        0x8 mesh/bootloader/CMakeFiles/mesh_bootloader_serial_gccarmemb_nrf52832_xxAA.dir/src/fifo.c.obj
                0x0007ac16                fifo_get_len
 .text.fifo_is_full
                0x0007ac1e       0x10 mesh/bootloader/CMakeFiles/mesh_bootloader_serial_gccarmemb_nrf52832_xxAA.dir/src/fifo.c.obj
                0x0007ac1e                fifo_is_full
 .text.fifo_is_empty
                0x0007ac2e        0xc mesh/bootloader/CMakeFiles/mesh_bootloader_serial_gccarmemb_nrf52832_xxAA.dir/src/fifo.c.obj
                0x0007ac2e                fifo_is_empty
 .text.app_error_handler_bare
                0x0007ac3a        0x6 mesh/bootloader/CMakeFiles/mesh_bootloader_serial_gccarmemb_nrf52832_xxAA.dir/src/main.c.obj
                0x0007ac3a                app_error_handler_bare
 .text.HardFault_Handler
                0x0007ac40        0x6 mesh/bootloader/CMakeFiles/mesh_bootloader_serial_gccarmemb_nrf52832_xxAA.dir/src/main.c.obj
                0x0007ac40                HardFault_Handler
 *fill*         0x0007ac46        0x2 
 .text.startup.main
                0x0007ac48       0x90 mesh/bootloader/CMakeFiles/mesh_bootloader_serial_gccarmemb_nrf52832_xxAA.dir/src/main.c.obj
                0x0007ac48                main
 .text.mesh_packet_init
                0x0007acd8       0x14 mesh/bootloader/CMakeFiles/mesh_bootloader_serial_gccarmemb_nrf52832_xxAA.dir/src/mesh_packet.c.obj
                0x0007acd8                mesh_packet_init
 .text.mesh_packet_acquire
                0x0007acec       0x3c mesh/bootloader/CMakeFiles/mesh_bootloader_serial_gccarmemb_nrf52832_xxAA.dir/src/mesh_packet.c.obj
                0x0007acec                mesh_packet_acquire
 .text.mesh_packet_ref_count_inc
                0x0007ad28       0x44 mesh/bootloader/CMakeFiles/mesh_bootloader_serial_gccarmemb_nrf52832_xxAA.dir/src/mesh_packet.c.obj
                0x0007ad28                mesh_packet_ref_count_inc
 .text.mesh_packet_ref_count_dec
                0x0007ad6c       0x48 mesh/bootloader/CMakeFiles/mesh_bootloader_serial_gccarmemb_nrf52832_xxAA.dir/src/mesh_packet.c.obj
                0x0007ad6c                mesh_packet_ref_count_dec
 .text.mesh_packet_ref_count_get
                0x0007adb4       0x20 mesh/bootloader/CMakeFiles/mesh_bootloader_serial_gccarmemb_nrf52832_xxAA.dir/src/mesh_packet.c.obj
                0x0007adb4                mesh_packet_ref_count_get
 .text.mesh_packet_set_local_addr
                0x0007add4       0x28 mesh/bootloader/CMakeFiles/mesh_bootloader_serial_gccarmemb_nrf52832_xxAA.dir/src/mesh_packet.c.obj
                0x0007add4                mesh_packet_set_local_addr
 .text.mesh_packet_adv_data_get
                0x0007adfc       0x48 mesh/bootloader/CMakeFiles/mesh_bootloader_serial_gccarmemb_nrf52832_xxAA.dir/src/mesh_packet.c.obj
                0x0007adfc                mesh_packet_adv_data_get
 .text.nrf_flash_erase
                0x0007ae44       0x60 mesh/bootloader/CMakeFiles/mesh_bootloader_serial_gccarmemb_nrf52832_xxAA.dir/src/nrf_flash.c.obj
                0x0007ae44                nrf_flash_erase
 .text.nrf_flash_store
                0x0007aea4       0x70 mesh/bootloader/CMakeFiles/mesh_bootloader_serial_gccarmemb_nrf52832_xxAA.dir/src/nrf_flash.c.obj
                0x0007aea4                nrf_flash_store
 .text.radio_init
                0x0007af14      0x118 mesh/bootloader/CMakeFiles/mesh_bootloader_serial_gccarmemb_nrf52832_xxAA.dir/src/radio_control.c.obj
                0x0007af14                radio_init
 .text.radio_order
                0x0007b02c       0x4c mesh/bootloader/CMakeFiles/mesh_bootloader_serial_gccarmemb_nrf52832_xxAA.dir/src/radio_control.c.obj
                0x0007b02c                radio_order
 .text.radio_disable
                0x0007b078       0x28 mesh/bootloader/CMakeFiles/mesh_bootloader_serial_gccarmemb_nrf52832_xxAA.dir/src/radio_control.c.obj
                0x0007b078                radio_disable
 .text.radio_event_handler
                0x0007b0a0      0x1b0 mesh/bootloader/CMakeFiles/mesh_bootloader_serial_gccarmemb_nrf52832_xxAA.dir/src/radio_control.c.obj
                0x0007b0a0                radio_event_handler
 .text.rand_prng_get
                0x0007b250       0x24 mesh/bootloader/CMakeFiles/mesh_bootloader_serial_gccarmemb_nrf52832_xxAA.dir/src/rand.c.obj
                0x0007b250                rand_prng_get
 .text.rand_hw_rng_get
                0x0007b274       0x30 mesh/bootloader/CMakeFiles/mesh_bootloader_serial_gccarmemb_nrf52832_xxAA.dir/src/rand.c.obj
                0x0007b274                rand_hw_rng_get
 .text.rand_prng_seed
                0x0007b2a4       0x38 mesh/bootloader/CMakeFiles/mesh_bootloader_serial_gccarmemb_nrf52832_xxAA.dir/src/rand.c.obj
                0x0007b2a4                rand_prng_seed
 .text.order_next_rtc
                0x0007b2dc       0x68 mesh/bootloader/CMakeFiles/mesh_bootloader_serial_gccarmemb_nrf52832_xxAA.dir/src/transport.c.obj
 .text.radio_rx_cb
                0x0007b344       0x30 mesh/bootloader/CMakeFiles/mesh_bootloader_serial_gccarmemb_nrf52832_xxAA.dir/src/transport.c.obj
 .text.order_scan
                0x0007b374       0x3c mesh/bootloader/CMakeFiles/mesh_bootloader_serial_gccarmemb_nrf52832_xxAA.dir/src/transport.c.obj
 .text.radio_idle_cb
                0x0007b3b0       0x10 mesh/bootloader/CMakeFiles/mesh_bootloader_serial_gccarmemb_nrf52832_xxAA.dir/src/transport.c.obj
 .text.set_next_tx
                0x0007b3c0       0x80 mesh/bootloader/CMakeFiles/mesh_bootloader_serial_gccarmemb_nrf52832_xxAA.dir/src/transport.c.obj
 .text.RADIO_IRQHandler
                0x0007b440        0x4 mesh/bootloader/CMakeFiles/mesh_bootloader_serial_gccarmemb_nrf52832_xxAA.dir/src/transport.c.obj
                0x0007b440                RADIO_IRQHandler
 .text.timeslot_is_in_ts
                0x0007b444        0x4 mesh/bootloader/CMakeFiles/mesh_bootloader_serial_gccarmemb_nrf52832_xxAA.dir/src/transport.c.obj
                0x0007b444                timeslot_is_in_ts
 .text.transport_init
                0x0007b448       0x8c mesh/bootloader/CMakeFiles/mesh_bootloader_serial_gccarmemb_nrf52832_xxAA.dir/src/transport.c.obj
                0x0007b448                transport_init
 .text.transport_start
                0x0007b4d4       0x14 mesh/bootloader/CMakeFiles/mesh_bootloader_serial_gccarmemb_nrf52832_xxAA.dir/src/transport.c.obj
                0x0007b4d4                transport_start
 .text.SWI0_EGU0_IRQHandler
                0x0007b4e8       0x4c mesh/bootloader/CMakeFiles/mesh_bootloader_serial_gccarmemb_nrf52832_xxAA.dir/src/transport.c.obj
                0x0007b4e8                SWI0_EGU0_IRQHandler
 .text.transport_tx
                0x0007b534       0x70 mesh/bootloader/CMakeFiles/mesh_bootloader_serial_gccarmemb_nrf52832_xxAA.dir/src/transport.c.obj
                0x0007b534                transport_tx
 .text.transport_tx_abort
                0x0007b5a4       0x40 mesh/bootloader/CMakeFiles/mesh_bootloader_serial_gccarmemb_nrf52832_xxAA.dir/src/transport.c.obj
                0x0007b5a4                transport_tx_abort
 .text.transport_rtc_irq_handler
                0x0007b5e4       0xc0 mesh/bootloader/CMakeFiles/mesh_bootloader_serial_gccarmemb_nrf52832_xxAA.dir/src/transport.c.obj
                0x0007b5e4                transport_rtc_irq_handler
 .text.transport_tx_evt_set
                0x0007b6a4       0x24 mesh/bootloader/CMakeFiles/mesh_bootloader_serial_gccarmemb_nrf52832_xxAA.dir/src/transport.c.obj
                0x0007b6a4                transport_tx_evt_set
 .text.transport_tx_evt_get
                0x0007b6c8       0x24 mesh/bootloader/CMakeFiles/mesh_bootloader_serial_gccarmemb_nrf52832_xxAA.dir/src/transport.c.obj
                0x0007b6c8                transport_tx_evt_get
 .text.radio_tx_cb
                0x0007b6ec       0x3a mesh/bootloader/CMakeFiles/mesh_bootloader_serial_gccarmemb_nrf52832_xxAA.dir/src/transport.c.obj
 .text.vli_clear
                0x0007b726       0x10 mesh/bootloader/CMakeFiles/mesh_bootloader_serial_gccarmemb_nrf52832_xxAA.dir/src/uECC.c.obj
 .text.vli_isZero
                0x0007b736       0x16 mesh/bootloader/CMakeFiles/mesh_bootloader_serial_gccarmemb_nrf52832_xxAA.dir/src/uECC.c.obj
 .text.vli_testBit
                0x0007b74c       0x14 mesh/bootloader/CMakeFiles/mesh_bootloader_serial_gccarmemb_nrf52832_xxAA.dir/src/uECC.c.obj
 .text.vli_set  0x0007b760       0x14 mesh/bootloader/CMakeFiles/mesh_bootloader_serial_gccarmemb_nrf52832_xxAA.dir/src/uECC.c.obj
 .text.vli_cmp  0x0007b774       0x28 mesh/bootloader/CMakeFiles/mesh_bootloader_serial_gccarmemb_nrf52832_xxAA.dir/src/uECC.c.obj
 .text.vli_rshift1
                0x0007b79c       0x1a mesh/bootloader/CMakeFiles/mesh_bootloader_serial_gccarmemb_nrf52832_xxAA.dir/src/uECC.c.obj
 .text.vli_add  0x0007b7b6       0x2a mesh/bootloader/CMakeFiles/mesh_bootloader_serial_gccarmemb_nrf52832_xxAA.dir/src/uECC.c.obj
 .text.vli_sub  0x0007b7e0       0x2a mesh/bootloader/CMakeFiles/mesh_bootloader_serial_gccarmemb_nrf52832_xxAA.dir/src/uECC.c.obj
 .text.vli_bytesToNative
                0x0007b80a       0x18 mesh/bootloader/CMakeFiles/mesh_bootloader_serial_gccarmemb_nrf52832_xxAA.dir/src/uECC.c.obj
 .text.vli_modInv
                0x0007b822      0x11c mesh/bootloader/CMakeFiles/mesh_bootloader_serial_gccarmemb_nrf52832_xxAA.dir/src/uECC.c.obj
 *fill*         0x0007b93e        0x2 
 .text.vli_modSub.constprop.1
                0x0007b940       0x20 mesh/bootloader/CMakeFiles/mesh_bootloader_serial_gccarmemb_nrf52832_xxAA.dir/src/uECC.c.obj
 .text.vli_modAdd.constprop.2
                0x0007b960       0x2c mesh/bootloader/CMakeFiles/mesh_bootloader_serial_gccarmemb_nrf52832_xxAA.dir/src/uECC.c.obj
 .text.vli_numBits.constprop.3
                0x0007b98c       0x2c mesh/bootloader/CMakeFiles/mesh_bootloader_serial_gccarmemb_nrf52832_xxAA.dir/src/uECC.c.obj
 .text.vli_mult
                0x0007b9b8       0xbc mesh/bootloader/CMakeFiles/mesh_bootloader_serial_gccarmemb_nrf52832_xxAA.dir/src/uECC.c.obj
 .text.vli_modMult_fast
                0x0007ba74      0x18c mesh/bootloader/CMakeFiles/mesh_bootloader_serial_gccarmemb_nrf52832_xxAA.dir/src/uECC.c.obj
 .text.apply_z  0x0007bc00       0x34 mesh/bootloader/CMakeFiles/mesh_bootloader_serial_gccarmemb_nrf52832_xxAA.dir/src/uECC.c.obj
 .text.XYcZ_add
                0x0007bc34       0x9a mesh/bootloader/CMakeFiles/mesh_bootloader_serial_gccarmemb_nrf52832_xxAA.dir/src/uECC.c.obj
 *fill*         0x0007bcce        0x2 
 .text.vli_modMult_n
                0x0007bcd0       0x9c mesh/bootloader/CMakeFiles/mesh_bootloader_serial_gccarmemb_nrf52832_xxAA.dir/src/uECC.c.obj
 .text.uECC_verify
                0x0007bd6c      0x324 mesh/bootloader/CMakeFiles/mesh_bootloader_serial_gccarmemb_nrf52832_xxAA.dir/src/uECC.c.obj
                0x0007bd6c                uECC_verify
 .text.sha256_transform
                0x0007c090      0x134 mesh/bootloader/CMakeFiles/mesh_bootloader_serial_gccarmemb_nrf52832_xxAA.dir/C_/mesh/deps/nRF5_SDK_15.3.0_59ac345/components/libraries/sha256/sha256.c.obj
                0x0007c090                sha256_transform
 .text.sha256_init
                0x0007c1c4       0x60 mesh/bootloader/CMakeFiles/mesh_bootloader_serial_gccarmemb_nrf52832_xxAA.dir/C_/mesh/deps/nRF5_SDK_15.3.0_59ac345/components/libraries/sha256/sha256.c.obj
                0x0007c1c4                sha256_init
 .text.sha256_update
                0x0007c224       0x48 mesh/bootloader/CMakeFiles/mesh_bootloader_serial_gccarmemb_nrf52832_xxAA.dir/C_/mesh/deps/nRF5_SDK_15.3.0_59ac345/components/libraries/sha256/sha256.c.obj
                0x0007c224                sha256_update
 .text.sha256_final
                0x0007c26c      0x11c mesh/bootloader/CMakeFiles/mesh_bootloader_serial_gccarmemb_nrf52832_xxAA.dir/C_/mesh/deps/nRF5_SDK_15.3.0_59ac345/components/libraries/sha256/sha256.c.obj
                0x0007c26c                sha256_final
 .text.schedule_transmit
                0x0007c388       0x2c mesh/bootloader/CMakeFiles/mesh_bootloader_serial_gccarmemb_nrf52832_xxAA.dir/src/serial_handler_uart.c.obj
 .text.SWI1_EGU1_IRQHandler
                0x0007c3b4       0x40 mesh/bootloader/CMakeFiles/mesh_bootloader_serial_gccarmemb_nrf52832_xxAA.dir/src/serial_handler_uart.c.obj
                0x0007c3b4                SWI1_EGU1_IRQHandler
 .text.serial_handler_init
                0x0007c3f4       0xc0 mesh/bootloader/CMakeFiles/mesh_bootloader_serial_gccarmemb_nrf52832_xxAA.dir/src/serial_handler_uart.c.obj
                0x0007c3f4                serial_handler_init
 .text.serial_handler_credit_available
                0x0007c4b4        0xc mesh/bootloader/CMakeFiles/mesh_bootloader_serial_gccarmemb_nrf52832_xxAA.dir/src/serial_handler_uart.c.obj
                0x0007c4b4                serial_handler_credit_available
 .text.serial_handler_event_send
                0x0007c4c0       0x48 mesh/bootloader/CMakeFiles/mesh_bootloader_serial_gccarmemb_nrf52832_xxAA.dir/src/serial_handler_uart.c.obj
                0x0007c4c0                serial_handler_event_send
 .text.UARTE0_UART0_IRQHandler
                0x0007c508       0xf4 mesh/bootloader/CMakeFiles/mesh_bootloader_serial_gccarmemb_nrf52832_xxAA.dir/src/serial_handler_uart.c.obj
                0x0007c508                UARTE0_UART0_IRQHandler
 .text.serial_wait_for_completion
                0x0007c5fc       0x2c mesh/bootloader/CMakeFiles/mesh_bootloader_serial_gccarmemb_nrf52832_xxAA.dir/src/serial_handler_uart.c.obj
                0x0007c5fc                serial_wait_for_completion
 .text.serial_handler_command_get
                0x0007c628       0x4c mesh/bootloader/CMakeFiles/mesh_bootloader_serial_gccarmemb_nrf52832_xxAA.dir/src/serial_handler_uart.c.obj
                0x0007c628                serial_handler_command_get
 .text.mesh_aci_init
                0x0007c674       0x18 mesh/bootloader/CMakeFiles/mesh_bootloader_serial_gccarmemb_nrf52832_xxAA.dir/src/mesh_aci.c.obj
                0x0007c674                mesh_aci_init
 .text.mesh_aci_start
                0x0007c68c       0x3e mesh/bootloader/CMakeFiles/mesh_bootloader_serial_gccarmemb_nrf52832_xxAA.dir/src/mesh_aci.c.obj
                0x0007c68c                mesh_aci_start
 *fill*         0x0007c6ca        0x2 
 .text.mesh_aci_command_check
                0x0007c6cc      0x168 mesh/bootloader/CMakeFiles/mesh_bootloader_serial_gccarmemb_nrf52832_xxAA.dir/src/mesh_aci.c.obj
                0x0007c6cc                mesh_aci_command_check
 .text.errata_12
                0x0007c834       0x40 mesh/bootloader/CMakeFiles/mesh_bootloader_serial_gccarmemb_nrf52832_xxAA.dir/C_/mesh/deps/nRF5_SDK_15.3.0_59ac345/modules/nrfx/mdk/system_nrf52.c.obj
 .text.errata_16
                0x0007c874       0x34 mesh/bootloader/CMakeFiles/mesh_bootloader_serial_gccarmemb_nrf52832_xxAA.dir/C_/mesh/deps/nRF5_SDK_15.3.0_59ac345/modules/nrfx/mdk/system_nrf52.c.obj
 .text.SystemInit
                0x0007c8a8      0x25c mesh/bootloader/CMakeFiles/mesh_bootloader_serial_gccarmemb_nrf52832_xxAA.dir/C_/mesh/deps/nRF5_SDK_15.3.0_59ac345/modules/nrfx/mdk/system_nrf52.c.obj
                0x0007c8a8                SystemInit
 .text          0x0007cb04       0x3c mesh/bootloader/CMakeFiles/mesh_bootloader_serial_gccarmemb_nrf52832_xxAA.dir/C_/mesh/deps/nRF5_SDK_15.3.0_59ac345/modules/nrfx/mdk/gcc_startup_nrf52.S.obj
                0x0007cb04                Reset_Handler
                0x0007cb2c                NMI_Handler
                0x0007cb30                MemoryManagement_Handler
                0x0007cb32                BusFault_Handler
                0x0007cb34                UsageFault_Handler
                0x0007cb36                SVC_Handler
                0x0007cb38                DebugMon_Handler
                0x0007cb3a                PendSV_Handler
                0x0007cb3c                SysTick_Handler
                0x0007cb3e                TEMP_IRQHandler
                0x0007cb3e                QDEC_IRQHandler
                0x0007cb3e                TIMER3_IRQHandler
                0x0007cb3e                FPU_IRQHandler
                0x0007cb3e                PDM_IRQHandler
                0x0007cb3e                POWER_CLOCK_IRQHandler
                0x0007cb3e                TIMER4_IRQHandler
                0x0007cb3e                PWM1_IRQHandler
                0x0007cb3e                SWI4_EGU4_IRQHandler
                0x0007cb3e                TIMER0_IRQHandler
                0x0007cb3e                SPIM0_SPIS0_TWIM0_TWIS0_SPI0_TWI0_IRQHandler
                0x0007cb3e                TIMER1_IRQHandler
                0x0007cb3e                PWM2_IRQHandler
                0x0007cb3e                ECB_IRQHandler
                0x0007cb3e                SPIM1_SPIS1_TWIM1_TWIS1_SPI1_TWI1_IRQHandler
                0x0007cb3e                Default_Handler
                0x0007cb3e                SAADC_IRQHandler
                0x0007cb3e                CCM_AAR_IRQHandler
                0x0007cb3e                WDT_IRQHandler
                0x0007cb3e                I2S_IRQHandler
                0x0007cb3e                SWI5_EGU5_IRQHandler
                0x0007cb3e                RNG_IRQHandler
                0x0007cb3e                RTC2_IRQHandler
                0x0007cb3e                PWM0_IRQHandler
                0x0007cb3e                RTC1_IRQHandler
                0x0007cb3e                SPIM2_SPIS2_SPI2_IRQHandler
                0x0007cb3e                NFCT_IRQHandler
                0x0007cb3e                GPIOTE_IRQHandler
                0x0007cb3e                MWU_IRQHandler
                0x0007cb3e                TIMER2_IRQHandler
                0x0007cb3e                COMP_LPCOMP_IRQHandler
 .text          0x0007cb40       0x30 c:/mesh/arm_gcc/bin/../lib/gcc/arm-none-eabi/7.3.1/thumb/v7e-m/fpv4-sp/hard\libgcc.a(_aeabi_uldivmod.o)
                0x0007cb40                __aeabi_uldivmod
 .text          0x0007cb70      0x2cc c:/mesh/arm_gcc/bin/../lib/gcc/arm-none-eabi/7.3.1/thumb/v7e-m/fpv4-sp/hard\libgcc.a(_udivmoddi4.o)
                0x0007cb70                __udivmoddi4
 .text          0x0007ce3c        0x4 c:/mesh/arm_gcc/bin/../lib/gcc/arm-none-eabi/7.3.1/thumb/v7e-m/fpv4-sp/hard\libgcc.a(_dvmd_tls.o)
                0x0007ce3c                __aeabi_idiv0
                0x0007ce3c                __aeabi_ldiv0
 .text.exit     0x0007ce40       0x28 c:/mesh/arm_gcc/bin/../lib/gcc/arm-none-eabi/7.3.1/../../../../arm-none-eabi/lib/thumb/v7e-m/fpv4-sp/hard\libg_nano.a(lib_a-exit.o)
                0x0007ce40                exit
 .text.__libc_init_array
                0x0007ce68       0x48 c:/mesh/arm_gcc/bin/../lib/gcc/arm-none-eabi/7.3.1/../../../../arm-none-eabi/lib/thumb/v7e-m/fpv4-sp/hard\libg_nano.a(lib_a-init.o)
                0x0007ce68                __libc_init_array
 .text.memcmp   0x0007ceb0       0x1e c:/mesh/arm_gcc/bin/../lib/gcc/arm-none-eabi/7.3.1/../../../../arm-none-eabi/lib/thumb/v7e-m/fpv4-sp/hard\libg_nano.a(lib_a-memcmp.o)
                0x0007ceb0                memcmp
 .text.memcpy   0x0007cece       0x16 c:/mesh/arm_gcc/bin/../lib/gcc/arm-none-eabi/7.3.1/../../../../arm-none-eabi/lib/thumb/v7e-m/fpv4-sp/hard\libg_nano.a(lib_a-memcpy-stub.o)
                0x0007cece                memcpy
 .text.memset   0x0007cee4       0x10 c:/mesh/arm_gcc/bin/../lib/gcc/arm-none-eabi/7.3.1/../../../../arm-none-eabi/lib/thumb/v7e-m/fpv4-sp/hard\libg_nano.a(lib_a-memset.o)
                0x0007cee4                memset
 .text._exit    0x0007cef4        0x4 c:/mesh/arm_gcc/bin/../lib/gcc/arm-none-eabi/7.3.1/../../../../arm-none-eabi/lib/thumb/v7e-m/fpv4-sp/hard\libnosys.a(_exit.o)
                0x0007cef4                _exit
 *(.init)
 .init          0x0007cef8        0x4 c:/mesh/arm_gcc/bin/../lib/gcc/arm-none-eabi/7.3.1/thumb/v7e-m/fpv4-sp/hard/crti.o
                0x0007cef8                _init
 .init          0x0007cefc        0x8 c:/mesh/arm_gcc/bin/../lib/gcc/arm-none-eabi/7.3.1/thumb/v7e-m/fpv4-sp/hard/crtn.o
 *(.fini)
 .fini          0x0007cf04        0x4 c:/mesh/arm_gcc/bin/../lib/gcc/arm-none-eabi/7.3.1/thumb/v7e-m/fpv4-sp/hard/crti.o
                0x0007cf04                _fini
 .fini          0x0007cf08        0x8 c:/mesh/arm_gcc/bin/../lib/gcc/arm-none-eabi/7.3.1/thumb/v7e-m/fpv4-sp/hard/crtn.o
 *crtbegin.o(.ctors)
 *crtbegin?.o(.ctors)
 *(EXCLUDE_FILE(*crtend.o *crtend?.o) .ctors)
 *(SORT_BY_NAME(.ctors.*))
 *(.ctors)
 *crtbegin.o(.dtors)
 *crtbegin?.o(.dtors)
 *(EXCLUDE_FILE(*crtend.o *crtend?.o) .dtors)
 *(SORT_BY_NAME(.dtors.*))
 *(.dtors)
 *(.rodata*)
 .rodata.m_invalid_header
                0x0007cf10        0x4 mesh/bootloader/CMakeFiles/mesh_bootloader_serial_gccarmemb_nrf52832_xxAA.dir/src/bootloader_info.c.obj
 .rodata.CSWTCH.44
                0x0007cf14        0x4 mesh/bootloader/CMakeFiles/mesh_bootloader_serial_gccarmemb_nrf52832_xxAA.dir/src/dfu_mesh.c.obj
 .rodata        0x0007cf18        0xc mesh/bootloader/CMakeFiles/mesh_bootloader_serial_gccarmemb_nrf52832_xxAA.dir/src/radio_control.c.obj
 .rodata.curve_G
                0x0007cf24       0x40 mesh/bootloader/CMakeFiles/mesh_bootloader_serial_gccarmemb_nrf52832_xxAA.dir/src/uECC.c.obj
 .rodata.curve_n
                0x0007cf64       0x20 mesh/bootloader/CMakeFiles/mesh_bootloader_serial_gccarmemb_nrf52832_xxAA.dir/src/uECC.c.obj
 .rodata.curve_p
                0x0007cf84       0x20 mesh/bootloader/CMakeFiles/mesh_bootloader_serial_gccarmemb_nrf52832_xxAA.dir/src/uECC.c.obj
 .rodata.k      0x0007cfa4      0x100 mesh/bootloader/CMakeFiles/mesh_bootloader_serial_gccarmemb_nrf52832_xxAA.dir/C_/mesh/deps/nRF5_SDK_15.3.0_59ac345/components/libraries/sha256/sha256.c.obj
 .rodata.CSWTCH.8
                0x0007d0a4       0x12 mesh/bootloader/CMakeFiles/mesh_bootloader_serial_gccarmemb_nrf52832_xxAA.dir/src/mesh_aci.c.obj
 *fill*         0x0007d0b6        0x2 
 .rodata._global_impure_ptr
                0x0007d0b8        0x4 c:/mesh/arm_gcc/bin/../lib/gcc/arm-none-eabi/7.3.1/../../../../arm-none-eabi/lib/thumb/v7e-m/fpv4-sp/hard\libg_nano.a(lib_a-impure.o)
                0x0007d0b8                _global_impure_ptr
 *(.eh_frame*)
 .eh_frame      0x0007d0bc        0x0 c:/mesh/arm_gcc/bin/../lib/gcc/arm-none-eabi/7.3.1/thumb/v7e-m/fpv4-sp/hard/crtbegin.o
 .eh_frame      0x0007d0bc        0x4 c:/mesh/arm_gcc/bin/../lib/gcc/arm-none-eabi/7.3.1/thumb/v7e-m/fpv4-sp/hard/crtend.o

.glue_7         0x0007d0c0        0x0
 .glue_7        0x0007d0c0        0x0 linker stubs

.glue_7t        0x0007d0c0        0x0
 .glue_7t       0x0007d0c0        0x0 linker stubs

.vfp11_veneer   0x0007d0c0        0x0
 .vfp11_veneer  0x0007d0c0        0x0 linker stubs

.v4_bx          0x0007d0c0        0x0
 .v4_bx         0x0007d0c0        0x0 linker stubs

.iplt           0x0007d0c0        0x0
 .iplt          0x0007d0c0        0x0 c:/mesh/arm_gcc/bin/../lib/gcc/arm-none-eabi/7.3.1/thumb/v7e-m/fpv4-sp/hard/crtbegin.o

.ARM.extab
 *(.ARM.extab* .gnu.linkonce.armextab.*)
                0x0007d0c0                __exidx_start = .

.ARM.exidx      0x0007d0c0        0x8
 *(.ARM.exidx* .gnu.linkonce.armexidx.*)
 .ARM.exidx     0x0007d0c0        0x8 c:/mesh/arm_gcc/bin/../lib/gcc/arm-none-eabi/7.3.1/../../../../arm-none-eabi/lib/thumb/v7e-m/fpv4-sp/hard/crt0.o
 .ARM.exidx     0x0007d0c8        0x0 c:/mesh/arm_gcc/bin/../lib/gcc/arm-none-eabi/7.3.1/thumb/v7e-m/fpv4-sp/hard\libgcc.a(_udivmoddi4.o)
                                  0x8 (size before relaxing)
                0x0007d0c8                __exidx_end = .
                0x0007d0c8                __etext = .

.rel.dyn        0x0007d0c8        0x0
 .rel.iplt      0x0007d0c8        0x0 c:/mesh/arm_gcc/bin/../lib/gcc/arm-none-eabi/7.3.1/thumb/v7e-m/fpv4-sp/hard/crtbegin.o

.data           0x20000004       0x78 load address 0x0007d0c8
                0x20000004                __data_start__ = .
 *(vtable)
 *(.data*)
 .data.m_alt_aa
                0x20000004        0x4 mesh/bootloader/CMakeFiles/mesh_bootloader_serial_gccarmemb_nrf52832_xxAA.dir/src/radio_control.c.obj
 .data.m_radio_state
                0x20000008        0x1 mesh/bootloader/CMakeFiles/mesh_bootloader_serial_gccarmemb_nrf52832_xxAA.dir/src/radio_control.c.obj
 *fill*         0x20000009        0x3 
 .data.pp.11177
                0x2000000c        0x4 mesh/bootloader/CMakeFiles/mesh_bootloader_serial_gccarmemb_nrf52832_xxAA.dir/src/serial_handler_uart.c.obj
 .data.SystemCoreClock
                0x20000010        0x4 mesh/bootloader/CMakeFiles/mesh_bootloader_serial_gccarmemb_nrf52832_xxAA.dir/C_/mesh/deps/nRF5_SDK_15.3.0_59ac345/modules/nrfx/mdk/system_nrf52.c.obj
                0x20000010                SystemCoreClock
 .data.impure_data
                0x20000014       0x60 c:/mesh/arm_gcc/bin/../lib/gcc/arm-none-eabi/7.3.1/../../../../arm-none-eabi/lib/thumb/v7e-m/fpv4-sp/hard\libg_nano.a(lib_a-impure.o)
                0x20000074                . = ALIGN (0x4)
                0x20000074                PROVIDE (__preinit_array_start = .)
 *(.preinit_array)
                0x20000074                PROVIDE (__preinit_array_end = .)
                0x20000074                . = ALIGN (0x4)
                0x20000074                PROVIDE (__init_array_start = .)
 *(SORT_BY_NAME(.init_array.*))
 *(.init_array)
 .init_array    0x20000074        0x4 c:/mesh/arm_gcc/bin/../lib/gcc/arm-none-eabi/7.3.1/thumb/v7e-m/fpv4-sp/hard/crtbegin.o
                0x20000078                PROVIDE (__init_array_end = .)
                0x20000078                . = ALIGN (0x4)
                [!provide]                PROVIDE (__fini_array_start = .)
 *(SORT_BY_NAME(.fini_array.*))
 *(.fini_array)
 .fini_array    0x20000078        0x4 c:/mesh/arm_gcc/bin/../lib/gcc/arm-none-eabi/7.3.1/thumb/v7e-m/fpv4-sp/hard/crtbegin.o
                [!provide]                PROVIDE (__fini_array_end = .)
 *(.jcr*)
                0x2000007c                . = ALIGN (0x4)
                0x2000007c                __data_end__ = .

.igot.plt       0x2000007c        0x0 load address 0x0007d140
 .igot.plt      0x2000007c        0x0 c:/mesh/arm_gcc/bin/../lib/gcc/arm-none-eabi/7.3.1/thumb/v7e-m/fpv4-sp/hard/crtbegin.o

.bss            0x2000007c      0x954 load address 0x0007d140
                0x2000007c                . = ALIGN (0x4)
                0x2000007c                __bss_start__ = .
 *(.bss*)
 .bss           0x2000007c       0x1c c:/mesh/arm_gcc/bin/../lib/gcc/arm-none-eabi/7.3.1/thumb/v7e-m/fpv4-sp/hard/crtbegin.o
 .bss.m_flash_fifo
                0x20000098       0x18 mesh/bootloader/CMakeFiles/mesh_bootloader_serial_gccarmemb_nrf52832_xxAA.dir/src/bootloader.c.obj
 .bss.m_flash_fifo_buf
                0x200000b0       0x80 mesh/bootloader/CMakeFiles/mesh_bootloader_serial_gccarmemb_nrf52832_xxAA.dir/src/bootloader.c.obj
 .bss.m_go_to_app
                0x20000130        0x1 mesh/bootloader/CMakeFiles/mesh_bootloader_serial_gccarmemb_nrf52832_xxAA.dir/src/bootloader.c.obj
 .bss.m_timeout_action
                0x20000131        0x1 mesh/bootloader/CMakeFiles/mesh_bootloader_serial_gccarmemb_nrf52832_xxAA.dir/src/bootloader.c.obj
 *fill*         0x20000132        0x2 
 .bss.rsp_cmd.11703
                0x20000134       0x18 mesh/bootloader/CMakeFiles/mesh_bootloader_serial_gccarmemb_nrf52832_xxAA.dir/src/bootloader.c.obj
 .bss.g_packet_pool
                0x2000014c      0x500 mesh/bootloader/CMakeFiles/mesh_bootloader_serial_gccarmemb_nrf52832_xxAA.dir/src/mesh_packet.c.obj
 .bss.g_packet_refs
                0x2000064c       0x20 mesh/bootloader/CMakeFiles/mesh_bootloader_serial_gccarmemb_nrf52832_xxAA.dir/src/mesh_packet.c.obj
 .bss.buffer.7006
                0x2000066c        0x4 mesh/bootloader/CMakeFiles/mesh_bootloader_serial_gccarmemb_nrf52832_xxAA.dir/src/nrf_flash.c.obj
 .bss.m_idle_cb
                0x20000670        0x4 mesh/bootloader/CMakeFiles/mesh_bootloader_serial_gccarmemb_nrf52832_xxAA.dir/src/radio_control.c.obj
 .bss.m_radio_fifo
                0x20000674       0x18 mesh/bootloader/CMakeFiles/mesh_bootloader_serial_gccarmemb_nrf52832_xxAA.dir/src/radio_control.c.obj
 .bss.m_radio_fifo_queue
                0x2000068c       0x40 mesh/bootloader/CMakeFiles/mesh_bootloader_serial_gccarmemb_nrf52832_xxAA.dir/src/radio_control.c.obj
 .bss.m_rx_cb   0x200006cc        0x4 mesh/bootloader/CMakeFiles/mesh_bootloader_serial_gccarmemb_nrf52832_xxAA.dir/src/radio_control.c.obj
 .bss.m_tx_cb   0x200006d0        0x4 mesh/bootloader/CMakeFiles/mesh_bootloader_serial_gccarmemb_nrf52832_xxAA.dir/src/radio_control.c.obj
 .bss.m_prng    0x200006d4       0x10 mesh/bootloader/CMakeFiles/mesh_bootloader_serial_gccarmemb_nrf52832_xxAA.dir/src/transport.c.obj
 .bss.m_running
                0x200006e4        0x1 mesh/bootloader/CMakeFiles/mesh_bootloader_serial_gccarmemb_nrf52832_xxAA.dir/src/transport.c.obj
 *fill*         0x200006e5        0x3 
 .bss.m_rx_cb   0x200006e8        0x4 mesh/bootloader/CMakeFiles/mesh_bootloader_serial_gccarmemb_nrf52832_xxAA.dir/src/transport.c.obj
 .bss.m_rx_fifo
                0x200006ec       0x18 mesh/bootloader/CMakeFiles/mesh_bootloader_serial_gccarmemb_nrf52832_xxAA.dir/src/transport.c.obj
 .bss.m_rx_fifo_buf
                0x20000704       0x80 mesh/bootloader/CMakeFiles/mesh_bootloader_serial_gccarmemb_nrf52832_xxAA.dir/src/transport.c.obj
 .bss.m_ticks_at_order_time
                0x20000784        0x4 mesh/bootloader/CMakeFiles/mesh_bootloader_serial_gccarmemb_nrf52832_xxAA.dir/src/transport.c.obj
 .bss.m_tx      0x20000788       0x80 mesh/bootloader/CMakeFiles/mesh_bootloader_serial_gccarmemb_nrf52832_xxAA.dir/src/transport.c.obj
 .bss.m_rx_fifo
                0x20000808       0x18 mesh/bootloader/CMakeFiles/mesh_bootloader_serial_gccarmemb_nrf52832_xxAA.dir/src/serial_handler_uart.c.obj
 .bss.m_rx_fifo_buffer
                0x20000820       0x9c mesh/bootloader/CMakeFiles/mesh_bootloader_serial_gccarmemb_nrf52832_xxAA.dir/src/serial_handler_uart.c.obj
 .bss.m_serial_state
                0x200008bc        0x1 mesh/bootloader/CMakeFiles/mesh_bootloader_serial_gccarmemb_nrf52832_xxAA.dir/src/serial_handler_uart.c.obj
 .bss.m_suspend
                0x200008bd        0x1 mesh/bootloader/CMakeFiles/mesh_bootloader_serial_gccarmemb_nrf52832_xxAA.dir/src/serial_handler_uart.c.obj
 .bss.m_tx_buffer
                0x200008be       0x27 mesh/bootloader/CMakeFiles/mesh_bootloader_serial_gccarmemb_nrf52832_xxAA.dir/src/serial_handler_uart.c.obj
 *fill*         0x200008e5        0x3 
 .bss.m_tx_fifo
                0x200008e8       0x18 mesh/bootloader/CMakeFiles/mesh_bootloader_serial_gccarmemb_nrf52832_xxAA.dir/src/serial_handler_uart.c.obj
 .bss.m_tx_fifo_buffer
                0x20000900       0x9c mesh/bootloader/CMakeFiles/mesh_bootloader_serial_gccarmemb_nrf52832_xxAA.dir/src/serial_handler_uart.c.obj
 .bss.m_tx_len  0x2000099c        0x4 mesh/bootloader/CMakeFiles/mesh_bootloader_serial_gccarmemb_nrf52832_xxAA.dir/src/serial_handler_uart.c.obj
 .bss.mp_tx_ptr
                0x200009a0        0x4 mesh/bootloader/CMakeFiles/mesh_bootloader_serial_gccarmemb_nrf52832_xxAA.dir/src/serial_handler_uart.c.obj
 .bss.rx_buf.11176
                0x200009a4       0x27 mesh/bootloader/CMakeFiles/mesh_bootloader_serial_gccarmemb_nrf52832_xxAA.dir/src/serial_handler_uart.c.obj
 *(COMMON)
 *fill*         0x200009cb        0x1 
 COMMON         0x200009cc        0x2 mesh/bootloader/CMakeFiles/mesh_bootloader_serial_gccarmemb_nrf52832_xxAA.dir/src/transport.c.obj
                0x200009cc                m_tx_evt_bitfield
                0x200009d0                . = ALIGN (0x4)
 *fill*         0x200009ce        0x2 
                0x200009d0                __bss_end__ = .

.heap           0x200009d0     0x2000
                0x200009d0                __HeapBase = .
                0x200009d0                __end__ = .
                [!provide]                PROVIDE (end = .)
 *(.heap*)
 .heap          0x200009d0     0x2000 mesh/bootloader/CMakeFiles/mesh_bootloader_serial_gccarmemb_nrf52832_xxAA.dir/C_/mesh/deps/nRF5_SDK_15.3.0_59ac345/modules/nrfx/mdk/gcc_startup_nrf52.S.obj
                0x200029d0                __HeapLimit = .

.stack_dummy    0x200009d0     0x2000
 *(.stack*)
 .stack         0x200009d0     0x2000 mesh/bootloader/CMakeFiles/mesh_bootloader_serial_gccarmemb_nrf52832_xxAA.dir/C_/mesh/deps/nRF5_SDK_15.3.0_59ac345/modules/nrfx/mdk/gcc_startup_nrf52.S.obj
                0x2000fd00                __StackTop = (ORIGIN (RAM) + LENGTH (RAM))
                0x2000dd00                __StackLimit = (__StackTop - SIZEOF (.stack_dummy))
                0x2000fd00                PROVIDE (__stack = __StackTop)
                0x00000001                ASSERT ((__StackLimit >= __HeapLimit), region RAM overflowed with stack)
                0x00000078                DataInitFlashUsed = (__bss_start__ - __data_start__)
                0x000050c8                CodeFlashUsed = (__etext - ORIGIN (FLASH))
                0x00005140                TotalFlashUsed = (CodeFlashUsed + DataInitFlashUsed)
                0x00000001                ASSERT ((TotalFlashUsed <= LENGTH (FLASH)), region FLASH overflowed with .data and user data)
OUTPUT(mesh\bootloader\mesh_bootloader_serial_gccarmemb_nrf52832_xxAA.elf elf32-littlearm)

.ARM.attributes
                0x00000000       0x30
 .ARM.attributes
                0x00000000       0x22 c:/mesh/arm_gcc/bin/../lib/gcc/arm-none-eabi/7.3.1/thumb/v7e-m/fpv4-sp/hard/crti.o
 .ARM.attributes
                0x00000022       0x34 c:/mesh/arm_gcc/bin/../lib/gcc/arm-none-eabi/7.3.1/thumb/v7e-m/fpv4-sp/hard/crtbegin.o
 .ARM.attributes
                0x00000056       0x20 c:/mesh/arm_gcc/bin/../lib/gcc/arm-none-eabi/7.3.1/../../../../arm-none-eabi/lib/thumb/v7e-m/fpv4-sp/hard/crt0.o
 .ARM.attributes
                0x00000076       0x39 mesh/bootloader/CMakeFiles/mesh_bootloader_serial_gccarmemb_nrf52832_xxAA.dir/src/bootloader.c.obj
 .ARM.attributes
                0x000000af       0x39 mesh/bootloader/CMakeFiles/mesh_bootloader_serial_gccarmemb_nrf52832_xxAA.dir/src/bootloader_app_bridge.c.obj
 .ARM.attributes
                0x000000e8       0x39 mesh/bootloader/CMakeFiles/mesh_bootloader_serial_gccarmemb_nrf52832_xxAA.dir/src/bootloader_info.c.obj
 .ARM.attributes
                0x00000121       0x39 mesh/bootloader/CMakeFiles/mesh_bootloader_serial_gccarmemb_nrf52832_xxAA.dir/src/bootloader_rtc.c.obj
 .ARM.attributes
                0x0000015a       0x39 mesh/bootloader/CMakeFiles/mesh_bootloader_serial_gccarmemb_nrf52832_xxAA.dir/src/bootloader_util.c.obj
 .ARM.attributes
                0x00000193       0x39 mesh/bootloader/CMakeFiles/mesh_bootloader_serial_gccarmemb_nrf52832_xxAA.dir/src/dfu_bank.c.obj
 .ARM.attributes
                0x000001cc       0x39 mesh/bootloader/CMakeFiles/mesh_bootloader_serial_gccarmemb_nrf52832_xxAA.dir/src/dfu_mesh.c.obj
 .ARM.attributes
                0x00000205       0x39 mesh/bootloader/CMakeFiles/mesh_bootloader_serial_gccarmemb_nrf52832_xxAA.dir/src/dfu_transfer_mesh.c.obj
 .ARM.attributes
                0x0000023e       0x39 mesh/bootloader/CMakeFiles/mesh_bootloader_serial_gccarmemb_nrf52832_xxAA.dir/src/dfu_util.c.obj
 .ARM.attributes
                0x00000277       0x39 mesh/bootloader/CMakeFiles/mesh_bootloader_serial_gccarmemb_nrf52832_xxAA.dir/src/fifo.c.obj
 .ARM.attributes
                0x000002b0       0x39 mesh/bootloader/CMakeFiles/mesh_bootloader_serial_gccarmemb_nrf52832_xxAA.dir/src/main.c.obj
 .ARM.attributes
                0x000002e9       0x39 mesh/bootloader/CMakeFiles/mesh_bootloader_serial_gccarmemb_nrf52832_xxAA.dir/src/mesh_packet.c.obj
 .ARM.attributes
                0x00000322       0x39 mesh/bootloader/CMakeFiles/mesh_bootloader_serial_gccarmemb_nrf52832_xxAA.dir/src/nrf_flash.c.obj
 .ARM.attributes
                0x0000035b       0x39 mesh/bootloader/CMakeFiles/mesh_bootloader_serial_gccarmemb_nrf52832_xxAA.dir/src/radio_control.c.obj
 .ARM.attributes
                0x00000394       0x39 mesh/bootloader/CMakeFiles/mesh_bootloader_serial_gccarmemb_nrf52832_xxAA.dir/src/rand.c.obj
 .ARM.attributes
                0x000003cd       0x39 mesh/bootloader/CMakeFiles/mesh_bootloader_serial_gccarmemb_nrf52832_xxAA.dir/src/transport.c.obj
 .ARM.attributes
                0x00000406       0x39 mesh/bootloader/CMakeFiles/mesh_bootloader_serial_gccarmemb_nrf52832_xxAA.dir/src/uECC.c.obj
 .ARM.attributes
                0x0000043f       0x39 mesh/bootloader/CMakeFiles/mesh_bootloader_serial_gccarmemb_nrf52832_xxAA.dir/C_/mesh/deps/nRF5_SDK_15.3.0_59ac345/components/libraries/sha256/sha256.c.obj
 .ARM.attributes
                0x00000478       0x39 mesh/bootloader/CMakeFiles/mesh_bootloader_serial_gccarmemb_nrf52832_xxAA.dir/src/serial_handler_uart.c.obj
 .ARM.attributes
                0x000004b1       0x39 mesh/bootloader/CMakeFiles/mesh_bootloader_serial_gccarmemb_nrf52832_xxAA.dir/src/mesh_aci.c.obj
 .ARM.attributes
                0x000004ea       0x39 mesh/bootloader/CMakeFiles/mesh_bootloader_serial_gccarmemb_nrf52832_xxAA.dir/C_/mesh/deps/nRF5_SDK_15.3.0_59ac345/modules/nrfx/mdk/system_nrf52.c.obj
 .ARM.attributes
                0x00000523       0x20 mesh/bootloader/CMakeFiles/mesh_bootloader_serial_gccarmemb_nrf52832_xxAA.dir/C_/mesh/deps/nRF5_SDK_15.3.0_59ac345/modules/nrfx/mdk/gcc_startup_nrf52.S.obj
 .ARM.attributes
                0x00000543       0x22 c:/mesh/arm_gcc/bin/../lib/gcc/arm-none-eabi/7.3.1/thumb/v7e-m/fpv4-sp/hard\libgcc.a(_aeabi_uldivmod.o)
 .ARM.attributes
                0x00000565       0x34 c:/mesh/arm_gcc/bin/../lib/gcc/arm-none-eabi/7.3.1/thumb/v7e-m/fpv4-sp/hard\libgcc.a(_udivmoddi4.o)
 .ARM.attributes
                0x00000599       0x22 c:/mesh/arm_gcc/bin/../lib/gcc/arm-none-eabi/7.3.1/thumb/v7e-m/fpv4-sp/hard\libgcc.a(_dvmd_tls.o)
 .ARM.attributes
                0x000005bb       0x34 c:/mesh/arm_gcc/bin/../lib/gcc/arm-none-eabi/7.3.1/../../../../arm-none-eabi/lib/thumb/v7e-m/fpv4-sp/hard\libg_nano.a(lib_a-exit.o)
 .ARM.attributes
                0x000005ef       0x34 c:/mesh/arm_gcc/bin/../lib/gcc/arm-none-eabi/7.3.1/../../../../arm-none-eabi/lib/thumb/v7e-m/fpv4-sp/hard\libg_nano.a(lib_a-impure.o)
 .ARM.attributes
                0x00000623       0x34 c:/mesh/arm_gcc/bin/../lib/gcc/arm-none-eabi/7.3.1/../../../../arm-none-eabi/lib/thumb/v7e-m/fpv4-sp/hard\libg_nano.a(lib_a-init.o)
 .ARM.attributes
                0x00000657       0x34 c:/mesh/arm_gcc/bin/../lib/gcc/arm-none-eabi/7.3.1/../../../../arm-none-eabi/lib/thumb/v7e-m/fpv4-sp/hard\libg_nano.a(lib_a-memcmp.o)
 .ARM.attributes
                0x0000068b       0x34 c:/mesh/arm_gcc/bin/../lib/gcc/arm-none-eabi/7.3.1/../../../../arm-none-eabi/lib/thumb/v7e-m/fpv4-sp/hard\libg_nano.a(lib_a-memcpy-stub.o)
 .ARM.attributes
                0x000006bf       0x34 c:/mesh/arm_gcc/bin/../lib/gcc/arm-none-eabi/7.3.1/../../../../arm-none-eabi/lib/thumb/v7e-m/fpv4-sp/hard\libg_nano.a(lib_a-memset.o)
 .ARM.attributes
                0x000006f3       0x34 c:/mesh/arm_gcc/bin/../lib/gcc/arm-none-eabi/7.3.1/thumb/v7e-m/fpv4-sp/hard/crtend.o
 .ARM.attributes
                0x00000727       0x22 c:/mesh/arm_gcc/bin/../lib/gcc/arm-none-eabi/7.3.1/thumb/v7e-m/fpv4-sp/hard/crtn.o
 .ARM.attributes
                0x00000749       0x34 c:/mesh/arm_gcc/bin/../lib/gcc/arm-none-eabi/7.3.1/../../../../arm-none-eabi/lib/thumb/v7e-m/fpv4-sp/hard\libnosys.a(_exit.o)

.comment        0x00000000       0x7f
 .comment       0x00000000       0x7f mesh/bootloader/CMakeFiles/mesh_bootloader_serial_gccarmemb_nrf52832_xxAA.dir/src/bootloader.c.obj
                                 0x80 (size before relaxing)
 .comment       0x0000007f       0x80 mesh/bootloader/CMakeFiles/mesh_bootloader_serial_gccarmemb_nrf52832_xxAA.dir/src/bootloader_app_bridge.c.obj
 .comment       0x0000007f       0x80 mesh/bootloader/CMakeFiles/mesh_bootloader_serial_gccarmemb_nrf52832_xxAA.dir/src/bootloader_info.c.obj
 .comment       0x0000007f       0x80 mesh/bootloader/CMakeFiles/mesh_bootloader_serial_gccarmemb_nrf52832_xxAA.dir/src/bootloader_rtc.c.obj
 .comment       0x0000007f       0x80 mesh/bootloader/CMakeFiles/mesh_bootloader_serial_gccarmemb_nrf52832_xxAA.dir/src/bootloader_util.c.obj
 .comment       0x0000007f       0x80 mesh/bootloader/CMakeFiles/mesh_bootloader_serial_gccarmemb_nrf52832_xxAA.dir/src/dfu_bank.c.obj
 .comment       0x0000007f       0x80 mesh/bootloader/CMakeFiles/mesh_bootloader_serial_gccarmemb_nrf52832_xxAA.dir/src/dfu_mesh.c.obj
 .comment       0x0000007f       0x80 mesh/bootloader/CMakeFiles/mesh_bootloader_serial_gccarmemb_nrf52832_xxAA.dir/src/dfu_transfer_mesh.c.obj
 .comment       0x0000007f       0x80 mesh/bootloader/CMakeFiles/mesh_bootloader_serial_gccarmemb_nrf52832_xxAA.dir/src/dfu_util.c.obj
 .comment       0x0000007f       0x80 mesh/bootloader/CMakeFiles/mesh_bootloader_serial_gccarmemb_nrf52832_xxAA.dir/src/fifo.c.obj
 .comment       0x0000007f       0x80 mesh/bootloader/CMakeFiles/mesh_bootloader_serial_gccarmemb_nrf52832_xxAA.dir/src/main.c.obj
 .comment       0x0000007f       0x80 mesh/bootloader/CMakeFiles/mesh_bootloader_serial_gccarmemb_nrf52832_xxAA.dir/src/mesh_packet.c.obj
 .comment       0x0000007f       0x80 mesh/bootloader/CMakeFiles/mesh_bootloader_serial_gccarmemb_nrf52832_xxAA.dir/src/nrf_flash.c.obj
 .comment       0x0000007f       0x80 mesh/bootloader/CMakeFiles/mesh_bootloader_serial_gccarmemb_nrf52832_xxAA.dir/src/radio_control.c.obj
 .comment       0x0000007f       0x80 mesh/bootloader/CMakeFiles/mesh_bootloader_serial_gccarmemb_nrf52832_xxAA.dir/src/rand.c.obj
 .comment       0x0000007f       0x80 mesh/bootloader/CMakeFiles/mesh_bootloader_serial_gccarmemb_nrf52832_xxAA.dir/src/transport.c.obj
 .comment       0x0000007f       0x80 mesh/bootloader/CMakeFiles/mesh_bootloader_serial_gccarmemb_nrf52832_xxAA.dir/src/uECC.c.obj
 .comment       0x0000007f       0x80 mesh/bootloader/CMakeFiles/mesh_bootloader_serial_gccarmemb_nrf52832_xxAA.dir/C_/mesh/deps/nRF5_SDK_15.3.0_59ac345/components/libraries/sha256/sha256.c.obj
 .comment       0x0000007f       0x80 mesh/bootloader/CMakeFiles/mesh_bootloader_serial_gccarmemb_nrf52832_xxAA.dir/src/serial_handler_uart.c.obj
 .comment       0x0000007f       0x80 mesh/bootloader/CMakeFiles/mesh_bootloader_serial_gccarmemb_nrf52832_xxAA.dir/src/mesh_aci.c.obj
 .comment       0x0000007f       0x80 mesh/bootloader/CMakeFiles/mesh_bootloader_serial_gccarmemb_nrf52832_xxAA.dir/C_/mesh/deps/nRF5_SDK_15.3.0_59ac345/modules/nrfx/mdk/system_nrf52.c.obj

.debug_info     0x00000000    0x20d3f
 .debug_info    0x00000000     0x39ab mesh/bootloader/CMakeFiles/mesh_bootloader_serial_gccarmemb_nrf52832_xxAA.dir/src/bootloader.c.obj
 .debug_info    0x000039ab     0x2345 mesh/bootloader/CMakeFiles/mesh_bootloader_serial_gccarmemb_nrf52832_xxAA.dir/src/bootloader_app_bridge.c.obj
 .debug_info    0x00005cf0     0x1c25 mesh/bootloader/CMakeFiles/mesh_bootloader_serial_gccarmemb_nrf52832_xxAA.dir/src/bootloader_info.c.obj
 .debug_info    0x00007915      0x77d mesh/bootloader/CMakeFiles/mesh_bootloader_serial_gccarmemb_nrf52832_xxAA.dir/src/bootloader_rtc.c.obj
 .debug_info    0x00008092      0x8f6 mesh/bootloader/CMakeFiles/mesh_bootloader_serial_gccarmemb_nrf52832_xxAA.dir/src/bootloader_util.c.obj
 .debug_info    0x00008988     0x22ae mesh/bootloader/CMakeFiles/mesh_bootloader_serial_gccarmemb_nrf52832_xxAA.dir/src/dfu_bank.c.obj
 .debug_info    0x0000ac36     0x361f mesh/bootloader/CMakeFiles/mesh_bootloader_serial_gccarmemb_nrf52832_xxAA.dir/src/dfu_mesh.c.obj
 .debug_info    0x0000e255      0xeca mesh/bootloader/CMakeFiles/mesh_bootloader_serial_gccarmemb_nrf52832_xxAA.dir/src/dfu_transfer_mesh.c.obj
 .debug_info    0x0000f11f     0x16f0 mesh/bootloader/CMakeFiles/mesh_bootloader_serial_gccarmemb_nrf52832_xxAA.dir/src/dfu_util.c.obj
 .debug_info    0x0001080f      0xc70 mesh/bootloader/CMakeFiles/mesh_bootloader_serial_gccarmemb_nrf52832_xxAA.dir/src/fifo.c.obj
 .debug_info    0x0001147f     0x152e mesh/bootloader/CMakeFiles/mesh_bootloader_serial_gccarmemb_nrf52832_xxAA.dir/src/main.c.obj
 .debug_info    0x000129ad     0x12eb mesh/bootloader/CMakeFiles/mesh_bootloader_serial_gccarmemb_nrf52832_xxAA.dir/src/mesh_packet.c.obj
 .debug_info    0x00013c98      0x64f mesh/bootloader/CMakeFiles/mesh_bootloader_serial_gccarmemb_nrf52832_xxAA.dir/src/nrf_flash.c.obj
 .debug_info    0x000142e7     0x16a6 mesh/bootloader/CMakeFiles/mesh_bootloader_serial_gccarmemb_nrf52832_xxAA.dir/src/radio_control.c.obj
 .debug_info    0x0001598d      0x344 mesh/bootloader/CMakeFiles/mesh_bootloader_serial_gccarmemb_nrf52832_xxAA.dir/src/rand.c.obj
 .debug_info    0x00015cd1     0x23f1 mesh/bootloader/CMakeFiles/mesh_bootloader_serial_gccarmemb_nrf52832_xxAA.dir/src/transport.c.obj
 .debug_info    0x000180c2     0x1ea7 mesh/bootloader/CMakeFiles/mesh_bootloader_serial_gccarmemb_nrf52832_xxAA.dir/src/uECC.c.obj
 .debug_info    0x00019f69      0xc18 mesh/bootloader/CMakeFiles/mesh_bootloader_serial_gccarmemb_nrf52832_xxAA.dir/C_/mesh/deps/nRF5_SDK_15.3.0_59ac345/components/libraries/sha256/sha256.c.obj
 .debug_info    0x0001ab81     0x214e mesh/bootloader/CMakeFiles/mesh_bootloader_serial_gccarmemb_nrf52832_xxAA.dir/src/serial_handler_uart.c.obj
 .debug_info    0x0001cccf     0x2f62 mesh/bootloader/CMakeFiles/mesh_bootloader_serial_gccarmemb_nrf52832_xxAA.dir/src/mesh_aci.c.obj
 .debug_info    0x0001fc31     0x110e mesh/bootloader/CMakeFiles/mesh_bootloader_serial_gccarmemb_nrf52832_xxAA.dir/C_/mesh/deps/nRF5_SDK_15.3.0_59ac345/modules/nrfx/mdk/system_nrf52.c.obj

.debug_abbrev   0x00000000     0x4643
 .debug_abbrev  0x00000000      0x456 mesh/bootloader/CMakeFiles/mesh_bootloader_serial_gccarmemb_nrf52832_xxAA.dir/src/bootloader.c.obj
 .debug_abbrev  0x00000456      0x37d mesh/bootloader/CMakeFiles/mesh_bootloader_serial_gccarmemb_nrf52832_xxAA.dir/src/bootloader_app_bridge.c.obj
 .debug_abbrev  0x000007d3      0x50f mesh/bootloader/CMakeFiles/mesh_bootloader_serial_gccarmemb_nrf52832_xxAA.dir/src/bootloader_info.c.obj
 .debug_abbrev  0x00000ce2      0x193 mesh/bootloader/CMakeFiles/mesh_bootloader_serial_gccarmemb_nrf52832_xxAA.dir/src/bootloader_rtc.c.obj
 .debug_abbrev  0x00000e75      0x1db mesh/bootloader/CMakeFiles/mesh_bootloader_serial_gccarmemb_nrf52832_xxAA.dir/src/bootloader_util.c.obj
 .debug_abbrev  0x00001050      0x43e mesh/bootloader/CMakeFiles/mesh_bootloader_serial_gccarmemb_nrf52832_xxAA.dir/src/dfu_bank.c.obj
 .debug_abbrev  0x0000148e      0x4e4 mesh/bootloader/CMakeFiles/mesh_bootloader_serial_gccarmemb_nrf52832_xxAA.dir/src/dfu_mesh.c.obj
 .debug_abbrev  0x00001972      0x379 mesh/bootloader/CMakeFiles/mesh_bootloader_serial_gccarmemb_nrf52832_xxAA.dir/src/dfu_transfer_mesh.c.obj
 .debug_abbrev  0x00001ceb      0x40b mesh/bootloader/CMakeFiles/mesh_bootloader_serial_gccarmemb_nrf52832_xxAA.dir/src/dfu_util.c.obj
 .debug_abbrev  0x000020f6      0x2d4 mesh/bootloader/CMakeFiles/mesh_bootloader_serial_gccarmemb_nrf52832_xxAA.dir/src/fifo.c.obj
 .debug_abbrev  0x000023ca      0x31d mesh/bootloader/CMakeFiles/mesh_bootloader_serial_gccarmemb_nrf52832_xxAA.dir/src/main.c.obj
 .debug_abbrev  0x000026e7      0x377 mesh/bootloader/CMakeFiles/mesh_bootloader_serial_gccarmemb_nrf52832_xxAA.dir/src/mesh_packet.c.obj
 .debug_abbrev  0x00002a5e      0x1bc mesh/bootloader/CMakeFiles/mesh_bootloader_serial_gccarmemb_nrf52832_xxAA.dir/src/nrf_flash.c.obj
 .debug_abbrev  0x00002c1a      0x44d mesh/bootloader/CMakeFiles/mesh_bootloader_serial_gccarmemb_nrf52832_xxAA.dir/src/radio_control.c.obj
 .debug_abbrev  0x00003067      0x188 mesh/bootloader/CMakeFiles/mesh_bootloader_serial_gccarmemb_nrf52832_xxAA.dir/src/rand.c.obj
 .debug_abbrev  0x000031ef      0x4f5 mesh/bootloader/CMakeFiles/mesh_bootloader_serial_gccarmemb_nrf52832_xxAA.dir/src/transport.c.obj
 .debug_abbrev  0x000036e4      0x2b5 mesh/bootloader/CMakeFiles/mesh_bootloader_serial_gccarmemb_nrf52832_xxAA.dir/src/uECC.c.obj
 .debug_abbrev  0x00003999      0x24c mesh/bootloader/CMakeFiles/mesh_bootloader_serial_gccarmemb_nrf52832_xxAA.dir/C_/mesh/deps/nRF5_SDK_15.3.0_59ac345/components/libraries/sha256/sha256.c.obj
 .debug_abbrev  0x00003be5      0x450 mesh/bootloader/CMakeFiles/mesh_bootloader_serial_gccarmemb_nrf52832_xxAA.dir/src/serial_handler_uart.c.obj
 .debug_abbrev  0x00004035      0x40c mesh/bootloader/CMakeFiles/mesh_bootloader_serial_gccarmemb_nrf52832_xxAA.dir/src/mesh_aci.c.obj
 .debug_abbrev  0x00004441      0x202 mesh/bootloader/CMakeFiles/mesh_bootloader_serial_gccarmemb_nrf52832_xxAA.dir/C_/mesh/deps/nRF5_SDK_15.3.0_59ac345/modules/nrfx/mdk/system_nrf52.c.obj

.debug_loc      0x00000000     0x5eeb
 .debug_loc     0x00000000      0x52e mesh/bootloader/CMakeFiles/mesh_bootloader_serial_gccarmemb_nrf52832_xxAA.dir/src/bootloader.c.obj
 .debug_loc     0x0000052e      0x36d mesh/bootloader/CMakeFiles/mesh_bootloader_serial_gccarmemb_nrf52832_xxAA.dir/src/bootloader_app_bridge.c.obj
 .debug_loc     0x0000089b      0xafb mesh/bootloader/CMakeFiles/mesh_bootloader_serial_gccarmemb_nrf52832_xxAA.dir/src/bootloader_info.c.obj
 .debug_loc     0x00001396       0x3c mesh/bootloader/CMakeFiles/mesh_bootloader_serial_gccarmemb_nrf52832_xxAA.dir/src/bootloader_rtc.c.obj
 .debug_loc     0x000013d2       0x31 mesh/bootloader/CMakeFiles/mesh_bootloader_serial_gccarmemb_nrf52832_xxAA.dir/src/bootloader_util.c.obj
 .debug_loc     0x00001403      0x307 mesh/bootloader/CMakeFiles/mesh_bootloader_serial_gccarmemb_nrf52832_xxAA.dir/src/dfu_bank.c.obj
 .debug_loc     0x0000170a      0xf22 mesh/bootloader/CMakeFiles/mesh_bootloader_serial_gccarmemb_nrf52832_xxAA.dir/src/dfu_mesh.c.obj
 .debug_loc     0x0000262c      0x473 mesh/bootloader/CMakeFiles/mesh_bootloader_serial_gccarmemb_nrf52832_xxAA.dir/src/dfu_transfer_mesh.c.obj
 .debug_loc     0x00002a9f      0x602 mesh/bootloader/CMakeFiles/mesh_bootloader_serial_gccarmemb_nrf52832_xxAA.dir/src/dfu_util.c.obj
 .debug_loc     0x000030a1      0x377 mesh/bootloader/CMakeFiles/mesh_bootloader_serial_gccarmemb_nrf52832_xxAA.dir/src/fifo.c.obj
 .debug_loc     0x00003418       0x3c mesh/bootloader/CMakeFiles/mesh_bootloader_serial_gccarmemb_nrf52832_xxAA.dir/src/main.c.obj
 .debug_loc     0x00003454      0x5bc mesh/bootloader/CMakeFiles/mesh_bootloader_serial_gccarmemb_nrf52832_xxAA.dir/src/mesh_packet.c.obj
 .debug_loc     0x00003a10      0x178 mesh/bootloader/CMakeFiles/mesh_bootloader_serial_gccarmemb_nrf52832_xxAA.dir/src/nrf_flash.c.obj
 .debug_loc     0x00003b88      0x259 mesh/bootloader/CMakeFiles/mesh_bootloader_serial_gccarmemb_nrf52832_xxAA.dir/src/radio_control.c.obj
 .debug_loc     0x00003de1      0x101 mesh/bootloader/CMakeFiles/mesh_bootloader_serial_gccarmemb_nrf52832_xxAA.dir/src/rand.c.obj
 .debug_loc     0x00003ee2      0x5b4 mesh/bootloader/CMakeFiles/mesh_bootloader_serial_gccarmemb_nrf52832_xxAA.dir/src/transport.c.obj
 .debug_loc     0x00004496     0x12e2 mesh/bootloader/CMakeFiles/mesh_bootloader_serial_gccarmemb_nrf52832_xxAA.dir/src/uECC.c.obj
 .debug_loc     0x00005778      0x550 mesh/bootloader/CMakeFiles/mesh_bootloader_serial_gccarmemb_nrf52832_xxAA.dir/C_/mesh/deps/nRF5_SDK_15.3.0_59ac345/components/libraries/sha256/sha256.c.obj
 .debug_loc     0x00005cc8      0x128 mesh/bootloader/CMakeFiles/mesh_bootloader_serial_gccarmemb_nrf52832_xxAA.dir/src/serial_handler_uart.c.obj
 .debug_loc     0x00005df0       0xfb mesh/bootloader/CMakeFiles/mesh_bootloader_serial_gccarmemb_nrf52832_xxAA.dir/src/mesh_aci.c.obj

.debug_aranges  0x00000000      0x800
 .debug_aranges
                0x00000000       0x78 mesh/bootloader/CMakeFiles/mesh_bootloader_serial_gccarmemb_nrf52832_xxAA.dir/src/bootloader.c.obj
 .debug_aranges
                0x00000078       0x70 mesh/bootloader/CMakeFiles/mesh_bootloader_serial_gccarmemb_nrf52832_xxAA.dir/src/bootloader_app_bridge.c.obj
 .debug_aranges
                0x000000e8       0xc0 mesh/bootloader/CMakeFiles/mesh_bootloader_serial_gccarmemb_nrf52832_xxAA.dir/src/bootloader_info.c.obj
 .debug_aranges
                0x000001a8       0x28 mesh/bootloader/CMakeFiles/mesh_bootloader_serial_gccarmemb_nrf52832_xxAA.dir/src/bootloader_rtc.c.obj
 .debug_aranges
                0x000001d0       0x20 mesh/bootloader/CMakeFiles/mesh_bootloader_serial_gccarmemb_nrf52832_xxAA.dir/src/bootloader_util.c.obj
 .debug_aranges
                0x000001f0       0x50 mesh/bootloader/CMakeFiles/mesh_bootloader_serial_gccarmemb_nrf52832_xxAA.dir/src/dfu_bank.c.obj
 .debug_aranges
                0x00000240       0xb8 mesh/bootloader/CMakeFiles/mesh_bootloader_serial_gccarmemb_nrf52832_xxAA.dir/src/dfu_mesh.c.obj
 .debug_aranges
                0x000002f8       0x60 mesh/bootloader/CMakeFiles/mesh_bootloader_serial_gccarmemb_nrf52832_xxAA.dir/src/dfu_transfer_mesh.c.obj
 .debug_aranges
                0x00000358       0xa0 mesh/bootloader/CMakeFiles/mesh_bootloader_serial_gccarmemb_nrf52832_xxAA.dir/src/dfu_util.c.obj
 .debug_aranges
                0x000003f8       0x60 mesh/bootloader/CMakeFiles/mesh_bootloader_serial_gccarmemb_nrf52832_xxAA.dir/src/fifo.c.obj
 .debug_aranges
                0x00000458       0x38 mesh/bootloader/CMakeFiles/mesh_bootloader_serial_gccarmemb_nrf52832_xxAA.dir/src/main.c.obj
 .debug_aranges
                0x00000490       0x80 mesh/bootloader/CMakeFiles/mesh_bootloader_serial_gccarmemb_nrf52832_xxAA.dir/src/mesh_packet.c.obj
 .debug_aranges
                0x00000510       0x28 mesh/bootloader/CMakeFiles/mesh_bootloader_serial_gccarmemb_nrf52832_xxAA.dir/src/nrf_flash.c.obj
 .debug_aranges
                0x00000538       0x40 mesh/bootloader/CMakeFiles/mesh_bootloader_serial_gccarmemb_nrf52832_xxAA.dir/src/radio_control.c.obj
 .debug_aranges
                0x00000578       0x30 mesh/bootloader/CMakeFiles/mesh_bootloader_serial_gccarmemb_nrf52832_xxAA.dir/src/rand.c.obj
 .debug_aranges
                0x000005a8       0xa8 mesh/bootloader/CMakeFiles/mesh_bootloader_serial_gccarmemb_nrf52832_xxAA.dir/src/transport.c.obj
 .debug_aranges
                0x00000650       0xb0 mesh/bootloader/CMakeFiles/mesh_bootloader_serial_gccarmemb_nrf52832_xxAA.dir/src/uECC.c.obj
 .debug_aranges
                0x00000700       0x38 mesh/bootloader/CMakeFiles/mesh_bootloader_serial_gccarmemb_nrf52832_xxAA.dir/C_/mesh/deps/nRF5_SDK_15.3.0_59ac345/components/libraries/sha256/sha256.c.obj
 .debug_aranges
                0x00000738       0x58 mesh/bootloader/CMakeFiles/mesh_bootloader_serial_gccarmemb_nrf52832_xxAA.dir/src/serial_handler_uart.c.obj
 .debug_aranges
                0x00000790       0x38 mesh/bootloader/CMakeFiles/mesh_bootloader_serial_gccarmemb_nrf52832_xxAA.dir/src/mesh_aci.c.obj
 .debug_aranges
                0x000007c8       0x38 mesh/bootloader/CMakeFiles/mesh_bootloader_serial_gccarmemb_nrf52832_xxAA.dir/C_/mesh/deps/nRF5_SDK_15.3.0_59ac345/modules/nrfx/mdk/system_nrf52.c.obj

.debug_ranges   0x00000000      0xf10
 .debug_ranges  0x00000000       0xe0 mesh/bootloader/CMakeFiles/mesh_bootloader_serial_gccarmemb_nrf52832_xxAA.dir/src/bootloader.c.obj
 .debug_ranges  0x000000e0       0x60 mesh/bootloader/CMakeFiles/mesh_bootloader_serial_gccarmemb_nrf52832_xxAA.dir/src/bootloader_app_bridge.c.obj
 .debug_ranges  0x00000140      0x1a8 mesh/bootloader/CMakeFiles/mesh_bootloader_serial_gccarmemb_nrf52832_xxAA.dir/src/bootloader_info.c.obj
 .debug_ranges  0x000002e8       0x18 mesh/bootloader/CMakeFiles/mesh_bootloader_serial_gccarmemb_nrf52832_xxAA.dir/src/bootloader_rtc.c.obj
 .debug_ranges  0x00000300       0x10 mesh/bootloader/CMakeFiles/mesh_bootloader_serial_gccarmemb_nrf52832_xxAA.dir/src/bootloader_util.c.obj
 .debug_ranges  0x00000310       0xc0 mesh/bootloader/CMakeFiles/mesh_bootloader_serial_gccarmemb_nrf52832_xxAA.dir/src/dfu_bank.c.obj
 .debug_ranges  0x000003d0      0x348 mesh/bootloader/CMakeFiles/mesh_bootloader_serial_gccarmemb_nrf52832_xxAA.dir/src/dfu_mesh.c.obj
 .debug_ranges  0x00000718       0xa0 mesh/bootloader/CMakeFiles/mesh_bootloader_serial_gccarmemb_nrf52832_xxAA.dir/src/dfu_transfer_mesh.c.obj
 .debug_ranges  0x000007b8       0xc0 mesh/bootloader/CMakeFiles/mesh_bootloader_serial_gccarmemb_nrf52832_xxAA.dir/src/dfu_util.c.obj
 .debug_ranges  0x00000878       0x68 mesh/bootloader/CMakeFiles/mesh_bootloader_serial_gccarmemb_nrf52832_xxAA.dir/src/fifo.c.obj
 .debug_ranges  0x000008e0       0x28 mesh/bootloader/CMakeFiles/mesh_bootloader_serial_gccarmemb_nrf52832_xxAA.dir/src/main.c.obj
 .debug_ranges  0x00000908       0xd0 mesh/bootloader/CMakeFiles/mesh_bootloader_serial_gccarmemb_nrf52832_xxAA.dir/src/mesh_packet.c.obj
 .debug_ranges  0x000009d8       0x68 mesh/bootloader/CMakeFiles/mesh_bootloader_serial_gccarmemb_nrf52832_xxAA.dir/src/nrf_flash.c.obj
 .debug_ranges  0x00000a40       0xe8 mesh/bootloader/CMakeFiles/mesh_bootloader_serial_gccarmemb_nrf52832_xxAA.dir/src/radio_control.c.obj
 .debug_ranges  0x00000b28       0x20 mesh/bootloader/CMakeFiles/mesh_bootloader_serial_gccarmemb_nrf52832_xxAA.dir/src/rand.c.obj
 .debug_ranges  0x00000b48      0x148 mesh/bootloader/CMakeFiles/mesh_bootloader_serial_gccarmemb_nrf52832_xxAA.dir/src/transport.c.obj
 .debug_ranges  0x00000c90      0x160 mesh/bootloader/CMakeFiles/mesh_bootloader_serial_gccarmemb_nrf52832_xxAA.dir/src/uECC.c.obj
 .debug_ranges  0x00000df0       0x28 mesh/bootloader/CMakeFiles/mesh_bootloader_serial_gccarmemb_nrf52832_xxAA.dir/C_/mesh/deps/nRF5_SDK_15.3.0_59ac345/components/libraries/sha256/sha256.c.obj
 .debug_ranges  0x00000e18       0x70 mesh/bootloader/CMakeFiles/mesh_bootloader_serial_gccarmemb_nrf52832_xxAA.dir/src/serial_handler_uart.c.obj
 .debug_ranges  0x00000e88       0x60 mesh/bootloader/CMakeFiles/mesh_bootloader_serial_gccarmemb_nrf52832_xxAA.dir/src/mesh_aci.c.obj
 .debug_ranges  0x00000ee8       0x28 mesh/bootloader/CMakeFiles/mesh_bootloader_serial_gccarmemb_nrf52832_xxAA.dir/C_/mesh/deps/nRF5_SDK_15.3.0_59ac345/modules/nrfx/mdk/system_nrf52.c.obj

.debug_line     0x00000000     0x56e6
 .debug_line    0x00000000      0x736 mesh/bootloader/CMakeFiles/mesh_bootloader_serial_gccarmemb_nrf52832_xxAA.dir/src/bootloader.c.obj
 .debug_line    0x00000736      0x463 mesh/bootloader/CMakeFiles/mesh_bootloader_serial_gccarmemb_nrf52832_xxAA.dir/src/bootloader_app_bridge.c.obj
 .debug_line    0x00000b99      0x611 mesh/bootloader/CMakeFiles/mesh_bootloader_serial_gccarmemb_nrf52832_xxAA.dir/src/bootloader_info.c.obj
 .debug_line    0x000011aa      0x1f3 mesh/bootloader/CMakeFiles/mesh_bootloader_serial_gccarmemb_nrf52832_xxAA.dir/src/bootloader_rtc.c.obj
 .debug_line    0x0000139d      0x13d mesh/bootloader/CMakeFiles/mesh_bootloader_serial_gccarmemb_nrf52832_xxAA.dir/src/bootloader_util.c.obj
 .debug_line    0x000014da      0x529 mesh/bootloader/CMakeFiles/mesh_bootloader_serial_gccarmemb_nrf52832_xxAA.dir/src/dfu_bank.c.obj
 .debug_line    0x00001a03      0x8be mesh/bootloader/CMakeFiles/mesh_bootloader_serial_gccarmemb_nrf52832_xxAA.dir/src/dfu_mesh.c.obj
 .debug_line    0x000022c1      0x3ef mesh/bootloader/CMakeFiles/mesh_bootloader_serial_gccarmemb_nrf52832_xxAA.dir/src/dfu_transfer_mesh.c.obj
 .debug_line    0x000026b0      0x460 mesh/bootloader/CMakeFiles/mesh_bootloader_serial_gccarmemb_nrf52832_xxAA.dir/src/dfu_util.c.obj
 .debug_line    0x00002b10      0x335 mesh/bootloader/CMakeFiles/mesh_bootloader_serial_gccarmemb_nrf52832_xxAA.dir/src/fifo.c.obj
 .debug_line    0x00002e45      0x2fc mesh/bootloader/CMakeFiles/mesh_bootloader_serial_gccarmemb_nrf52832_xxAA.dir/src/main.c.obj
 .debug_line    0x00003141      0x465 mesh/bootloader/CMakeFiles/mesh_bootloader_serial_gccarmemb_nrf52832_xxAA.dir/src/mesh_packet.c.obj
 .debug_line    0x000035a6      0x1f3 mesh/bootloader/CMakeFiles/mesh_bootloader_serial_gccarmemb_nrf52832_xxAA.dir/src/nrf_flash.c.obj
 .debug_line    0x00003799      0x3c1 mesh/bootloader/CMakeFiles/mesh_bootloader_serial_gccarmemb_nrf52832_xxAA.dir/src/radio_control.c.obj
 .debug_line    0x00003b5a      0x1ea mesh/bootloader/CMakeFiles/mesh_bootloader_serial_gccarmemb_nrf52832_xxAA.dir/src/rand.c.obj
 .debug_line    0x00003d44      0x5f8 mesh/bootloader/CMakeFiles/mesh_bootloader_serial_gccarmemb_nrf52832_xxAA.dir/src/transport.c.obj
 .debug_line    0x0000433c      0x4d4 mesh/bootloader/CMakeFiles/mesh_bootloader_serial_gccarmemb_nrf52832_xxAA.dir/src/uECC.c.obj
 .debug_line    0x00004810      0x42e mesh/bootloader/CMakeFiles/mesh_bootloader_serial_gccarmemb_nrf52832_xxAA.dir/C_/mesh/deps/nRF5_SDK_15.3.0_59ac345/components/libraries/sha256/sha256.c.obj
 .debug_line    0x00004c3e      0x445 mesh/bootloader/CMakeFiles/mesh_bootloader_serial_gccarmemb_nrf52832_xxAA.dir/src/serial_handler_uart.c.obj
 .debug_line    0x00005083      0x414 mesh/bootloader/CMakeFiles/mesh_bootloader_serial_gccarmemb_nrf52832_xxAA.dir/src/mesh_aci.c.obj
 .debug_line    0x00005497      0x24f mesh/bootloader/CMakeFiles/mesh_bootloader_serial_gccarmemb_nrf52832_xxAA.dir/C_/mesh/deps/nRF5_SDK_15.3.0_59ac345/modules/nrfx/mdk/system_nrf52.c.obj

.debug_str      0x00000000     0x5462
 .debug_str     0x00000000     0x2845 mesh/bootloader/CMakeFiles/mesh_bootloader_serial_gccarmemb_nrf52832_xxAA.dir/src/bootloader.c.obj
                               0x2ace (size before relaxing)
 .debug_str     0x00002845      0x2eb mesh/bootloader/CMakeFiles/mesh_bootloader_serial_gccarmemb_nrf52832_xxAA.dir/src/bootloader_app_bridge.c.obj
                               0x1972 (size before relaxing)
 .debug_str     0x00002b30      0x51d mesh/bootloader/CMakeFiles/mesh_bootloader_serial_gccarmemb_nrf52832_xxAA.dir/src/bootloader_info.c.obj
                               0x108b (size before relaxing)
 .debug_str     0x0000304d       0x52 mesh/bootloader/CMakeFiles/mesh_bootloader_serial_gccarmemb_nrf52832_xxAA.dir/src/bootloader_rtc.c.obj
                                0x6a3 (size before relaxing)
 .debug_str     0x0000309f       0x3f mesh/bootloader/CMakeFiles/mesh_bootloader_serial_gccarmemb_nrf52832_xxAA.dir/src/bootloader_util.c.obj
                                0x5f7 (size before relaxing)
 .debug_str     0x000030de      0x182 mesh/bootloader/CMakeFiles/mesh_bootloader_serial_gccarmemb_nrf52832_xxAA.dir/src/dfu_bank.c.obj
                               0x1798 (size before relaxing)
 .debug_str     0x00003260      0x7d8 mesh/bootloader/CMakeFiles/mesh_bootloader_serial_gccarmemb_nrf52832_xxAA.dir/src/dfu_mesh.c.obj
                               0x1b73 (size before relaxing)
 .debug_str     0x00003a38      0x114 mesh/bootloader/CMakeFiles/mesh_bootloader_serial_gccarmemb_nrf52832_xxAA.dir/src/dfu_transfer_mesh.c.obj
                                0xa27 (size before relaxing)