Archive member included to satisfy reference by file (symbol)

external/rtt/librtt_nrf52840_xxAA.a(SEGGER_RTT.c.obj)
                              examples/light_switch/provisioner/CMakeFiles/light_switch_provisioner_nrf52840_xxAA_s140_6.0.0.dir/__/__/__/mesh/core/src/log.c.obj (SEGGER_RTT_Write)
external/rtt/librtt_nrf52840_xxAA.a(SEGGER_RTT_printf.c.obj)
                              examples/light_switch/provisioner/CMakeFiles/light_switch_provisioner_nrf52840_xxAA_s140_6.0.0.dir/__/__/__/mesh/core/src/log.c.obj (SEGGER_RTT_vprintf)
external/micro-ecc/libuECC_nrf52840_xxAA.a(uECC.c.obj)
                              examples/light_switch/provisioner/CMakeFiles/light_switch_provisioner_nrf52840_xxAA_s140_6.0.0.dir/__/__/__/mesh/prov/src/prov_utils.c.obj (uECC_secp256r1)
c:/mesh/arm_gcc/bin/../lib/gcc/arm-none-eabi/6.3.1/thumb/v7e-m/fpv4-sp/hard\libgcc.a(_aeabi_uldivmod.o)
                              examples/light_switch/provisioner/CMakeFiles/light_switch_provisioner_nrf52840_xxAA_s140_6.0.0.dir/__/__/common/src/rtt_input.c.obj (__aeabi_uldivmod)
c:/mesh/arm_gcc/bin/../lib/gcc/arm-none-eabi/6.3.1/thumb/v7e-m/fpv4-sp/hard\libgcc.a(_udivmoddi4.o)
                              c:/mesh/arm_gcc/bin/../lib/gcc/arm-none-eabi/6.3.1/thumb/v7e-m/fpv4-sp/hard\libgcc.a(_aeabi_uldivmod.o) (__udivmoddi4)
c:/mesh/arm_gcc/bin/../lib/gcc/arm-none-eabi/6.3.1/thumb/v7e-m/fpv4-sp/hard\libgcc.a(_dvmd_tls.o)
                              c:/mesh/arm_gcc/bin/../lib/gcc/arm-none-eabi/6.3.1/thumb/v7e-m/fpv4-sp/hard\libgcc.a(_aeabi_uldivmod.o) (__aeabi_ldiv0)
c:/mesh/arm_gcc/bin/../lib/gcc/arm-none-eabi/6.3.1/../../../../arm-none-eabi/lib/thumb/v7e-m/fpv4-sp/hard\libg_nano.a(lib_a-exit.o)
                              c:/mesh/arm_gcc/bin/../lib/gcc/arm-none-eabi/6.3.1/../../../../arm-none-eabi/lib/thumb/v7e-m/fpv4-sp/hard/crt0.o (exit)
c:/mesh/arm_gcc/bin/../lib/gcc/arm-none-eabi/6.3.1/../../../../arm-none-eabi/lib/thumb/v7e-m/fpv4-sp/hard\libg_nano.a(lib_a-impure.o)
                              c:/mesh/arm_gcc/bin/../lib/gcc/arm-none-eabi/6.3.1/../../../../arm-none-eabi/lib/thumb/v7e-m/fpv4-sp/hard\libg_nano.a(lib_a-exit.o) (_global_impure_ptr)
c:/mesh/arm_gcc/bin/../lib/gcc/arm-none-eabi/6.3.1/../../../../arm-none-eabi/lib/thumb/v7e-m/fpv4-sp/hard\libg_nano.a(lib_a-init.o)
                              c:/mesh/arm_gcc/bin/../lib/gcc/arm-none-eabi/6.3.1/../../../../arm-none-eabi/lib/thumb/v7e-m/fpv4-sp/hard/crt0.o (__libc_init_array)
c:/mesh/arm_gcc/bin/../lib/gcc/arm-none-eabi/6.3.1/../../../../arm-none-eabi/lib/thumb/v7e-m/fpv4-sp/hard\libg_nano.a(lib_a-malloc.o)
                              examples/light_switch/provisioner/CMakeFiles/light_switch_provisioner_nrf52840_xxAA_s140_6.0.0.dir/__/__/__/mesh/core/src/transport.c.obj (malloc)
c:/mesh/arm_gcc/bin/../lib/gcc/arm-none-eabi/6.3.1/../../../../arm-none-eabi/lib/thumb/v7e-m/fpv4-sp/hard\libg_nano.a(lib_a-memcmp.o)
                              examples/light_switch/provisioner/CMakeFiles/light_switch_provisioner_nrf52840_xxAA_s140_6.0.0.dir/src/provisioner_helper.c.obj (memcmp)
c:/mesh/arm_gcc/bin/../lib/gcc/arm-none-eabi/6.3.1/../../../../arm-none-eabi/lib/thumb/v7e-m/fpv4-sp/hard\libg_nano.a(lib_a-memcpy-stub.o)
                              examples/light_switch/provisioner/CMakeFiles/light_switch_provisioner_nrf52840_xxAA_s140_6.0.0.dir/src/main.c.obj (memcpy)
c:/mesh/arm_gcc/bin/../lib/gcc/arm-none-eabi/6.3.1/../../../../arm-none-eabi/lib/thumb/v7e-m/fpv4-sp/hard\libg_nano.a(lib_a-memset.o)
                              c:/mesh/arm_gcc/bin/../lib/gcc/arm-none-eabi/6.3.1/../../../../arm-none-eabi/lib/thumb/v7e-m/fpv4-sp/hard/crt0.o (memset)
c:/mesh/arm_gcc/bin/../lib/gcc/arm-none-eabi/6.3.1/../../../../arm-none-eabi/lib/thumb/v7e-m/fpv4-sp/hard\libg_nano.a(lib_a-nano-freer.o)
                              c:/mesh/arm_gcc/bin/../lib/gcc/arm-none-eabi/6.3.1/../../../../arm-none-eabi/lib/thumb/v7e-m/fpv4-sp/hard\libg_nano.a(lib_a-malloc.o) (_free_r)
c:/mesh/arm_gcc/bin/../lib/gcc/arm-none-eabi/6.3.1/../../../../arm-none-eabi/lib/thumb/v7e-m/fpv4-sp/hard\libg_nano.a(lib_a-nano-mallocr.o)
                              c:/mesh/arm_gcc/bin/../lib/gcc/arm-none-eabi/6.3.1/../../../../arm-none-eabi/lib/thumb/v7e-m/fpv4-sp/hard\libg_nano.a(lib_a-malloc.o) (_malloc_r)
c:/mesh/arm_gcc/bin/../lib/gcc/arm-none-eabi/6.3.1/../../../../arm-none-eabi/lib/thumb/v7e-m/fpv4-sp/hard\libg_nano.a(lib_a-sbrkr.o)
                              c:/mesh/arm_gcc/bin/../lib/gcc/arm-none-eabi/6.3.1/../../../../arm-none-eabi/lib/thumb/v7e-m/fpv4-sp/hard\libg_nano.a(lib_a-nano-mallocr.o) (_sbrk_r)
c:/mesh/arm_gcc/bin/../lib/gcc/arm-none-eabi/6.3.1/../../../../arm-none-eabi/lib/thumb/v7e-m/fpv4-sp/hard\libg_nano.a(lib_a-strcpy.o)
                              external/rtt/librtt_nrf52840_xxAA.a(SEGGER_RTT.c.obj) (strcpy)
c:/mesh/arm_gcc/bin/../lib/gcc/arm-none-eabi/6.3.1/../../../../arm-none-eabi/lib/thumb/v7e-m/fpv4-sp/hard\libg_nano.a(lib_a-strlen.o)
[...]
Memory Configuration

Name             Origin             Length             Attributes
FLASH            0x00026000         0x000d1000         xr
RAM              0x200032c8         0x0003ca38         xrw
*default*        0x00000000         0xffffffff

Linker script and memory map


.text           0x00026000    0x162a8
 *(.isr_vector)
 .isr_vector    0x00026000      0x200 examples/light_switch/provisioner/CMakeFiles/light_switch_provisioner_nrf52840_xxAA_s140_6.0.0.dir/C_/ver/mod/nRF5_SDK_15.0.0_a53641a/modules/nrfx/mdk/gcc_startup_nrf52840.S.obj
                0x00026000                __isr_vector
 *(.text*)
 .text          0x00026200       0x6c c:/mesh/arm_gcc/bin/../lib/gcc/arm-none-eabi/6.3.1/thumb/v7e-m/fpv4-sp/hard/crtbegin.o
 .text          0x0002626c       0x74 c:/mesh/arm_gcc/bin/../lib/gcc/arm-none-eabi/6.3.1/../../../../arm-none-eabi/lib/thumb/v7e-m/fpv4-sp/hard/crt0.o
                0x0002626c                _start
                0x0002626c                _mainCRTStartup
 .text.sd_app_evt_wait
                0x000262e0        0x4 examples/light_switch/provisioner/CMakeFiles/light_switch_provisioner_nrf52840_xxAA_s140_6.0.0.dir/src/main.c.obj
 .text.flash_manager_mem_available
                0x000262e4        0x2 examples/light_switch/provisioner/CMakeFiles/light_switch_provisioner_nrf52840_xxAA_s140_6.0.0.dir/src/main.c.obj
 *fill*         0x000262e6        0x2 
 .text.flash_invalidate_complete
                0x000262e8       0x10 examples/light_switch/provisioner/CMakeFiles/light_switch_provisioner_nrf52840_xxAA_s140_6.0.0.dir/src/main.c.obj
 .text.models_init_cb
                0x000262f8       0xb0 examples/light_switch/provisioner/CMakeFiles/light_switch_provisioner_nrf52840_xxAA_s140_6.0.0.dir/src/main.c.obj
                0x000262f8                models_init_cb
 .text.app_config_client_event_cb
                0x000263a8       0x78 examples/light_switch/provisioner/CMakeFiles/light_switch_provisioner_nrf52840_xxAA_s140_6.0.0.dir/src/main.c.obj
 .text.app_config_failed_cb
                0x00026420       0x80 examples/light_switch/provisioner/CMakeFiles/light_switch_provisioner_nrf52840_xxAA_s140_6.0.0.dir/src/main.c.obj
 .text.app_prov_failed_cb
                0x000264a0       0x78 examples/light_switch/provisioner/CMakeFiles/light_switch_provisioner_nrf52840_xxAA_s140_6.0.0.dir/src/main.c.obj
 .text.app_prov_success_cb
                0x00026518       0x78 examples/light_switch/provisioner/CMakeFiles/light_switch_provisioner_nrf52840_xxAA_s140_6.0.0.dir/src/main.c.obj
 .text.clear_app_data
                0x00026590       0x2c examples/light_switch/provisioner/CMakeFiles/light_switch_provisioner_nrf52840_xxAA_s140_6.0.0.dir/src/main.c.obj
 .text.button_event_handler
                0x000265bc      0x2e8 examples/light_switch/provisioner/CMakeFiles/light_switch_provisioner_nrf52840_xxAA_s140_6.0.0.dir/src/main.c.obj
 .text.app_rtt_input_handler
                0x000268a4        0xc examples/light_switch/provisioner/CMakeFiles/light_switch_provisioner_nrf52840_xxAA_s140_6.0.0.dir/src/main.c.obj
 .text.store_app_data
                0x000268b0       0x38 examples/light_switch/provisioner/CMakeFiles/light_switch_provisioner_nrf52840_xxAA_s140_6.0.0.dir/src/main.c.obj
 .text.app_config_successful_cb
                0x000268e8      0x11c examples/light_switch/provisioner/CMakeFiles/light_switch_provisioner_nrf52840_xxAA_s140_6.0.0.dir/src/main.c.obj
 .text.app_data_store_cb
                0x00026a04       0x1c examples/light_switch/provisioner/CMakeFiles/light_switch_provisioner_nrf52840_xxAA_s140_6.0.0.dir/src/main.c.obj
 .text.app_mesh_core_event_cb
                0x00026a20      0x39c examples/light_switch/provisioner/CMakeFiles/light_switch_provisioner_nrf52840_xxAA_s140_6.0.0.dir/src/main.c.obj
 .text.app_config_server_event_cb
                0x00026dbc       0x7c examples/light_switch/provisioner/CMakeFiles/light_switch_provisioner_nrf52840_xxAA_s140_6.0.0.dir/src/main.c.obj
 .text.flash_write_complete
                0x00026e38       0x8c examples/light_switch/provisioner/CMakeFiles/light_switch_provisioner_nrf52840_xxAA_s140_6.0.0.dir/src/main.c.obj
 .text.app_health_event_cb
                0x00026ec4       0x88 examples/light_switch/provisioner/CMakeFiles/light_switch_provisioner_nrf52840_xxAA_s140_6.0.0.dir/src/main.c.obj
 .text.flash_remove_complete
                0x00026f4c       0x64 examples/light_switch/provisioner/CMakeFiles/light_switch_provisioner_nrf52840_xxAA_s140_6.0.0.dir/src/main.c.obj
 .text.app_flash_manager_add
                0x00026fb0       0xa8 examples/light_switch/provisioner/CMakeFiles/light_switch_provisioner_nrf52840_xxAA_s140_6.0.0.dir/src/main.c.obj
 .text.app_default_models_bind_setup
                0x00027058       0x4c examples/light_switch/provisioner/CMakeFiles/light_switch_provisioner_nrf52840_xxAA_s140_6.0.0.dir/src/main.c.obj
                0x00027058                app_default_models_bind_setup
 .text.startup.main
                0x000270a4      0x3a4 examples/light_switch/provisioner/CMakeFiles/light_switch_provisioner_nrf52840_xxAA_s140_6.0.0.dir/src/main.c.obj
                0x000270a4                main
 .text.mesh_stack_config_clear
                0x00027448       0x12 examples/light_switch/provisioner/CMakeFiles/light_switch_provisioner_nrf52840_xxAA_s140_6.0.0.dir/__/__/__/mesh/stack/src/mesh_stack.c.obj
                0x00027448                mesh_stack_config_clear
 .text.mesh_stack_is_device_provisioned
                0x0002745a       0x18 examples/light_switch/provisioner/CMakeFiles/light_switch_provisioner_nrf52840_xxAA_s140_6.0.0.dir/__/__/__/mesh/stack/src/mesh_stack.c.obj
                0x0002745a                mesh_stack_is_device_provisioned
 *fill*         0x00027472        0x2 
 .text.mesh_stack_init
                0x00027474       0x78 examples/light_switch/provisioner/CMakeFiles/light_switch_provisioner_nrf52840_xxAA_s140_6.0.0.dir/__/__/__/mesh/stack/src/mesh_stack.c.obj
                0x00027474                mesh_stack_init
 .text.prov_evt_handler
                0x000274ec      0x764 examples/light_switch/provisioner/CMakeFiles/light_switch_provisioner_nrf52840_xxAA_s140_6.0.0.dir/src/provisioner_helper.c.obj
 .text.prov_helper_provision_next_device
                0x00027c50       0xb8 examples/light_switch/provisioner/CMakeFiles/light_switch_provisioner_nrf52840_xxAA_s140_6.0.0.dir/src/provisioner_helper.c.obj
                0x00027c50                prov_helper_provision_next_device
 .text.prov_helper_scan_start
                0x00027d08       0x84 examples/light_switch/provisioner/CMakeFiles/light_switch_provisioner_nrf52840_xxAA_s140_6.0.0.dir/src/provisioner_helper.c.obj
                0x00027d08                prov_helper_scan_start
 .text.prov_helper_device_handles_load
                0x00027d8c       0xd8 examples/light_switch/provisioner/CMakeFiles/light_switch_provisioner_nrf52840_xxAA_s140_6.0.0.dir/src/provisioner_helper.c.obj
                0x00027d8c                prov_helper_device_handles_load
 .text.prov_helper_init
                0x00027e64       0x48 examples/light_switch/provisioner/CMakeFiles/light_switch_provisioner_nrf52840_xxAA_s140_6.0.0.dir/src/provisioner_helper.c.obj
                0x00027e64                prov_helper_init
 .text.prov_helper_provision_self
                0x00027eac       0xfc examples/light_switch/provisioner/CMakeFiles/light_switch_provisioner_nrf52840_xxAA_s140_6.0.0.dir/src/provisioner_helper.c.obj
                0x00027eac                prov_helper_provision_self
 .text.client_pub_state_set
                0x00027fa8       0xac examples/light_switch/provisioner/CMakeFiles/light_switch_provisioner_nrf52840_xxAA_s140_6.0.0.dir/src/node_setup.c.obj
 .text.retry_on_fail
                0x00028054       0xa8 examples/light_switch/provisioner/CMakeFiles/light_switch_provisioner_nrf52840_xxAA_s140_6.0.0.dir/src/node_setup.c.obj
 .text.config_step_execute
                0x000280fc      0x618 examples/light_switch/provisioner/CMakeFiles/light_switch_provisioner_nrf52840_xxAA_s140_6.0.0.dir/src/node_setup.c.obj
 .text.client_send_timer_cb
                0x00028714       0x14 examples/light_switch/provisioner/CMakeFiles/light_switch_provisioner_nrf52840_xxAA_s140_6.0.0.dir/src/node_setup.c.obj
 .text.node_setup_config_client_event_process
                0x00028728      0x2c0 examples/light_switch/provisioner/CMakeFiles/light_switch_provisioner_nrf52840_xxAA_s140_6.0.0.dir/src/node_setup.c.obj
                0x00028728                node_setup_config_client_event_process
 .text.node_setup_start
                0x000289e8      0x1e8 examples/light_switch/provisioner/CMakeFiles/light_switch_provisioner_nrf52840_xxAA_s140_6.0.0.dir/src/node_setup.c.obj
                0x000289e8                node_setup_start
 .text.node_setup_cb_set
                0x00028bd0       0x28 examples/light_switch/provisioner/CMakeFiles/light_switch_provisioner_nrf52840_xxAA_s140_6.0.0.dir/src/node_setup.c.obj
                0x00028bd0                node_setup_cb_set
 .text.sd_evt_get
                0x00028bf8        0x4 examples/light_switch/provisioner/CMakeFiles/light_switch_provisioner_nrf52840_xxAA_s140_6.0.0.dir/__/__/common/src/mesh_softdevice_init.c.obj
 .text.sd_softdevice_enable
                0x00028bfc        0x4 examples/light_switch/provisioner/CMakeFiles/light_switch_provisioner_nrf52840_xxAA_s140_6.0.0.dir/__/__/common/src/mesh_softdevice_init.c.obj
 .text.sd_ble_enable
                0x00028c00        0x4 examples/light_switch/provisioner/CMakeFiles/light_switch_provisioner_nrf52840_xxAA_s140_6.0.0.dir/__/__/common/src/mesh_softdevice_init.c.obj
 .text.SWI2_EGU2_IRQHandler
                0x00028c04       0x18 examples/light_switch/provisioner/CMakeFiles/light_switch_provisioner_nrf52840_xxAA_s140_6.0.0.dir/__/__/common/src/mesh_softdevice_init.c.obj
                0x00028c04                SWI2_EGU2_IRQHandler
 .text.mesh_softdevice_init
                0x00028c1c      0x1c0 examples/light_switch/provisioner/CMakeFiles/light_switch_provisioner_nrf52840_xxAA_s140_6.0.0.dir/__/__/common/src/mesh_softdevice_init.c.obj
                0x00028c1c                mesh_softdevice_init
 .text.TIMER2_IRQHandler
                0x00028ddc       0x30 examples/light_switch/provisioner/CMakeFiles/light_switch_provisioner_nrf52840_xxAA_s140_6.0.0.dir/__/__/common/src/rtt_input.c.obj
                0x00028ddc                TIMER2_IRQHandler
 .text.rtt_input_enable
                0x00028e0c       0x5c examples/light_switch/provisioner/CMakeFiles/light_switch_provisioner_nrf52840_xxAA_s140_6.0.0.dir/__/__/common/src/rtt_input.c.obj
                0x00028e0c                rtt_input_enable
 .text.hal_led_pin_set
                0x00028e68       0x16 examples/light_switch/provisioner/CMakeFiles/light_switch_provisioner_nrf52840_xxAA_s140_6.0.0.dir/__/__/common/src/simple_hal.c.obj
                0x00028e68                hal_led_pin_set
 .text.hal_led_mask_set
                0x00028e7e       0x12 examples/light_switch/provisioner/CMakeFiles/light_switch_provisioner_nrf52840_xxAA_s140_6.0.0.dir/__/__/common/src/simple_hal.c.obj
                0x00028e7e                hal_led_mask_set
 .text.hal_led_blink_ms
                0x00028e90       0x44 examples/light_switch/provisioner/CMakeFiles/light_switch_provisioner_nrf52840_xxAA_s140_6.0.0.dir/__/__/common/src/simple_hal.c.obj
                0x00028e90                hal_led_blink_ms
 .text.hal_leds_init
                0x00028ed4       0x38 examples/light_switch/provisioner/CMakeFiles/light_switch_provisioner_nrf52840_xxAA_s140_6.0.0.dir/__/__/common/src/simple_hal.c.obj
                0x00028ed4                hal_leds_init
 .text.hal_buttons_init
                0x00028f0c       0x50 examples/light_switch/provisioner/CMakeFiles/light_switch_provisioner_nrf52840_xxAA_s140_6.0.0.dir/__/__/common/src/simple_hal.c.obj
                0x00028f0c                hal_buttons_init
 .text.GPIOTE_IRQHandler
                0x00028f5c       0x60 examples/light_switch/provisioner/CMakeFiles/light_switch_provisioner_nrf52840_xxAA_s140_6.0.0.dir/__/__/common/src/simple_hal.c.obj
                0x00028f5c                GPIOTE_IRQHandler
 .text._weak_handler
                0x00028fbc        0x4 examples/light_switch/provisioner/CMakeFiles/light_switch_provisioner_nrf52840_xxAA_s140_6.0.0.dir/__/__/nrf_mesh_weak.c.obj
                0x00028fbc                nrf_mesh_dfu_init
                0x00028fbc                nrf_mesh_dfu_jump_to_bootloader
                0x00028fbc                nrf_mesh_dfu_rx
                0x00028fbc                nrf_mesh_dfu_bank_info_get
                0x00028fbc                nrf_mesh_dfu_request
                0x00028fbc                nrf_mesh_dfu_bank_flash
                0x00028fbc                _weak_handler
                0x00028fbc                prov_provisionee_auth_data
                0x00028fbc                nrf_mesh_dfu_relay
                0x00028fbc                prov_provisionee_shared_secret
                0x00028fbc                nrf_mesh_dfu_abort
                0x00028fbc                mesh_flash_op_execute
                0x00028fbc                prov_provisionee_init
                0x00028fbc                nrf_mesh_dfu_state_get
                0x00028fbc                prov_provisionee_listen
 .text.app_error_fault_handler
                0x00028fc0      0x204 examples/light_switch/provisioner/CMakeFiles/light_switch_provisioner_nrf52840_xxAA_s140_6.0.0.dir/__/__/common/src/app_error_weak.c.obj
                0x00028fc0                app_error_fault_handler
 .text.mesh_assertion_handler
                0x000291c4       0x24 examples/light_switch/provisioner/CMakeFiles/light_switch_provisioner_nrf52840_xxAA_s140_6.0.0.dir/__/__/common/src/assertion_handler_weak.c.obj
                0x000291c4                mesh_assertion_handler
 .text.nrf_mesh_configure_device_uuid_set
                0x000291e8       0x10 examples/light_switch/provisioner/CMakeFiles/light_switch_provisioner_nrf52840_xxAA_s140_6.0.0.dir/__/__/__/mesh/core/src/nrf_mesh_configure.c.obj
                0x000291e8                nrf_mesh_configure_device_uuid_set
 .text.nrf_mesh_configure_device_uuid_reset
                0x000291f8       0x28 examples/light_switch/provisioner/CMakeFiles/light_switch_provisioner_nrf52840_xxAA_s140_6.0.0.dir/__/__/__/mesh/core/src/nrf_mesh_configure.c.obj
                0x000291f8                nrf_mesh_configure_device_uuid_reset
 .text.nrf_mesh_configure_device_uuid_get
                0x00029220        0x8 examples/light_switch/provisioner/CMakeFiles/light_switch_provisioner_nrf52840_xxAA_s140_6.0.0.dir/__/__/__/mesh/core/src/nrf_mesh_configure.c.obj
                0x00029220                nrf_mesh_configure_device_uuid_get
 .text.sd_ecb_block_encrypt
                0x00029228        0x4 examples/light_switch/provisioner/CMakeFiles/light_switch_provisioner_nrf52840_xxAA_s140_6.0.0.dir/__/__/__/mesh/core/src/aes.c.obj
 .text.aes_encrypt
                0x0002922c       0x32 examples/light_switch/provisioner/CMakeFiles/light_switch_provisioner_nrf52840_xxAA_s140_6.0.0.dir/__/__/__/mesh/core/src/aes.c.obj
                0x0002922c                aes_encrypt
 *fill*         0x0002925e        0x2 
 .text.msg_cache_init
                0x00029260       0x24 examples/light_switch/provisioner/CMakeFiles/light_switch_provisioner_nrf52840_xxAA_s140_6.0.0.dir/__/__/__/mesh/core/src/msg_cache.c.obj
                0x00029260                msg_cache_init
 .text.msg_cache_entry_exists
                0x00029284       0x3c examples/light_switch/provisioner/CMakeFiles/light_switch_provisioner_nrf52840_xxAA_s140_6.0.0.dir/__/__/__/mesh/core/src/msg_cache.c.obj
                0x00029284                msg_cache_entry_exists
 .text.msg_cache_entry_add
                0x000292c0       0x2c examples/light_switch/provisioner/CMakeFiles/light_switch_provisioner_nrf52840_xxAA_s140_6.0.0.dir/__/__/__/mesh/core/src/msg_cache.c.obj
                0x000292c0                msg_cache_entry_add
 .text.seqauth_sequence_number_get
                0x000292ec       0x12 examples/light_switch/provisioner/CMakeFiles/light_switch_provisioner_nrf52840_xxAA_s140_6.0.0.dir/__/__/__/mesh/core/src/transport.c.obj
 *fill*         0x000292fe        0x2 
 .text.control_packet_callback_get
                0x00029300       0x44 examples/light_switch/provisioner/CMakeFiles/light_switch_provisioner_nrf52840_xxAA_s140_6.0.0.dir/__/__/__/mesh/core/src/transport.c.obj
 .text.tx_complete
                0x00029344       0x30 examples/light_switch/provisioner/CMakeFiles/light_switch_provisioner_nrf52840_xxAA_s140_6.0.0.dir/__/__/__/mesh/core/src/transport.c.obj
 .text.block_ack_full
                0x00029374       0x1a examples/light_switch/provisioner/CMakeFiles/light_switch_provisioner_nrf52840_xxAA_s140_6.0.0.dir/__/__/__/mesh/core/src/transport.c.obj
 *fill*         0x0002938e        0x2 
 .text.sar_rx_session_mark_as_handled
                0x00029390       0x48 examples/light_switch/provisioner/CMakeFiles/light_switch_provisioner_nrf52840_xxAA_s140_6.0.0.dir/__/__/__/mesh/core/src/transport.c.obj
 .text.upper_trs_packet_encrypt
                0x000293d8       0x90 examples/light_switch/provisioner/CMakeFiles/light_switch_provisioner_nrf52840_xxAA_s140_6.0.0.dir/__/__/__/mesh/core/src/transport.c.obj
 .text.sar_ctx_free
                0x00029468       0x3c examples/light_switch/provisioner/CMakeFiles/light_switch_provisioner_nrf52840_xxAA_s140_6.0.0.dir/__/__/__/mesh/core/src/transport.c.obj
 .text.sar_ctx_tx_complete
                0x000294a4       0x2e examples/light_switch/provisioner/CMakeFiles/light_switch_provisioner_nrf52840_xxAA_s140_6.0.0.dir/__/__/__/mesh/core/src/transport.c.obj
 *fill*         0x000294d2        0x2 
 .text.sar_ctx_alloc
                0x000294d4       0xa4 examples/light_switch/provisioner/CMakeFiles/light_switch_provisioner_nrf52840_xxAA_s140_6.0.0.dir/__/__/__/mesh/core/src/transport.c.obj
 .text.test_transport_decrypt
                0x00029578       0x88 examples/light_switch/provisioner/CMakeFiles/light_switch_provisioner_nrf52840_xxAA_s140_6.0.0.dir/__/__/__/mesh/core/src/transport.c.obj
 .text.upper_transport_access_packet_in
                0x00029600      0x19c examples/light_switch/provisioner/CMakeFiles/light_switch_provisioner_nrf52840_xxAA_s140_6.0.0.dir/__/__/__/mesh/core/src/transport.c.obj
 .text.trs_packet_header_build
                0x0002979c       0xa6 examples/light_switch/provisioner/CMakeFiles/light_switch_provisioner_nrf52840_xxAA_s140_6.0.0.dir/__/__/__/mesh/core/src/transport.c.obj
 *fill*         0x00029842        0x2 
 .text.tx_retry_timer_reset
                0x00029844       0x44 examples/light_switch/provisioner/CMakeFiles/light_switch_provisioner_nrf52840_xxAA_s140_6.0.0.dir/__/__/__/mesh/core/src/transport.c.obj
 .text.sar_ctx_cancel
                0x00029888       0xa8 examples/light_switch/provisioner/CMakeFiles/light_switch_provisioner_nrf52840_xxAA_s140_6.0.0.dir/__/__/__/mesh/core/src/transport.c.obj
 .text.abort_timeout
                0x00029930        0x8 examples/light_switch/provisioner/CMakeFiles/light_switch_provisioner_nrf52840_xxAA_s140_6.0.0.dir/__/__/__/mesh/core/src/transport.c.obj
 .text.trs_sar_packet_out
                0x00029938       0xda examples/light_switch/provisioner/CMakeFiles/light_switch_provisioner_nrf52840_xxAA_s140_6.0.0.dir/__/__/__/mesh/core/src/transport.c.obj
 .text.retry_timeout
                0x00029a12       0x46 examples/light_switch/provisioner/CMakeFiles/light_switch_provisioner_nrf52840_xxAA_s140_6.0.0.dir/__/__/__/mesh/core/src/transport.c.obj
 .text.upper_transport_packet_in
                0x00029a58      0x150 examples/light_switch/provisioner/CMakeFiles/light_switch_provisioner_nrf52840_xxAA_s140_6.0.0.dir/__/__/__/mesh/core/src/transport.c.obj
 .text.upper_transport_tx
                0x00029ba8      0x1e4 examples/light_switch/provisioner/CMakeFiles/light_switch_provisioner_nrf52840_xxAA_s140_6.0.0.dir/__/__/__/mesh/core/src/transport.c.obj
 .text.transport_sar_mem_funcs_reset
                0x00029d8c       0x28 examples/light_switch/provisioner/CMakeFiles/light_switch_provisioner_nrf52840_xxAA_s140_6.0.0.dir/__/__/__/mesh/core/src/transport.c.obj
                0x00029d8c                transport_sar_mem_funcs_reset
 .text.transport_init
                0x00029db4       0x8c examples/light_switch/provisioner/CMakeFiles/light_switch_provisioner_nrf52840_xxAA_s140_6.0.0.dir/__/__/__/mesh/core/src/transport.c.obj
                0x00029db4                transport_init
 .text.transport_tx
                0x00029e40       0xb4 examples/light_switch/provisioner/CMakeFiles/light_switch_provisioner_nrf52840_xxAA_s140_6.0.0.dir/__/__/__/mesh/core/src/transport.c.obj
                0x00029e40                transport_tx
 .text.transport_control_tx
                0x00029ef4       0x8e examples/light_switch/provisioner/CMakeFiles/light_switch_provisioner_nrf52840_xxAA_s140_6.0.0.dir/__/__/__/mesh/core/src/transport.c.obj
                0x00029ef4                transport_control_tx
 *fill*         0x00029f82        0x2 
 .text.sar_ack_send
                0x00029f84       0xa0 examples/light_switch/provisioner/CMakeFiles/light_switch_provisioner_nrf52840_xxAA_s140_6.0.0.dir/__/__/__/mesh/core/src/transport.c.obj
 .text.transport_sar_process
                0x0002a024       0x74 examples/light_switch/provisioner/CMakeFiles/light_switch_provisioner_nrf52840_xxAA_s140_6.0.0.dir/__/__/__/mesh/core/src/transport.c.obj
 .text.transport_packet_in
                0x0002a098      0x434 examples/light_switch/provisioner/CMakeFiles/light_switch_provisioner_nrf52840_xxAA_s140_6.0.0.dir/__/__/__/mesh/core/src/transport.c.obj
                0x0002a098                transport_packet_in
 .text.ack_timeout
                0x0002a4cc       0x28 examples/light_switch/provisioner/CMakeFiles/light_switch_provisioner_nrf52840_xxAA_s140_6.0.0.dir/__/__/__/mesh/core/src/transport.c.obj
 .text.transport_opt_set
                0x0002a4f4       0xd0 examples/light_switch/provisioner/CMakeFiles/light_switch_provisioner_nrf52840_xxAA_s140_6.0.0.dir/__/__/__/mesh/core/src/transport.c.obj
                0x0002a4f4                transport_opt_set
 .text.transport_opt_get
                0x0002a5c4       0x68 examples/light_switch/provisioner/CMakeFiles/light_switch_provisioner_nrf52840_xxAA_s140_6.0.0.dir/__/__/__/mesh/core/src/transport.c.obj
                0x0002a5c4                transport_opt_get
 .text.transport_control_packet_consumer_add
                0x0002a62c       0x5c examples/light_switch/provisioner/CMakeFiles/light_switch_provisioner_nrf52840_xxAA_s140_6.0.0.dir/__/__/__/mesh/core/src/transport.c.obj
                0x0002a62c                transport_control_packet_consumer_add
 .text.event_handle
                0x0002a688       0x24 examples/light_switch/provisioner/CMakeFiles/light_switch_provisioner_nrf52840_xxAA_s140_6.0.0.dir/__/__/__/mesh/core/src/event.c.obj
                0x0002a688                event_handle
 .text.event_handler_add
                0x0002a6ac       0x1c examples/light_switch/provisioner/CMakeFiles/light_switch_provisioner_nrf52840_xxAA_s140_6.0.0.dir/__/__/__/mesh/core/src/event.c.obj
                0x0002a6ac                event_handler_add
 .text.event_handler_remove
                0x0002a6c8       0x1c examples/light_switch/provisioner/CMakeFiles/light_switch_provisioner_nrf52840_xxAA_s140_6.0.0.dir/__/__/__/mesh/core/src/event.c.obj
                0x0002a6c8                event_handler_remove
 .text.m_index_increment
                0x0002a6e4       0x1e examples/light_switch/provisioner/CMakeFiles/light_switch_provisioner_nrf52840_xxAA_s140_6.0.0.dir/__/__/__/mesh/core/src/packet_buffer.c.obj
 .text.packet_buffer_init
                0x0002a702       0xac examples/light_switch/provisioner/CMakeFiles/light_switch_provisioner_nrf52840_xxAA_s140_6.0.0.dir/__/__/__/mesh/core/src/packet_buffer.c.obj
                0x0002a702                packet_buffer_init
 .text.packet_buffer_flush
                0x0002a7ae       0x60 examples/light_switch/provisioner/CMakeFiles/light_switch_provisioner_nrf52840_xxAA_s140_6.0.0.dir/__/__/__/mesh/core/src/packet_buffer.c.obj
                0x0002a7ae                packet_buffer_flush
 .text.packet_buffer_reserve
                0x0002a80e       0x96 examples/light_switch/provisioner/CMakeFiles/light_switch_provisioner_nrf52840_xxAA_s140_6.0.0.dir/__/__/__/mesh/core/src/packet_buffer.c.obj
                0x0002a80e                packet_buffer_reserve
 .text.packet_buffer_commit
                0x0002a8a4       0x58 examples/light_switch/provisioner/CMakeFiles/light_switch_provisioner_nrf52840_xxAA_s140_6.0.0.dir/__/__/__/mesh/core/src/packet_buffer.c.obj
                0x0002a8a4                packet_buffer_commit
 .text.packet_buffer_pop
                0x0002a8fc       0x3c examples/light_switch/provisioner/CMakeFiles/light_switch_provisioner_nrf52840_xxAA_s140_6.0.0.dir/__/__/__/mesh/core/src/packet_buffer.c.obj
                0x0002a8fc                packet_buffer_pop
 .text.packet_buffer_can_pop
                0x0002a938       0x1c examples/light_switch/provisioner/CMakeFiles/light_switch_provisioner_nrf52840_xxAA_s140_6.0.0.dir/__/__/__/mesh/core/src/packet_buffer.c.obj
                0x0002a938                packet_buffer_can_pop
 .text.packet_buffer_packets_ready_to_pop
                0x0002a954       0x3a examples/light_switch/provisioner/CMakeFiles/light_switch_provisioner_nrf52840_xxAA_s140_6.0.0.dir/__/__/__/mesh/core/src/packet_buffer.c.obj
                0x0002a954                packet_buffer_packets_ready_to_pop
 .text.packet_buffer_free
                0x0002a98e       0x6e examples/light_switch/provisioner/CMakeFiles/light_switch_provisioner_nrf52840_xxAA_s140_6.0.0.dir/__/__/__/mesh/core/src/packet_buffer.c.obj
                0x0002a98e                packet_buffer_free
 .text.get_last_page
                0x0002a9fc       0x14 examples/light_switch/provisioner/CMakeFiles/light_switch_provisioner_nrf52840_xxAA_s140_6.0.0.dir/__/__/__/mesh/core/src/flash_manager_defrag.c.obj
 .text.defrag_on_end
                0x0002aa10       0x1c examples/light_switch/provisioner/CMakeFiles/light_switch_provisioner_nrf52840_xxAA_s140_6.0.0.dir/__/__/__/mesh/core/src/flash_manager_defrag.c.obj
 .text.execute_procedure_step
                0x0002aa2c       0x7c examples/light_switch/provisioner/CMakeFiles/light_switch_provisioner_nrf52840_xxAA_s140_6.0.0.dir/__/__/__/mesh/core/src/flash_manager_defrag.c.obj
 .text.get_next_entry
                0x0002aaa8       0x34 examples/light_switch/provisioner/CMakeFiles/light_switch_provisioner_nrf52840_xxAA_s140_6.0.0.dir/__/__/__/mesh/core/src/flash_manager_defrag.c.obj
 .text.get_next_data_entry
                0x0002aadc       0x26 examples/light_switch/provisioner/CMakeFiles/light_switch_provisioner_nrf52840_xxAA_s140_6.0.0.dir/__/__/__/mesh/core/src/flash_manager_defrag.c.obj
 *fill*         0x0002ab02        0x2 
 .text.on_flash_op_end
                0x0002ab04       0x30 examples/light_switch/provisioner/CMakeFiles/light_switch_provisioner_nrf52840_xxAA_s140_6.0.0.dir/__/__/__/mesh/core/src/flash_manager_defrag.c.obj
 .text.check_for_invalid_entries
                0x0002ab34       0x38 examples/light_switch/provisioner/CMakeFiles/light_switch_provisioner_nrf52840_xxAA_s140_6.0.0.dir/__/__/__/mesh/core/src/flash_manager_defrag.c.obj
 .text.erase_recovery_area
                0x0002ab6c       0x34 examples/light_switch/provisioner/CMakeFiles/light_switch_provisioner_nrf52840_xxAA_s140_6.0.0.dir/__/__/__/mesh/core/src/flash_manager_defrag.c.obj
 .text.flash.constprop.6
                0x0002aba0       0x24 examples/light_switch/provisioner/CMakeFiles/light_switch_provisioner_nrf52840_xxAA_s140_6.0.0.dir/__/__/__/mesh/core/src/flash_manager_defrag.c.obj
 .text.seal_storage_page
                0x0002abc4       0x50 examples/light_switch/provisioner/CMakeFiles/light_switch_provisioner_nrf52840_xxAA_s140_6.0.0.dir/__/__/__/mesh/core/src/flash_manager_defrag.c.obj
 .text.invalidate_duplicate_entries
                0x0002ac14       0x9c examples/light_switch/provisioner/CMakeFiles/light_switch_provisioner_nrf52840_xxAA_s140_6.0.0.dir/__/__/__/mesh/core/src/flash_manager_defrag.c.obj
 .text.copy_metadata
                0x0002acb0       0x3c examples/light_switch/provisioner/CMakeFiles/light_switch_provisioner_nrf52840_xxAA_s140_6.0.0.dir/__/__/__/mesh/core/src/flash_manager_defrag.c.obj
 .text.write_defrag_start_pointer
                0x0002acec       0x20 examples/light_switch/provisioner/CMakeFiles/light_switch_provisioner_nrf52840_xxAA_s140_6.0.0.dir/__/__/__/mesh/core/src/flash_manager_defrag.c.obj
 .text.write_back
                0x0002ad0c       0x28 examples/light_switch/provisioner/CMakeFiles/light_switch_provisioner_nrf52840_xxAA_s140_6.0.0.dir/__/__/__/mesh/core/src/flash_manager_defrag.c.obj
 .text.post_process
                0x0002ad34       0x40 examples/light_switch/provisioner/CMakeFiles/light_switch_provisioner_nrf52840_xxAA_s140_6.0.0.dir/__/__/__/mesh/core/src/flash_manager_defrag.c.obj
 .text.backup_entries
                0x0002ad74       0xf8 examples/light_switch/provisioner/CMakeFiles/light_switch_provisioner_nrf52840_xxAA_s140_6.0.0.dir/__/__/__/mesh/core/src/flash_manager_defrag.c.obj
 .text.erase_source
                0x0002ae6c       0x34 examples/light_switch/provisioner/CMakeFiles/light_switch_provisioner_nrf52840_xxAA_s140_6.0.0.dir/__/__/__/mesh/core/src/flash_manager_defrag.c.obj
 .text.flash_manager_defrag_init
                0x0002aea0       0x8c examples/light_switch/provisioner/CMakeFiles/light_switch_provisioner_nrf52840_xxAA_s140_6.0.0.dir/__/__/__/mesh/core/src/flash_manager_defrag.c.obj
                0x0002aea0                flash_manager_defrag_init
 .text.flash_manager_defrag_is_running
                0x0002af2c       0x10 examples/light_switch/provisioner/CMakeFiles/light_switch_provisioner_nrf52840_xxAA_s140_6.0.0.dir/__/__/__/mesh/core/src/flash_manager_defrag.c.obj
                0x0002af2c                flash_manager_defrag_is_running
 .text.flash_manager_defrag
                0x0002af3c       0x44 examples/light_switch/provisioner/CMakeFiles/light_switch_provisioner_nrf52840_xxAA_s140_6.0.0.dir/__/__/__/mesh/core/src/flash_manager_defrag.c.obj
                0x0002af3c                flash_manager_defrag
 .text.flash_manager_defrag_recovery_page_get
                0x0002af80        0xc examples/light_switch/provisioner/CMakeFiles/light_switch_provisioner_nrf52840_xxAA_s140_6.0.0.dir/__/__/__/mesh/core/src/flash_manager_defrag.c.obj
                0x0002af80                flash_manager_defrag_recovery_page_get
 .text.fifo_init
                0x0002af8c       0x34 examples/light_switch/provisioner/CMakeFiles/light_switch_provisioner_nrf52840_xxAA_s140_6.0.0.dir/__/__/__/mesh/core/src/fifo.c.obj
                0x0002af8c                fifo_init
 .text.fifo_push
                0x0002afc0       0x50 examples/light_switch/provisioner/CMakeFiles/light_switch_provisioner_nrf52840_xxAA_s140_6.0.0.dir/__/__/__/mesh/core/src/fifo.c.obj
                0x0002afc0                fifo_push
 .text.fifo_pop
                0x0002b010       0x52 examples/light_switch/provisioner/CMakeFiles/light_switch_provisioner_nrf52840_xxAA_s140_6.0.0.dir/__/__/__/mesh/core/src/fifo.c.obj
                0x0002b010                fifo_pop
 *fill*         0x0002b062        0x2 
 .text.wait_for_ready
                0x0002b064       0x10 examples/light_switch/provisioner/CMakeFiles/light_switch_provisioner_nrf52840_xxAA_s140_6.0.0.dir/__/__/__/mesh/core/src/nrf_flash.c.obj
 .text.nrf_flash_erase
                0x0002b074       0x50 examples/light_switch/provisioner/CMakeFiles/light_switch_provisioner_nrf52840_xxAA_s140_6.0.0.dir/__/__/__/mesh/core/src/nrf_flash.c.obj
                0x0002b074                nrf_flash_erase
 .text.nrf_flash_write
                0x0002b0c4       0x50 examples/light_switch/provisioner/CMakeFiles/light_switch_provisioner_nrf52840_xxAA_s140_6.0.0.dir/__/__/__/mesh/core/src/nrf_flash.c.obj
                0x0002b0c4                nrf_flash_write
 .text.packet_mgr_init
                0x0002b114       0x4c examples/light_switch/provisioner/CMakeFiles/light_switch_provisioner_nrf52840_xxAA_s140_6.0.0.dir/__/__/__/mesh/core/src/packet_mgr.c.obj
                0x0002b114                packet_mgr_init
 .text.packet_mgr_alloc
                0x0002b160      0x17c examples/light_switch/provisioner/CMakeFiles/light_switch_provisioner_nrf52840_xxAA_s140_6.0.0.dir/__/__/__/mesh/core/src/packet_mgr.c.obj
                0x0002b160                packet_mgr_alloc
 .text.packet_mgr_free
                0x0002b2dc       0x58 examples/light_switch/provisioner/CMakeFiles/light_switch_provisioner_nrf52840_xxAA_s140_6.0.0.dir/__/__/__/mesh/core/src/packet_mgr.c.obj
                0x0002b2dc                packet_mgr_free
 .text.flash_store_iv_index
                0x0002b334       0x38 examples/light_switch/provisioner/CMakeFiles/light_switch_provisioner_nrf52840_xxAA_s140_6.0.0.dir/__/__/__/mesh/core/src/net_state.c.obj
 .text.flash_mem_available
                0x0002b36c       0x14 examples/light_switch/provisioner/CMakeFiles/light_switch_provisioner_nrf52840_xxAA_s140_6.0.0.dir/__/__/__/mesh/core/src/net_state.c.obj
 .text.seqnum_block_allocate
                0x0002b380       0x4c examples/light_switch/provisioner/CMakeFiles/light_switch_provisioner_nrf52840_xxAA_s140_6.0.0.dir/__/__/__/mesh/core/src/net_state.c.obj
 .text.net_state_reset
                0x0002b3cc       0x3c examples/light_switch/provisioner/CMakeFiles/light_switch_provisioner_nrf52840_xxAA_s140_6.0.0.dir/__/__/__/mesh/core/src/net_state.c.obj
                0x0002b3cc                net_state_reset
 .text.flash_write_complete
                0x0002b408       0x64 examples/light_switch/provisioner/CMakeFiles/light_switch_provisioner_nrf52840_xxAA_s140_6.0.0.dir/__/__/__/mesh/core/src/net_state.c.obj
 .text.net_state_recover_from_flash
                0x0002b46c       0x8c examples/light_switch/provisioner/CMakeFiles/light_switch_provisioner_nrf52840_xxAA_s140_6.0.0.dir/__/__/__/mesh/core/src/net_state.c.obj
                0x0002b46c                net_state_recover_from_flash
 .text.net_state_flash_area_get
                0x0002b4f8        0xc examples/light_switch/provisioner/CMakeFiles/light_switch_provisioner_nrf52840_xxAA_s140_6.0.0.dir/__/__/__/mesh/core/src/net_state.c.obj
                0x0002b4f8                net_state_flash_area_get
 .text.init_flash_storage
                0x0002b504       0x40 examples/light_switch/provisioner/CMakeFiles/light_switch_provisioner_nrf52840_xxAA_s140_6.0.0.dir/__/__/__/mesh/core/src/net_state.c.obj
 .text.net_state_init
                0x0002b544       0x5c examples/light_switch/provisioner/CMakeFiles/light_switch_provisioner_nrf52840_xxAA_s140_6.0.0.dir/__/__/__/mesh/core/src/net_state.c.obj
                0x0002b544                net_state_init
 .text.net_state_iv_update_start
                0x0002b5a0       0x68 examples/light_switch/provisioner/CMakeFiles/light_switch_provisioner_nrf52840_xxAA_s140_6.0.0.dir/__/__/__/mesh/core/src/net_state.c.obj
                0x0002b5a0                net_state_iv_update_start
 .text.iv_update_trigger_if_pending
                0x0002b608       0x80 examples/light_switch/provisioner/CMakeFiles/light_switch_provisioner_nrf52840_xxAA_s140_6.0.0.dir/__/__/__/mesh/core/src/net_state.c.obj
 .text.mesh_evt_handler
                0x0002b688       0xa0 examples/light_switch/provisioner/CMakeFiles/light_switch_provisioner_nrf52840_xxAA_s140_6.0.0.dir/__/__/__/mesh/core/src/net_state.c.obj
 .text.iv_update_timer_handler
                0x0002b728       0x68 examples/light_switch/provisioner/CMakeFiles/light_switch_provisioner_nrf52840_xxAA_s140_6.0.0.dir/__/__/__/mesh/core/src/net_state.c.obj
 .text.net_state_seqnum_alloc
                0x0002b790       0x68 examples/light_switch/provisioner/CMakeFiles/light_switch_provisioner_nrf52840_xxAA_s140_6.0.0.dir/__/__/__/mesh/core/src/net_state.c.obj
                0x0002b790                net_state_seqnum_alloc
 .text.net_state_iv_index_lock
                0x0002b7f8       0x3c examples/light_switch/provisioner/CMakeFiles/light_switch_provisioner_nrf52840_xxAA_s140_6.0.0.dir/__/__/__/mesh/core/src/net_state.c.obj
                0x0002b7f8                net_state_iv_index_lock
 .text.net_state_key_refresh_phase_changed
                0x0002b834       0x20 examples/light_switch/provisioner/CMakeFiles/light_switch_provisioner_nrf52840_xxAA_s140_6.0.0.dir/__/__/__/mesh/core/src/net_state.c.obj
                0x0002b834                net_state_key_refresh_phase_changed
 .text.net_state_beacon_iv_index_get
                0x0002b854        0xc examples/light_switch/provisioner/CMakeFiles/light_switch_provisioner_nrf52840_xxAA_s140_6.0.0.dir/__/__/__/mesh/core/src/net_state.c.obj
                0x0002b854                net_state_beacon_iv_index_get
 .text.net_state_tx_iv_index_get
                0x0002b860       0x14 examples/light_switch/provisioner/CMakeFiles/light_switch_provisioner_nrf52840_xxAA_s140_6.0.0.dir/__/__/__/mesh/core/src/net_state.c.obj
                0x0002b860                net_state_tx_iv_index_get
 .text.net_state_rx_iv_index_get
                0x0002b874       0x18 examples/light_switch/provisioner/CMakeFiles/light_switch_provisioner_nrf52840_xxAA_s140_6.0.0.dir/__/__/__/mesh/core/src/net_state.c.obj
                0x0002b874                net_state_rx_iv_index_get
 .text.net_state_iv_update_get
                0x0002b88c        0xc examples/light_switch/provisioner/CMakeFiles/light_switch_provisioner_nrf52840_xxAA_s140_6.0.0.dir/__/__/__/mesh/core/src/net_state.c.obj
                0x0002b88c                net_state_iv_update_get
 .text.send_end_events
                0x0002b898       0x84 examples/light_switch/provisioner/CMakeFiles/light_switch_provisioner_nrf52840_xxAA_s140_6.0.0.dir/__/__/__/mesh/core/src/mesh_flash.c.obj
 .text.flash_op_schedule
                0x0002b91c       0x88 examples/light_switch/provisioner/CMakeFiles/light_switch_provisioner_nrf52840_xxAA_s140_6.0.0.dir/__/__/__/mesh/core/src/mesh_flash.c.obj
 .text.flash_op_start
                0x0002b9a4      0x13c examples/light_switch/provisioner/CMakeFiles/light_switch_provisioner_nrf52840_xxAA_s140_6.0.0.dir/__/__/__/mesh/core/src/mesh_flash.c.obj
 .text.mesh_flash_init
                0x0002bae0       0x88 examples/light_switch/provisioner/CMakeFiles/light_switch_provisioner_nrf52840_xxAA_s140_6.0.0.dir/__/__/__/mesh/core/src/mesh_flash.c.obj
                0x0002bae0                mesh_flash_init
 .text.mesh_flash_user_callback_set
                0x0002bb68       0x20 examples/light_switch/provisioner/CMakeFiles/light_switch_provisioner_nrf52840_xxAA_s140_6.0.0.dir/__/__/__/mesh/core/src/mesh_flash.c.obj
                0x0002bb68                mesh_flash_user_callback_set
 .text.mesh_flash_op_push
                0x0002bb88       0xe4 examples/light_switch/provisioner/CMakeFiles/light_switch_provisioner_nrf52840_xxAA_s140_6.0.0.dir/__/__/__/mesh/core/src/mesh_flash.c.obj
                0x0002bb88                mesh_flash_op_push
 .text.nrf_mesh_address_type_get
                0x0002bc6c       0x10 examples/light_switch/provisioner/CMakeFiles/light_switch_provisioner_nrf52840_xxAA_s140_6.0.0.dir/__/__/__/mesh/core/src/nrf_mesh_utils.c.obj
                0x0002bc6c                nrf_mesh_address_type_get
 .text.sd_softdevice_is_enabled
                0x0002bc7c        0x4 examples/light_switch/provisioner/CMakeFiles/light_switch_provisioner_nrf52840_xxAA_s140_6.0.0.dir/__/__/__/mesh/core/src/nrf_mesh.c.obj
 .text.nrf_mesh_listen
                0x0002bc80      0x138 examples/light_switch/provisioner/CMakeFiles/light_switch_provisioner_nrf52840_xxAA_s140_6.0.0.dir/__/__/__/mesh/core/src/nrf_mesh.c.obj
 .text.flash_stable_cb
                0x0002bdb8       0x20 examples/light_switch/provisioner/CMakeFiles/light_switch_provisioner_nrf52840_xxAA_s140_6.0.0.dir/__/__/__/mesh/core/src/nrf_mesh.c.obj
 .text.scanner_packet_process_cb
                0x0002bdd8       0x8c examples/light_switch/provisioner/CMakeFiles/light_switch_provisioner_nrf52840_xxAA_s140_6.0.0.dir/__/__/__/mesh/core/src/nrf_mesh.c.obj
 .text.nrf_mesh_init
                0x0002be64       0xd8 examples/light_switch/provisioner/CMakeFiles/light_switch_provisioner_nrf52840_xxAA_s140_6.0.0.dir/__/__/__/mesh/core/src/nrf_mesh.c.obj
                0x0002be64                nrf_mesh_init
 .text.nrf_mesh_enable
                0x0002bf3c       0x3c examples/light_switch/provisioner/CMakeFiles/light_switch_provisioner_nrf52840_xxAA_s140_6.0.0.dir/__/__/__/mesh/core/src/nrf_mesh.c.obj
                0x0002bf3c                nrf_mesh_enable
 .text.nrf_mesh_packet_send
                0x0002bf78       0x7c examples/light_switch/provisioner/CMakeFiles/light_switch_provisioner_nrf52840_xxAA_s140_6.0.0.dir/__/__/__/mesh/core/src/nrf_mesh.c.obj
                0x0002bf78                nrf_mesh_packet_send
 .text.nrf_mesh_evt_handler_add
                0x0002bff4        0x4 examples/light_switch/provisioner/CMakeFiles/light_switch_provisioner_nrf52840_xxAA_s140_6.0.0.dir/__/__/__/mesh/core/src/nrf_mesh.c.obj
                0x0002bff4                nrf_mesh_evt_handler_add
 .text.nrf_mesh_on_sd_evt
                0x0002bff8        0xa examples/light_switch/provisioner/CMakeFiles/light_switch_provisioner_nrf52840_xxAA_s140_6.0.0.dir/__/__/__/mesh/core/src/nrf_mesh.c.obj
                0x0002bff8                nrf_mesh_on_sd_evt
 .text.nrf_mesh_subnet_added
                0x0002c002        0x2 examples/light_switch/provisioner/CMakeFiles/light_switch_provisioner_nrf52840_xxAA_s140_6.0.0.dir/__/__/__/mesh/core/src/nrf_mesh.c.obj
                0x0002c002                nrf_mesh_subnet_added
 .text.queue_init
                0x0002c004       0x14 examples/light_switch/provisioner/CMakeFiles/light_switch_provisioner_nrf52840_xxAA_s140_6.0.0.dir/__/__/__/mesh/core/src/queue.c.obj
                0x0002c004                queue_init
 .text.queue_push
                0x0002c018       0x34 examples/light_switch/provisioner/CMakeFiles/light_switch_provisioner_nrf52840_xxAA_s140_6.0.0.dir/__/__/__/mesh/core/src/queue.c.obj
                0x0002c018                queue_push
 .text.queue_pop
                0x0002c04c       0x26 examples/light_switch/provisioner/CMakeFiles/light_switch_provisioner_nrf52840_xxAA_s140_6.0.0.dir/__/__/__/mesh/core/src/queue.c.obj
                0x0002c04c                queue_pop
 .text.queue_peek
                0x0002c072       0x10 examples/light_switch/provisioner/CMakeFiles/light_switch_provisioner_nrf52840_xxAA_s140_6.0.0.dir/__/__/__/mesh/core/src/queue.c.obj
                0x0002c072                queue_peek
 .text.sd_power_reset_reason_clr
                0x0002c082        0x4 examples/light_switch/provisioner/CMakeFiles/light_switch_provisioner_nrf52840_xxAA_s140_6.0.0.dir/__/__/__/mesh/core/src/hal.c.obj
 *fill*         0x0002c086        0x2 
 .text.hal_device_reset
                0x0002c088       0x2c examples/light_switch/provisioner/CMakeFiles/light_switch_provisioner_nrf52840_xxAA_s140_6.0.0.dir/__/__/__/mesh/core/src/hal.c.obj
                0x0002c088                hal_device_reset
 .text.hal_lfclk_ppm_get
                0x0002c0b4       0x14 examples/light_switch/provisioner/CMakeFiles/light_switch_provisioner_nrf52840_xxAA_s140_6.0.0.dir/__/__/__/mesh/core/src/hal.c.obj
                0x0002c0b4                hal_lfclk_ppm_get
 .text.my_xor.constprop.1
                0x0002c0c8       0x20 examples/light_switch/provisioner/CMakeFiles/light_switch_provisioner_nrf52840_xxAA_s140_6.0.0.dir/__/__/__/mesh/core/src/aes_cmac.c.obj
 .text.utils_lshift.constprop.2
                0x0002c0e8       0x24 examples/light_switch/provisioner/CMakeFiles/light_switch_provisioner_nrf52840_xxAA_s140_6.0.0.dir/__/__/__/mesh/core/src/aes_cmac.c.obj
 .text.aes_cmac_subkey_generate
                0x0002c10c       0x6c examples/light_switch/provisioner/CMakeFiles/light_switch_provisioner_nrf52840_xxAA_s140_6.0.0.dir/__/__/__/mesh/core/src/aes_cmac.c.obj
                0x0002c10c                aes_cmac_subkey_generate
 .text.aes_cmac
                0x0002c178       0xbc examples/light_switch/provisioner/CMakeFiles/light_switch_provisioner_nrf52840_xxAA_s140_6.0.0.dir/__/__/__/mesh/core/src/aes_cmac.c.obj
                0x0002c178                aes_cmac
 .text.add_to_add_list
                0x0002c234       0x30 examples/light_switch/provisioner/CMakeFiles/light_switch_provisioner_nrf52840_xxAA_s140_6.0.0.dir/__/__/__/mesh/core/src/timer_scheduler.c.obj
 .text.process_dirty_events
                0x0002c264       0x5c examples/light_switch/provisioner/CMakeFiles/light_switch_provisioner_nrf52840_xxAA_s140_6.0.0.dir/__/__/__/mesh/core/src/timer_scheduler.c.obj
 .text.timer_cb
                0x0002c2c0        0xc examples/light_switch/provisioner/CMakeFiles/light_switch_provisioner_nrf52840_xxAA_s140_6.0.0.dir/__/__/__/mesh/core/src/timer_scheduler.c.obj
 .text.add_evt.constprop.1
                0x0002c2cc       0x58 examples/light_switch/provisioner/CMakeFiles/light_switch_provisioner_nrf52840_xxAA_s140_6.0.0.dir/__/__/__/mesh/core/src/timer_scheduler.c.obj
 .text.process_add_list
                0x0002c324       0x3c examples/light_switch/provisioner/CMakeFiles/light_switch_provisioner_nrf52840_xxAA_s140_6.0.0.dir/__/__/__/mesh/core/src/timer_scheduler.c.obj
 .text.flag_event_cb
                0x0002c360       0xd8 examples/light_switch/provisioner/CMakeFiles/light_switch_provisioner_nrf52840_xxAA_s140_6.0.0.dir/__/__/__/mesh/core/src/timer_scheduler.c.obj
 .text.timer_sch_init
                0x0002c438       0x24 examples/light_switch/provisioner/CMakeFiles/light_switch_provisioner_nrf52840_xxAA_s140_6.0.0.dir/__/__/__/mesh/core/src/timer_scheduler.c.obj
                0x0002c438                timer_sch_init
 .text.timer_sch_schedule
                0x0002c45c       0x3c examples/light_switch/provisioner/CMakeFiles/light_switch_provisioner_nrf52840_xxAA_s140_6.0.0.dir/__/__/__/mesh/core/src/timer_scheduler.c.obj
                0x0002c45c                timer_sch_schedule
 .text.timer_sch_abort
                0x0002c498       0x58 examples/light_switch/provisioner/CMakeFiles/light_switch_provisioner_nrf52840_xxAA_s140_6.0.0.dir/__/__/__/mesh/core/src/timer_scheduler.c.obj
                0x0002c498                timer_sch_abort
 .text.timer_sch_reschedule
                0x0002c4f0       0x64 examples/light_switch/provisioner/CMakeFiles/light_switch_provisioner_nrf52840_xxAA_s140_6.0.0.dir/__/__/__/mesh/core/src/timer_scheduler.c.obj
                0x0002c4f0                timer_sch_reschedule
 .text.timer_mut_unlock
                0x0002c554       0x10 examples/light_switch/provisioner/CMakeFiles/light_switch_provisioner_nrf52840_xxAA_s140_6.0.0.dir/__/__/__/mesh/core/src/timer.c.obj
 .text.timer_order_cb
                0x0002c564       0x94 examples/light_switch/provisioner/CMakeFiles/light_switch_provisioner_nrf52840_xxAA_s140_6.0.0.dir/__/__/__/mesh/core/src/timer.c.obj
                0x0002c564                timer_order_cb
 .text.timer_now
                0x0002c5f8       0x48 examples/light_switch/provisioner/CMakeFiles/light_switch_provisioner_nrf52840_xxAA_s140_6.0.0.dir/__/__/__/mesh/core/src/timer.c.obj
                0x0002c5f8                timer_now
 .text.timer_event_handler
                0x0002c640       0x84 examples/light_switch/provisioner/CMakeFiles/light_switch_provisioner_nrf52840_xxAA_s140_6.0.0.dir/__/__/__/mesh/core/src/timer.c.obj
                0x0002c640                timer_event_handler
 .text.timer_on_ts_begin
                0x0002c6c4       0xf4 examples/light_switch/provisioner/CMakeFiles/light_switch_provisioner_nrf52840_xxAA_s140_6.0.0.dir/__/__/__/mesh/core/src/timer.c.obj
                0x0002c6c4                timer_on_ts_begin
 .text.timer_on_ts_end
                0x0002c7b8       0x60 examples/light_switch/provisioner/CMakeFiles/light_switch_provisioner_nrf52840_xxAA_s140_6.0.0.dir/__/__/__/mesh/core/src/timer.c.obj
                0x0002c7b8                timer_on_ts_end
 .text.timer_cb
                0x0002c818       0x10 examples/light_switch/provisioner/CMakeFiles/light_switch_provisioner_nrf52840_xxAA_s140_6.0.0.dir/__/__/__/mesh/core/src/ticker.c.obj
 .text.ticker_init
                0x0002c828       0x3c examples/light_switch/provisioner/CMakeFiles/light_switch_provisioner_nrf52840_xxAA_s140_6.0.0.dir/__/__/__/mesh/core/src/ticker.c.obj
                0x0002c828                ticker_init
 .text.sd_rand_application_bytes_available_get
                0x0002c864        0x4 examples/light_switch/provisioner/CMakeFiles/light_switch_provisioner_nrf52840_xxAA_s140_6.0.0.dir/__/__/__/mesh/core/src/rand.c.obj
 .text.sd_rand_application_vector_get
                0x0002c868        0x4 examples/light_switch/provisioner/CMakeFiles/light_switch_provisioner_nrf52840_xxAA_s140_6.0.0.dir/__/__/__/mesh/core/src/rand.c.obj
 .text.rand_prng_get
                0x0002c86c       0x22 examples/light_switch/provisioner/CMakeFiles/light_switch_provisioner_nrf52840_xxAA_s140_6.0.0.dir/__/__/__/mesh/core/src/rand.c.obj
                0x0002c86c                rand_prng_get
 .text.rand_hw_rng_get
                0x0002c88e       0x44 examples/light_switch/provisioner/CMakeFiles/light_switch_provisioner_nrf52840_xxAA_s140_6.0.0.dir/__/__/__/mesh/core/src/rand.c.obj
                0x0002c88e                rand_hw_rng_get
 *fill*         0x0002c8d2        0x2 
 .text.rand_prng_seed
                0x0002c8d4       0x34 examples/light_switch/provisioner/CMakeFiles/light_switch_provisioner_nrf52840_xxAA_s140_6.0.0.dir/__/__/__/mesh/core/src/rand.c.obj
                0x0002c8d4                rand_prng_seed
 .text.nrf_mesh_opt_set
                0x0002c908       0x26 examples/light_switch/provisioner/CMakeFiles/light_switch_provisioner_nrf52840_xxAA_s140_6.0.0.dir/__/__/__/mesh/core/src/nrf_mesh_opt.c.obj
                0x0002c908                nrf_mesh_opt_set
 .text.nrf_mesh_opt_get
                0x0002c92e       0x26 examples/light_switch/provisioner/CMakeFiles/light_switch_provisioner_nrf52840_xxAA_s140_6.0.0.dir/__/__/__/mesh/core/src/nrf_mesh_opt.c.obj
                0x0002c92e                nrf_mesh_opt_get
 .text.sd_radio_session_open
                0x0002c954        0x4 examples/light_switch/provisioner/CMakeFiles/light_switch_provisioner_nrf52840_xxAA_s140_6.0.0.dir/__/__/__/mesh/core/src/timeslot.c.obj
 .text.sd_radio_session_close
                0x0002c958        0x4 examples/light_switch/provisioner/CMakeFiles/light_switch_provisioner_nrf52840_xxAA_s140_6.0.0.dir/__/__/__/mesh/core/src/timeslot.c.obj
 .text.sd_radio_request
                0x0002c95c        0x4 examples/light_switch/provisioner/CMakeFiles/light_switch_provisioner_nrf52840_xxAA_s140_6.0.0.dir/__/__/__/mesh/core/src/timeslot.c.obj
 .text.end_timer_handler
                0x0002c960       0x24 examples/light_switch/provisioner/CMakeFiles/light_switch_provisioner_nrf52840_xxAA_s140_6.0.0.dir/__/__/__/mesh/core/src/timeslot.c.obj
 .text.get_end_time.constprop.10
                0x0002c984       0x28 examples/light_switch/provisioner/CMakeFiles/light_switch_provisioner_nrf52840_xxAA_s140_6.0.0.dir/__/__/__/mesh/core/src/timeslot.c.obj
 .text.handle_extend_end.constprop.3
                0x0002c9ac       0xb4 examples/light_switch/provisioner/CMakeFiles/light_switch_provisioner_nrf52840_xxAA_s140_6.0.0.dir/__/__/__/mesh/core/src/timeslot.c.obj
 .text.radio_signal_callback
                0x0002ca60      0x138 examples/light_switch/provisioner/CMakeFiles/light_switch_provisioner_nrf52840_xxAA_s140_6.0.0.dir/__/__/__/mesh/core/src/timeslot.c.obj
 .text.timeslot_sd_event_handler
                0x0002cb98       0x38 examples/light_switch/provisioner/CMakeFiles/light_switch_provisioner_nrf52840_xxAA_s140_6.0.0.dir/__/__/__/mesh/core/src/timeslot.c.obj
                0x0002cb98                timeslot_sd_event_handler
 .text.timeslot_init
                0x0002cbd0       0x48 examples/light_switch/provisioner/CMakeFiles/light_switch_provisioner_nrf52840_xxAA_s140_6.0.0.dir/__/__/__/mesh/core/src/timeslot.c.obj
                0x0002cbd0                timeslot_init
 .text.timeslot_start
                0x0002cc18       0x20 examples/light_switch/provisioner/CMakeFiles/light_switch_provisioner_nrf52840_xxAA_s140_6.0.0.dir/__/__/__/mesh/core/src/timeslot.c.obj
                0x0002cc18                timeslot_start
 .text.timeslot_end_is_pending
                0x0002cc38       0x24 examples/light_switch/provisioner/CMakeFiles/light_switch_provisioner_nrf52840_xxAA_s140_6.0.0.dir/__/__/__/mesh/core/src/timeslot.c.obj
                0x0002cc38                timeslot_end_is_pending
 .text.timeslot_start_time_get
                0x0002cc5c        0xc examples/light_switch/provisioner/CMakeFiles/light_switch_provisioner_nrf52840_xxAA_s140_6.0.0.dir/__/__/__/mesh/core/src/timeslot.c.obj
                0x0002cc5c                timeslot_start_time_get
 .text.timeslot_remaining_time_get
                0x0002cc68       0x20 examples/light_switch/provisioner/CMakeFiles/light_switch_provisioner_nrf52840_xxAA_s140_6.0.0.dir/__/__/__/mesh/core/src/timeslot.c.obj
                0x0002cc68                timeslot_remaining_time_get
 .text.timeslot_is_in_cb
                0x0002cc88        0xc examples/light_switch/provisioner/CMakeFiles/light_switch_provisioner_nrf52840_xxAA_s140_6.0.0.dir/__/__/__/mesh/core/src/timeslot.c.obj
                0x0002cc88                timeslot_is_in_cb
 .text.timeslot_trigger
                0x0002cc94       0x24 examples/light_switch/provisioner/CMakeFiles/light_switch_provisioner_nrf52840_xxAA_s140_6.0.0.dir/__/__/__/mesh/core/src/timeslot.c.obj
                0x0002cc94                timeslot_trigger
 .text.timeslot_stop
                0x0002ccb8       0x10 examples/light_switch/provisioner/CMakeFiles/light_switch_provisioner_nrf52840_xxAA_s140_6.0.0.dir/__/__/__/mesh/core/src/timeslot.c.obj
                0x0002ccb8                timeslot_stop
 .text.timeslot_state_lock
                0x0002ccc8       0x28 examples/light_switch/provisioner/CMakeFiles/light_switch_provisioner_nrf52840_xxAA_s140_6.0.0.dir/__/__/__/mesh/core/src/timeslot.c.obj
                0x0002ccc8                timeslot_state_lock
 .text.trigger_event_handler
                0x0002ccf0       0x1c examples/light_switch/provisioner/CMakeFiles/light_switch_provisioner_nrf52840_xxAA_s140_6.0.0.dir/__/__/__/mesh/core/src/bearer_event.c.obj
 .text.evt_push
                0x0002cd0c       0x1c examples/light_switch/provisioner/CMakeFiles/light_switch_provisioner_nrf52840_xxAA_s140_6.0.0.dir/__/__/__/mesh/core/src/bearer_event.c.obj
 .text.bearer_event_init
                0x0002cd28       0x48 examples/light_switch/provisioner/CMakeFiles/light_switch_provisioner_nrf52840_xxAA_s140_6.0.0.dir/__/__/__/mesh/core/src/bearer_event.c.obj
                0x0002cd28                bearer_event_init
 .text.bearer_event_timer_post
                0x0002cd70       0x24 examples/light_switch/provisioner/CMakeFiles/light_switch_provisioner_nrf52840_xxAA_s140_6.0.0.dir/__/__/__/mesh/core/src/bearer_event.c.obj
                0x0002cd70                bearer_event_timer_post
 .text.bearer_event_critical_section_begin
                0x0002cd94       0x44 examples/light_switch/provisioner/CMakeFiles/light_switch_provisioner_nrf52840_xxAA_s140_6.0.0.dir/__/__/__/mesh/core/src/bearer_event.c.obj
                0x0002cd94                bearer_event_critical_section_begin
 .text.bearer_event_critical_section_end
                0x0002cdd8       0x40 examples/light_switch/provisioner/CMakeFiles/light_switch_provisioner_nrf52840_xxAA_s140_6.0.0.dir/__/__/__/mesh/core/src/bearer_event.c.obj
                0x0002cdd8                bearer_event_critical_section_end
 .text.bearer_event_flag_add
                0x0002ce18       0x3c examples/light_switch/provisioner/CMakeFiles/light_switch_provisioner_nrf52840_xxAA_s140_6.0.0.dir/__/__/__/mesh/core/src/bearer_event.c.obj
                0x0002ce18                bearer_event_flag_add
 .text.bearer_event_flag_set
                0x0002ce54       0x44 examples/light_switch/provisioner/CMakeFiles/light_switch_provisioner_nrf52840_xxAA_s140_6.0.0.dir/__/__/__/mesh/core/src/bearer_event.c.obj
                0x0002ce54                bearer_event_flag_set
 .text.bearer_event_sequential_add
                0x0002ce98       0x2e examples/light_switch/provisioner/CMakeFiles/light_switch_provisioner_nrf52840_xxAA_s140_6.0.0.dir/__/__/__/mesh/core/src/bearer_event.c.obj
                0x0002ce98                bearer_event_sequential_add
 *fill*         0x0002cec6        0x2 
 .text.bearer_event_sequential_post
                0x0002cec8       0x44 examples/light_switch/provisioner/CMakeFiles/light_switch_provisioner_nrf52840_xxAA_s140_6.0.0.dir/__/__/__/mesh/core/src/bearer_event.c.obj
                0x0002cec8                bearer_event_sequential_post
 .text.bearer_event_sequential_pending
                0x0002cf0c       0x10 examples/light_switch/provisioner/CMakeFiles/light_switch_provisioner_nrf52840_xxAA_s140_6.0.0.dir/__/__/__/mesh/core/src/bearer_event.c.obj
                0x0002cf0c                bearer_event_sequential_pending
 .text.bearer_event_handler
                0x0002cf1c       0xe8 examples/light_switch/provisioner/CMakeFiles/light_switch_provisioner_nrf52840_xxAA_s140_6.0.0.dir/__/__/__/mesh/core/src/bearer_event.c.obj
                0x0002cf1c                bearer_event_handler
 .text.QDEC_IRQHandler
                0x0002d004        0x4 examples/light_switch/provisioner/CMakeFiles/light_switch_provisioner_nrf52840_xxAA_s140_6.0.0.dir/__/__/__/mesh/core/src/bearer_event.c.obj
                0x0002d004                QDEC_IRQHandler
 .text.enc_aes_encrypt
                0x0002d008        0x4 examples/light_switch/provisioner/CMakeFiles/light_switch_provisioner_nrf52840_xxAA_s140_6.0.0.dir/__/__/__/mesh/core/src/enc.c.obj
                0x0002d008                enc_aes_encrypt
 .text.enc_aes_cmac
                0x0002d00c        0x4 examples/light_switch/provisioner/CMakeFiles/light_switch_provisioner_nrf52840_xxAA_s140_6.0.0.dir/__/__/__/mesh/core/src/enc.c.obj
                0x0002d00c                enc_aes_cmac
 .text.enc_aes_ccm_encrypt
                0x0002d010        0x4 examples/light_switch/provisioner/CMakeFiles/light_switch_provisioner_nrf52840_xxAA_s140_6.0.0.dir/__/__/__/mesh/core/src/enc.c.obj
                0x0002d010                enc_aes_ccm_encrypt
 .text.enc_aes_ccm_decrypt
                0x0002d014        0x4 examples/light_switch/provisioner/CMakeFiles/light_switch_provisioner_nrf52840_xxAA_s140_6.0.0.dir/__/__/__/mesh/core/src/enc.c.obj
                0x0002d014                enc_aes_ccm_decrypt
 .text.enc_nonce_generate
                0x0002d018       0xbc examples/light_switch/provisioner/CMakeFiles/light_switch_provisioner_nrf52840_xxAA_s140_6.0.0.dir/__/__/__/mesh/core/src/enc.c.obj
                0x0002d018                enc_nonce_generate
 .text.enc_s1   0x0002d0d4       0x2c examples/light_switch/provisioner/CMakeFiles/light_switch_provisioner_nrf52840_xxAA_s140_6.0.0.dir/__/__/__/mesh/core/src/enc.c.obj
                0x0002d0d4                enc_s1
 .text.enc_k1   0x0002d100       0x3c examples/light_switch/provisioner/CMakeFiles/light_switch_provisioner_nrf52840_xxAA_s140_6.0.0.dir/__/__/__/mesh/core/src/enc.c.obj
                0x0002d100                enc_k1
 .text.enc_k2   0x0002d13c       0xc8 examples/light_switch/provisioner/CMakeFiles/light_switch_provisioner_nrf52840_xxAA_s140_6.0.0.dir/__/__/__/mesh/core/src/enc.c.obj
                0x0002d13c                enc_k2
 .text.enc_k3   0x0002d204       0x5c examples/light_switch/provisioner/CMakeFiles/light_switch_provisioner_nrf52840_xxAA_s140_6.0.0.dir/__/__/__/mesh/core/src/enc.c.obj
                0x0002d204                enc_k3
 .text.enc_k4   0x0002d260       0x54 examples/light_switch/provisioner/CMakeFiles/light_switch_provisioner_nrf52840_xxAA_s140_6.0.0.dir/__/__/__/mesh/core/src/enc.c.obj
                0x0002d260                enc_k4
 .text.allocate_packet
                0x0002d2b4       0x6a examples/light_switch/provisioner/CMakeFiles/light_switch_provisioner_nrf52840_xxAA_s140_6.0.0.dir/__/__/__/mesh/core/src/network.c.obj
 *fill*         0x0002d31e        0x2 
 .text.network_init
                0x0002d320       0x2c examples/light_switch/provisioner/CMakeFiles/light_switch_provisioner_nrf52840_xxAA_s140_6.0.0.dir/__/__/__/mesh/core/src/network.c.obj
                0x0002d320                network_init
 .text.network_opt_set
                0x0002d34c       0x70 examples/light_switch/provisioner/CMakeFiles/light_switch_provisioner_nrf52840_xxAA_s140_6.0.0.dir/__/__/__/mesh/core/src/network.c.obj
                0x0002d34c                network_opt_set
 .text.network_opt_get
                0x0002d3bc       0x4c examples/light_switch/provisioner/CMakeFiles/light_switch_provisioner_nrf52840_xxAA_s140_6.0.0.dir/__/__/__/mesh/core/src/network.c.obj
                0x0002d3bc                network_opt_get
 .text.network_packet_alloc
                0x0002d408       0x30 examples/light_switch/provisioner/CMakeFiles/light_switch_provisioner_nrf52840_xxAA_s140_6.0.0.dir/__/__/__/mesh/core/src/network.c.obj
                0x0002d408                network_packet_alloc
 .text.network_packet_send
                0x0002d438       0x46 examples/light_switch/provisioner/CMakeFiles/light_switch_provisioner_nrf52840_xxAA_s140_6.0.0.dir/__/__/__/mesh/core/src/network.c.obj
                0x0002d438                network_packet_send
 *fill*         0x0002d47e        0x2 
 .text.network_packet_in
                0x0002d480      0x168 examples/light_switch/provisioner/CMakeFiles/light_switch_provisioner_nrf52840_xxAA_s140_6.0.0.dir/__/__/__/mesh/core/src/network.c.obj
                0x0002d480                network_packet_in
 .text.nonce_type_get
                0x0002d5e8       0x16 examples/light_switch/provisioner/CMakeFiles/light_switch_provisioner_nrf52840_xxAA_s140_6.0.0.dir/__/__/__/mesh/core/src/net_packet.c.obj
 .text.header_transfuscate
                0x0002d5fe       0x54 examples/light_switch/provisioner/CMakeFiles/light_switch_provisioner_nrf52840_xxAA_s140_6.0.0.dir/__/__/__/mesh/core/src/net_packet.c.obj
 *fill*         0x0002d652        0x2 
 .text.net_packet_decrypt
                0x0002d654      0x224 examples/light_switch/provisioner/CMakeFiles/light_switch_provisioner_nrf52840_xxAA_s140_6.0.0.dir/__/__/__/mesh/core/src/net_packet.c.obj
                0x0002d654                net_packet_decrypt
 .text.net_packet_encrypt
                0x0002d878       0x7e examples/light_switch/provisioner/CMakeFiles/light_switch_provisioner_nrf52840_xxAA_s140_6.0.0.dir/__/__/__/mesh/core/src/net_packet.c.obj
                0x0002d878                net_packet_encrypt
 .text.net_packet_header_set
                0x0002d8f6       0xaa examples/light_switch/provisioner/CMakeFiles/light_switch_provisioner_nrf52840_xxAA_s140_6.0.0.dir/__/__/__/mesh/core/src/net_packet.c.obj
                0x0002d8f6                net_packet_header_set
 .text.net_packet_payload_len_get
                0x0002d9a0       0x10 examples/light_switch/provisioner/CMakeFiles/light_switch_provisioner_nrf52840_xxAA_s140_6.0.0.dir/__/__/__/mesh/core/src/net_packet.c.obj
                0x0002d9a0                net_packet_payload_len_get
 .text.net_packet_from_payload
                0x0002d9b0        0x4 examples/light_switch/provisioner/CMakeFiles/light_switch_provisioner_nrf52840_xxAA_s140_6.0.0.dir/__/__/__/mesh/core/src/net_packet.c.obj
                0x0002d9b0                net_packet_from_payload
 .text.net_packet_obfuscation_start_get
                0x0002d9b4        0x4 examples/light_switch/provisioner/CMakeFiles/light_switch_provisioner_nrf52840_xxAA_s140_6.0.0.dir/__/__/__/mesh/core/src/net_packet.c.obj
                0x0002d9b4                net_packet_obfuscation_start_get
 .text.stage_get_available
                0x0002d9b8       0x24 examples/light_switch/provisioner/CMakeFiles/light_switch_provisioner_nrf52840_xxAA_s140_6.0.0.dir/__/__/__/mesh/core/src/msqueue.c.obj
 .text.msq_get  0x0002d9dc       0x38 examples/light_switch/provisioner/CMakeFiles/light_switch_provisioner_nrf52840_xxAA_s140_6.0.0.dir/__/__/__/mesh/core/src/msqueue.c.obj
                0x0002d9dc                msq_get
 .text.msq_move
                0x0002da14       0x2e examples/light_switch/provisioner/CMakeFiles/light_switch_provisioner_nrf52840_xxAA_s140_6.0.0.dir/__/__/__/mesh/core/src/msqueue.c.obj
                0x0002da14                msq_move
 .text.msq_reset
                0x0002da42       0x20 examples/light_switch/provisioner/CMakeFiles/light_switch_provisioner_nrf52840_xxAA_s140_6.0.0.dir/__/__/__/mesh/core/src/msqueue.c.obj
                0x0002da42                msq_reset
 .text.msq_init
                0x0002da62       0x4a examples/light_switch/provisioner/CMakeFiles/light_switch_provisioner_nrf52840_xxAA_s140_6.0.0.dir/__/__/__/mesh/core/src/msqueue.c.obj
                0x0002da62                msq_init
 .text.msq_available
                0x0002daac       0x26 examples/light_switch/provisioner/CMakeFiles/light_switch_provisioner_nrf52840_xxAA_s140_6.0.0.dir/__/__/__/mesh/core/src/msqueue.c.obj
                0x0002daac                msq_available
 .text.nrf_mesh_keygen_aid
                0x0002dad2       0x12 examples/light_switch/provisioner/CMakeFiles/light_switch_provisioner_nrf52840_xxAA_s140_6.0.0.dir/__/__/__/mesh/core/src/nrf_mesh_keygen.c.obj
                0x0002dad2                nrf_mesh_keygen_aid
 .text.nrf_mesh_keygen_network_secmat
                0x0002dae4       0x20 examples/light_switch/provisioner/CMakeFiles/light_switch_provisioner_nrf52840_xxAA_s140_6.0.0.dir/__/__/__/mesh/core/src/nrf_mesh_keygen.c.obj
                0x0002dae4                nrf_mesh_keygen_network_secmat
 .text.nrf_mesh_keygen_beacon_secmat
                0x0002db04       0x50 examples/light_switch/provisioner/CMakeFiles/light_switch_provisioner_nrf52840_xxAA_s140_6.0.0.dir/__/__/__/mesh/core/src/nrf_mesh_keygen.c.obj
                0x0002db04                nrf_mesh_keygen_beacon_secmat
 .text.nrf_mesh_keygen_virtual_address
                0x0002db54       0x50 examples/light_switch/provisioner/CMakeFiles/light_switch_provisioner_nrf52840_xxAA_s140_6.0.0.dir/__/__/__/mesh/core/src/nrf_mesh_keygen.c.obj
                0x0002db54                nrf_mesh_keygen_virtual_address
 .text.list_insert
                0x0002dba4       0x1c examples/light_switch/provisioner/CMakeFiles/light_switch_provisioner_nrf52840_xxAA_s140_6.0.0.dir/__/__/__/mesh/core/src/list.c.obj
 .text.list_add
                0x0002dbc0       0x42 examples/light_switch/provisioner/CMakeFiles/light_switch_provisioner_nrf52840_xxAA_s140_6.0.0.dir/__/__/__/mesh/core/src/list.c.obj
                0x0002dbc0                list_add
 .text.list_remove
                0x0002dc02       0x3a examples/light_switch/provisioner/CMakeFiles/light_switch_provisioner_nrf52840_xxAA_s140_6.0.0.dir/__/__/__/mesh/core/src/list.c.obj
                0x0002dc02                list_remove
 .text.list_compare_add
                0x0002dc3c       0x56 examples/light_switch/provisioner/CMakeFiles/light_switch_provisioner_nrf52840_xxAA_s140_6.0.0.dir/__/__/__/mesh/core/src/list.c.obj
                0x0002dc3c                list_compare_add
 *fill*         0x0002dc92        0x2 
 .text.log_callback_rtt
                0x0002dc94       0x2c examples/light_switch/provisioner/CMakeFiles/light_switch_provisioner_nrf52840_xxAA_s140_6.0.0.dir/__/__/__/mesh/core/src/log.c.obj
                0x0002dc94                log_callback_rtt
 .text.log_init
                0x0002dcc0       0x1c examples/light_switch/provisioner/CMakeFiles/light_switch_provisioner_nrf52840_xxAA_s140_6.0.0.dir/__/__/__/mesh/core/src/log.c.obj
                0x0002dcc0                log_init
 .text.log_vprintf
                0x0002dcdc       0x18 examples/light_switch/provisioner/CMakeFiles/light_switch_provisioner_nrf52840_xxAA_s140_6.0.0.dir/__/__/__/mesh/core/src/log.c.obj
                0x0002dcdc                log_vprintf
 .text.log_printf
                0x0002dcf4       0x18 examples/light_switch/provisioner/CMakeFiles/light_switch_provisioner_nrf52840_xxAA_s140_6.0.0.dir/__/__/__/mesh/core/src/log.c.obj
                0x0002dcf4                log_printf
 .text.get_area_end
                0x0002dd0c        0xc examples/light_switch/provisioner/CMakeFiles/light_switch_provisioner_nrf52840_xxAA_s140_6.0.0.dir/__/__/__/mesh/core/src/flash_manager.c.obj
 .text.handle_matches_filter
                0x0002dd18       0x26 examples/light_switch/provisioner/CMakeFiles/light_switch_provisioner_nrf52840_xxAA_s140_6.0.0.dir/__/__/__/mesh/core/src/flash_manager.c.obj
 .text.flash_area_is_blank
                0x0002dd3e       0x34 examples/light_switch/provisioner/CMakeFiles/light_switch_provisioner_nrf52840_xxAA_s140_6.0.0.dir/__/__/__/mesh/core/src/flash_manager.c.obj
 *fill*         0x0002dd72        0x2 
 .text.get_packet_buffer
                0x0002dd74       0x20 examples/light_switch/provisioner/CMakeFiles/light_switch_provisioner_nrf52840_xxAA_s140_6.0.0.dir/__/__/__/mesh/core/src/flash_manager.c.obj
 .text.flash    0x0002dd94       0x1c examples/light_switch/provisioner/CMakeFiles/light_switch_provisioner_nrf52840_xxAA_s140_6.0.0.dir/__/__/__/mesh/core/src/flash_manager.c.obj
 .text.free_packet_buffer
                0x0002ddb0       0x3c examples/light_switch/provisioner/CMakeFiles/light_switch_provisioner_nrf52840_xxAA_s140_6.0.0.dir/__/__/__/mesh/core/src/flash_manager.c.obj
 .text.reserve_action_buffer
                0x0002ddec       0x24 examples/light_switch/provisioner/CMakeFiles/light_switch_provisioner_nrf52840_xxAA_s140_6.0.0.dir/__/__/__/mesh/core/src/flash_manager.c.obj
 .text.commit_action_buffer
                0x0002de10       0x18 examples/light_switch/provisioner/CMakeFiles/light_switch_provisioner_nrf52840_xxAA_s140_6.0.0.dir/__/__/__/mesh/core/src/flash_manager.c.obj
 .text.schedule_processing
                0x0002de28        0xc examples/light_switch/provisioner/CMakeFiles/light_switch_provisioner_nrf52840_xxAA_s140_6.0.0.dir/__/__/__/mesh/core/src/flash_manager.c.obj
 .text.get_next_entry
                0x0002de34       0x34 examples/light_switch/provisioner/CMakeFiles/light_switch_provisioner_nrf52840_xxAA_s140_6.0.0.dir/__/__/__/mesh/core/src/flash_manager.c.obj
 .text.get_last_entry.isra.1
                0x0002de68       0x30 examples/light_switch/provisioner/CMakeFiles/light_switch_provisioner_nrf52840_xxAA_s140_6.0.0.dir/__/__/__/mesh/core/src/flash_manager.c.obj
 .text.process_action_queue
                0x0002de98      0x3b0 examples/light_switch/provisioner/CMakeFiles/light_switch_provisioner_nrf52840_xxAA_s140_6.0.0.dir/__/__/__/mesh/core/src/flash_manager.c.obj
 .text.flash_op_ended_callback
                0x0002e248       0x24 examples/light_switch/provisioner/CMakeFiles/light_switch_provisioner_nrf52840_xxAA_s140_6.0.0.dir/__/__/__/mesh/core/src/flash_manager.c.obj
 .text.flash_manager_init
                0x0002e26c       0x68 examples/light_switch/provisioner/CMakeFiles/light_switch_provisioner_nrf52840_xxAA_s140_6.0.0.dir/__/__/__/mesh/core/src/flash_manager.c.obj
                0x0002e26c                flash_manager_init
 .text.flash_manager_remove
                0x0002e2d4       0x24 examples/light_switch/provisioner/CMakeFiles/light_switch_provisioner_nrf52840_xxAA_s140_6.0.0.dir/__/__/__/mesh/core/src/flash_manager.c.obj
                0x0002e2d4                flash_manager_remove
 .text.flash_manager_entry_get
                0x0002e2f8       0x3c examples/light_switch/provisioner/CMakeFiles/light_switch_provisioner_nrf52840_xxAA_s140_6.0.0.dir/__/__/__/mesh/core/src/flash_manager.c.obj
                0x0002e2f8                flash_manager_entry_get
 .text.flash_manager_entry_next_get
                0x0002e334       0x60 examples/light_switch/provisioner/CMakeFiles/light_switch_provisioner_nrf52840_xxAA_s140_6.0.0.dir/__/__/__/mesh/core/src/flash_manager.c.obj
                0x0002e334                flash_manager_entry_next_get
 .text.flash_manager_entry_alloc
                0x0002e394       0x5c examples/light_switch/provisioner/CMakeFiles/light_switch_provisioner_nrf52840_xxAA_s140_6.0.0.dir/__/__/__/mesh/core/src/flash_manager.c.obj
                0x0002e394                flash_manager_entry_alloc
 .text.flash_manager_entry_commit
                0x0002e3f0       0x2c examples/light_switch/provisioner/CMakeFiles/light_switch_provisioner_nrf52840_xxAA_s140_6.0.0.dir/__/__/__/mesh/core/src/flash_manager.c.obj
                0x0002e3f0                flash_manager_entry_commit
 .text.flash_manager_entry_invalidate
                0x0002e41c       0x4e examples/light_switch/provisioner/CMakeFiles/light_switch_provisioner_nrf52840_xxAA_s140_6.0.0.dir/__/__/__/mesh/core/src/flash_manager.c.obj
                0x0002e41c                flash_manager_entry_invalidate
 .text.flash_manager_add
                0x0002e46a      0x1f6 examples/light_switch/provisioner/CMakeFiles/light_switch_provisioner_nrf52840_xxAA_s140_6.0.0.dir/__/__/__/mesh/core/src/flash_manager.c.obj
                0x0002e46a                flash_manager_add
 .text.flash_manager_mem_listener_register
                0x0002e660       0x30 examples/light_switch/provisioner/CMakeFiles/light_switch_provisioner_nrf52840_xxAA_s140_6.0.0.dir/__/__/__/mesh/core/src/flash_manager.c.obj
                0x0002e660                flash_manager_mem_listener_register
 .text.flash_manager_is_stable
                0x0002e690       0x24 examples/light_switch/provisioner/CMakeFiles/light_switch_provisioner_nrf52840_xxAA_s140_6.0.0.dir/__/__/__/mesh/core/src/flash_manager.c.obj
                0x0002e690                flash_manager_is_stable
 .text.flash_manager_on_defrag_end
                0x0002e6b4       0x4c examples/light_switch/provisioner/CMakeFiles/light_switch_provisioner_nrf52840_xxAA_s140_6.0.0.dir/__/__/__/mesh/core/src/flash_manager.c.obj
                0x0002e6b4                flash_manager_on_defrag_end
 .text.flash_manager_recovery_page_get
                0x0002e700        0x4 examples/light_switch/provisioner/CMakeFiles/light_switch_provisioner_nrf52840_xxAA_s140_6.0.0.dir/__/__/__/mesh/core/src/flash_manager.c.obj
                0x0002e700                flash_manager_recovery_page_get
 .text.flash_manager_action_queue_empty_cb_set
                0x0002e704       0x1c examples/light_switch/provisioner/CMakeFiles/light_switch_provisioner_nrf52840_xxAA_s140_6.0.0.dir/__/__/__/mesh/core/src/flash_manager.c.obj
                0x0002e704                flash_manager_action_queue_empty_cb_set
 .text.utils_xor
                0x0002e720       0x14 examples/light_switch/provisioner/CMakeFiles/light_switch_provisioner_nrf52840_xxAA_s140_6.0.0.dir/__/__/__/mesh/core/src/ccm_soft.c.obj
 .text.ccm_soft_authenticate_blocks
                0x0002e734       0x68 examples/light_switch/provisioner/CMakeFiles/light_switch_provisioner_nrf52840_xxAA_s140_6.0.0.dir/__/__/__/mesh/core/src/ccm_soft.c.obj
 .text.utils_reverse_memcpy.constprop.0
                0x0002e79c        0xa examples/light_switch/provisioner/CMakeFiles/light_switch_provisioner_nrf52840_xxAA_s140_6.0.0.dir/__/__/__/mesh/core/src/ccm_soft.c.obj
 .text.ccm_soft_authenticate
                0x0002e7a6       0xa0 examples/light_switch/provisioner/CMakeFiles/light_switch_provisioner_nrf52840_xxAA_s140_6.0.0.dir/__/__/__/mesh/core/src/ccm_soft.c.obj
 .text.ccm_soft_crypt
                0x0002e846       0x6c examples/light_switch/provisioner/CMakeFiles/light_switch_provisioner_nrf52840_xxAA_s140_6.0.0.dir/__/__/__/mesh/core/src/ccm_soft.c.obj
 .text.ccm_soft_encrypt
                0x0002e8b2       0x70 examples/light_switch/provisioner/CMakeFiles/light_switch_provisioner_nrf52840_xxAA_s140_6.0.0.dir/__/__/__/mesh/core/src/ccm_soft.c.obj
                0x0002e8b2                ccm_soft_encrypt
 .text.ccm_soft_decrypt
                0x0002e922       0xfe examples/light_switch/provisioner/CMakeFiles/light_switch_provisioner_nrf52840_xxAA_s140_6.0.0.dir/__/__/__/mesh/core/src/ccm_soft.c.obj
                0x0002e922                ccm_soft_decrypt
 .text.replay_cache_add
                0x0002ea20       0x58 examples/light_switch/provisioner/CMakeFiles/light_switch_provisioner_nrf52840_xxAA_s140_6.0.0.dir/__/__/__/mesh/core/src/replay_cache.c.obj
                0x0002ea20                replay_cache_add
 .text.replay_cache_has_elem
                0x0002ea78       0x40 examples/light_switch/provisioner/CMakeFiles/light_switch_provisioner_nrf52840_xxAA_s140_6.0.0.dir/__/__/__/mesh/core/src/replay_cache.c.obj
                0x0002ea78                replay_cache_has_elem
 .text.replay_cache_clear
                0x0002eab8       0x20 examples/light_switch/provisioner/CMakeFiles/light_switch_provisioner_nrf52840_xxAA_s140_6.0.0.dir/__/__/__/mesh/core/src/replay_cache.c.obj
                0x0002eab8                replay_cache_clear
 .text.replay_cache_init
                0x0002ead8        0x4 examples/light_switch/provisioner/CMakeFiles/light_switch_provisioner_nrf52840_xxAA_s140_6.0.0.dir/__/__/__/mesh/core/src/replay_cache.c.obj
                0x0002ead8                replay_cache_init
 .text.beacon_create
                0x0002eadc       0x46 examples/light_switch/provisioner/CMakeFiles/light_switch_provisioner_nrf52840_xxAA_s140_6.0.0.dir/__/__/__/mesh/core/src/beacon.c.obj
                0x0002eadc                beacon_create
 *fill*         0x0002eb22        0x2 
 .text.beacon_packet_in
                0x0002eb24      0x154 examples/light_switch/provisioner/CMakeFiles/light_switch_provisioner_nrf52840_xxAA_s140_6.0.0.dir/__/__/__/mesh/core/src/beacon.c.obj
                0x0002eb24                beacon_packet_in
 .text.entry_get
                0x0002ec78       0x78 examples/light_switch/provisioner/CMakeFiles/light_switch_provisioner_nrf52840_xxAA_s140_6.0.0.dir/__/__/__/mesh/core/src/flash_manager_internal.c.obj
                0x0002ec78                entry_get
 .text.core_tx_complete_cb_set
                0x0002ecf0        0xc examples/light_switch/provisioner/CMakeFiles/light_switch_provisioner_nrf52840_xxAA_s140_6.0.0.dir/__/__/__/mesh/core/src/core_tx.c.obj
                0x0002ecf0                core_tx_complete_cb_set
 .text.core_tx_packet_alloc
                0x0002ecfc       0x98 examples/light_switch/provisioner/CMakeFiles/light_switch_provisioner_nrf52840_xxAA_s140_6.0.0.dir/__/__/__/mesh/core/src/core_tx.c.obj
                0x0002ecfc                core_tx_packet_alloc
 .text.core_tx_packet_send
                0x0002ed94       0x4c examples/light_switch/provisioner/CMakeFiles/light_switch_provisioner_nrf52840_xxAA_s140_6.0.0.dir/__/__/__/mesh/core/src/core_tx.c.obj
                0x0002ed94                core_tx_packet_send
 .text.core_tx_packet_discard
                0x0002ede0       0x40 examples/light_switch/provisioner/CMakeFiles/light_switch_provisioner_nrf52840_xxAA_s140_6.0.0.dir/__/__/__/mesh/core/src/core_tx.c.obj
                0x0002ede0                core_tx_packet_discard
 .text.core_tx_complete
                0x0002ee20       0x34 examples/light_switch/provisioner/CMakeFiles/light_switch_provisioner_nrf52840_xxAA_s140_6.0.0.dir/__/__/__/mesh/core/src/core_tx.c.obj
                0x0002ee20                core_tx_complete
 .text.core_tx_bearer_add
                0x0002ee54       0x70 examples/light_switch/provisioner/CMakeFiles/light_switch_provisioner_nrf52840_xxAA_s140_6.0.0.dir/__/__/__/mesh/core/src/core_tx.c.obj
                0x0002ee54                core_tx_bearer_add
 .text.heartbeat_subscription_timer_cb
                0x0002eec4       0x1c examples/light_switch/provisioner/CMakeFiles/light_switch_provisioner_nrf52840_xxAA_s140_6.0.0.dir/__/__/__/mesh/core/src/heartbeat.c.obj
 .text.heartbeat_opcode_handle
                0x0002eee0       0x88 examples/light_switch/provisioner/CMakeFiles/light_switch_provisioner_nrf52840_xxAA_s140_6.0.0.dir/__/__/__/mesh/core/src/heartbeat.c.obj
 .text.heartbeat_send
                0x0002ef68       0xb0 examples/light_switch/provisioner/CMakeFiles/light_switch_provisioner_nrf52840_xxAA_s140_6.0.0.dir/__/__/__/mesh/core/src/heartbeat.c.obj
 .text.heartbeat_publication_timer_cb
                0x0002f018       0xa8 examples/light_switch/provisioner/CMakeFiles/light_switch_provisioner_nrf52840_xxAA_s140_6.0.0.dir/__/__/__/mesh/core/src/heartbeat.c.obj
 .text.heartbeat_core_evt_cb
                0x0002f0c0       0x7c examples/light_switch/provisioner/CMakeFiles/light_switch_provisioner_nrf52840_xxAA_s140_6.0.0.dir/__/__/__/mesh/core/src/heartbeat.c.obj
 .text.heartbeat_on_feature_change_trigger
                0x0002f13c       0x44 examples/light_switch/provisioner/CMakeFiles/light_switch_provisioner_nrf52840_xxAA_s140_6.0.0.dir/__/__/__/mesh/core/src/heartbeat.c.obj
                0x0002f13c                heartbeat_on_feature_change_trigger
 .text.heartbeat_init
                0x0002f180       0x78 examples/light_switch/provisioner/CMakeFiles/light_switch_provisioner_nrf52840_xxAA_s140_6.0.0.dir/__/__/__/mesh/core/src/heartbeat.c.obj
                0x0002f180                heartbeat_init
 .text.heartbeat_subscription_set
                0x0002f1f8       0xa4 examples/light_switch/provisioner/CMakeFiles/light_switch_provisioner_nrf52840_xxAA_s140_6.0.0.dir/__/__/__/mesh/core/src/heartbeat.c.obj
                0x0002f1f8                heartbeat_subscription_set
 .text.heartbeat_subscription_get
                0x0002f29c        0x8 examples/light_switch/provisioner/CMakeFiles/light_switch_provisioner_nrf52840_xxAA_s140_6.0.0.dir/__/__/__/mesh/core/src/heartbeat.c.obj
                0x0002f29c                heartbeat_subscription_get
 .text.heartbeat_config_server_cb_set
                0x0002f2a4       0x28 examples/light_switch/provisioner/CMakeFiles/light_switch_provisioner_nrf52840_xxAA_s140_6.0.0.dir/__/__/__/mesh/core/src/heartbeat.c.obj
                0x0002f2a4                heartbeat_config_server_cb_set
 .text.heartbeat_publication_state_updated
                0x0002f2cc       0x74 examples/light_switch/provisioner/CMakeFiles/light_switch_provisioner_nrf52840_xxAA_s140_6.0.0.dir/__/__/__/mesh/core/src/heartbeat.c.obj
                0x0002f2cc                heartbeat_publication_state_updated
 .text.make_network_beacon_packet
                0x0002f340       0x50 examples/light_switch/provisioner/CMakeFiles/light_switch_provisioner_nrf52840_xxAA_s140_6.0.0.dir/__/__/__/mesh/core/src/net_beacon.c.obj
 .text.beacon_tx
                0x0002f390      0x12c examples/light_switch/provisioner/CMakeFiles/light_switch_provisioner_nrf52840_xxAA_s140_6.0.0.dir/__/__/__/mesh/core/src/net_beacon.c.obj
 .text.tx_complete_cb
                0x0002f4bc        0xe examples/light_switch/provisioner/CMakeFiles/light_switch_provisioner_nrf52840_xxAA_s140_6.0.0.dir/__/__/__/mesh/core/src/net_beacon.c.obj
 .text.beacon_tx_timeout
                0x0002f4ca        0x4 examples/light_switch/provisioner/CMakeFiles/light_switch_provisioner_nrf52840_xxAA_s140_6.0.0.dir/__/__/__/mesh/core/src/net_beacon.c.obj
 .text.is_valid_beacon_pkt.part.0
                0x0002f4ce       0x30 examples/light_switch/provisioner/CMakeFiles/light_switch_provisioner_nrf52840_xxAA_s140_6.0.0.dir/__/__/__/mesh/core/src/net_beacon.c.obj
 *fill*         0x0002f4fe        0x2 
 .text.net_beacon_init
                0x0002f500       0x94 examples/light_switch/provisioner/CMakeFiles/light_switch_provisioner_nrf52840_xxAA_s140_6.0.0.dir/__/__/__/mesh/core/src/net_beacon.c.obj
                0x0002f500                net_beacon_init
 .text.net_beacon_state_set
                0x0002f594       0x34 examples/light_switch/provisioner/CMakeFiles/light_switch_provisioner_nrf52840_xxAA_s140_6.0.0.dir/__/__/__/mesh/core/src/net_beacon.c.obj
                0x0002f594                net_beacon_state_set
 .text.net_beacon_state_get
                0x0002f5c8        0xc examples/light_switch/provisioner/CMakeFiles/light_switch_provisioner_nrf52840_xxAA_s140_6.0.0.dir/__/__/__/mesh/core/src/net_beacon.c.obj
                0x0002f5c8                net_beacon_state_get
 .text.net_beacon_packet_in
                0x0002f5d4       0xf2 examples/light_switch/provisioner/CMakeFiles/light_switch_provisioner_nrf52840_xxAA_s140_6.0.0.dir/__/__/__/mesh/core/src/net_beacon.c.obj
                0x0002f5d4                net_beacon_packet_in
 *fill*         0x0002f6c6        0x2 
 .text.packet_discard
                0x0002f6c8       0x40 examples/light_switch/provisioner/CMakeFiles/light_switch_provisioner_nrf52840_xxAA_s140_6.0.0.dir/__/__/__/mesh/core/src/core_tx_adv.c.obj
 .text.packet_send
                0x0002f708       0x58 examples/light_switch/provisioner/CMakeFiles/light_switch_provisioner_nrf52840_xxAA_s140_6.0.0.dir/__/__/__/mesh/core/src/core_tx_adv.c.obj
 .text.packet_alloc
                0x0002f760       0x58 examples/light_switch/provisioner/CMakeFiles/light_switch_provisioner_nrf52840_xxAA_s140_6.0.0.dir/__/__/__/mesh/core/src/core_tx_adv.c.obj
 .text.adv_tx_complete_callback
                0x0002f7b8       0x20 examples/light_switch/provisioner/CMakeFiles/light_switch_provisioner_nrf52840_xxAA_s140_6.0.0.dir/__/__/__/mesh/core/src/core_tx_adv.c.obj
 .text.core_tx_adv_init
                0x0002f7d8       0x60 examples/light_switch/provisioner/CMakeFiles/light_switch_provisioner_nrf52840_xxAA_s140_6.0.0.dir/__/__/__/mesh/core/src/core_tx_adv.c.obj
                0x0002f7d8                core_tx_adv_init
 .text.core_tx_adv_count_set
                0x0002f838       0x28 examples/light_switch/provisioner/CMakeFiles/light_switch_provisioner_nrf52840_xxAA_s140_6.0.0.dir/__/__/__/mesh/core/src/core_tx_adv.c.obj
                0x0002f838                core_tx_adv_count_set
 .text.core_tx_adv_count_get
                0x0002f860       0x1c examples/light_switch/provisioner/CMakeFiles/light_switch_provisioner_nrf52840_xxAA_s140_6.0.0.dir/__/__/__/mesh/core/src/core_tx_adv.c.obj
                0x0002f860                core_tx_adv_count_get
 .text.core_tx_adv_interval_set
                0x0002f87c       0x28 examples/light_switch/provisioner/CMakeFiles/light_switch_provisioner_nrf52840_xxAA_s140_6.0.0.dir/__/__/__/mesh/core/src/core_tx_adv.c.obj
                0x0002f87c                core_tx_adv_interval_set
 .text.core_tx_adv_interval_get
                0x0002f8a4       0x28 examples/light_switch/provisioner/CMakeFiles/light_switch_provisioner_nrf52840_xxAA_s140_6.0.0.dir/__/__/__/mesh/core/src/core_tx_adv.c.obj
                0x0002f8a4                core_tx_adv_interval_get
 .text.ad_listener_subscribe
                0x0002f8cc       0x5c examples/light_switch/provisioner/CMakeFiles/light_switch_provisioner_nrf52840_xxAA_s140_6.0.0.dir/__/__/__/mesh/bearer/src/ad_listener.c.obj
                0x0002f8cc                ad_listener_subscribe
 .text.ad_listener_process
                0x0002f928       0x64 examples/light_switch/provisioner/CMakeFiles/light_switch_provisioner_nrf52840_xxAA_s140_6.0.0.dir/__/__/__/mesh/bearer/src/ad_listener.c.obj
                0x0002f928                ad_listener_process
 .text.adtype_filter_handle
                0x0002f98c       0x64 examples/light_switch/provisioner/CMakeFiles/light_switch_provisioner_nrf52840_xxAA_s140_6.0.0.dir/__/__/__/mesh/bearer/src/ad_type_filter.c.obj
 .text.bearer_adtype_filtering_set
                0x0002f9f0       0x1c examples/light_switch/provisioner/CMakeFiles/light_switch_provisioner_nrf52840_xxAA_s140_6.0.0.dir/__/__/__/mesh/bearer/src/ad_type_filter.c.obj
                0x0002f9f0                bearer_adtype_filtering_set
 .text.bearer_adtype_add
                0x0002fa0c       0x20 examples/light_switch/provisioner/CMakeFiles/light_switch_provisioner_nrf52840_xxAA_s140_6.0.0.dir/__/__/__/mesh/bearer/src/ad_type_filter.c.obj
                0x0002fa0c                bearer_adtype_add
 .text.bearer_adtype_mode_set
                0x0002fa2c       0x18 examples/light_switch/provisioner/CMakeFiles/light_switch_provisioner_nrf52840_xxAA_s140_6.0.0.dir/__/__/__/mesh/bearer/src/ad_type_filter.c.obj
                0x0002fa2c                bearer_adtype_mode_set
 .text.tx_complete_event_callback
                0x0002fa44       0x28 examples/light_switch/provisioner/CMakeFiles/light_switch_provisioner_nrf52840_xxAA_s140_6.0.0.dir/__/__/__/mesh/bearer/src/advertiser.c.obj
 .text.set_gap_addr_type
                0x0002fa6c       0x26 examples/light_switch/provisioner/CMakeFiles/light_switch_provisioner_nrf52840_xxAA_s140_6.0.0.dir/__/__/__/mesh/bearer/src/advertiser.c.obj
 .text.broadcast_complete_cb
                0x0002fa92       0x46 examples/light_switch/provisioner/CMakeFiles/light_switch_provisioner_nrf52840_xxAA_s140_6.0.0.dir/__/__/__/mesh/bearer/src/advertiser.c.obj
 .text.schedule_first_time
                0x0002fad8       0x28 examples/light_switch/provisioner/CMakeFiles/light_switch_provisioner_nrf52840_xxAA_s140_6.0.0.dir/__/__/__/mesh/bearer/src/advertiser.c.obj
 .text.timeout_event
                0x0002fb00      0x10c examples/light_switch/provisioner/CMakeFiles/light_switch_provisioner_nrf52840_xxAA_s140_6.0.0.dir/__/__/__/mesh/bearer/src/advertiser.c.obj
 .text.advertiser_init
                0x0002fc0c        0xc examples/light_switch/provisioner/CMakeFiles/light_switch_provisioner_nrf52840_xxAA_s140_6.0.0.dir/__/__/__/mesh/bearer/src/advertiser.c.obj
                0x0002fc0c                advertiser_init
 .text.advertiser_enable
                0x0002fc18       0x2a examples/light_switch/provisioner/CMakeFiles/light_switch_provisioner_nrf52840_xxAA_s140_6.0.0.dir/__/__/__/mesh/bearer/src/advertiser.c.obj
                0x0002fc18                advertiser_enable
 .text.advertiser_packet_alloc
                0x0002fc42       0x76 examples/light_switch/provisioner/CMakeFiles/light_switch_provisioner_nrf52840_xxAA_s140_6.0.0.dir/__/__/__/mesh/bearer/src/advertiser.c.obj
                0x0002fc42                advertiser_packet_alloc
 .text.advertiser_packet_send
                0x0002fcb8       0x62 examples/light_switch/provisioner/CMakeFiles/light_switch_provisioner_nrf52840_xxAA_s140_6.0.0.dir/__/__/__/mesh/bearer/src/advertiser.c.obj
                0x0002fcb8                advertiser_packet_send
 .text.advertiser_packet_discard
                0x0002fd1a       0x1e examples/light_switch/provisioner/CMakeFiles/light_switch_provisioner_nrf52840_xxAA_s140_6.0.0.dir/__/__/__/mesh/bearer/src/advertiser.c.obj
                0x0002fd1a                advertiser_packet_discard
 .text.advertiser_interval_set
                0x0002fd38       0x54 examples/light_switch/provisioner/CMakeFiles/light_switch_provisioner_nrf52840_xxAA_s140_6.0.0.dir/__/__/__/mesh/bearer/src/advertiser.c.obj
                0x0002fd38                advertiser_interval_set
 .text.advertiser_flush
                0x0002fd8c       0x1e examples/light_switch/provisioner/CMakeFiles/light_switch_provisioner_nrf52840_xxAA_s140_6.0.0.dir/__/__/__/mesh/bearer/src/advertiser.c.obj
                0x0002fd8c                advertiser_flush
 *fill*         0x0002fdaa        0x2 
 .text.advertiser_address_default_get
                0x0002fdac       0x38 examples/light_switch/provisioner/CMakeFiles/light_switch_provisioner_nrf52840_xxAA_s140_6.0.0.dir/__/__/__/mesh/bearer/src/advertiser.c.obj
                0x0002fdac                advertiser_address_default_get
 .text.advertiser_instance_init
                0x0002fde4       0xa4 examples/light_switch/provisioner/CMakeFiles/light_switch_provisioner_nrf52840_xxAA_s140_6.0.0.dir/__/__/__/mesh/bearer/src/advertiser.c.obj
                0x0002fde4                advertiser_instance_init
 .text.action_switch
                0x0002fe88       0xb4 examples/light_switch/provisioner/CMakeFiles/light_switch_provisioner_nrf52840_xxAA_s140_6.0.0.dir/__/__/__/mesh/bearer/src/bearer_handler.c.obj
 .text.bearer_handler_init
                0x0002ff3c       0x2c examples/light_switch/provisioner/CMakeFiles/light_switch_provisioner_nrf52840_xxAA_s140_6.0.0.dir/__/__/__/mesh/bearer/src/bearer_handler.c.obj
                0x0002ff3c                bearer_handler_init
 .text.bearer_handler_start
                0x0002ff68       0x1c examples/light_switch/provisioner/CMakeFiles/light_switch_provisioner_nrf52840_xxAA_s140_6.0.0.dir/__/__/__/mesh/bearer/src/bearer_handler.c.obj
                0x0002ff68                bearer_handler_start
 .text.bearer_handler_action_enqueue
                0x0002ff84       0x6c examples/light_switch/provisioner/CMakeFiles/light_switch_provisioner_nrf52840_xxAA_s140_6.0.0.dir/__/__/__/mesh/bearer/src/bearer_handler.c.obj
                0x0002ff84                bearer_handler_action_enqueue
 .text.bearer_handler_action_end
                0x0002fff0       0x5c examples/light_switch/provisioner/CMakeFiles/light_switch_provisioner_nrf52840_xxAA_s140_6.0.0.dir/__/__/__/mesh/bearer/src/bearer_handler.c.obj
                0x0002fff0                bearer_handler_action_end
 .text.bearer_handler_radio_irq_handler
                0x0003004c       0x48 examples/light_switch/provisioner/CMakeFiles/light_switch_provisioner_nrf52840_xxAA_s140_6.0.0.dir/__/__/__/mesh/bearer/src/bearer_handler.c.obj
                0x0003004c                bearer_handler_radio_irq_handler
 .text.bearer_handler_timer_irq_handler
                0x00030094       0x24 examples/light_switch/provisioner/CMakeFiles/light_switch_provisioner_nrf52840_xxAA_s140_6.0.0.dir/__/__/__/mesh/bearer/src/bearer_handler.c.obj
                0x00030094                bearer_handler_timer_irq_handler
 .text.bearer_handler_on_ts_begin
                0x000300b8       0x30 examples/light_switch/provisioner/CMakeFiles/light_switch_provisioner_nrf52840_xxAA_s140_6.0.0.dir/__/__/__/mesh/bearer/src/bearer_handler.c.obj
                0x000300b8                bearer_handler_on_ts_begin
 .text.bearer_handler_on_ts_end