Archive member included to satisfy reference by file (symbol)

c:/gccarmemb/6_2017-q2-update/bin/../lib/gcc/arm-none-eabi/6.3.1/thumb/v7e-m/fpv4-sp/hard\libgcc.a(_lshrdi3.o)
                              mesh/bootloader/CMakeFiles/mesh_bootloader_gccarmemb_nrf52840_xxAA.dir/src/dfu_transfer_mesh.c.obj (__aeabi_llsr)
c:/gccarmemb/6_2017-q2-update/bin/../lib/gcc/arm-none-eabi/6.3.1/thumb/v7e-m/fpv4-sp/hard\libgcc.a(_ashldi3.o)
                              mesh/bootloader/CMakeFiles/mesh_bootloader_gccarmemb_nrf52840_xxAA.dir/src/dfu_transfer_mesh.c.obj (__aeabi_llsl)
c:/gccarmemb/6_2017-q2-update/bin/../lib/gcc/arm-none-eabi/6.3.1/thumb/v7e-m/fpv4-sp/hard\libgcc.a(_aeabi_uldivmod.o)
                              mesh/bootloader/CMakeFiles/mesh_bootloader_gccarmemb_nrf52840_xxAA.dir/src/bootloader.c.obj (__aeabi_uldivmod)
c:/gccarmemb/6_2017-q2-update/bin/../lib/gcc/arm-none-eabi/6.3.1/thumb/v7e-m/fpv4-sp/hard\libgcc.a(_udivmoddi4.o)
                              c:/gccarmemb/6_2017-q2-update/bin/../lib/gcc/arm-none-eabi/6.3.1/thumb/v7e-m/fpv4-sp/hard\libgcc.a(_aeabi_uldivmod.o) (__udivmoddi4)
c:/gccarmemb/6_2017-q2-update/bin/../lib/gcc/arm-none-eabi/6.3.1/thumb/v7e-m/fpv4-sp/hard\libgcc.a(_dvmd_tls.o)
                              c:/gccarmemb/6_2017-q2-update/bin/../lib/gcc/arm-none-eabi/6.3.1/thumb/v7e-m/fpv4-sp/hard\libgcc.a(_aeabi_uldivmod.o) (__aeabi_ldiv0)
c:/gccarmemb/6_2017-q2-update/bin/../lib/gcc/arm-none-eabi/6.3.1/../../../../arm-none-eabi/lib/thumb/v7e-m/fpv4-sp/hard\libg_nano.a(lib_a-exit.o)
                              c:/gccarmemb/6_2017-q2-update/bin/../lib/gcc/arm-none-eabi/6.3.1/../../../../arm-none-eabi/lib/thumb/v7e-m/fpv4-sp/hard/crt0.o (exit)
c:/gccarmemb/6_2017-q2-update/bin/../lib/gcc/arm-none-eabi/6.3.1/../../../../arm-none-eabi/lib/thumb/v7e-m/fpv4-sp/hard\libg_nano.a(lib_a-impure.o)
                              c:/gccarmemb/6_2017-q2-update/bin/../lib/gcc/arm-none-eabi/6.3.1/../../../../arm-none-eabi/lib/thumb/v7e-m/fpv4-sp/hard\libg_nano.a(lib_a-exit.o) (_global_impure_ptr)
c:/gccarmemb/6_2017-q2-update/bin/../lib/gcc/arm-none-eabi/6.3.1/../../../../arm-none-eabi/lib/thumb/v7e-m/fpv4-sp/hard\libg_nano.a(lib_a-init.o)
                              c:/gccarmemb/6_2017-q2-update/bin/../lib/gcc/arm-none-eabi/6.3.1/../../../../arm-none-eabi/lib/thumb/v7e-m/fpv4-sp/hard/crt0.o (__libc_init_array)
c:/gccarmemb/6_2017-q2-update/bin/../lib/gcc/arm-none-eabi/6.3.1/../../../../arm-none-eabi/lib/thumb/v7e-m/fpv4-sp/hard\libg_nano.a(lib_a-memcmp.o)
                              mesh/bootloader/CMakeFiles/mesh_bootloader_gccarmemb_nrf52840_xxAA.dir/src/dfu_bank.c.obj (memcmp)
c:/gccarmemb/6_2017-q2-update/bin/../lib/gcc/arm-none-eabi/6.3.1/../../../../arm-none-eabi/lib/thumb/v7e-m/fpv4-sp/hard\libg_nano.a(lib_a-memcpy-stub.o)
                              mesh/bootloader/CMakeFiles/mesh_bootloader_gccarmemb_nrf52840_xxAA.dir/src/bootloader.c.obj (memcpy)
c:/gccarmemb/6_2017-q2-update/bin/../lib/gcc/arm-none-eabi/6.3.1/../../../../arm-none-eabi/lib/thumb/v7e-m/fpv4-sp/hard\libg_nano.a(lib_a-memset.o)
                              c:/gccarmemb/6_2017-q2-update/bin/../lib/gcc/arm-none-eabi/6.3.1/../../../../arm-none-eabi/lib/thumb/v7e-m/fpv4-sp/hard/crt0.o (memset)
c:/gccarmemb/6_2017-q2-update/bin/../lib/gcc/arm-none-eabi/6.3.1/../../../../arm-none-eabi/lib/thumb/v7e-m/fpv4-sp/hard\libnosys.a(_exit.o)
                              c:/gccarmemb/6_2017-q2-update/bin/../lib/gcc/arm-none-eabi/6.3.1/../../../../arm-none-eabi/lib/thumb/v7e-m/fpv4-sp/hard\libg_nano.a(lib_a-exit.o) (_exit)

Allocating common symbols
Common symbol       size              file

m_tx_evt_bitfield   0x2               mesh/bootloader/CMakeFiles/mesh_bootloader_gccarmemb_nrf52840_xxAA.dir/src/transport.c.obj

Discarded input sections

 .text          0x00000000        0x0 c:/gccarmemb/6_2017-q2-update/bin/../lib/gcc/arm-none-eabi/6.3.1/thumb/v7e-m/fpv4-sp/hard/crti.o
 .data          0x00000000        0x0 c:/gccarmemb/6_2017-q2-update/bin/../lib/gcc/arm-none-eabi/6.3.1/thumb/v7e-m/fpv4-sp/hard/crti.o
 .bss           0x00000000        0x0 c:/gccarmemb/6_2017-q2-update/bin/../lib/gcc/arm-none-eabi/6.3.1/thumb/v7e-m/fpv4-sp/hard/crti.o
 .data          0x00000000        0x4 c:/gccarmemb/6_2017-q2-update/bin/../lib/gcc/arm-none-eabi/6.3.1/thumb/v7e-m/fpv4-sp/hard/crtbegin.o
 .data          0x00000000        0x0 c:/gccarmemb/6_2017-q2-update/bin/../lib/gcc/arm-none-eabi/6.3.1/../../../../arm-none-eabi/lib/thumb/v7e-m/fpv4-sp/hard/crt0.o
 .bss           0x00000000        0x0 c:/gccarmemb/6_2017-q2-update/bin/../lib/gcc/arm-none-eabi/6.3.1/../../../../arm-none-eabi/lib/thumb/v7e-m/fpv4-sp/hard/crt0.o
 .ARM.extab     0x00000000        0x0 c:/gccarmemb/6_2017-q2-update/bin/../lib/gcc/arm-none-eabi/6.3.1/../../../../arm-none-eabi/lib/thumb/v7e-m/fpv4-sp/hard/crt0.o
 .text          0x00000000        0x0 mesh/bootloader/CMakeFiles/mesh_bootloader_gccarmemb_nrf52840_xxAA.dir/src/bootloader.c.obj
[...]
Memory Configuration

Name             Origin             Length             Attributes
FLASH            0x000f8000         0x00006000         xr
RAM              0x20000004         0x0003fcfc         rw
CORE_BL_RAM      0x2003fd00         0x00000300         rw
UICR_BOOTADDR    0x10001014         0x00000004         r
UICR_MBRPARAMADDR 0x10001018         0x00000004         r
*default*        0x00000000         0xffffffff

Linker script and memory map

LOAD c:/gccarmemb/6_2017-q2-update/bin/../lib/gcc/arm-none-eabi/6.3.1/thumb/v7e-m/fpv4-sp/hard/crti.o
LOAD c:/gccarmemb/6_2017-q2-update/bin/../lib/gcc/arm-none-eabi/6.3.1/thumb/v7e-m/fpv4-sp/hard/crtbegin.o
LOAD c:/gccarmemb/6_2017-q2-update/bin/../lib/gcc/arm-none-eabi/6.3.1/../../../../arm-none-eabi/lib/thumb/v7e-m/fpv4-sp/hard/crt0.o
LOAD mesh/bootloader/CMakeFiles/mesh_bootloader_gccarmemb_nrf52840_xxAA.dir/src/bootloader.c.obj
LOAD mesh/bootloader/CMakeFiles/mesh_bootloader_gccarmemb_nrf52840_xxAA.dir/src/bootloader_app_bridge.c.obj
LOAD mesh/bootloader/CMakeFiles/mesh_bootloader_gccarmemb_nrf52840_xxAA.dir/src/bootloader_info.c.obj
LOAD mesh/bootloader/CMakeFiles/mesh_bootloader_gccarmemb_nrf52840_xxAA.dir/src/bootloader_rtc.c.obj
LOAD mesh/bootloader/CMakeFiles/mesh_bootloader_gccarmemb_nrf52840_xxAA.dir/src/bootloader_util.c.obj
LOAD mesh/bootloader/CMakeFiles/mesh_bootloader_gccarmemb_nrf52840_xxAA.dir/src/dfu_bank.c.obj
LOAD mesh/bootloader/CMakeFiles/mesh_bootloader_gccarmemb_nrf52840_xxAA.dir/src/dfu_mesh.c.obj
LOAD mesh/bootloader/CMakeFiles/mesh_bootloader_gccarmemb_nrf52840_xxAA.dir/src/dfu_transfer_mesh.c.obj
LOAD mesh/bootloader/CMakeFiles/mesh_bootloader_gccarmemb_nrf52840_xxAA.dir/src/dfu_util.c.obj
LOAD mesh/bootloader/CMakeFiles/mesh_bootloader_gccarmemb_nrf52840_xxAA.dir/src/fifo.c.obj
LOAD mesh/bootloader/CMakeFiles/mesh_bootloader_gccarmemb_nrf52840_xxAA.dir/src/main.c.obj
LOAD mesh/bootloader/CMakeFiles/mesh_bootloader_gccarmemb_nrf52840_xxAA.dir/src/mesh_packet.c.obj
LOAD mesh/bootloader/CMakeFiles/mesh_bootloader_gccarmemb_nrf52840_xxAA.dir/src/nrf_flash.c.obj
LOAD mesh/bootloader/CMakeFiles/mesh_bootloader_gccarmemb_nrf52840_xxAA.dir/src/radio_control.c.obj
LOAD mesh/bootloader/CMakeFiles/mesh_bootloader_gccarmemb_nrf52840_xxAA.dir/src/rand.c.obj
LOAD mesh/bootloader/CMakeFiles/mesh_bootloader_gccarmemb_nrf52840_xxAA.dir/src/transport.c.obj
LOAD mesh/bootloader/CMakeFiles/mesh_bootloader_gccarmemb_nrf52840_xxAA.dir/src/uECC.c.obj
LOAD mesh/bootloader/CMakeFiles/mesh_bootloader_gccarmemb_nrf52840_xxAA.dir/C_/Users/trsn/dev/SDK/15/components/libraries/sha256/sha256.c.obj
LOAD mesh/bootloader/CMakeFiles/mesh_bootloader_gccarmemb_nrf52840_xxAA.dir/C_/Users/trsn/dev/SDK/15/modules/nrfx/mdk/system_nrf52840.c.obj
LOAD mesh/bootloader/CMakeFiles/mesh_bootloader_gccarmemb_nrf52840_xxAA.dir/C_/Users/trsn/dev/SDK/15/modules/nrfx/mdk/gcc_startup_nrf52840.S.obj
START GROUP
LOAD c:/gccarmemb/6_2017-q2-update/bin/../lib/gcc/arm-none-eabi/6.3.1/thumb/v7e-m/fpv4-sp/hard\libgcc.a
LOAD c:/gccarmemb/6_2017-q2-update/bin/../lib/gcc/arm-none-eabi/6.3.1/../../../../arm-none-eabi/lib/thumb/v7e-m/fpv4-sp/hard\libg_nano.a
LOAD c:/gccarmemb/6_2017-q2-update/bin/../lib/gcc/arm-none-eabi/6.3.1/../../../../arm-none-eabi/lib/thumb/v7e-m/fpv4-sp/hard\libc_nano.a
END GROUP
START GROUP
LOAD c:/gccarmemb/6_2017-q2-update/bin/../lib/gcc/arm-none-eabi/6.3.1/thumb/v7e-m/fpv4-sp/hard\libgcc.a
LOAD c:/gccarmemb/6_2017-q2-update/bin/../lib/gcc/arm-none-eabi/6.3.1/../../../../arm-none-eabi/lib/thumb/v7e-m/fpv4-sp/hard\libc_nano.a
END GROUP
LOAD c:/gccarmemb/6_2017-q2-update/bin/../lib/gcc/arm-none-eabi/6.3.1/thumb/v7e-m/fpv4-sp/hard/crtend.o
LOAD c:/gccarmemb/6_2017-q2-update/bin/../lib/gcc/arm-none-eabi/6.3.1/thumb/v7e-m/fpv4-sp/hard/crtn.o
START GROUP
LOAD c:/gccarmemb/6_2017-q2-update/bin/../lib/gcc/arm-none-eabi/6.3.1/thumb/v7e-m/fpv4-sp/hard\libgcc.a
LOAD c:/gccarmemb/6_2017-q2-update/bin/../lib/gcc/arm-none-eabi/6.3.1/../../../../arm-none-eabi/lib/thumb/v7e-m/fpv4-sp/hard\libc.a
LOAD c:/gccarmemb/6_2017-q2-update/bin/../lib/gcc/arm-none-eabi/6.3.1/../../../../arm-none-eabi/lib/thumb/v7e-m/fpv4-sp/hard\libnosys.a
END GROUP

.core_data      0x2003fd00        0x4
                0x2003fd00                __core_ram_start__ = .
                0x2003fd00                . = ALIGN (0x4)
 *sha256.c.obj(.data*)
 *bootloader_app_bridge.c.obj(.data*)
 *bootloader_info.c.obj(.data*)
 *uECC.c.obj(.data*)
 *dfu_mesh.c.obj(.data*)
 .data.m_state  0x2003fd00        0x1 mesh/bootloader/CMakeFiles/mesh_bootloader_gccarmemb_nrf52840_xxAA.dir/src/dfu_mesh.c.obj
 .data.tx_slot.11446
                0x2003fd01        0x1 mesh/bootloader/CMakeFiles/mesh_bootloader_gccarmemb_nrf52840_xxAA.dir/src/dfu_mesh.c.obj
 *dfu_transfer_mesh.c.obj(.data*)
 *dfu_bank.c.obj(.data*)
 *dfu_util.c.obj(.data*)
                0x2003fd04                . = ALIGN (0x4)
 *fill*         0x2003fd02        0x2 
                0x2003fd04                __core_ram_end__ = .

.core_bss       0x2003fd08      0x210
                0x2003fd08                __core_ram_start__ = .
                0x2003fd08                . = ALIGN (0x4)
 *sha256.c.obj(.bss*)
 *bootloader_app_bridge.c.obj(.bss*)
 .bss.m_evt_handler
                0x2003fd08        0x4 mesh/bootloader/CMakeFiles/mesh_bootloader_gccarmemb_nrf52840_xxAA.dir/src/bootloader_app_bridge.c.obj
 .bss.m_in_bl   0x2003fd0c        0x1 mesh/bootloader/CMakeFiles/mesh_bootloader_gccarmemb_nrf52840_xxAA.dir/src/bootloader_app_bridge.c.obj
 *bootloader_info.c.obj(.bss*)
 *fill*         0x2003fd0d        0x3 
 .bss.m_info_copy
                0x2003fd10       0x1c mesh/bootloader/CMakeFiles/mesh_bootloader_gccarmemb_nrf52840_xxAA.dir/src/bootloader_info.c.obj
 .bss.m_state   0x2003fd2c        0x1 mesh/bootloader/CMakeFiles/mesh_bootloader_gccarmemb_nrf52840_xxAA.dir/src/bootloader_info.c.obj
 .bss.m_write_in_progress
                0x2003fd2d        0x1 mesh/bootloader/CMakeFiles/mesh_bootloader_gccarmemb_nrf52840_xxAA.dir/src/bootloader_info.c.obj
 *fill*         0x2003fd2e        0x2 
 .bss.mp_bl_info_bank_page
                0x2003fd30        0x4 mesh/bootloader/CMakeFiles/mesh_bootloader_gccarmemb_nrf52840_xxAA.dir/src/bootloader_info.c.obj
 .bss.mp_bl_info_page
                0x2003fd34        0x4 mesh/bootloader/CMakeFiles/mesh_bootloader_gccarmemb_nrf52840_xxAA.dir/src/bootloader_info.c.obj
 .bss.mp_info_entry_buffer
                0x2003fd38       0x80 mesh/bootloader/CMakeFiles/mesh_bootloader_gccarmemb_nrf52840_xxAA.dir/src/bootloader_info.c.obj
 .bss.mp_info_entry_head
                0x2003fdb8        0x4 mesh/bootloader/CMakeFiles/mesh_bootloader_gccarmemb_nrf52840_xxAA.dir/src/bootloader_info.c.obj
 .bss.mp_info_entry_tail
                0x2003fdbc        0x4 mesh/bootloader/CMakeFiles/mesh_bootloader_gccarmemb_nrf52840_xxAA.dir/src/bootloader_info.c.obj
 .bss.mp_write_pos
                0x2003fdc0        0x4 mesh/bootloader/CMakeFiles/mesh_bootloader_gccarmemb_nrf52840_xxAA.dir/src/bootloader_info.c.obj
 *uECC.c.obj(.bss*)
 *dfu_mesh.c.obj(.bss*)
 .bss.m_bl_info_pointers
                0x2003fdc4       0x28 mesh/bootloader/CMakeFiles/mesh_bootloader_gccarmemb_nrf52840_xxAA.dir/src/dfu_mesh.c.obj
 .bss.m_data_req_segment
                0x2003fdec        0x2 mesh/bootloader/CMakeFiles/mesh_bootloader_gccarmemb_nrf52840_xxAA.dir/src/dfu_mesh.c.obj
 .bss.m_req_cache
                0x2003fdee       0x10 mesh/bootloader/CMakeFiles/mesh_bootloader_gccarmemb_nrf52840_xxAA.dir/src/dfu_mesh.c.obj
 .bss.m_req_index
                0x2003fdfe        0x1 mesh/bootloader/CMakeFiles/mesh_bootloader_gccarmemb_nrf52840_xxAA.dir/src/dfu_mesh.c.obj
 *fill*         0x2003fdff        0x1 
 .bss.m_transaction
                0x2003fe00       0x74 mesh/bootloader/CMakeFiles/mesh_bootloader_gccarmemb_nrf52840_xxAA.dir/src/dfu_mesh.c.obj
 .bss.m_tx_slots
                0x2003fe74        0x1 mesh/bootloader/CMakeFiles/mesh_bootloader_gccarmemb_nrf52840_xxAA.dir/src/dfu_mesh.c.obj
 *dfu_transfer_mesh.c.obj(.bss*)
 *fill*         0x2003fe75        0x3 
 .bss.m_transfer
                0x2003fe78       0x30 mesh/bootloader/CMakeFiles/mesh_bootloader_gccarmemb_nrf52840_xxAA.dir/src/dfu_transfer_mesh.c.obj
 *dfu_bank.c.obj(.bss*)
 .bss.m_dfu_type
                0x2003fea8        0x1 mesh/bootloader/CMakeFiles/mesh_bootloader_gccarmemb_nrf52840_xxAA.dir/src/dfu_bank.c.obj
 .bss.m_waiting_for_idle
                0x2003fea9        0x1 mesh/bootloader/CMakeFiles/mesh_bootloader_gccarmemb_nrf52840_xxAA.dir/src/dfu_bank.c.obj
 *fill*         0x2003feaa        0x2 
 .bss.mp_bank_entry
                0x2003feac        0x4 mesh/bootloader/CMakeFiles/mesh_bootloader_gccarmemb_nrf52840_xxAA.dir/src/dfu_bank.c.obj
 *dfu_util.c.obj(.bss*)
 .bss.m_packet_cache
                0x2003feb0       0x40 mesh/bootloader/CMakeFiles/mesh_bootloader_gccarmemb_nrf52840_xxAA.dir/src/dfu_util.c.obj
 .bss.m_packet_cache_index
                0x2003fef0        0x4 mesh/bootloader/CMakeFiles/mesh_bootloader_gccarmemb_nrf52840_xxAA.dir/src/dfu_util.c.obj
 .bss.m_tid_cache
                0x2003fef4       0x20 mesh/bootloader/CMakeFiles/mesh_bootloader_gccarmemb_nrf52840_xxAA.dir/src/dfu_util.c.obj
 .bss.m_tid_index
                0x2003ff14        0x1 mesh/bootloader/CMakeFiles/mesh_bootloader_gccarmemb_nrf52840_xxAA.dir/src/dfu_util.c.obj
                0x2003ff18                . = ALIGN (0x4)
 *fill*         0x2003ff15        0x3 
                0x2003ff18                __core_ram_end__ = .

.uicrBootStartAddress
                0x10001014        0x4
 *(.uicrBootStartAddress)
 .uicrBootStartAddress
                0x10001014        0x4 mesh/bootloader/CMakeFiles/mesh_bootloader_gccarmemb_nrf52840_xxAA.dir/src/main.c.obj
                0x10001014                m_uicr_bootloader_start_address

.uicrBootMBRParamAddress
                0x10001018        0x4
 *(.uicrBootMBRParamAddress)
 .uicrBootMBRParamAddress
                0x10001018        0x4 mesh/bootloader/CMakeFiles/mesh_bootloader_gccarmemb_nrf52840_xxAA.dir/src/main.c.obj
                0x10001018                m_uicr_bootloader_mbrparam_address

.text           0x000f8000     0x4a78
 *(.isr_vector)
 .isr_vector    0x000f8000      0x200 mesh/bootloader/CMakeFiles/mesh_bootloader_gccarmemb_nrf52840_xxAA.dir/C_/Users/trsn/dev/SDK/15/modules/nrfx/mdk/gcc_startup_nrf52840.S.obj
                0x000f8000                __isr_vector
 *(.text*)
 .text          0x000f8200       0x6c c:/gccarmemb/6_2017-q2-update/bin/../lib/gcc/arm-none-eabi/6.3.1/thumb/v7e-m/fpv4-sp/hard/crtbegin.o
 .text          0x000f826c       0x74 c:/gccarmemb/6_2017-q2-update/bin/../lib/gcc/arm-none-eabi/6.3.1/../../../../arm-none-eabi/lib/thumb/v7e-m/fpv4-sp/hard/crt0.o
                0x000f826c                _start
                0x000f826c                _mainCRTStartup
 .text.unlikely.sd_softdevice_vector_table_base_set
                0x000f82e0        0x4 mesh/bootloader/CMakeFiles/mesh_bootloader_gccarmemb_nrf52840_xxAA.dir/src/bootloader.c.obj
 .text.unlikely.sd_mbr_command
                0x000f82e4        0x4 mesh/bootloader/CMakeFiles/mesh_bootloader_gccarmemb_nrf52840_xxAA.dir/src/bootloader.c.obj
 .text.set_timeout
                0x000f82e8       0x2c mesh/bootloader/CMakeFiles/mesh_bootloader_gccarmemb_nrf52840_xxAA.dir/src/bootloader.c.obj
 .text.rx_cb    0x000f8314       0x2e mesh/bootloader/CMakeFiles/mesh_bootloader_gccarmemb_nrf52840_xxAA.dir/src/bootloader.c.obj
 *fill*         0x000f8342        0x2 
 .text.SWI3_EGU3_IRQHandler
                0x000f8344       0xd4 mesh/bootloader/CMakeFiles/mesh_bootloader_gccarmemb_nrf52840_xxAA.dir/src/bootloader.c.obj
                0x000f8344                SWI3_EGU3_IRQHandler
 .text.bootloader_init
                0x000f8418       0xa0 mesh/bootloader/CMakeFiles/mesh_bootloader_gccarmemb_nrf52840_xxAA.dir/src/bootloader.c.obj
                0x000f8418                bootloader_init
 .text.bootloader_enable
                0x000f84b8       0xdc mesh/bootloader/CMakeFiles/mesh_bootloader_gccarmemb_nrf52840_xxAA.dir/src/bootloader.c.obj
                0x000f84b8                bootloader_enable
 .text.bootloader_cmd_send
                0x000f8594        0x4 mesh/bootloader/CMakeFiles/mesh_bootloader_gccarmemb_nrf52840_xxAA.dir/src/bootloader.c.obj
                0x000f8594                bootloader_cmd_send
 .text.bootloader_abort
                0x000f8598       0x7c mesh/bootloader/CMakeFiles/mesh_bootloader_gccarmemb_nrf52840_xxAA.dir/src/bootloader.c.obj
                0x000f8598                bootloader_abort
 .text.bl_evt_handler
                0x000f8614      0x238 mesh/bootloader/CMakeFiles/mesh_bootloader_gccarmemb_nrf52840_xxAA.dir/src/bootloader.c.obj
 .text.bootloader_timeout
                0x000f884c       0x4c mesh/bootloader/CMakeFiles/mesh_bootloader_gccarmemb_nrf52840_xxAA.dir/src/bootloader.c.obj
                0x000f884c                bootloader_timeout
 .text.bl_cmd_handler
                0x000f8898      0x148 mesh/bootloader/CMakeFiles/mesh_bootloader_gccarmemb_nrf52840_xxAA.dir/src/bootloader_app_bridge.c.obj
                0x000f8898                bl_cmd_handler
 .text.bootloader_app_bridge_init
                0x000f89e0       0x28 mesh/bootloader/CMakeFiles/mesh_bootloader_gccarmemb_nrf52840_xxAA.dir/src/bootloader_app_bridge.c.obj
                0x000f89e0                bootloader_app_bridge_init
 .text.bootloader_evt_send
                0x000f8a08       0x10 mesh/bootloader/CMakeFiles/mesh_bootloader_gccarmemb_nrf52840_xxAA.dir/src/bootloader_app_bridge.c.obj
                0x000f8a08                bootloader_evt_send
 .text.send_end_evt
                0x000f8a18       0x1a mesh/bootloader/CMakeFiles/mesh_bootloader_gccarmemb_nrf52840_xxAA.dir/src/bootloader_app_bridge.c.obj
                0x000f8a18                send_end_evt
 .text.flash_write
                0x000f8a32       0x2a mesh/bootloader/CMakeFiles/mesh_bootloader_gccarmemb_nrf52840_xxAA.dir/src/bootloader_app_bridge.c.obj
                0x000f8a32                flash_write
 .text.flash_erase
                0x000f8a5c       0x26 mesh/bootloader/CMakeFiles/mesh_bootloader_gccarmemb_nrf52840_xxAA.dir/src/bootloader_app_bridge.c.obj
                0x000f8a5c                flash_erase
 .text.tx_abort
                0x000f8a82       0x1a mesh/bootloader/CMakeFiles/mesh_bootloader_gccarmemb_nrf52840_xxAA.dir/src/bootloader_app_bridge.c.obj
                0x000f8a82                tx_abort
 .text.bootloader_is_in_application
                0x000f8a9c       0x10 mesh/bootloader/CMakeFiles/mesh_bootloader_gccarmemb_nrf52840_xxAA.dir/src/bootloader_app_bridge.c.obj
                0x000f8a9c                bootloader_is_in_application
 .text.info_entry_get
                0x000f8aac       0x3c mesh/bootloader/CMakeFiles/mesh_bootloader_gccarmemb_nrf52840_xxAA.dir/src/bootloader_info.c.obj
 .text.bootloader_info_header_get
                0x000f8ae8       0x1c mesh/bootloader/CMakeFiles/mesh_bootloader_gccarmemb_nrf52840_xxAA.dir/src/bootloader_info.c.obj
 .text.bootloader_info_first_unused_get
                0x000f8b04       0x16 mesh/bootloader/CMakeFiles/mesh_bootloader_gccarmemb_nrf52840_xxAA.dir/src/bootloader_info.c.obj
 *fill*         0x000f8b1a        0x2 
 .text.entry_header_invalidate
                0x000f8b1c       0x20 mesh/bootloader/CMakeFiles/mesh_bootloader_gccarmemb_nrf52840_xxAA.dir/src/bootloader_info.c.obj
 .text.copy_page_write_meta
                0x000f8b3c       0x20 mesh/bootloader/CMakeFiles/mesh_bootloader_gccarmemb_nrf52840_xxAA.dir/src/bootloader_info.c.obj
 .text.copy_page_write_next_data
                0x000f8b5c       0x74 mesh/bootloader/CMakeFiles/mesh_bootloader_gccarmemb_nrf52840_xxAA.dir/src/bootloader_info.c.obj
 .text.copy_page
                0x000f8bd0       0x34 mesh/bootloader/CMakeFiles/mesh_bootloader_gccarmemb_nrf52840_xxAA.dir/src/bootloader_info.c.obj
 .text.place_head_after_entry.constprop.1
                0x000f8c04       0x40 mesh/bootloader/CMakeFiles/mesh_bootloader_gccarmemb_nrf52840_xxAA.dir/src/bootloader_info.c.obj
 .text.entry_invalidate
                0x000f8c44       0x34 mesh/bootloader/CMakeFiles/mesh_bootloader_gccarmemb_nrf52840_xxAA.dir/src/bootloader_info.c.obj
                0x000f8c44                entry_invalidate
 .text.entry_write
                0x000f8c78       0xf8 mesh/bootloader/CMakeFiles/mesh_bootloader_gccarmemb_nrf52840_xxAA.dir/src/bootloader_info.c.obj
                0x000f8c78                entry_write
 .text.bootloader_info_init
                0x000f8d70       0xcc mesh/bootloader/CMakeFiles/mesh_bootloader_gccarmemb_nrf52840_xxAA.dir/src/bootloader_info.c.obj
                0x000f8d70                bootloader_info_init
 .text.bootloader_info_entry_get
                0x000f8e3c        0xa mesh/bootloader/CMakeFiles/mesh_bootloader_gccarmemb_nrf52840_xxAA.dir/src/bootloader_info.c.obj
                0x000f8e3c                bootloader_info_entry_get
 .text.bootloader_info_entry_overwrite
                0x000f8e46       0x2a mesh/bootloader/CMakeFiles/mesh_bootloader_gccarmemb_nrf52840_xxAA.dir/src/bootloader_info.c.obj
                0x000f8e46                bootloader_info_entry_overwrite
 .text.bootloader_info_entry_invalidate
                0x000f8e70        0xa mesh/bootloader/CMakeFiles/mesh_bootloader_gccarmemb_nrf52840_xxAA.dir/src/bootloader_info.c.obj
                0x000f8e70                bootloader_info_entry_invalidate
 *fill*         0x000f8e7a        0x2 
 .text.bootloader_info_reset
                0x000f8e7c       0x40 mesh/bootloader/CMakeFiles/mesh_bootloader_gccarmemb_nrf52840_xxAA.dir/src/bootloader_info.c.obj
                0x000f8e7c                bootloader_info_reset
 .text.bootloader_info_entry_put
                0x000f8ebc       0xd0 mesh/bootloader/CMakeFiles/mesh_bootloader_gccarmemb_nrf52840_xxAA.dir/src/bootloader_info.c.obj
                0x000f8ebc                bootloader_info_entry_put
 .text.bootloader_info_stable
                0x000f8f8c       0x20 mesh/bootloader/CMakeFiles/mesh_bootloader_gccarmemb_nrf52840_xxAA.dir/src/bootloader_info.c.obj
                0x000f8f8c                bootloader_info_stable
 .text.bootloader_info_on_flash_op_end
                0x000f8fac      0x118 mesh/bootloader/CMakeFiles/mesh_bootloader_gccarmemb_nrf52840_xxAA.dir/src/bootloader_info.c.obj
                0x000f8fac                bootloader_info_on_flash_op_end
 .text.bootloader_info_on_flash_idle
                0x000f90c4       0x40 mesh/bootloader/CMakeFiles/mesh_bootloader_gccarmemb_nrf52840_xxAA.dir/src/bootloader_info.c.obj
                0x000f90c4                bootloader_info_on_flash_idle
 .text.RTC0_IRQHandler
                0x000f9104       0x48 mesh/bootloader/CMakeFiles/mesh_bootloader_gccarmemb_nrf52840_xxAA.dir/src/bootloader_rtc.c.obj
                0x000f9104                RTC0_IRQHandler
 .text.rtc_init
                0x000f914c       0x30 mesh/bootloader/CMakeFiles/mesh_bootloader_gccarmemb_nrf52840_xxAA.dir/src/bootloader_rtc.c.obj
                0x000f914c                rtc_init
 .text.bootloader_util_app_start
                0x000f917c       0x3c mesh/bootloader/CMakeFiles/mesh_bootloader_gccarmemb_nrf52840_xxAA.dir/src/bootloader_util.c.obj
                0x000f917c                bootloader_util_app_start
 .text.sd_mbr_command
                0x000f91b8        0x4 mesh/bootloader/CMakeFiles/mesh_bootloader_gccarmemb_nrf52840_xxAA.dir/src/dfu_bank.c.obj
 .text.flash_bank_entry
                0x000f91bc      0x2c0 mesh/bootloader/CMakeFiles/mesh_bootloader_gccarmemb_nrf52840_xxAA.dir/src/dfu_bank.c.obj
 .text.dfu_bank_scan
                0x000f947c       0x48 mesh/bootloader/CMakeFiles/mesh_bootloader_gccarmemb_nrf52840_xxAA.dir/src/dfu_bank.c.obj
                0x000f947c                dfu_bank_scan
 .text.dfu_bank_flash
                0x000f94c4       0x48 mesh/bootloader/CMakeFiles/mesh_bootloader_gccarmemb_nrf52840_xxAA.dir/src/dfu_bank.c.obj
                0x000f94c4                dfu_bank_flash
 .text.dfu_bank_on_flash_idle
                0x000f950c       0x20 mesh/bootloader/CMakeFiles/mesh_bootloader_gccarmemb_nrf52840_xxAA.dir/src/dfu_bank.c.obj
                0x000f950c                dfu_bank_on_flash_idle
 .text.dfu_bank_transfer_in_progress
                0x000f952c       0x10 mesh/bootloader/CMakeFiles/mesh_bootloader_gccarmemb_nrf52840_xxAA.dir/src/dfu_bank.c.obj
                0x000f952c                dfu_bank_transfer_in_progress
 .text.segment_count_from_start_packet
                0x000f953c       0x2c mesh/bootloader/CMakeFiles/mesh_bootloader_gccarmemb_nrf52840_xxAA.dir/src/dfu_mesh.c.obj
 .text.get_info_pointers
                0x000f9568       0x68 mesh/bootloader/CMakeFiles/mesh_bootloader_gccarmemb_nrf52840_xxAA.dir/src/dfu_mesh.c.obj
 .text.beacon_set
                0x000f95d0       0xf0 mesh/bootloader/CMakeFiles/mesh_bootloader_gccarmemb_nrf52840_xxAA.dir/src/dfu_mesh.c.obj
 .text.start_find_fwid
                0x000f96c0       0x24 mesh/bootloader/CMakeFiles/mesh_bootloader_gccarmemb_nrf52840_xxAA.dir/src/dfu_mesh.c.obj
 .text.notify_state_packet
                0x000f96e4       0x3c mesh/bootloader/CMakeFiles/mesh_bootloader_gccarmemb_nrf52840_xxAA.dir/src/dfu_mesh.c.obj
 .text.packet_tx_dynamic.constprop.3
                0x000f9720       0x4c mesh/bootloader/CMakeFiles/mesh_bootloader_gccarmemb_nrf52840_xxAA.dir/src/dfu_mesh.c.obj
 .text.relay_packet
                0x000f976c       0x30 mesh/bootloader/CMakeFiles/mesh_bootloader_gccarmemb_nrf52840_xxAA.dir/src/dfu_mesh.c.obj
 .text.start_req
                0x000f979c       0x58 mesh/bootloader/CMakeFiles/mesh_bootloader_gccarmemb_nrf52840_xxAA.dir/src/dfu_mesh.c.obj
 .text.handle_data_packet
                0x000f97f4      0x52c mesh/bootloader/CMakeFiles/mesh_bootloader_gccarmemb_nrf52840_xxAA.dir/src/dfu_mesh.c.obj
 .text.dfu_mesh_init
                0x000f9d20       0x44 mesh/bootloader/CMakeFiles/mesh_bootloader_gccarmemb_nrf52840_xxAA.dir/src/dfu_mesh.c.obj
                0x000f9d20                dfu_mesh_init
 .text.dfu_mesh_start
                0x000f9d64       0xe8 mesh/bootloader/CMakeFiles/mesh_bootloader_gccarmemb_nrf52840_xxAA.dir/src/dfu_mesh.c.obj
                0x000f9d64                dfu_mesh_start
 .text.dfu_mesh_req
                0x000f9e4c       0x34 mesh/bootloader/CMakeFiles/mesh_bootloader_gccarmemb_nrf52840_xxAA.dir/src/dfu_mesh.c.obj
                0x000f9e4c                dfu_mesh_req
 .text.dfu_mesh_relay
                0x000f9e80       0x4c mesh/bootloader/CMakeFiles/mesh_bootloader_gccarmemb_nrf52840_xxAA.dir/src/dfu_mesh.c.obj
                0x000f9e80                dfu_mesh_relay
 .text.dfu_mesh_rx
                0x000f9ecc      0x2f4 mesh/bootloader/CMakeFiles/mesh_bootloader_gccarmemb_nrf52840_xxAA.dir/src/dfu_mesh.c.obj
                0x000f9ecc                dfu_mesh_rx
 .text.dfu_mesh_missing_type_get
                0x000fa1c0       0x4c mesh/bootloader/CMakeFiles/mesh_bootloader_gccarmemb_nrf52840_xxAA.dir/src/dfu_mesh.c.obj
                0x000fa1c0                dfu_mesh_missing_type_get
 .text.dfu_mesh_app_is_valid
                0x000fa20c       0x34 mesh/bootloader/CMakeFiles/mesh_bootloader_gccarmemb_nrf52840_xxAA.dir/src/dfu_mesh.c.obj
                0x000fa20c                dfu_mesh_app_is_valid
 .text.dfu_mesh_finalize
                0x000fa240      0x150 mesh/bootloader/CMakeFiles/mesh_bootloader_gccarmemb_nrf52840_xxAA.dir/src/dfu_mesh.c.obj
                0x000fa240                dfu_mesh_finalize
 .text.dfu_mesh_timeout
                0x000fa390       0xd8 mesh/bootloader/CMakeFiles/mesh_bootloader_gccarmemb_nrf52840_xxAA.dir/src/dfu_mesh.c.obj
                0x000fa390                dfu_mesh_timeout
 .text.dfu_mesh_restart
                0x000fa468        0x4 mesh/bootloader/CMakeFiles/mesh_bootloader_gccarmemb_nrf52840_xxAA.dir/src/dfu_mesh.c.obj
                0x000fa468                dfu_mesh_restart
 .text.dfu_mesh_on_flash_idle
                0x000fa46c       0x50 mesh/bootloader/CMakeFiles/mesh_bootloader_gccarmemb_nrf52840_xxAA.dir/src/dfu_mesh.c.obj
                0x000fa46c                dfu_mesh_on_flash_idle
 .text.segment_is_missing
                0x000fa4bc       0x2c mesh/bootloader/CMakeFiles/mesh_bootloader_gccarmemb_nrf52840_xxAA.dir/src/dfu_transfer_mesh.c.obj
 .text.dfu_transfer_init
                0x000fa4e8       0x1c mesh/bootloader/CMakeFiles/mesh_bootloader_gccarmemb_nrf52840_xxAA.dir/src/dfu_transfer_mesh.c.obj
                0x000fa4e8                dfu_transfer_init
 .text.dfu_transfer_start
                0x000fa504       0x80 mesh/bootloader/CMakeFiles/mesh_bootloader_gccarmemb_nrf52840_xxAA.dir/src/dfu_transfer_mesh.c.obj
                0x000fa504                dfu_transfer_start
 .text.dfu_transfer_data
                0x000fa584      0x12c mesh/bootloader/CMakeFiles/mesh_bootloader_gccarmemb_nrf52840_xxAA.dir/src/dfu_transfer_mesh.c.obj
                0x000fa584                dfu_transfer_data
 .text.dfu_transfer_has_entry
                0x000fa6b0       0x58 mesh/bootloader/CMakeFiles/mesh_bootloader_gccarmemb_nrf52840_xxAA.dir/src/dfu_transfer_mesh.c.obj
                0x000fa6b0                dfu_transfer_has_entry
 .text.dfu_transfer_get_oldest_missing_entry
                0x000fa708       0x70 mesh/bootloader/CMakeFiles/mesh_bootloader_gccarmemb_nrf52840_xxAA.dir/src/dfu_transfer_mesh.c.obj
                0x000fa708                dfu_transfer_get_oldest_missing_entry
 .text.dfu_transfer_sha256
                0x000fa778       0x1c mesh/bootloader/CMakeFiles/mesh_bootloader_gccarmemb_nrf52840_xxAA.dir/src/dfu_transfer_mesh.c.obj
                0x000fa778                dfu_transfer_sha256
 .text.dfu_transfer_end
                0x000fa794        0x4 mesh/bootloader/CMakeFiles/mesh_bootloader_gccarmemb_nrf52840_xxAA.dir/src/dfu_transfer_mesh.c.obj
                0x000fa794                dfu_transfer_end
 .text.dfu_transfer_flash_write_complete
                0x000fa798       0x18 mesh/bootloader/CMakeFiles/mesh_bootloader_gccarmemb_nrf52840_xxAA.dir/src/dfu_transfer_mesh.c.obj
                0x000fa798                dfu_transfer_flash_write_complete
 .text.fwid_union_cpy
                0x000fa7b0       0x1e mesh/bootloader/CMakeFiles/mesh_bootloader_gccarmemb_nrf52840_xxAA.dir/src/dfu_util.c.obj
                0x000fa7b0                fwid_union_cpy
 .text.fwid_union_cmp
                0x000fa7ce       0x2c mesh/bootloader/CMakeFiles/mesh_bootloader_gccarmemb_nrf52840_xxAA.dir/src/dfu_util.c.obj
                0x000fa7ce                fwid_union_cmp
 .text.fwid_union_id_cmp
                0x000fa7fa       0x30 mesh/bootloader/CMakeFiles/mesh_bootloader_gccarmemb_nrf52840_xxAA.dir/src/dfu_util.c.obj
                0x000fa7fa                fwid_union_id_cmp
 .text.fwid_union_version_cmp
                0x000fa82a       0x28 mesh/bootloader/CMakeFiles/mesh_bootloader_gccarmemb_nrf52840_xxAA.dir/src/dfu_util.c.obj
                0x000fa82a                fwid_union_version_cmp
 .text.addr_from_seg
                0x000fa852       0x14 mesh/bootloader/CMakeFiles/mesh_bootloader_gccarmemb_nrf52840_xxAA.dir/src/dfu_util.c.obj
                0x000fa852                addr_from_seg
 .text.is_upgrade
                0x000fa866       0x86 mesh/bootloader/CMakeFiles/mesh_bootloader_gccarmemb_nrf52840_xxAA.dir/src/dfu_util.c.obj
                0x000fa866                is_upgrade
 .text.app_is_newer
                0x000fa8ec       0x30 mesh/bootloader/CMakeFiles/mesh_bootloader_gccarmemb_nrf52840_xxAA.dir/src/dfu_util.c.obj
                0x000fa8ec                app_is_newer
 .text.bootloader_is_newer
                0x000fa91c       0x2e mesh/bootloader/CMakeFiles/mesh_bootloader_gccarmemb_nrf52840_xxAA.dir/src/dfu_util.c.obj
                0x000fa91c                bootloader_is_newer
 .text.fw_is_verified
                0x000fa94a       0x1c mesh/bootloader/CMakeFiles/mesh_bootloader_gccarmemb_nrf52840_xxAA.dir/src/dfu_util.c.obj
                0x000fa94a                fw_is_verified
 *fill*         0x000fa966        0x2 
 .text.tid_cache_entry_put
                0x000fa968       0x1c mesh/bootloader/CMakeFiles/mesh_bootloader_gccarmemb_nrf52840_xxAA.dir/src/dfu_util.c.obj
                0x000fa968                tid_cache_entry_put
 .text.tid_cache_has_entry
                0x000fa984       0x20 mesh/bootloader/CMakeFiles/mesh_bootloader_gccarmemb_nrf52840_xxAA.dir/src/dfu_util.c.obj
                0x000fa984                tid_cache_has_entry
 .text.ready_packet_matches_our_req
                0x000fa9a4       0x3e mesh/bootloader/CMakeFiles/mesh_bootloader_gccarmemb_nrf52840_xxAA.dir/src/dfu_util.c.obj
                0x000fa9a4                ready_packet_matches_our_req
 *fill*         0x000fa9e2        0x2 
 .text.packet_in_cache
                0x000fa9e4       0x2c mesh/bootloader/CMakeFiles/mesh_bootloader_gccarmemb_nrf52840_xxAA.dir/src/dfu_util.c.obj
                0x000fa9e4                packet_in_cache
 .text.packet_cache_put
                0x000faa10       0x28 mesh/bootloader/CMakeFiles/mesh_bootloader_gccarmemb_nrf52840_xxAA.dir/src/dfu_util.c.obj
                0x000faa10                packet_cache_put
 .text.packet_cache_flush
                0x000faa38       0x1c mesh/bootloader/CMakeFiles/mesh_bootloader_gccarmemb_nrf52840_xxAA.dir/src/dfu_util.c.obj
                0x000faa38                packet_cache_flush
 .text.section_overlap
                0x000faa54       0x22 mesh/bootloader/CMakeFiles/mesh_bootloader_gccarmemb_nrf52840_xxAA.dir/src/dfu_util.c.obj
                0x000faa54                section_overlap
 *fill*         0x000faa76        0x2 
 .text.interrupts_disable
                0x000faa78       0x24 mesh/bootloader/CMakeFiles/mesh_bootloader_gccarmemb_nrf52840_xxAA.dir/src/dfu_util.c.obj
                0x000faa78                interrupts_disable
 .text.fifo_init
                0x000faa9c       0x1e mesh/bootloader/CMakeFiles/mesh_bootloader_gccarmemb_nrf52840_xxAA.dir/src/fifo.c.obj
                0x000faa9c                fifo_init
 .text.fifo_push
                0x000faaba       0x4e mesh/bootloader/CMakeFiles/mesh_bootloader_gccarmemb_nrf52840_xxAA.dir/src/fifo.c.obj
                0x000faaba                fifo_push
 .text.fifo_pop
                0x000fab08       0x4a mesh/bootloader/CMakeFiles/mesh_bootloader_gccarmemb_nrf52840_xxAA.dir/src/fifo.c.obj
                0x000fab08                fifo_pop
 .text.fifo_peek_at
                0x000fab52       0x4e mesh/bootloader/CMakeFiles/mesh_bootloader_gccarmemb_nrf52840_xxAA.dir/src/fifo.c.obj
                0x000fab52                fifo_peek_at
 .text.fifo_peek
                0x000faba0        0x6 mesh/bootloader/CMakeFiles/mesh_bootloader_gccarmemb_nrf52840_xxAA.dir/src/fifo.c.obj
                0x000faba0                fifo_peek
 .text.fifo_get_len
                0x000faba6        0x8 mesh/bootloader/CMakeFiles/mesh_bootloader_gccarmemb_nrf52840_xxAA.dir/src/fifo.c.obj
                0x000faba6                fifo_get_len
 .text.fifo_is_empty
                0x000fabae        0xc mesh/bootloader/CMakeFiles/mesh_bootloader_gccarmemb_nrf52840_xxAA.dir/src/fifo.c.obj
                0x000fabae                fifo_is_empty
 .text.app_error_handler_bare
                0x000fabba        0x6 mesh/bootloader/CMakeFiles/mesh_bootloader_gccarmemb_nrf52840_xxAA.dir/src/main.c.obj
                0x000fabba                app_error_handler_bare
 .text.HardFault_Handler
                0x000fabc0        0x6 mesh/bootloader/CMakeFiles/mesh_bootloader_gccarmemb_nrf52840_xxAA.dir/src/main.c.obj
                0x000fabc0                HardFault_Handler
 *fill*         0x000fabc6        0x2 
 .text.startup.main
                0x000fabc8       0x90 mesh/bootloader/CMakeFiles/mesh_bootloader_gccarmemb_nrf52840_xxAA.dir/src/main.c.obj
                0x000fabc8                main
 .text.mesh_packet_init
                0x000fac58       0x14 mesh/bootloader/CMakeFiles/mesh_bootloader_gccarmemb_nrf52840_xxAA.dir/src/mesh_packet.c.obj
                0x000fac58                mesh_packet_init
 .text.mesh_packet_acquire
                0x000fac6c       0x3c mesh/bootloader/CMakeFiles/mesh_bootloader_gccarmemb_nrf52840_xxAA.dir/src/mesh_packet.c.obj
                0x000fac6c                mesh_packet_acquire
 .text.mesh_packet_ref_count_inc
                0x000faca8       0x44 mesh/bootloader/CMakeFiles/mesh_bootloader_gccarmemb_nrf52840_xxAA.dir/src/mesh_packet.c.obj
                0x000faca8                mesh_packet_ref_count_inc
 .text.mesh_packet_ref_count_dec
                0x000facec       0x48 mesh/bootloader/CMakeFiles/mesh_bootloader_gccarmemb_nrf52840_xxAA.dir/src/mesh_packet.c.obj
                0x000facec                mesh_packet_ref_count_dec
 .text.mesh_packet_ref_count_get
                0x000fad34       0x20 mesh/bootloader/CMakeFiles/mesh_bootloader_gccarmemb_nrf52840_xxAA.dir/src/mesh_packet.c.obj
                0x000fad34                mesh_packet_ref_count_get
 .text.mesh_packet_set_local_addr
                0x000fad54       0x28 mesh/bootloader/CMakeFiles/mesh_bootloader_gccarmemb_nrf52840_xxAA.dir/src/mesh_packet.c.obj
                0x000fad54                mesh_packet_set_local_addr
 .text.mesh_packet_adv_data_get
                0x000fad7c       0x48 mesh/bootloader/CMakeFiles/mesh_bootloader_gccarmemb_nrf52840_xxAA.dir/src/mesh_packet.c.obj
                0x000fad7c                mesh_packet_adv_data_get
 .text.nrf_flash_erase
                0x000fadc4       0x60 mesh/bootloader/CMakeFiles/mesh_bootloader_gccarmemb_nrf52840_xxAA.dir/src/nrf_flash.c.obj
                0x000fadc4                nrf_flash_erase
 .text.nrf_flash_store
                0x000fae24       0x74 mesh/bootloader/CMakeFiles/mesh_bootloader_gccarmemb_nrf52840_xxAA.dir/src/nrf_flash.c.obj
                0x000fae24                nrf_flash_store
 .text.radio_init
                0x000fae98      0x118 mesh/bootloader/CMakeFiles/mesh_bootloader_gccarmemb_nrf52840_xxAA.dir/src/radio_control.c.obj
                0x000fae98                radio_init
 .text.radio_order
                0x000fafb0       0x4c mesh/bootloader/CMakeFiles/mesh_bootloader_gccarmemb_nrf52840_xxAA.dir/src/radio_control.c.obj
                0x000fafb0                radio_order
 .text.radio_disable
                0x000faffc       0x24 mesh/bootloader/CMakeFiles/mesh_bootloader_gccarmemb_nrf52840_xxAA.dir/src/radio_control.c.obj
                0x000faffc                radio_disable
 .text.radio_event_handler
                0x000fb020      0x1b0 mesh/bootloader/CMakeFiles/mesh_bootloader_gccarmemb_nrf52840_xxAA.dir/src/radio_control.c.obj
                0x000fb020                radio_event_handler
 .text.rand_prng_get
                0x000fb1d0       0x22 mesh/bootloader/CMakeFiles/mesh_bootloader_gccarmemb_nrf52840_xxAA.dir/src/rand.c.obj
                0x000fb1d0                rand_prng_get
 *fill*         0x000fb1f2        0x2 
 .text.rand_hw_rng_get
                0x000fb1f4       0x30 mesh/bootloader/CMakeFiles/mesh_bootloader_gccarmemb_nrf52840_xxAA.dir/src/rand.c.obj
                0x000fb1f4                rand_hw_rng_get
 .text.rand_prng_seed
                0x000fb224       0x38 mesh/bootloader/CMakeFiles/mesh_bootloader_gccarmemb_nrf52840_xxAA.dir/src/rand.c.obj
                0x000fb224                rand_prng_seed
 .text.order_next_rtc
                0x000fb25c       0x68 mesh/bootloader/CMakeFiles/mesh_bootloader_gccarmemb_nrf52840_xxAA.dir/src/transport.c.obj
 .text.radio_tx_cb
                0x000fb2c4        0x4 mesh/bootloader/CMakeFiles/mesh_bootloader_gccarmemb_nrf52840_xxAA.dir/src/transport.c.obj
 .text.radio_rx_cb
                0x000fb2c8       0x30 mesh/bootloader/CMakeFiles/mesh_bootloader_gccarmemb_nrf52840_xxAA.dir/src/transport.c.obj
 .text.order_scan
                0x000fb2f8       0x3c mesh/bootloader/CMakeFiles/mesh_bootloader_gccarmemb_nrf52840_xxAA.dir/src/transport.c.obj
 .text.radio_idle_cb
                0x000fb334       0x10 mesh/bootloader/CMakeFiles/mesh_bootloader_gccarmemb_nrf52840_xxAA.dir/src/transport.c.obj
 .text.set_next_tx
                0x000fb344       0x70 mesh/bootloader/CMakeFiles/mesh_bootloader_gccarmemb_nrf52840_xxAA.dir/src/transport.c.obj
 .text.RADIO_IRQHandler
                0x000fb3b4        0x4 mesh/bootloader/CMakeFiles/mesh_bootloader_gccarmemb_nrf52840_xxAA.dir/src/transport.c.obj
                0x000fb3b4                RADIO_IRQHandler
 .text.timeslot_is_in_ts
                0x000fb3b8        0x4 mesh/bootloader/CMakeFiles/mesh_bootloader_gccarmemb_nrf52840_xxAA.dir/src/transport.c.obj
                0x000fb3b8                timeslot_is_in_ts
 .text.transport_init
                0x000fb3bc       0x8c mesh/bootloader/CMakeFiles/mesh_bootloader_gccarmemb_nrf52840_xxAA.dir/src/transport.c.obj
                0x000fb3bc                transport_init
 .text.transport_start
                0x000fb448       0x14 mesh/bootloader/CMakeFiles/mesh_bootloader_gccarmemb_nrf52840_xxAA.dir/src/transport.c.obj
                0x000fb448                transport_start
 .text.SWI0_EGU0_IRQHandler
                0x000fb45c       0x4c mesh/bootloader/CMakeFiles/mesh_bootloader_gccarmemb_nrf52840_xxAA.dir/src/transport.c.obj
                0x000fb45c                SWI0_EGU0_IRQHandler
 .text.transport_tx
                0x000fb4a8       0x74 mesh/bootloader/CMakeFiles/mesh_bootloader_gccarmemb_nrf52840_xxAA.dir/src/transport.c.obj
                0x000fb4a8                transport_tx
 .text.transport_tx_abort
                0x000fb51c       0x40 mesh/bootloader/CMakeFiles/mesh_bootloader_gccarmemb_nrf52840_xxAA.dir/src/transport.c.obj
                0x000fb51c                transport_tx_abort
 .text.transport_rtc_irq_handler
                0x000fb55c       0xc0 mesh/bootloader/CMakeFiles/mesh_bootloader_gccarmemb_nrf52840_xxAA.dir/src/transport.c.obj
                0x000fb55c                transport_rtc_irq_handler
 .text.vli_clear
                0x000fb61c       0x10 mesh/bootloader/CMakeFiles/mesh_bootloader_gccarmemb_nrf52840_xxAA.dir/src/uECC.c.obj
 .text.vli_isZero
                0x000fb62c       0x16 mesh/bootloader/CMakeFiles/mesh_bootloader_gccarmemb_nrf52840_xxAA.dir/src/uECC.c.obj
 .text.vli_testBit
                0x000fb642       0x14 mesh/bootloader/CMakeFiles/mesh_bootloader_gccarmemb_nrf52840_xxAA.dir/src/uECC.c.obj
 .text.vli_set  0x000fb656       0x14 mesh/bootloader/CMakeFiles/mesh_bootloader_gccarmemb_nrf52840_xxAA.dir/src/uECC.c.obj
 .text.vli_cmp  0x000fb66a       0x28 mesh/bootloader/CMakeFiles/mesh_bootloader_gccarmemb_nrf52840_xxAA.dir/src/uECC.c.obj
 .text.vli_rshift1
                0x000fb692       0x1c mesh/bootloader/CMakeFiles/mesh_bootloader_gccarmemb_nrf52840_xxAA.dir/src/uECC.c.obj
 .text.vli_add  0x000fb6ae       0x2a mesh/bootloader/CMakeFiles/mesh_bootloader_gccarmemb_nrf52840_xxAA.dir/src/uECC.c.obj
 .text.vli_sub  0x000fb6d8       0x2a mesh/bootloader/CMakeFiles/mesh_bootloader_gccarmemb_nrf52840_xxAA.dir/src/uECC.c.obj
 .text.vli_bytesToNative
                0x000fb702       0x28 mesh/bootloader/CMakeFiles/mesh_bootloader_gccarmemb_nrf52840_xxAA.dir/src/uECC.c.obj
 .text.vli_modInv
                0x000fb72a      0x11c mesh/bootloader/CMakeFiles/mesh_bootloader_gccarmemb_nrf52840_xxAA.dir/src/uECC.c.obj
 *fill*         0x000fb846        0x2 
 .text.vli_modSub.constprop.1
                0x000fb848       0x20 mesh/bootloader/CMakeFiles/mesh_bootloader_gccarmemb_nrf52840_xxAA.dir/src/uECC.c.obj
 .text.vli_modAdd.constprop.2
                0x000fb868       0x2c mesh/bootloader/CMakeFiles/mesh_bootloader_gccarmemb_nrf52840_xxAA.dir/src/uECC.c.obj
 .text.vli_numBits.constprop.3
                0x000fb894       0x2c mesh/bootloader/CMakeFiles/mesh_bootloader_gccarmemb_nrf52840_xxAA.dir/src/uECC.c.obj
 .text.vli_mult
                0x000fb8c0       0xc4 mesh/bootloader/CMakeFiles/mesh_bootloader_gccarmemb_nrf52840_xxAA.dir/src/uECC.c.obj
 .text.vli_modMult_fast
                0x000fb984      0x198 mesh/bootloader/CMakeFiles/mesh_bootloader_gccarmemb_nrf52840_xxAA.dir/src/uECC.c.obj
 .text.apply_z  0x000fbb1c       0x34 mesh/bootloader/CMakeFiles/mesh_bootloader_gccarmemb_nrf52840_xxAA.dir/src/uECC.c.obj
 .text.XYcZ_add
                0x000fbb50       0x9a mesh/bootloader/CMakeFiles/mesh_bootloader_gccarmemb_nrf52840_xxAA.dir/src/uECC.c.obj
 *fill*         0x000fbbea        0x2 
 .text.vli_modMult_n
                0x000fbbec       0x9c mesh/bootloader/CMakeFiles/mesh_bootloader_gccarmemb_nrf52840_xxAA.dir/src/uECC.c.obj
 .text.uECC_verify
                0x000fbc88      0x330 mesh/bootloader/CMakeFiles/mesh_bootloader_gccarmemb_nrf52840_xxAA.dir/src/uECC.c.obj
                0x000fbc88                uECC_verify
 .text.sha256_transform
                0x000fbfb8      0x138 mesh/bootloader/CMakeFiles/mesh_bootloader_gccarmemb_nrf52840_xxAA.dir/C_/Users/trsn/dev/SDK/15/components/libraries/sha256/sha256.c.obj
                0x000fbfb8                sha256_transform
 .text.sha256_init
                0x000fc0f0       0x60 mesh/bootloader/CMakeFiles/mesh_bootloader_gccarmemb_nrf52840_xxAA.dir/C_/Users/trsn/dev/SDK/15/components/libraries/sha256/sha256.c.obj
                0x000fc0f0                sha256_init
 .text.sha256_update
                0x000fc150       0x48 mesh/bootloader/CMakeFiles/mesh_bootloader_gccarmemb_nrf52840_xxAA.dir/C_/Users/trsn/dev/SDK/15/components/libraries/sha256/sha256.c.obj
                0x000fc150                sha256_update
 .text.sha256_final
                0x000fc198      0x11e mesh/bootloader/CMakeFiles/mesh_bootloader_gccarmemb_nrf52840_xxAA.dir/C_/Users/trsn/dev/SDK/15/components/libraries/sha256/sha256.c.obj
                0x000fc198                sha256_final
 *fill*         0x000fc2b6        0x2 
 .text.errata_120
                0x000fc2b8       0x20 mesh/bootloader/CMakeFiles/mesh_bootloader_gccarmemb_nrf52840_xxAA.dir/C_/Users/trsn/dev/SDK/15/modules/nrfx/mdk/system_nrf52840.c.obj
 .text.SystemInit
                0x000fc2d8      0x1b8 mesh/bootloader/CMakeFiles/mesh_bootloader_gccarmemb_nrf52840_xxAA.dir/C_/Users/trsn/dev/SDK/15/modules/nrfx/mdk/system_nrf52840.c.obj
                0x000fc2d8                SystemInit
 .text          0x000fc490       0x3c mesh/bootloader/CMakeFiles/mesh_bootloader_gccarmemb_nrf52840_xxAA.dir/C_/Users/trsn/dev/SDK/15/modules/nrfx/mdk/gcc_startup_nrf52840.S.obj
                0x000fc490                Reset_Handler
                0x000fc4b8                NMI_Handler
                0x000fc4bc                MemoryManagement_Handler
                0x000fc4be                BusFault_Handler
                0x000fc4c0                UsageFault_Handler
                0x000fc4c2                SVC_Handler
                0x000fc4c4                DebugMon_Handler
                0x000fc4c6                PendSV_Handler
                0x000fc4c8                SysTick_Handler
                0x000fc4ca                PDM_IRQHandler
                0x000fc4ca                TEMP_IRQHandler
                0x000fc4ca                QDEC_IRQHandler
                0x000fc4ca                TIMER3_IRQHandler
                0x000fc4ca                PWM3_IRQHandler
                0x000fc4ca                FPU_IRQHandler
                0x000fc4ca                USBD_IRQHandler
                0x000fc4ca                SPIM0_SPIS0_TWIM0_TWIS0_SPI0_TWI0_IRQHandler
                0x000fc4ca                POWER_CLOCK_IRQHandler
                0x000fc4ca                UARTE0_UART0_IRQHandler
                0x000fc4ca                TIMER4_IRQHandler
                0x000fc4ca                CRYPTOCELL_IRQHandler
                0x000fc4ca                I2S_IRQHandler
                0x000fc4ca                SWI4_EGU4_IRQHandler
                0x000fc4ca                SWI2_EGU2_IRQHandler
                0x000fc4ca                PWM1_IRQHandler
                0x000fc4ca                UARTE1_IRQHandler
                0x000fc4ca                TIMER1_IRQHandler
                0x000fc4ca                SPIM3_IRQHandler
                0x000fc4ca                PWM2_IRQHandler
                0x000fc4ca                ECB_IRQHandler
                0x000fc4ca                SPIM1_SPIS1_TWIM1_TWIS1_SPI1_TWI1_IRQHandler
                0x000fc4ca                Default_Handler
                0x000fc4ca                SAADC_IRQHandler
                0x000fc4ca                CCM_AAR_IRQHandler
                0x000fc4ca                WDT_IRQHandler
                0x000fc4ca                GPIOTE_IRQHandler
                0x000fc4ca                SWI5_EGU5_IRQHandler
                0x000fc4ca                RNG_IRQHandler
                0x000fc4ca                RTC2_IRQHandler
                0x000fc4ca                PWM0_IRQHandler
                0x000fc4ca                RTC1_IRQHandler
                0x000fc4ca                SWI1_EGU1_IRQHandler
                0x000fc4ca                SPIM2_SPIS2_SPI2_IRQHandler
                0x000fc4ca                NFCT_IRQHandler
                0x000fc4ca                TIMER2_IRQHandler
                0x000fc4ca                MWU_IRQHandler
                0x000fc4ca                TIMER0_IRQHandler
                0x000fc4ca                QSPI_IRQHandler
                0x000fc4ca                COMP_LPCOMP_IRQHandler
 .text          0x000fc4cc       0x18 c:/gccarmemb/6_2017-q2-update/bin/../lib/gcc/arm-none-eabi/6.3.1/thumb/v7e-m/fpv4-sp/hard\libgcc.a(_lshrdi3.o)
                0x000fc4cc                __lshrdi3
                0x000fc4cc                __aeabi_llsr
 .text          0x000fc4e4       0x18 c:/gccarmemb/6_2017-q2-update/bin/../lib/gcc/arm-none-eabi/6.3.1/thumb/v7e-m/fpv4-sp/hard\libgcc.a(_ashldi3.o)
                0x000fc4e4                __aeabi_llsl
                0x000fc4e4                __ashldi3
 .text          0x000fc4fc       0x30 c:/gccarmemb/6_2017-q2-update/bin/../lib/gcc/arm-none-eabi/6.3.1/thumb/v7e-m/fpv4-sp/hard\libgcc.a(_aeabi_uldivmod.o)
                0x000fc4fc                __aeabi_uldivmod
 .text          0x000fc52c      0x2dc c:/gccarmemb/6_2017-q2-update/bin/../lib/gcc/arm-none-eabi/6.3.1/thumb/v7e-m/fpv4-sp/hard\libgcc.a(_udivmoddi4.o)
                0x000fc52c                __udivmoddi4
 .text          0x000fc808        0x4 c:/gccarmemb/6_2017-q2-update/bin/../lib/gcc/arm-none-eabi/6.3.1/thumb/v7e-m/fpv4-sp/hard\libgcc.a(_dvmd_tls.o)
                0x000fc808                __aeabi_idiv0
                0x000fc808                __aeabi_ldiv0
 .text.exit     0x000fc80c       0x28 c:/gccarmemb/6_2017-q2-update/bin/../lib/gcc/arm-none-eabi/6.3.1/../../../../arm-none-eabi/lib/thumb/v7e-m/fpv4-sp/hard\libg_nano.a(lib_a-exit.o)
                0x000fc80c                exit
 .text.__libc_init_array
                0x000fc834       0x48 c:/gccarmemb/6_2017-q2-update/bin/../lib/gcc/arm-none-eabi/6.3.1/../../../../arm-none-eabi/lib/thumb/v7e-m/fpv4-sp/hard\libg_nano.a(lib_a-init.o)
                0x000fc834                __libc_init_array
 .text.memcmp   0x000fc87c       0x1e c:/gccarmemb/6_2017-q2-update/bin/../lib/gcc/arm-none-eabi/6.3.1/../../../../arm-none-eabi/lib/thumb/v7e-m/fpv4-sp/hard\libg_nano.a(lib_a-memcmp.o)
                0x000fc87c                memcmp
 .text.memcpy   0x000fc89a       0x16 c:/gccarmemb/6_2017-q2-update/bin/../lib/gcc/arm-none-eabi/6.3.1/../../../../arm-none-eabi/lib/thumb/v7e-m/fpv4-sp/hard\libg_nano.a(lib_a-memcpy-stub.o)
                0x000fc89a                memcpy
 .text.memset   0x000fc8b0       0x10 c:/gccarmemb/6_2017-q2-update/bin/../lib/gcc/arm-none-eabi/6.3.1/../../../../arm-none-eabi/lib/thumb/v7e-m/fpv4-sp/hard\libg_nano.a(lib_a-memset.o)
                0x000fc8b0                memset
 .text._exit    0x000fc8c0        0x4 c:/gccarmemb/6_2017-q2-update/bin/../lib/gcc/arm-none-eabi/6.3.1/../../../../arm-none-eabi/lib/thumb/v7e-m/fpv4-sp/hard\libnosys.a(_exit.o)
                0x000fc8c0                _exit
 *(.init)
 .init          0x000fc8c4        0x4 c:/gccarmemb/6_2017-q2-update/bin/../lib/gcc/arm-none-eabi/6.3.1/thumb/v7e-m/fpv4-sp/hard/crti.o
                0x000fc8c4                _init
 .init          0x000fc8c8        0x8 c:/gccarmemb/6_2017-q2-update/bin/../lib/gcc/arm-none-eabi/6.3.1/thumb/v7e-m/fpv4-sp/hard/crtn.o
 *(.fini)
 .fini          0x000fc8d0        0x4 c:/gccarmemb/6_2017-q2-update/bin/../lib/gcc/arm-none-eabi/6.3.1/thumb/v7e-m/fpv4-sp/hard/crti.o
                0x000fc8d0                _fini
 .fini          0x000fc8d4        0x8 c:/gccarmemb/6_2017-q2-update/bin/../lib/gcc/arm-none-eabi/6.3.1/thumb/v7e-m/fpv4-sp/hard/crtn.o
 *crtbegin.o(.ctors)
 *crtbegin?.o(.ctors)
 *(EXCLUDE_FILE(*crtend.o *crtend?.o) .ctors)
 *(SORT(.ctors.*))
 *(.ctors)
 *crtbegin.o(.dtors)
 *crtbegin?.o(.dtors)
 *(EXCLUDE_FILE(*crtend.o *crtend?.o) .dtors)
 *(SORT(.dtors.*))
 *(.dtors)
 *(.rodata*)
 .rodata.m_invalid_header
                0x000fc8dc        0x4 mesh/bootloader/CMakeFiles/mesh_bootloader_gccarmemb_nrf52840_xxAA.dir/src/bootloader_info.c.obj
 .rodata.CSWTCH.30
                0x000fc8e0        0x4 mesh/bootloader/CMakeFiles/mesh_bootloader_gccarmemb_nrf52840_xxAA.dir/src/dfu_mesh.c.obj
 .rodata        0x000fc8e4        0xc mesh/bootloader/CMakeFiles/mesh_bootloader_gccarmemb_nrf52840_xxAA.dir/src/radio_control.c.obj
 .rodata.curve_G
                0x000fc8f0       0x40 mesh/bootloader/CMakeFiles/mesh_bootloader_gccarmemb_nrf52840_xxAA.dir/src/uECC.c.obj
 .rodata.curve_n
                0x000fc930       0x20 mesh/bootloader/CMakeFiles/mesh_bootloader_gccarmemb_nrf52840_xxAA.dir/src/uECC.c.obj
 .rodata.curve_p
                0x000fc950       0x20 mesh/bootloader/CMakeFiles/mesh_bootloader_gccarmemb_nrf52840_xxAA.dir/src/uECC.c.obj
 .rodata.k      0x000fc970      0x100 mesh/bootloader/CMakeFiles/mesh_bootloader_gccarmemb_nrf52840_xxAA.dir/C_/Users/trsn/dev/SDK/15/components/libraries/sha256/sha256.c.obj
 .rodata._global_impure_ptr
                0x000fca70        0x4 c:/gccarmemb/6_2017-q2-update/bin/../lib/gcc/arm-none-eabi/6.3.1/../../../../arm-none-eabi/lib/thumb/v7e-m/fpv4-sp/hard\libg_nano.a(lib_a-impure.o)
                0x000fca70                _global_impure_ptr
 *(.eh_frame*)
 .eh_frame      0x000fca74        0x0 c:/gccarmemb/6_2017-q2-update/bin/../lib/gcc/arm-none-eabi/6.3.1/thumb/v7e-m/fpv4-sp/hard/crtbegin.o
 .eh_frame      0x000fca74        0x4 c:/gccarmemb/6_2017-q2-update/bin/../lib/gcc/arm-none-eabi/6.3.1/thumb/v7e-m/fpv4-sp/hard/crtend.o

.glue_7         0x000fca78        0x0
 .glue_7        0x000fca78        0x0 linker stubs

.glue_7t        0x000fca78        0x0
 .glue_7t       0x000fca78        0x0 linker stubs

.vfp11_veneer   0x000fca78        0x0
 .vfp11_veneer  0x000fca78        0x0 linker stubs

.v4_bx          0x000fca78        0x0
 .v4_bx         0x000fca78        0x0 linker stubs

.iplt           0x000fca78        0x0
 .iplt          0x000fca78        0x0 c:/gccarmemb/6_2017-q2-update/bin/../lib/gcc/arm-none-eabi/6.3.1/thumb/v7e-m/fpv4-sp/hard/crtbegin.o

.ARM.extab
 *(.ARM.extab* .gnu.linkonce.armextab.*)
                0x000fca78                __exidx_start = .

.ARM.exidx      0x000fca78        0x8
 *(.ARM.exidx* .gnu.linkonce.armexidx.*)
 .ARM.exidx     0x000fca78        0x8 c:/gccarmemb/6_2017-q2-update/bin/../lib/gcc/arm-none-eabi/6.3.1/../../../../arm-none-eabi/lib/thumb/v7e-m/fpv4-sp/hard/crt0.o
 .ARM.exidx     0x000fca80        0x0 c:/gccarmemb/6_2017-q2-update/bin/../lib/gcc/arm-none-eabi/6.3.1/thumb/v7e-m/fpv4-sp/hard\libgcc.a(_udivmoddi4.o)
                                  0x8 (size before relaxing)
                0x000fca80                __exidx_end = .
                0x000fca80                __etext = .

.rel.dyn        0x000fca80        0x0
 .rel.iplt      0x000fca80        0x0 c:/gccarmemb/6_2017-q2-update/bin/../lib/gcc/arm-none-eabi/6.3.1/thumb/v7e-m/fpv4-sp/hard/crtbegin.o

.data           0x20000004       0x78 load address 0x000fca80
                0x20000004                __data_start__ = .
 *(vtable)
 *(.data*)
 .data.m_alt_aa
                0x20000004        0x4 mesh/bootloader/CMakeFiles/mesh_bootloader_gccarmemb_nrf52840_xxAA.dir/src/radio_control.c.obj
 .data.m_radio_state
                0x20000008        0x1 mesh/bootloader/CMakeFiles/mesh_bootloader_gccarmemb_nrf52840_xxAA.dir/src/radio_control.c.obj
 *fill*         0x20000009        0x3 
 .data.SystemCoreClock
                0x2000000c        0x4 mesh/bootloader/CMakeFiles/mesh_bootloader_gccarmemb_nrf52840_xxAA.dir/C_/Users/trsn/dev/SDK/15/modules/nrfx/mdk/system_nrf52840.c.obj
                0x2000000c                SystemCoreClock
 .data.impure_data
                0x20000010       0x60 c:/gccarmemb/6_2017-q2-update/bin/../lib/gcc/arm-none-eabi/6.3.1/../../../../arm-none-eabi/lib/thumb/v7e-m/fpv4-sp/hard\libg_nano.a(lib_a-impure.o)
                0x20000070                . = ALIGN (0x4)
                0x20000070                PROVIDE (__preinit_array_start, .)
 *(.preinit_array)
                0x20000070                PROVIDE (__preinit_array_end, .)
                0x20000070                . = ALIGN (0x4)
                0x20000070                PROVIDE (__init_array_start, .)
 *(SORT(.init_array.*))
 *(.init_array)
 .init_array    0x20000070        0x4 c:/gccarmemb/6_2017-q2-update/bin/../lib/gcc/arm-none-eabi/6.3.1/thumb/v7e-m/fpv4-sp/hard/crtbegin.o
                0x20000074                PROVIDE (__init_array_end, .)
                0x20000074                . = ALIGN (0x4)
                [!provide]                PROVIDE (__fini_array_start, .)
 *(SORT(.fini_array.*))
 *(.fini_array)
 .fini_array    0x20000074        0x4 c:/gccarmemb/6_2017-q2-update/bin/../lib/gcc/arm-none-eabi/6.3.1/thumb/v7e-m/fpv4-sp/hard/crtbegin.o
                [!provide]                PROVIDE (__fini_array_end, .)
 *(.jcr*)
 .jcr           0x20000078        0x0 c:/gccarmemb/6_2017-q2-update/bin/../lib/gcc/arm-none-eabi/6.3.1/thumb/v7e-m/fpv4-sp/hard/crtbegin.o
 .jcr           0x20000078        0x4 c:/gccarmemb/6_2017-q2-update/bin/../lib/gcc/arm-none-eabi/6.3.1/thumb/v7e-m/fpv4-sp/hard/crtend.o
                0x2000007c                . = ALIGN (0x4)
                0x2000007c                __data_end__ = .

.igot.plt       0x2000007c        0x0 load address 0x000fcaf8
 .igot.plt      0x2000007c        0x0 c:/gccarmemb/6_2017-q2-update/bin/../lib/gcc/arm-none-eabi/6.3.1/thumb/v7e-m/fpv4-sp/hard/crtbegin.o

.bss            0x2000007c      0x790 load address 0x000fcaf8
                0x2000007c                . = ALIGN (0x4)
                0x2000007c                __bss_start__ = .
 *(.bss*)
 .bss           0x2000007c       0x1c c:/gccarmemb/6_2017-q2-update/bin/../lib/gcc/arm-none-eabi/6.3.1/thumb/v7e-m/fpv4-sp/hard/crtbegin.o
 .bss.m_flash_fifo
                0x20000098       0x18 mesh/bootloader/CMakeFiles/mesh_bootloader_gccarmemb_nrf52840_xxAA.dir/src/bootloader.c.obj
 .bss.m_flash_fifo_buf
                0x200000b0       0x80 mesh/bootloader/CMakeFiles/mesh_bootloader_gccarmemb_nrf52840_xxAA.dir/src/bootloader.c.obj
 .bss.m_go_to_app
                0x20000130        0x1 mesh/bootloader/CMakeFiles/mesh_bootloader_gccarmemb_nrf52840_xxAA.dir/src/bootloader.c.obj
 .bss.m_timeout_action
                0x20000131        0x1 mesh/bootloader/CMakeFiles/mesh_bootloader_gccarmemb_nrf52840_xxAA.dir/src/bootloader.c.obj
 *fill*         0x20000132        0x2 
 .bss.rsp_cmd.11665
                0x20000134       0x18 mesh/bootloader/CMakeFiles/mesh_bootloader_gccarmemb_nrf52840_xxAA.dir/src/bootloader.c.obj
 .bss.g_packet_pool
                0x2000014c      0x500 mesh/bootloader/CMakeFiles/mesh_bootloader_gccarmemb_nrf52840_xxAA.dir/src/mesh_packet.c.obj
 .bss.g_packet_refs
                0x2000064c       0x20 mesh/bootloader/CMakeFiles/mesh_bootloader_gccarmemb_nrf52840_xxAA.dir/src/mesh_packet.c.obj
 .bss.buffer.7124
                0x2000066c        0x4 mesh/bootloader/CMakeFiles/mesh_bootloader_gccarmemb_nrf52840_xxAA.dir/src/nrf_flash.c.obj
 .bss.m_idle_cb
                0x20000670        0x4 mesh/bootloader/CMakeFiles/mesh_bootloader_gccarmemb_nrf52840_xxAA.dir/src/radio_control.c.obj
 .bss.m_radio_fifo
                0x20000674       0x18 mesh/bootloader/CMakeFiles/mesh_bootloader_gccarmemb_nrf52840_xxAA.dir/src/radio_control.c.obj
 .bss.m_radio_fifo_queue
                0x2000068c       0x40 mesh/bootloader/CMakeFiles/mesh_bootloader_gccarmemb_nrf52840_xxAA.dir/src/radio_control.c.obj
 .bss.m_rx_cb   0x200006cc        0x4 mesh/bootloader/CMakeFiles/mesh_bootloader_gccarmemb_nrf52840_xxAA.dir/src/radio_control.c.obj
 .bss.m_tx_cb   0x200006d0        0x4 mesh/bootloader/CMakeFiles/mesh_bootloader_gccarmemb_nrf52840_xxAA.dir/src/radio_control.c.obj
 .bss.m_prng    0x200006d4       0x10 mesh/bootloader/CMakeFiles/mesh_bootloader_gccarmemb_nrf52840_xxAA.dir/src/transport.c.obj
 .bss.m_running
                0x200006e4        0x1 mesh/bootloader/CMakeFiles/mesh_bootloader_gccarmemb_nrf52840_xxAA.dir/src/transport.c.obj
 *fill*         0x200006e5        0x3 
 .bss.m_rx_cb   0x200006e8        0x4 mesh/bootloader/CMakeFiles/mesh_bootloader_gccarmemb_nrf52840_xxAA.dir/src/transport.c.obj
 .bss.m_rx_fifo
                0x200006ec       0x18 mesh/bootloader/CMakeFiles/mesh_bootloader_gccarmemb_nrf52840_xxAA.dir/src/transport.c.obj
 .bss.m_rx_fifo_buf
                0x20000704       0x80 mesh/bootloader/CMakeFiles/mesh_bootloader_gccarmemb_nrf52840_xxAA.dir/src/transport.c.obj
 .bss.m_ticks_at_order_time
                0x20000784        0x4 mesh/bootloader/CMakeFiles/mesh_bootloader_gccarmemb_nrf52840_xxAA.dir/src/transport.c.obj
 .bss.m_tx      0x20000788       0x80 mesh/bootloader/CMakeFiles/mesh_bootloader_gccarmemb_nrf52840_xxAA.dir/src/transport.c.obj
 *(COMMON)
 COMMON         0x20000808        0x2 mesh/bootloader/CMakeFiles/mesh_bootloader_gccarmemb_nrf52840_xxAA.dir/src/transport.c.obj
                0x20000808                m_tx_evt_bitfield
                0x2000080c                . = ALIGN (0x4)
 *fill*         0x2000080a        0x2 
                0x2000080c                __bss_end__ = .

.heap           0x20000810     0x2000
                0x20000810                __HeapBase = .
                0x20000810                __end__ = .
                [!provide]                PROVIDE (end, .)
 *(.heap*)
 .heap          0x20000810     0x2000 mesh/bootloader/CMakeFiles/mesh_bootloader_gccarmemb_nrf52840_xxAA.dir/C_/Users/trsn/dev/SDK/15/modules/nrfx/mdk/gcc_startup_nrf52840.S.obj
                0x20002810                __HeapLimit = .

.stack_dummy    0x20000810     0x2000
 *(.stack*)
 .stack         0x20000810     0x2000 mesh/bootloader/CMakeFiles/mesh_bootloader_gccarmemb_nrf52840_xxAA.dir/C_/Users/trsn/dev/SDK/15/modules/nrfx/mdk/gcc_startup_nrf52840.S.obj
                0x2003fd00                __StackTop = (ORIGIN (RAM) + LENGTH (RAM))
                0x2003dd00                __StackLimit = (__StackTop - SIZEOF (.stack_dummy))
                0x2003fd00                PROVIDE (__stack, __StackTop)
                0x00000001                ASSERT ((__StackLimit >= __HeapLimit), region RAM overflowed with stack)
                0x00000078                DataInitFlashUsed = (__bss_start__ - __data_start__)
                0x00004a80                CodeFlashUsed = (__etext - ORIGIN (FLASH))
                0x00004af8                TotalFlashUsed = (CodeFlashUsed + DataInitFlashUsed)
                0x00000001                ASSERT ((TotalFlashUsed <= LENGTH (FLASH)), region FLASH overflowed with .data and user data)
OUTPUT(mesh\bootloader\mesh_bootloader_gccarmemb_nrf52840_xxAA.elf elf32-littlearm)

.ARM.attributes
                0x00000000       0x30
 .ARM.attributes
                0x00000000       0x22 c:/gccarmemb/6_2017-q2-update/bin/../lib/gcc/arm-none-eabi/6.3.1/thumb/v7e-m/fpv4-sp/hard/crti.o
 .ARM.attributes
                0x00000022       0x34 c:/gccarmemb/6_2017-q2-update/bin/../lib/gcc/arm-none-eabi/6.3.1/thumb/v7e-m/fpv4-sp/hard/crtbegin.o
 .ARM.attributes
                0x00000056       0x20 c:/gccarmemb/6_2017-q2-update/bin/../lib/gcc/arm-none-eabi/6.3.1/../../../../arm-none-eabi/lib/thumb/v7e-m/fpv4-sp/hard/crt0.o
 .ARM.attributes
                0x00000076       0x39 mesh/bootloader/CMakeFiles/mesh_bootloader_gccarmemb_nrf52840_xxAA.dir/src/bootloader.c.obj
 .ARM.attributes
                0x000000af       0x39 mesh/bootloader/CMakeFiles/mesh_bootloader_gccarmemb_nrf52840_xxAA.dir/src/bootloader_app_bridge.c.obj
 .ARM.attributes
                0x000000e8       0x39 mesh/bootloader/CMakeFiles/mesh_bootloader_gccarmemb_nrf52840_xxAA.dir/src/bootloader_info.c.obj
 .ARM.attributes
                0x00000121       0x39 mesh/bootloader/CMakeFiles/mesh_bootloader_gccarmemb_nrf52840_xxAA.dir/src/bootloader_rtc.c.obj
 .ARM.attributes
                0x0000015a       0x39 mesh/bootloader/CMakeFiles/mesh_bootloader_gccarmemb_nrf52840_xxAA.dir/src/bootloader_util.c.obj
 .ARM.attributes
                0x00000193       0x39 mesh/bootloader/CMakeFiles/mesh_bootloader_gccarmemb_nrf52840_xxAA.dir/src/dfu_bank.c.obj
 .ARM.attributes
                0x000001cc       0x39 mesh/bootloader/CMakeFiles/mesh_bootloader_gccarmemb_nrf52840_xxAA.dir/src/dfu_mesh.c.obj
 .ARM.attributes
                0x00000205       0x39 mesh/bootloader/CMakeFiles/mesh_bootloader_gccarmemb_nrf52840_xxAA.dir/src/dfu_transfer_mesh.c.obj
 .ARM.attributes
                0x0000023e       0x39 mesh/bootloader/CMakeFiles/mesh_bootloader_gccarmemb_nrf52840_xxAA.dir/src/dfu_util.c.obj
 .ARM.attributes
                0x00000277       0x39 mesh/bootloader/CMakeFiles/mesh_bootloader_gccarmemb_nrf52840_xxAA.dir/src/fifo.c.obj
 .ARM.attributes
                0x000002b0       0x39 mesh/bootloader/CMakeFiles/mesh_bootloader_gccarmemb_nrf52840_xxAA.dir/src/main.c.obj
 .ARM.attributes
                0x000002e9       0x39 mesh/bootloader/CMakeFiles/mesh_bootloader_gccarmemb_nrf52840_xxAA.dir/src/mesh_packet.c.obj
 .ARM.attributes
                0x00000322       0x39 mesh/bootloader/CMakeFiles/mesh_bootloader_gccarmemb_nrf52840_xxAA.dir/src/nrf_flash.c.obj
 .ARM.attributes
                0x0000035b       0x39 mesh/bootloader/CMakeFiles/mesh_bootloader_gccarmemb_nrf52840_xxAA.dir/src/radio_control.c.obj
 .ARM.attributes
                0x00000394       0x39 mesh/bootloader/CMakeFiles/mesh_bootloader_gccarmemb_nrf52840_xxAA.dir/src/rand.c.obj
 .ARM.attributes
                0x000003cd       0x39 mesh/bootloader/CMakeFiles/mesh_bootloader_gccarmemb_nrf52840_xxAA.dir/src/transport.c.obj
 .ARM.attributes
                0x00000406       0x39 mesh/bootloader/CMakeFiles/mesh_bootloader_gccarmemb_nrf52840_xxAA.dir/src/uECC.c.obj
 .ARM.attributes
                0x0000043f       0x39 mesh/bootloader/CMakeFiles/mesh_bootloader_gccarmemb_nrf52840_xxAA.dir/C_/Users/trsn/dev/SDK/15/components/libraries/sha256/sha256.c.obj
 .ARM.attributes
                0x00000478       0x39 mesh/bootloader/CMakeFiles/mesh_bootloader_gccarmemb_nrf52840_xxAA.dir/C_/Users/trsn/dev/SDK/15/modules/nrfx/mdk/system_nrf52840.c.obj
 .ARM.attributes
                0x000004b1       0x20 mesh/bootloader/CMakeFiles/mesh_bootloader_gccarmemb_nrf52840_xxAA.dir/C_/Users/trsn/dev/SDK/15/modules/nrfx/mdk/gcc_startup_nrf52840.S.obj
 .ARM.attributes
                0x000004d1       0x22 c:/gccarmemb/6_2017-q2-update/bin/../lib/gcc/arm-none-eabi/6.3.1/thumb/v7e-m/fpv4-sp/hard\libgcc.a(_lshrdi3.o)
 .ARM.attributes
                0x000004f3       0x22 c:/gccarmemb/6_2017-q2-update/bin/../lib/gcc/arm-none-eabi/6.3.1/thumb/v7e-m/fpv4-sp/hard\libgcc.a(_ashldi3.o)
 .ARM.attributes
                0x00000515       0x22 c:/gccarmemb/6_2017-q2-update/bin/../lib/gcc/arm-none-eabi/6.3.1/thumb/v7e-m/fpv4-sp/hard\libgcc.a(_aeabi_uldivmod.o)
 .ARM.attributes
                0x00000537       0x34 c:/gccarmemb/6_2017-q2-update/bin/../lib/gcc/arm-none-eabi/6.3.1/thumb/v7e-m/fpv4-sp/hard\libgcc.a(_udivmoddi4.o)
 .ARM.attributes
                0x0000056b       0x22 c:/gccarmemb/6_2017-q2-update/bin/../lib/gcc/arm-none-eabi/6.3.1/thumb/v7e-m/fpv4-sp/hard\libgcc.a(_dvmd_tls.o)
 .ARM.attributes
                0x0000058d       0x34 c:/gccarmemb/6_2017-q2-update/bin/../lib/gcc/arm-none-eabi/6.3.1/../../../../arm-none-eabi/lib/thumb/v7e-m/fpv4-sp/hard\libg_nano.a(lib_a-exit.o)
 .ARM.attributes
                0x000005c1       0x34 c:/gccarmemb/6_2017-q2-update/bin/../lib/gcc/arm-none-eabi/6.3.1/../../../../arm-none-eabi/lib/thumb/v7e-m/fpv4-sp/hard\libg_nano.a(lib_a-impure.o)
 .ARM.attributes
                0x000005f5       0x34 c:/gccarmemb/6_2017-q2-update/bin/../lib/gcc/arm-none-eabi/6.3.1/../../../../arm-none-eabi/lib/thumb/v7e-m/fpv4-sp/hard\libg_nano.a(lib_a-init.o)
 .ARM.attributes
                0x00000629       0x34 c:/gccarmemb/6_2017-q2-update/bin/../lib/gcc/arm-none-eabi/6.3.1/../../../../arm-none-eabi/lib/thumb/v7e-m/fpv4-sp/hard\libg_nano.a(lib_a-memcmp.o)
 .ARM.attributes
                0x0000065d       0x34 c:/gccarmemb/6_2017-q2-update/bin/../lib/gcc/arm-none-eabi/6.3.1/../../../../arm-none-eabi/lib/thumb/v7e-m/fpv4-sp/hard\libg_nano.a(lib_a-memcpy-stub.o)
 .ARM.attributes
                0x00000691       0x34 c:/gccarmemb/6_2017-q2-update/bin/../lib/gcc/arm-none-eabi/6.3.1/../../../../arm-none-eabi/lib/thumb/v7e-m/fpv4-sp/hard\libg_nano.a(lib_a-memset.o)
 .ARM.attributes
                0x000006c5       0x34 c:/gccarmemb/6_2017-q2-update/bin/../lib/gcc/arm-none-eabi/6.3.1/thumb/v7e-m/fpv4-sp/hard/crtend.o
 .ARM.attributes
                0x000006f9       0x22 c:/gccarmemb/6_2017-q2-update/bin/../lib/gcc/arm-none-eabi/6.3.1/thumb/v7e-m/fpv4-sp/hard/crtn.o
 .ARM.attributes
                0x0000071b       0x34 c:/gccarmemb/6_2017-q2-update/bin/../lib/gcc/arm-none-eabi/6.3.1/../../../../arm-none-eabi/lib/thumb/v7e-m/fpv4-sp/hard\libnosys.a(_exit.o)

.comment        0x00000000       0x7f
 .comment       0x00000000       0x7f mesh/bootloader/CMakeFiles/mesh_bootloader_gccarmemb_nrf52840_xxAA.dir/src/bootloader.c.obj
                                 0x80 (size before relaxing)
 .comment       0x0000007f       0x80 mesh/bootloader/CMakeFiles/mesh_bootloader_gccarmemb_nrf52840_xxAA.dir/src/bootloader_app_bridge.c.obj
 .comment       0x0000007f       0x80 mesh/bootloader/CMakeFiles/mesh_bootloader_gccarmemb_nrf52840_xxAA.dir/src/bootloader_info.c.obj
 .comment       0x0000007f       0x80 mesh/bootloader/CMakeFiles/mesh_bootloader_gccarmemb_nrf52840_xxAA.dir/src/bootloader_rtc.c.obj
 .comment       0x0000007f       0x80 mesh/bootloader/CMakeFiles/mesh_bootloader_gccarmemb_nrf52840_xxAA.dir/src/bootloader_util.c.obj
 .comment       0x0000007f       0x80 mesh/bootloader/CMakeFiles/mesh_bootloader_gccarmemb_nrf52840_xxAA.dir/src/dfu_bank.c.obj
 .comment       0x0000007f       0x80 mesh/bootloader/CMakeFiles/mesh_bootloader_gccarmemb_nrf52840_xxAA.dir/src/dfu_mesh.c.obj
 .comment       0x0000007f       0x80 mesh/bootloader/CMakeFiles/mesh_bootloader_gccarmemb_nrf52840_xxAA.dir/src/dfu_transfer_mesh.c.obj
 .comment       0x0000007f       0x80 mesh/bootloader/CMakeFiles/mesh_bootloader_gccarmemb_nrf52840_xxAA.dir/src/dfu_util.c.obj
 .comment       0x0000007f       0x80 mesh/bootloader/CMakeFiles/mesh_bootloader_gccarmemb_nrf52840_xxAA.dir/src/fifo.c.obj
 .comment       0x0000007f       0x80 mesh/bootloader/CMakeFiles/mesh_bootloader_gccarmemb_nrf52840_xxAA.dir/src/main.c.obj
 .comment       0x0000007f       0x80 mesh/bootloader/CMakeFiles/mesh_bootloader_gccarmemb_nrf52840_xxAA.dir/src/mesh_packet.c.obj
 .comment       0x0000007f       0x80 mesh/bootloader/CMakeFiles/mesh_bootloader_gccarmemb_nrf52840_xxAA.dir/src/nrf_flash.c.obj
 .comment       0x0000007f       0x80 mesh/bootloader/CMakeFiles/mesh_bootloader_gccarmemb_nrf52840_xxAA.dir/src/radio_control.c.obj
 .comment       0x0000007f       0x80 mesh/bootloader/CMakeFiles/mesh_bootloader_gccarmemb_nrf52840_xxAA.dir/src/rand.c.obj
 .comment       0x0000007f       0x80 mesh/bootloader/CMakeFiles/mesh_bootloader_gccarmemb_nrf52840_xxAA.dir/src/transport.c.obj
 .comment       0x0000007f       0x80 mesh/bootloader/CMakeFiles/mesh_bootloader_gccarmemb_nrf52840_xxAA.dir/src/uECC.c.obj
 .comment       0x0000007f       0x80 mesh/bootloader/CMakeFiles/mesh_bootloader_gccarmemb_nrf52840_xxAA.dir/C_/Users/trsn/dev/SDK/15/components/libraries/sha256/sha256.c.obj
 .comment       0x0000007f       0x80 mesh/bootloader/CMakeFiles/mesh_bootloader_gccarmemb_nrf52840_xxAA.dir/C_/Users/trsn/dev/SDK/15/modules/nrfx/mdk/system_nrf52840.c.obj

.debug_info     0x00000000    0x1b867
 .debug_info    0x00000000     0x353d mesh/bootloader/CMakeFiles/mesh_bootloader_gccarmemb_nrf52840_xxAA.dir/src/bootloader.c.obj
 .debug_info    0x0000353d     0x2427 mesh/bootloader/CMakeFiles/mesh_bootloader_gccarmemb_nrf52840_xxAA.dir/src/bootloader_app_bridge.c.obj
 .debug_info    0x00005964     0x1c12 mesh/bootloader/CMakeFiles/mesh_bootloader_gccarmemb_nrf52840_xxAA.dir/src/bootloader_info.c.obj
 .debug_info    0x00007576      0x7a7 mesh/bootloader/CMakeFiles/mesh_bootloader_gccarmemb_nrf52840_xxAA.dir/src/bootloader_rtc.c.obj
 .debug_info    0x00007d1d      0x8fd mesh/bootloader/CMakeFiles/mesh_bootloader_gccarmemb_nrf52840_xxAA.dir/src/bootloader_util.c.obj
 .debug_info    0x0000861a     0x22da mesh/bootloader/CMakeFiles/mesh_bootloader_gccarmemb_nrf52840_xxAA.dir/src/dfu_bank.c.obj
 .debug_info    0x0000a8f4     0x360e mesh/bootloader/CMakeFiles/mesh_bootloader_gccarmemb_nrf52840_xxAA.dir/src/dfu_mesh.c.obj
 .debug_info    0x0000df02      0xed9 mesh/bootloader/CMakeFiles/mesh_bootloader_gccarmemb_nrf52840_xxAA.dir/src/dfu_transfer_mesh.c.obj
 .debug_info    0x0000eddb     0x1718 mesh/bootloader/CMakeFiles/mesh_bootloader_gccarmemb_nrf52840_xxAA.dir/src/dfu_util.c.obj
 .debug_info    0x000104f3      0xc77 mesh/bootloader/CMakeFiles/mesh_bootloader_gccarmemb_nrf52840_xxAA.dir/src/fifo.c.obj
 .debug_info    0x0001116a     0x1611 mesh/bootloader/CMakeFiles/mesh_bootloader_gccarmemb_nrf52840_xxAA.dir/src/main.c.obj
 .debug_info    0x0001277b     0x13e7 mesh/bootloader/CMakeFiles/mesh_bootloader_gccarmemb_nrf52840_xxAA.dir/src/mesh_packet.c.obj
 .debug_info    0x00013b62      0x774 mesh/bootloader/CMakeFiles/mesh_bootloader_gccarmemb_nrf52840_xxAA.dir/src/nrf_flash.c.obj
 .debug_info    0x000142d6     0x1817 mesh/bootloader/CMakeFiles/mesh_bootloader_gccarmemb_nrf52840_xxAA.dir/src/radio_control.c.obj
 .debug_info    0x00015aed      0x34d mesh/bootloader/CMakeFiles/mesh_bootloader_gccarmemb_nrf52840_xxAA.dir/src/rand.c.obj
 .debug_info    0x00015e3a     0x1b9e mesh/bootloader/CMakeFiles/mesh_bootloader_gccarmemb_nrf52840_xxAA.dir/src/transport.c.obj
 .debug_info    0x000179d8     0x1ecf mesh/bootloader/CMakeFiles/mesh_bootloader_gccarmemb_nrf52840_xxAA.dir/src/uECC.c.obj
 .debug_info    0x000198a7      0xc21 mesh/bootloader/CMakeFiles/mesh_bootloader_gccarmemb_nrf52840_xxAA.dir/C_/Users/trsn/dev/SDK/15/components/libraries/sha256/sha256.c.obj
 .debug_info    0x0001a4c8     0x139f mesh/bootloader/CMakeFiles/mesh_bootloader_gccarmemb_nrf52840_xxAA.dir/C_/Users/trsn/dev/SDK/15/modules/nrfx/mdk/system_nrf52840.c.obj

.debug_abbrev   0x00000000     0x3d08
 .debug_abbrev  0x00000000      0x467 mesh/bootloader/CMakeFiles/mesh_bootloader_gccarmemb_nrf52840_xxAA.dir/src/bootloader.c.obj
 .debug_abbrev  0x00000467      0x37c mesh/bootloader/CMakeFiles/mesh_bootloader_gccarmemb_nrf52840_xxAA.dir/src/bootloader_app_bridge.c.obj
 .debug_abbrev  0x000007e3      0x4d6 mesh/bootloader/CMakeFiles/mesh_bootloader_gccarmemb_nrf52840_xxAA.dir/src/bootloader_info.c.obj
 .debug_abbrev  0x00000cb9      0x191 mesh/bootloader/CMakeFiles/mesh_bootloader_gccarmemb_nrf52840_xxAA.dir/src/bootloader_rtc.c.obj
 .debug_abbrev  0x00000e4a      0x1db mesh/bootloader/CMakeFiles/mesh_bootloader_gccarmemb_nrf52840_xxAA.dir/src/bootloader_util.c.obj
 .debug_abbrev  0x00001025      0x42f mesh/bootloader/CMakeFiles/mesh_bootloader_gccarmemb_nrf52840_xxAA.dir/src/dfu_bank.c.obj
 .debug_abbrev  0x00001454      0x4bd mesh/bootloader/CMakeFiles/mesh_bootloader_gccarmemb_nrf52840_xxAA.dir/src/dfu_mesh.c.obj
 .debug_abbrev  0x00001911      0x384 mesh/bootloader/CMakeFiles/mesh_bootloader_gccarmemb_nrf52840_xxAA.dir/src/dfu_transfer_mesh.c.obj
 .debug_abbrev  0x00001c95      0x405 mesh/bootloader/CMakeFiles/mesh_bootloader_gccarmemb_nrf52840_xxAA.dir/src/dfu_util.c.obj
 .debug_abbrev  0x0000209a      0x2d4 mesh/bootloader/CMakeFiles/mesh_bootloader_gccarmemb_nrf52840_xxAA.dir/src/fifo.c.obj
 .debug_abbrev  0x0000236e      0x31b mesh/bootloader/CMakeFiles/mesh_bootloader_gccarmemb_nrf52840_xxAA.dir/src/main.c.obj
 .debug_abbrev  0x00002689      0x375 mesh/bootloader/CMakeFiles/mesh_bootloader_gccarmemb_nrf52840_xxAA.dir/src/mesh_packet.c.obj
 .debug_abbrev  0x000029fe      0x1b3 mesh/bootloader/CMakeFiles/mesh_bootloader_gccarmemb_nrf52840_xxAA.dir/src/nrf_flash.c.obj
 .debug_abbrev  0x00002bb1      0x43e mesh/bootloader/CMakeFiles/mesh_bootloader_gccarmemb_nrf52840_xxAA.dir/src/radio_control.c.obj
 .debug_abbrev  0x00002fef      0x179 mesh/bootloader/CMakeFiles/mesh_bootloader_gccarmemb_nrf52840_xxAA.dir/src/rand.c.obj
 .debug_abbrev  0x00003168      0x4b9 mesh/bootloader/CMakeFiles/mesh_bootloader_gccarmemb_nrf52840_xxAA.dir/src/transport.c.obj
 .debug_abbrev  0x00003621      0x292 mesh/bootloader/CMakeFiles/mesh_bootloader_gccarmemb_nrf52840_xxAA.dir/src/uECC.c.obj
 .debug_abbrev  0x000038b3      0x24a mesh/bootloader/CMakeFiles/mesh_bootloader_gccarmemb_nrf52840_xxAA.dir/C_/Users/trsn/dev/SDK/15/components/libraries/sha256/sha256.c.obj
 .debug_abbrev  0x00003afd      0x20b mesh/bootloader/CMakeFiles/mesh_bootloader_gccarmemb_nrf52840_xxAA.dir/C_/Users/trsn/dev/SDK/15/modules/nrfx/mdk/system_nrf52840.c.obj

.debug_loc      0x00000000     0x5cd7
 .debug_loc     0x00000000      0x54b mesh/bootloader/CMakeFiles/mesh_bootloader_gccarmemb_nrf52840_xxAA.dir/src/bootloader.c.obj
 .debug_loc     0x0000054b      0x36d mesh/bootloader/CMakeFiles/mesh_bootloader_gccarmemb_nrf52840_xxAA.dir/src/bootloader_app_bridge.c.obj
 .debug_loc     0x000008b8      0xad5 mesh/bootloader/CMakeFiles/mesh_bootloader_gccarmemb_nrf52840_xxAA.dir/src/bootloader_info.c.obj
 .debug_loc     0x0000138d       0x3c mesh/bootloader/CMakeFiles/mesh_bootloader_gccarmemb_nrf52840_xxAA.dir/src/bootloader_rtc.c.obj
 .debug_loc     0x000013c9       0x31 mesh/bootloader/CMakeFiles/mesh_bootloader_gccarmemb_nrf52840_xxAA.dir/src/bootloader_util.c.obj
 .debug_loc     0x000013fa      0x315 mesh/bootloader/CMakeFiles/mesh_bootloader_gccarmemb_nrf52840_xxAA.dir/src/dfu_bank.c.obj
 .debug_loc     0x0000170f      0xf3d mesh/bootloader/CMakeFiles/mesh_bootloader_gccarmemb_nrf52840_xxAA.dir/src/dfu_mesh.c.obj
 .debug_loc     0x0000264c      0x4e3 mesh/bootloader/CMakeFiles/mesh_bootloader_gccarmemb_nrf52840_xxAA.dir/src/dfu_transfer_mesh.c.obj
 .debug_loc     0x00002b2f      0x5c5 mesh/bootloader/CMakeFiles/mesh_bootloader_gccarmemb_nrf52840_xxAA.dir/src/dfu_util.c.obj
 .debug_loc     0x000030f4      0x369 mesh/bootloader/CMakeFiles/mesh_bootloader_gccarmemb_nrf52840_xxAA.dir/src/fifo.c.obj
 .debug_loc     0x0000345d       0x3c mesh/bootloader/CMakeFiles/mesh_bootloader_gccarmemb_nrf52840_xxAA.dir/src/main.c.obj
 .debug_loc     0x00003499      0x582 mesh/bootloader/CMakeFiles/mesh_bootloader_gccarmemb_nrf52840_xxAA.dir/src/mesh_packet.c.obj
 .debug_loc     0x00003a1b      0x184 mesh/bootloader/CMakeFiles/mesh_bootloader_gccarmemb_nrf52840_xxAA.dir/src/nrf_flash.c.obj
 .debug_loc     0x00003b9f      0x259 mesh/bootloader/CMakeFiles/mesh_bootloader_gccarmemb_nrf52840_xxAA.dir/src/radio_control.c.obj
 .debug_loc     0x00003df8      0x12d mesh/bootloader/CMakeFiles/mesh_bootloader_gccarmemb_nrf52840_xxAA.dir/src/rand.c.obj
 .debug_loc     0x00003f25      0x583 mesh/bootloader/CMakeFiles/mesh_bootloader_gccarmemb_nrf52840_xxAA.dir/src/transport.c.obj
 .debug_loc     0x000044a8     0x12f8 mesh/bootloader/CMakeFiles/mesh_bootloader_gccarmemb_nrf52840_xxAA.dir/src/uECC.c.obj
 .debug_loc     0x000057a0      0x537 mesh/bootloader/CMakeFiles/mesh_bootloader_gccarmemb_nrf52840_xxAA.dir/C_/Users/trsn/dev/SDK/15/components/libraries/sha256/sha256.c.obj

.debug_aranges  0x00000000      0x760
 .debug_aranges
                0x00000000       0x70 mesh/bootloader/CMakeFiles/mesh_bootloader_gccarmemb_nrf52840_xxAA.dir/src/bootloader.c.obj
 .debug_aranges
                0x00000070       0x70 mesh/bootloader/CMakeFiles/mesh_bootloader_gccarmemb_nrf52840_xxAA.dir/src/bootloader_app_bridge.c.obj
 .debug_aranges
                0x000000e0       0xc0 mesh/bootloader/CMakeFiles/mesh_bootloader_gccarmemb_nrf52840_xxAA.dir/src/bootloader_info.c.obj
 .debug_aranges
                0x000001a0       0x28 mesh/bootloader/CMakeFiles/mesh_bootloader_gccarmemb_nrf52840_xxAA.dir/src/bootloader_rtc.c.obj
 .debug_aranges
                0x000001c8       0x20 mesh/bootloader/CMakeFiles/mesh_bootloader_gccarmemb_nrf52840_xxAA.dir/src/bootloader_util.c.obj
 .debug_aranges
                0x000001e8       0x50 mesh/bootloader/CMakeFiles/mesh_bootloader_gccarmemb_nrf52840_xxAA.dir/src/dfu_bank.c.obj
 .debug_aranges
                0x00000238       0xb8 mesh/bootloader/CMakeFiles/mesh_bootloader_gccarmemb_nrf52840_xxAA.dir/src/dfu_mesh.c.obj
 .debug_aranges
                0x000002f0       0x60 mesh/bootloader/CMakeFiles/mesh_bootloader_gccarmemb_nrf52840_xxAA.dir/src/dfu_transfer_mesh.c.obj
 .debug_aranges
                0x00000350       0xa0 mesh/bootloader/CMakeFiles/mesh_bootloader_gccarmemb_nrf52840_xxAA.dir/src/dfu_util.c.obj
 .debug_aranges
                0x000003f0       0x60 mesh/bootloader/CMakeFiles/mesh_bootloader_gccarmemb_nrf52840_xxAA.dir/src/fifo.c.obj
 .debug_aranges
                0x00000450       0x38 mesh/bootloader/CMakeFiles/mesh_bootloader_gccarmemb_nrf52840_xxAA.dir/src/main.c.obj
 .debug_aranges
                0x00000488       0x80 mesh/bootloader/CMakeFiles/mesh_bootloader_gccarmemb_nrf52840_xxAA.dir/src/mesh_packet.c.obj
 .debug_aranges
                0x00000508       0x28 mesh/bootloader/CMakeFiles/mesh_bootloader_gccarmemb_nrf52840_xxAA.dir/src/nrf_flash.c.obj
 .debug_aranges
                0x00000530       0x40 mesh/bootloader/CMakeFiles/mesh_bootloader_gccarmemb_nrf52840_xxAA.dir/src/radio_control.c.obj
 .debug_aranges
                0x00000570       0x30 mesh/bootloader/CMakeFiles/mesh_bootloader_gccarmemb_nrf52840_xxAA.dir/src/rand.c.obj
 .debug_aranges
                0x000005a0       0xa8 mesh/bootloader/CMakeFiles/mesh_bootloader_gccarmemb_nrf52840_xxAA.dir/src/transport.c.obj
 .debug_aranges
                0x00000648       0xb0 mesh/bootloader/CMakeFiles/mesh_bootloader_gccarmemb_nrf52840_xxAA.dir/src/uECC.c.obj
 .debug_aranges
                0x000006f8       0x38 mesh/bootloader/CMakeFiles/mesh_bootloader_gccarmemb_nrf52840_xxAA.dir/C_/Users/trsn/dev/SDK/15/components/libraries/sha256/sha256.c.obj
 .debug_aranges
                0x00000730       0x30 mesh/bootloader/CMakeFiles/mesh_bootloader_gccarmemb_nrf52840_xxAA.dir/C_/Users/trsn/dev/SDK/15/modules/nrfx/mdk/system_nrf52840.c.obj

.debug_ranges   0x00000000      0xe00
 .debug_ranges  0x00000000       0xf0 mesh/bootloader/CMakeFiles/mesh_bootloader_gccarmemb_nrf52840_xxAA.dir/src/bootloader.c.obj
 .debug_ranges  0x000000f0       0x60 mesh/bootloader/CMakeFiles/mesh_bootloader_gccarmemb_nrf52840_xxAA.dir/src/bootloader_app_bridge.c.obj
 .debug_ranges  0x00000150      0x1a8 mesh/bootloader/CMakeFiles/mesh_bootloader_gccarmemb_nrf52840_xxAA.dir/src/bootloader_info.c.obj
 .debug_ranges  0x000002f8       0x18 mesh/bootloader/CMakeFiles/mesh_bootloader_gccarmemb_nrf52840_xxAA.dir/src/bootloader_rtc.c.obj
 .debug_ranges  0x00000310       0x10 mesh/bootloader/CMakeFiles/mesh_bootloader_gccarmemb_nrf52840_xxAA.dir/src/bootloader_util.c.obj
 .debug_ranges  0x00000320       0xa8 mesh/bootloader/CMakeFiles/mesh_bootloader_gccarmemb_nrf52840_xxAA.dir/src/dfu_bank.c.obj
 .debug_ranges  0x000003c8      0x318 mesh/bootloader/CMakeFiles/mesh_bootloader_gccarmemb_nrf52840_xxAA.dir/src/dfu_mesh.c.obj
 .debug_ranges  0x000006e0       0xa0 mesh/bootloader/CMakeFiles/mesh_bootloader_gccarmemb_nrf52840_xxAA.dir/src/dfu_transfer_mesh.c.obj
 .debug_ranges  0x00000780       0xc0 mesh/bootloader/CMakeFiles/mesh_bootloader_gccarmemb_nrf52840_xxAA.dir/src/dfu_util.c.obj
 .debug_ranges  0x00000840       0x68 mesh/bootloader/CMakeFiles/mesh_bootloader_gccarmemb_nrf52840_xxAA.dir/src/fifo.c.obj
 .debug_ranges  0x000008a8       0x28 mesh/bootloader/CMakeFiles/mesh_bootloader_gccarmemb_nrf52840_xxAA.dir/src/main.c.obj
 .debug_ranges  0x000008d0       0x90 mesh/bootloader/CMakeFiles/mesh_bootloader_gccarmemb_nrf52840_xxAA.dir/src/mesh_packet.c.obj
 .debug_ranges  0x00000960       0x70 mesh/bootloader/CMakeFiles/mesh_bootloader_gccarmemb_nrf52840_xxAA.dir/src/nrf_flash.c.obj
 .debug_ranges  0x000009d0       0xe8 mesh/bootloader/CMakeFiles/mesh_bootloader_gccarmemb_nrf52840_xxAA.dir/src/radio_control.c.obj
 .debug_ranges  0x00000ab8       0x20 mesh/bootloader/CMakeFiles/mesh_bootloader_gccarmemb_nrf52840_xxAA.dir/src/rand.c.obj
 .debug_ranges  0x00000ad8      0x148 mesh/bootloader/CMakeFiles/mesh_bootloader_gccarmemb_nrf52840_xxAA.dir/src/transport.c.obj
 .debug_ranges  0x00000c20      0x198 mesh/bootloader/CMakeFiles/mesh_bootloader_gccarmemb_nrf52840_xxAA.dir/src/uECC.c.obj
 .debug_ranges  0x00000db8       0x28 mesh/bootloader/CMakeFiles/mesh_bootloader_gccarmemb_nrf52840_xxAA.dir/C_/Users/trsn/dev/SDK/15/components/libraries/sha256/sha256.c.obj
 .debug_ranges  0x00000de0       0x20 mesh/bootloader/CMakeFiles/mesh_bootloader_gccarmemb_nrf52840_xxAA.dir/C_/Users/trsn/dev/SDK/15/modules/nrfx/mdk/system_nrf52840.c.obj

.debug_line     0x00000000     0x4ed3
 .debug_line    0x00000000      0x6dc mesh/bootloader/CMakeFiles/mesh_bootloader_gccarmemb_nrf52840_xxAA.dir/src/bootloader.c.obj
 .debug_line    0x000006dc      0x470 mesh/bootloader/CMakeFiles/mesh_bootloader_gccarmemb_nrf52840_xxAA.dir/src/bootloader_app_bridge.c.obj
 .debug_line    0x00000b4c      0x628 mesh/bootloader/CMakeFiles/mesh_bootloader_gccarmemb_nrf52840_xxAA.dir/src/bootloader_info.c.obj
 .debug_line    0x00001174      0x1f6 mesh/bootloader/CMakeFiles/mesh_bootloader_gccarmemb_nrf52840_xxAA.dir/src/bootloader_rtc.c.obj
 .debug_line    0x0000136a      0x162 mesh/bootloader/CMakeFiles/mesh_bootloader_gccarmemb_nrf52840_xxAA.dir/src/bootloader_util.c.obj
 .debug_line    0x000014cc      0x529 mesh/bootloader/CMakeFiles/mesh_bootloader_gccarmemb_nrf52840_xxAA.dir/src/dfu_bank.c.obj
 .debug_line    0x000019f5      0x8c6 mesh/bootloader/CMakeFiles/mesh_bootloader_gccarmemb_nrf52840_xxAA.dir/src/dfu_mesh.c.obj
 .debug_line    0x000022bb      0x403 mesh/bootloader/CMakeFiles/mesh_bootloader_gccarmemb_nrf52840_xxAA.dir/src/dfu_transfer_mesh.c.obj
 .debug_line    0x000026be      0x478 mesh/bootloader/CMakeFiles/mesh_bootloader_gccarmemb_nrf52840_xxAA.dir/src/dfu_util.c.obj
 .debug_line    0x00002b36      0x356 mesh/bootloader/CMakeFiles/mesh_bootloader_gccarmemb_nrf52840_xxAA.dir/src/fifo.c.obj
 .debug_line    0x00002e8c      0x308 mesh/bootloader/CMakeFiles/mesh_bootloader_gccarmemb_nrf52840_xxAA.dir/src/main.c.obj
 .debug_line    0x00003194      0x472 mesh/bootloader/CMakeFiles/mesh_bootloader_gccarmemb_nrf52840_xxAA.dir/src/mesh_packet.c.obj
 .debug_line    0x00003606      0x201 mesh/bootloader/CMakeFiles/mesh_bootloader_gccarmemb_nrf52840_xxAA.dir/src/nrf_flash.c.obj
 .debug_line    0x00003807      0x3c2 mesh/bootloader/CMakeFiles/mesh_bootloader_gccarmemb_nrf52840_xxAA.dir/src/radio_control.c.obj
 .debug_line    0x00003bc9      0x1f5 mesh/bootloader/CMakeFiles/mesh_bootloader_gccarmemb_nrf52840_xxAA.dir/src/rand.c.obj
 .debug_line    0x00003dbe      0x585 mesh/bootloader/CMakeFiles/mesh_bootloader_gccarmemb_nrf52840_xxAA.dir/src/transport.c.obj
 .debug_line    0x00004343      0x53e mesh/bootloader/CMakeFiles/mesh_bootloader_gccarmemb_nrf52840_xxAA.dir/src/uECC.c.obj
 .debug_line    0x00004881      0x43f mesh/bootloader/CMakeFiles/mesh_bootloader_gccarmemb_nrf52840_xxAA.dir/C_/Users/trsn/dev/SDK/15/components/libraries/sha256/sha256.c.obj
 .debug_line    0x00004cc0      0x213 mesh/bootloader/CMakeFiles/mesh_bootloader_gccarmemb_nrf52840_xxAA.dir/C_/Users/trsn/dev/SDK/15/modules/nrfx/mdk/system_nrf52840.c.obj

.debug_str      0x00000000     0x4899
 .debug_str     0x00000000     0x232c mesh/bootloader/CMakeFiles/mesh_bootloader_gccarmemb_nrf52840_xxAA.dir/src/bootloader.c.obj
                               0x256f (size before relaxing)
 .debug_str     0x0000232c      0x335 mesh/bootloader/CMakeFiles/mesh_bootloader_gccarmemb_nrf52840_xxAA.dir/src/bootloader_app_bridge.c.obj
                               0x19e8 (size before relaxing)
 .debug_str     0x00002661      0x51d mesh/bootloader/CMakeFiles/mesh_bootloader_gccarmemb_nrf52840_xxAA.dir/src/bootloader_info.c.obj
                               0x10a2 (size before relaxing)
 .debug_str     0x00002b7e       0x52 mesh/bootloader/CMakeFiles/mesh_bootloader_gccarmemb_nrf52840_xxAA.dir/src/bootloader_rtc.c.obj
                                0x6f6 (size before relaxing)
 .debug_str     0x00002bd0       0x3f mesh/bootloader/CMakeFiles/mesh_bootloader_gccarmemb_nrf52840_xxAA.dir/src/bootloader_util.c.obj
                                0x60e (size before relaxing)
 .debug_str     0x00002c0f      0x182 mesh/bootloader/CMakeFiles/mesh_bootloader_gccarmemb_nrf52840_xxAA.dir/src/dfu_bank.c.obj
                               0x1808 (size before relaxing)
 .debug_str     0x00002d91      0x7f2 mesh/bootloader/CMakeFiles/mesh_bootloader_gccarmemb_nrf52840_xxAA.dir/src/dfu_mesh.c.obj
                               0x1ba7 (size before relaxing)
 .debug_str     0x00003583      0x114 mesh/bootloader/CMakeFiles/mesh_bootloader_gccarmemb_nrf52840_xxAA.dir/src/dfu_transfer_mesh.c.obj
                                0xa3e (size before relaxing)
 .debug_str     0x00003697      0x140 mesh/bootloader/CMakeFiles/mesh_bootloader_gccarmemb_nrf52840_xxAA.dir/src/dfu_util.c.obj
                               0x1156 (size before relaxing)
 .debug_str     0x000037d7       0x68 mesh/bootloader/CMakeFiles/mesh_bootloader_gccarmemb_nrf52840_xxAA.dir/src/fifo.c.obj
                                0x6fd (size before relaxing)
 .debug_str     0x0000383f      0x1f5 mesh/bootloader/CMakeFiles/mesh_bootloader_gccarmemb_nrf52840_xxAA.dir/src/main.c.obj
                                0xf73 (size before relaxing)
 .debug_str     0x00003a34      0x170 mesh/bootloader/CMakeFiles/mesh_bootloader_gccarmemb_nrf52840_xxAA.dir/src/mesh_packet.c.obj
                                0xb32 (size before relaxing)
 .debug_str     0x00003ba4       0xc9 mesh/bootloader/CMakeFiles/mesh_bootloader_gccarmemb_nrf52840_xxAA.dir/src/nrf_flash.c.obj
                                0x4ab (size before relaxing)
 .debug_str     0x00003c6d      0x584 mesh/bootloader/CMakeFiles/mesh_bootloader_gccarmemb_nrf52840_xxAA.dir/src/radio_control.c.obj
                               0x1062 (size before relaxing)
 .debug_str     0x000041f1       0x7d mesh/bootloader/CMakeFiles/mesh_bootloader_gccarmemb_nrf52840_xxAA.dir/src/rand.c.obj
                                0x310 (size before relaxing)
 .debug_str     0x0000426e      0x1b7 mesh/bootloader/CMakeFiles/mesh_bootloader_gccarmemb_nrf52840_xxAA.dir/src/transport.c.obj
                               0x102d (size before relaxing)
 .debug_str     0x00004425      0x2a3 mesh/bootloader/CMakeFiles/mesh_bootloader_gccarmemb_nrf52840_xxAA.dir/src/uECC.c.obj
                                0x4d3 (size before relaxing)
 .debug_str     0x000046c8       0x6b mesh/bootloader/CMakeFiles/mesh_bootloader_gccarmemb_nrf52840_xxAA.dir/C_/Users/trsn/dev/SDK/15/components/libraries/sha256/sha256.c.obj
                                0x6c3 (size before relaxing)
 .debug_str     0x00004733      0x166 mesh/bootloader/CMakeFiles/mesh_bootloader_gccarmemb_nrf52840_xxAA.dir/C_/Users/trsn/dev/SDK/15/modules/nrfx/mdk/system_nrf52840.c.obj
                                0x90d (size before relaxing)

.debug_frame    0x00000000     0x14dc
 .debug_frame   0x00000000      0x138 mesh/bootloader/CMakeFiles/mesh_bootloader_gccarmemb_nrf52840_xxAA.dir/src/bootloader.c.obj
 .debug_frame   0x00000138      0x130 mesh/bootloader/CMakeFiles/mesh_bootloader_gccarmemb_nrf52840_xxAA.dir/src/bootloader_app_bridge.c.obj
 .debug_frame   0x00000268      0x230 mesh/bootloader/CMakeFiles/mesh_bootloader_gccarmemb_nrf52840_xxAA.dir/src/bootloader_info.c.obj
 .debug_frame   0x00000498       0x40 mesh/bootloader/CMakeFiles/mesh_bootloader_gccarmemb_nrf52840_xxAA.dir/src/bootloader_rtc.c.obj
 .debug_frame   0x000004d8       0x30 mesh/bootloader/CMakeFiles/mesh_bootloader_gccarmemb_nrf52840_xxAA.dir/src/bootloader_util.c.obj
 .debug_frame   0x00000508       0xbc mesh/bootloader/CMakeFiles/mesh_bootloader_gccarmemb_nrf52840_xxAA.dir/src/dfu_bank.c.obj
 .debug_frame   0x000005c4      0x284 mesh/bootloader/CMakeFiles/mesh_bootloader_gccarmemb_nrf52840_xxAA.dir/src/dfu_mesh.c.obj
 .debug_frame   0x00000848      0x10c mesh/bootloader/CMakeFiles/mesh_bootloader_gccarmemb_nrf52840_xxAA.dir/src/dfu_transfer_mesh.c.obj
 .debug_frame   0x00000954      0x19c mesh/bootloader/CMakeFiles/mesh_bootloader_gccarmemb_nrf52840_xxAA.dir/src/dfu_util.c.obj
 .debug_frame   0x00000af0       0xc8 mesh/bootloader/CMakeFiles/mesh_bootloader_gccarmemb_nrf52840_xxAA.dir/src/fifo.c.obj
 .debug_frame   0x00000bb8       0x58 mesh/bootloader/CMakeFiles/mesh_bootloader_gccarmemb_nrf52840_xxAA.dir/src/main.c.obj
 .debug_frame   0x00000c10      0x154 mesh/bootloader/CMakeFiles/mesh_bootloader_gccarmemb_nrf52840_xxAA.dir/src/mesh_packet.c.obj
 .debug_frame   0x00000d64       0x50 mesh/bootloader/CMakeFiles/mesh_bootloader_gccarmemb_nrf52840_xxAA.dir/src/nrf_flash.c.obj
 .debug_frame   0x00000db4       0xac mesh/bootloader/CMakeFiles/mesh_bootloader_gccarmemb_nrf52840_xxAA.dir/src/radio_control.c.obj
 .debug_frame   0x00000e60       0x60 mesh/bootloader/CMakeFiles/mesh_bootloader_gccarmemb_nrf52840_xxAA.dir/src/rand.c.obj
 .debug_frame   0x00000ec0      0x1cc mesh/bootloader/CMakeFiles/mesh_bootloader_gccarmemb_nrf52840_xxAA.dir/src/transport.c.obj
 .debug_frame   0x0000108c      0x22c mesh/bootloader/CMakeFiles/mesh_bootloader_gccarmemb_nrf52840_xxAA.dir/src/uECC.c.obj
 .debug_frame   0x000012b8       0x98 mesh/bootloader/CMakeFiles/mesh_bootloader_gccarmemb_nrf52840_xxAA.dir/C_/Users/trsn/dev/SDK/15/components/libraries/sha256/sha256.c.obj
 .debug_frame   0x00001350       0x48 mesh/bootloader/CMakeFiles/mesh_bootloader_gccarmemb_nrf52840_xxAA.dir/C_/Users/trsn/dev/SDK/15/modules/nrfx/mdk/system_nrf52840.c.obj
 .debug_frame   0x00001398       0x2c c:/gccarmemb/6_2017-q2-update/bin/../lib/gcc/arm-none-eabi/6.3.1/thumb/v7e-m/fpv4-sp/hard\libgcc.a(_aeabi_uldivmod.o)
 .debug_frame   0x000013c4       0x34 c:/gccarmemb/6_2017-q2-update/bin/../lib/gcc/arm-none-eabi/6.3.1/thumb/v7e-m/fpv4-sp/hard\libgcc.a(_udivmoddi4.o)
 .debug_frame   0x000013f8       0x28 c:/gccarmemb/6_2017-q2-update/bin/../lib/gcc/arm-none-eabi/6.3.1/../../../../arm-none-eabi/lib/thumb/v7e-m/fpv4-sp/hard\libg_nano.a(lib_a-exit.o)
 .debug_frame   0x00001420       0x2c c:/gccarmemb/6_2017-q2-update/bin/../lib/gcc/arm-none-eabi/6.3.1/../../../../arm-none-eabi/lib/thumb/v7e-m/fpv4-sp/hard\libg_nano.a(lib_a-init.o)
 .debug_frame   0x0000144c       0x28 c:/gccarmemb/6_2017-q2-update/bin/../lib/gcc/arm-none-eabi/6.3.1/../../../../arm-none-eabi/lib/thumb/v7e-m/fpv4-sp/hard\libg_nano.a(lib_a-memcmp.o)
 .debug_frame   0x00001474       0x28 c:/gccarmemb/6_2017-q2-update/bin/../lib/gcc/arm-none-eabi/6.3.1/../../../../arm-none-eabi/lib/thumb/v7e-m/fpv4-sp/hard\libg_nano.a(lib_a-memcpy-stub.o)
 .debug_frame   0x0000149c       0x20 c:/gccarmemb/6_2017-q2-update/bin/../lib/gcc/arm-none-eabi/6.3.1/../../../../arm-none-eabi/lib/thumb/v7e-m/fpv4-sp/hard\libg_nano.a(lib_a-memset.o)
 .debug_frame   0x000014bc       0x20 c:/gccarmemb/6_2017-q2-update/bin/../lib/gcc/arm-none-eabi/6.3.1/../../../../arm-none-eabi/lib/thumb/v7e-m/fpv4-sp/hard\libnosys.a(_exit.o)
