Archive member included to satisfy reference by file (symbol)

c:/progra~2/gnutoo~1/72018-~1/bin/../lib/gcc/arm-none-eabi/7.3.1/thumb/v7e-m/fpv4-sp/hard\libgcc.a(_aeabi_ldivmod.o)
                              mesh/bootloader/CMakeFiles/mesh_bootloader_gccarmemb_nrf52833_xxAA.dir/src/bootloader.c.obj (__aeabi_ldivmod)
c:/progra~2/gnutoo~1/72018-~1/bin/../lib/gcc/arm-none-eabi/7.3.1/thumb/v7e-m/fpv4-sp/hard\libgcc.a(_aeabi_uldivmod.o)
                              mesh/bootloader/CMakeFiles/mesh_bootloader_gccarmemb_nrf52833_xxAA.dir/src/bootloader.c.obj (__aeabi_uldivmod)
c:/progra~2/gnutoo~1/72018-~1/bin/../lib/gcc/arm-none-eabi/7.3.1/thumb/v7e-m/fpv4-sp/hard\libgcc.a(_udivmoddi4.o)
                              c:/progra~2/gnutoo~1/72018-~1/bin/../lib/gcc/arm-none-eabi/7.3.1/thumb/v7e-m/fpv4-sp/hard\libgcc.a(_aeabi_ldivmod.o) (__udivmoddi4)
c:/progra~2/gnutoo~1/72018-~1/bin/../lib/gcc/arm-none-eabi/7.3.1/thumb/v7e-m/fpv4-sp/hard\libgcc.a(_dvmd_tls.o)
                              c:/progra~2/gnutoo~1/72018-~1/bin/../lib/gcc/arm-none-eabi/7.3.1/thumb/v7e-m/fpv4-sp/hard\libgcc.a(_aeabi_ldivmod.o) (__aeabi_ldiv0)
c:/progra~2/gnutoo~1/72018-~1/bin/../lib/gcc/arm-none-eabi/7.3.1/../../../../arm-none-eabi/lib/thumb/v7e-m/fpv4-sp/hard\libg_nano.a(lib_a-exit.o)
                              c:/progra~2/gnutoo~1/72018-~1/bin/../lib/gcc/arm-none-eabi/7.3.1/../../../../arm-none-eabi/lib/thumb/v7e-m/fpv4-sp/hard/crt0.o (exit)
c:/progra~2/gnutoo~1/72018-~1/bin/../lib/gcc/arm-none-eabi/7.3.1/../../../../arm-none-eabi/lib/thumb/v7e-m/fpv4-sp/hard\libg_nano.a(lib_a-impure.o)
                              c:/progra~2/gnutoo~1/72018-~1/bin/../lib/gcc/arm-none-eabi/7.3.1/../../../../arm-none-eabi/lib/thumb/v7e-m/fpv4-sp/hard\libg_nano.a(lib_a-exit.o) (_global_impure_ptr)
c:/progra~2/gnutoo~1/72018-~1/bin/../lib/gcc/arm-none-eabi/7.3.1/../../../../arm-none-eabi/lib/thumb/v7e-m/fpv4-sp/hard\libg_nano.a(lib_a-init.o)
                              c:/progra~2/gnutoo~1/72018-~1/bin/../lib/gcc/arm-none-eabi/7.3.1/../../../../arm-none-eabi/lib/thumb/v7e-m/fpv4-sp/hard/crt0.o (__libc_init_array)
c:/progra~2/gnutoo~1/72018-~1/bin/../lib/gcc/arm-none-eabi/7.3.1/../../../../arm-none-eabi/lib/thumb/v7e-m/fpv4-sp/hard\libg_nano.a(lib_a-memcmp.o)
                              mesh/bootloader/CMakeFiles/mesh_bootloader_gccarmemb_nrf52833_xxAA.dir/src/dfu_bank.c.obj (memcmp)
c:/progra~2/gnutoo~1/72018-~1/bin/../lib/gcc/arm-none-eabi/7.3.1/../../../../arm-none-eabi/lib/thumb/v7e-m/fpv4-sp/hard\libg_nano.a(lib_a-memcpy-stub.o)
                              mesh/bootloader/CMakeFiles/mesh_bootloader_gccarmemb_nrf52833_xxAA.dir/src/bootloader.c.obj (memcpy)
c:/progra~2/gnutoo~1/72018-~1/bin/../lib/gcc/arm-none-eabi/7.3.1/../../../../arm-none-eabi/lib/thumb/v7e-m/fpv4-sp/hard\libg_nano.a(lib_a-memset.o)
                              c:/progra~2/gnutoo~1/72018-~1/bin/../lib/gcc/arm-none-eabi/7.3.1/../../../../arm-none-eabi/lib/thumb/v7e-m/fpv4-sp/hard/crt0.o (memset)
c:/progra~2/gnutoo~1/72018-~1/bin/../lib/gcc/arm-none-eabi/7.3.1/../../../../arm-none-eabi/lib/thumb/v7e-m/fpv4-sp/hard\libnosys.a(_exit.o)
                              c:/progra~2/gnutoo~1/72018-~1/bin/../lib/gcc/arm-none-eabi/7.3.1/../../../../arm-none-eabi/lib/thumb/v7e-m/fpv4-sp/hard\libg_nano.a(lib_a-exit.o) (_exit)

Allocating common symbols
Common symbol       size              file

m_tx_evt_bitfield   0x2               mesh/bootloader/CMakeFiles/mesh_bootloader_gccarmemb_nrf52833_xxAA.dir/src/transport.c.obj

Discarded input sections

 .text          0x00000000        0x0 c:/progra~2/gnutoo~1/72018-~1/bin/../lib/gcc/arm-none-eabi/7.3.1/thumb/v7e-m/fpv4-sp/hard/crti.o
 .data          0x00000000        0x0 c:/progra~2/gnutoo~1/72018-~1/bin/../lib/gcc/arm-none-eabi/7.3.1/thumb/v7e-m/fpv4-sp/hard/crti.o
 .bss           0x00000000        0x0 c:/progra~2/gnutoo~1/72018-~1/bin/../lib/gcc/arm-none-eabi/7.3.1/thumb/v7e-m/fpv4-sp/hard/crti.o
 .data          0x00000000        0x4 c:/progra~2/gnutoo~1/72018-~1/bin/../lib/gcc/arm-none-eabi/7.3.1/thumb/v7e-m/fpv4-sp/hard/crtbegin.o
 .data          0x00000000        0x0 c:/progra~2/gnutoo~1/72018-~1/bin/../lib/gcc/arm-none-eabi/7.3.1/../../../../arm-none-eabi/lib/thumb/v7e-m/fpv4-sp/hard/crt0.o
 .bss           0x00000000        0x0 c:/progra~2/gnutoo~1/72018-~1/bin/../lib/gcc/arm-none-eabi/7.3.1/../../../../arm-none-eabi/lib/thumb/v7e-m/fpv4-sp/hard/crt0.o
 .ARM.extab     0x00000000        0x0 c:/progra~2/gnutoo~1/72018-~1/bin/../lib/gcc/arm-none-eabi/7.3.1/../../../../arm-none-eabi/lib/thumb/v7e-m/fpv4-sp/hard/crt0.o
 .text          0x00000000        0x0 mesh/bootloader/CMakeFiles/mesh_bootloader_gccarmemb_nrf52833_xxAA.dir/src/bootloader.c.obj
 .data          0x00000000        0x0 mesh/bootloader/CMakeFiles/mesh_bootloader_gccarmemb_nrf52833_xxAA.dir/src/bootloader.c.obj
[...]
Memory Configuration

Name             Origin             Length             Attributes
FLASH            0x00078000         0x00006000         xr
RAM              0x20000004         0x0001fcfc         rw
CORE_BL_RAM      0x2001fd00         0x00000300         rw
UICR_BOOTADDR    0x10001014         0x00000004         r
UICR_MBRPARAMADDR 0x10001018         0x00000004         r
*default*        0x00000000         0xffffffff

Linker script and memory map

LOAD c:/progra~2/gnutoo~1/72018-~1/bin/../lib/gcc/arm-none-eabi/7.3.1/thumb/v7e-m/fpv4-sp/hard/crti.o
LOAD c:/progra~2/gnutoo~1/72018-~1/bin/../lib/gcc/arm-none-eabi/7.3.1/thumb/v7e-m/fpv4-sp/hard/crtbegin.o
LOAD c:/progra~2/gnutoo~1/72018-~1/bin/../lib/gcc/arm-none-eabi/7.3.1/../../../../arm-none-eabi/lib/thumb/v7e-m/fpv4-sp/hard/crt0.o
LOAD mesh/bootloader/CMakeFiles/mesh_bootloader_gccarmemb_nrf52833_xxAA.dir/src/bootloader.c.obj
LOAD mesh/bootloader/CMakeFiles/mesh_bootloader_gccarmemb_nrf52833_xxAA.dir/src/bootloader_app_bridge.c.obj
LOAD mesh/bootloader/CMakeFiles/mesh_bootloader_gccarmemb_nrf52833_xxAA.dir/src/bootloader_info.c.obj
LOAD mesh/bootloader/CMakeFiles/mesh_bootloader_gccarmemb_nrf52833_xxAA.dir/src/bootloader_rtc.c.obj
LOAD mesh/bootloader/CMakeFiles/mesh_bootloader_gccarmemb_nrf52833_xxAA.dir/src/bootloader_util.c.obj
LOAD mesh/bootloader/CMakeFiles/mesh_bootloader_gccarmemb_nrf52833_xxAA.dir/src/dfu_bank.c.obj
LOAD mesh/bootloader/CMakeFiles/mesh_bootloader_gccarmemb_nrf52833_xxAA.dir/src/dfu_mesh.c.obj
LOAD mesh/bootloader/CMakeFiles/mesh_bootloader_gccarmemb_nrf52833_xxAA.dir/src/dfu_transfer_mesh.c.obj
LOAD mesh/bootloader/CMakeFiles/mesh_bootloader_gccarmemb_nrf52833_xxAA.dir/src/dfu_util.c.obj
LOAD mesh/bootloader/CMakeFiles/mesh_bootloader_gccarmemb_nrf52833_xxAA.dir/src/fifo.c.obj
LOAD mesh/bootloader/CMakeFiles/mesh_bootloader_gccarmemb_nrf52833_xxAA.dir/src/main.c.obj
LOAD mesh/bootloader/CMakeFiles/mesh_bootloader_gccarmemb_nrf52833_xxAA.dir/src/mesh_packet.c.obj
LOAD mesh/bootloader/CMakeFiles/mesh_bootloader_gccarmemb_nrf52833_xxAA.dir/src/nrf_flash.c.obj
LOAD mesh/bootloader/CMakeFiles/mesh_bootloader_gccarmemb_nrf52833_xxAA.dir/src/radio_control.c.obj
LOAD mesh/bootloader/CMakeFiles/mesh_bootloader_gccarmemb_nrf52833_xxAA.dir/src/rand.c.obj
LOAD mesh/bootloader/CMakeFiles/mesh_bootloader_gccarmemb_nrf52833_xxAA.dir/src/transport.c.obj
LOAD mesh/bootloader/CMakeFiles/mesh_bootloader_gccarmemb_nrf52833_xxAA.dir/src/uECC.c.obj
LOAD mesh/bootloader/CMakeFiles/mesh_bootloader_gccarmemb_nrf52833_xxAA.dir/C_/dev/nRF5_SDK_16.0.0_98a08e2/components/libraries/sha256/sha256.c.obj
LOAD mesh/bootloader/CMakeFiles/mesh_bootloader_gccarmemb_nrf52833_xxAA.dir/C_/dev/nRF5_SDK_16.0.0_98a08e2/modules/nrfx/mdk/system_nrf52833.c.obj
LOAD mesh/bootloader/CMakeFiles/mesh_bootloader_gccarmemb_nrf52833_xxAA.dir/C_/dev/nRF5_SDK_16.0.0_98a08e2/modules/nrfx/mdk/gcc_startup_nrf52833.S.obj
START GROUP
LOAD c:/progra~2/gnutoo~1/72018-~1/bin/../lib/gcc/arm-none-eabi/7.3.1/thumb/v7e-m/fpv4-sp/hard\libgcc.a
LOAD c:/progra~2/gnutoo~1/72018-~1/bin/../lib/gcc/arm-none-eabi/7.3.1/../../../../arm-none-eabi/lib/thumb/v7e-m/fpv4-sp/hard\libg_nano.a
LOAD c:/progra~2/gnutoo~1/72018-~1/bin/../lib/gcc/arm-none-eabi/7.3.1/../../../../arm-none-eabi/lib/thumb/v7e-m/fpv4-sp/hard\libc_nano.a
END GROUP
START GROUP
LOAD c:/progra~2/gnutoo~1/72018-~1/bin/../lib/gcc/arm-none-eabi/7.3.1/thumb/v7e-m/fpv4-sp/hard\libgcc.a
LOAD c:/progra~2/gnutoo~1/72018-~1/bin/../lib/gcc/arm-none-eabi/7.3.1/../../../../arm-none-eabi/lib/thumb/v7e-m/fpv4-sp/hard\libc_nano.a
END GROUP
LOAD c:/progra~2/gnutoo~1/72018-~1/bin/../lib/gcc/arm-none-eabi/7.3.1/thumb/v7e-m/fpv4-sp/hard/crtend.o
LOAD c:/progra~2/gnutoo~1/72018-~1/bin/../lib/gcc/arm-none-eabi/7.3.1/thumb/v7e-m/fpv4-sp/hard/crtn.o
START GROUP
LOAD c:/progra~2/gnutoo~1/72018-~1/bin/../lib/gcc/arm-none-eabi/7.3.1/thumb/v7e-m/fpv4-sp/hard\libgcc.a
LOAD c:/progra~2/gnutoo~1/72018-~1/bin/../lib/gcc/arm-none-eabi/7.3.1/../../../../arm-none-eabi/lib/thumb/v7e-m/fpv4-sp/hard\libc.a
LOAD c:/progra~2/gnutoo~1/72018-~1/bin/../lib/gcc/arm-none-eabi/7.3.1/../../../../arm-none-eabi/lib/thumb/v7e-m/fpv4-sp/hard\libnosys.a
END GROUP

.core_data      0x2001fd00        0x4
                0x2001fd00                __core_ram_start__ = .
                0x2001fd00                . = ALIGN (0x4)
 *sha256.c.obj(.data*)
 *bootloader_app_bridge.c.obj(.data*)
 *bootloader_info.c.obj(.data*)
 *uECC.c.obj(.data*)
 *dfu_mesh.c.obj(.data*)
 .data.m_state  0x2001fd00        0x1 mesh/bootloader/CMakeFiles/mesh_bootloader_gccarmemb_nrf52833_xxAA.dir/src/dfu_mesh.c.obj
 .data.tx_slot.11704
                0x2001fd01        0x1 mesh/bootloader/CMakeFiles/mesh_bootloader_gccarmemb_nrf52833_xxAA.dir/src/dfu_mesh.c.obj
 *dfu_transfer_mesh.c.obj(.data*)
 *dfu_bank.c.obj(.data*)
 *dfu_util.c.obj(.data*)
                0x2001fd04                . = ALIGN (0x4)
 *fill*         0x2001fd02        0x2 
                0x2001fd04                __core_ram_end__ = .

.core_bss       0x2001fd08      0x210
                0x2001fd08                __core_ram_start__ = .
                0x2001fd08                . = ALIGN (0x4)
 *sha256.c.obj(.bss*)
 *bootloader_app_bridge.c.obj(.bss*)
 .bss.m_evt_handler
                0x2001fd08        0x4 mesh/bootloader/CMakeFiles/mesh_bootloader_gccarmemb_nrf52833_xxAA.dir/src/bootloader_app_bridge.c.obj
 .bss.m_in_bl   0x2001fd0c        0x1 mesh/bootloader/CMakeFiles/mesh_bootloader_gccarmemb_nrf52833_xxAA.dir/src/bootloader_app_bridge.c.obj
 *bootloader_info.c.obj(.bss*)
 *fill*         0x2001fd0d        0x3 
 .bss.m_info_copy
                0x2001fd10       0x1c mesh/bootloader/CMakeFiles/mesh_bootloader_gccarmemb_nrf52833_xxAA.dir/src/bootloader_info.c.obj
 .bss.m_state   0x2001fd2c        0x1 mesh/bootloader/CMakeFiles/mesh_bootloader_gccarmemb_nrf52833_xxAA.dir/src/bootloader_info.c.obj
 .bss.m_write_in_progress
                0x2001fd2d        0x1 mesh/bootloader/CMakeFiles/mesh_bootloader_gccarmemb_nrf52833_xxAA.dir/src/bootloader_info.c.obj
 *fill*         0x2001fd2e        0x2 
 .bss.mp_bl_info_bank_page
                0x2001fd30        0x4 mesh/bootloader/CMakeFiles/mesh_bootloader_gccarmemb_nrf52833_xxAA.dir/src/bootloader_info.c.obj
 .bss.mp_bl_info_page
                0x2001fd34        0x4 mesh/bootloader/CMakeFiles/mesh_bootloader_gccarmemb_nrf52833_xxAA.dir/src/bootloader_info.c.obj
 .bss.mp_info_entry_buffer
                0x2001fd38       0x80 mesh/bootloader/CMakeFiles/mesh_bootloader_gccarmemb_nrf52833_xxAA.dir/src/bootloader_info.c.obj
 .bss.mp_info_entry_head
                0x2001fdb8        0x4 mesh/bootloader/CMakeFiles/mesh_bootloader_gccarmemb_nrf52833_xxAA.dir/src/bootloader_info.c.obj
 .bss.mp_info_entry_tail
                0x2001fdbc        0x4 mesh/bootloader/CMakeFiles/mesh_bootloader_gccarmemb_nrf52833_xxAA.dir/src/bootloader_info.c.obj
 .bss.mp_write_pos
                0x2001fdc0        0x4 mesh/bootloader/CMakeFiles/mesh_bootloader_gccarmemb_nrf52833_xxAA.dir/src/bootloader_info.c.obj
 *uECC.c.obj(.bss*)
 *dfu_mesh.c.obj(.bss*)
 .bss.m_bl_info_pointers
                0x2001fdc4       0x28 mesh/bootloader/CMakeFiles/mesh_bootloader_gccarmemb_nrf52833_xxAA.dir/src/dfu_mesh.c.obj
 .bss.m_data_req_segment
                0x2001fdec        0x2 mesh/bootloader/CMakeFiles/mesh_bootloader_gccarmemb_nrf52833_xxAA.dir/src/dfu_mesh.c.obj
 .bss.m_req_cache
                0x2001fdee       0x10 mesh/bootloader/CMakeFiles/mesh_bootloader_gccarmemb_nrf52833_xxAA.dir/src/dfu_mesh.c.obj
 .bss.m_req_index
                0x2001fdfe        0x1 mesh/bootloader/CMakeFiles/mesh_bootloader_gccarmemb_nrf52833_xxAA.dir/src/dfu_mesh.c.obj
 *fill*         0x2001fdff        0x1 
 .bss.m_transaction
                0x2001fe00       0x74 mesh/bootloader/CMakeFiles/mesh_bootloader_gccarmemb_nrf52833_xxAA.dir/src/dfu_mesh.c.obj
 .bss.m_tx_slots
                0x2001fe74        0x1 mesh/bootloader/CMakeFiles/mesh_bootloader_gccarmemb_nrf52833_xxAA.dir/src/dfu_mesh.c.obj
 *dfu_transfer_mesh.c.obj(.bss*)
 *fill*         0x2001fe75        0x3 
 .bss.m_transfer
                0x2001fe78       0x30 mesh/bootloader/CMakeFiles/mesh_bootloader_gccarmemb_nrf52833_xxAA.dir/src/dfu_transfer_mesh.c.obj
 *dfu_bank.c.obj(.bss*)
 .bss.m_dfu_type
                0x2001fea8        0x1 mesh/bootloader/CMakeFiles/mesh_bootloader_gccarmemb_nrf52833_xxAA.dir/src/dfu_bank.c.obj
 .bss.m_waiting_for_idle
                0x2001fea9        0x1 mesh/bootloader/CMakeFiles/mesh_bootloader_gccarmemb_nrf52833_xxAA.dir/src/dfu_bank.c.obj
 *fill*         0x2001feaa        0x2 
 .bss.mp_bank_entry
                0x2001feac        0x4 mesh/bootloader/CMakeFiles/mesh_bootloader_gccarmemb_nrf52833_xxAA.dir/src/dfu_bank.c.obj
 *dfu_util.c.obj(.bss*)
 .bss.m_packet_cache
                0x2001feb0       0x40 mesh/bootloader/CMakeFiles/mesh_bootloader_gccarmemb_nrf52833_xxAA.dir/src/dfu_util.c.obj
 .bss.m_packet_cache_index
                0x2001fef0        0x4 mesh/bootloader/CMakeFiles/mesh_bootloader_gccarmemb_nrf52833_xxAA.dir/src/dfu_util.c.obj
 .bss.m_tid_cache
                0x2001fef4       0x20 mesh/bootloader/CMakeFiles/mesh_bootloader_gccarmemb_nrf52833_xxAA.dir/src/dfu_util.c.obj
 .bss.m_tid_index
                0x2001ff14        0x1 mesh/bootloader/CMakeFiles/mesh_bootloader_gccarmemb_nrf52833_xxAA.dir/src/dfu_util.c.obj
                0x2001ff18                . = ALIGN (0x4)
 *fill*         0x2001ff15        0x3 
                0x2001ff18                __core_ram_end__ = .

.uicrBootStartAddress
                0x10001014        0x4
 *(.uicrBootStartAddress)
 .uicrBootStartAddress
                0x10001014        0x4 mesh/bootloader/CMakeFiles/mesh_bootloader_gccarmemb_nrf52833_xxAA.dir/src/main.c.obj
                0x10001014                m_uicr_bootloader_start_address

.uicrBootMBRParamAddress
                0x10001018        0x4
 *(.uicrBootMBRParamAddress)
 .uicrBootMBRParamAddress
                0x10001018        0x4 mesh/bootloader/CMakeFiles/mesh_bootloader_gccarmemb_nrf52833_xxAA.dir/src/main.c.obj
                0x10001018                m_uicr_bootloader_mbrparam_address

.text           0x00078000     0x49ec
 *(.isr_vector)
 .isr_vector    0x00078000      0x200 mesh/bootloader/CMakeFiles/mesh_bootloader_gccarmemb_nrf52833_xxAA.dir/C_/dev/nRF5_SDK_16.0.0_98a08e2/modules/nrfx/mdk/gcc_startup_nrf52833.S.obj
                0x00078000                __isr_vector
 *(.text*)
 .text          0x00078200       0x40 c:/progra~2/gnutoo~1/72018-~1/bin/../lib/gcc/arm-none-eabi/7.3.1/thumb/v7e-m/fpv4-sp/hard/crtbegin.o
 .text          0x00078240       0x74 c:/progra~2/gnutoo~1/72018-~1/bin/../lib/gcc/arm-none-eabi/7.3.1/../../../../arm-none-eabi/lib/thumb/v7e-m/fpv4-sp/hard/crt0.o
                0x00078240                _start
                0x00078240                _mainCRTStartup
 .text.unlikely.sd_softdevice_vector_table_base_set
                0x000782b4        0x4 mesh/bootloader/CMakeFiles/mesh_bootloader_gccarmemb_nrf52833_xxAA.dir/src/bootloader.c.obj
 .text.unlikely.sd_mbr_command
                0x000782b8        0x4 mesh/bootloader/CMakeFiles/mesh_bootloader_gccarmemb_nrf52833_xxAA.dir/src/bootloader.c.obj
 .text.set_timeout
                0x000782bc       0x2c mesh/bootloader/CMakeFiles/mesh_bootloader_gccarmemb_nrf52833_xxAA.dir/src/bootloader.c.obj
 .text.rx_cb    0x000782e8       0x2e mesh/bootloader/CMakeFiles/mesh_bootloader_gccarmemb_nrf52833_xxAA.dir/src/bootloader.c.obj
 *fill*         0x00078316        0x2 
 .text.SWI3_EGU3_IRQHandler
                0x00078318       0xd4 mesh/bootloader/CMakeFiles/mesh_bootloader_gccarmemb_nrf52833_xxAA.dir/src/bootloader.c.obj
                0x00078318                SWI3_EGU3_IRQHandler
 .text.bootloader_init
                0x000783ec       0x9c mesh/bootloader/CMakeFiles/mesh_bootloader_gccarmemb_nrf52833_xxAA.dir/src/bootloader.c.obj
                0x000783ec                bootloader_init
 .text.bootloader_enable
                0x00078488       0xdc mesh/bootloader/CMakeFiles/mesh_bootloader_gccarmemb_nrf52833_xxAA.dir/src/bootloader.c.obj
                0x00078488                bootloader_enable
 .text.bootloader_cmd_send
                0x00078564        0x4 mesh/bootloader/CMakeFiles/mesh_bootloader_gccarmemb_nrf52833_xxAA.dir/src/bootloader.c.obj
                0x00078564                bootloader_cmd_send
 .text.bootloader_abort
                0x00078568       0x80 mesh/bootloader/CMakeFiles/mesh_bootloader_gccarmemb_nrf52833_xxAA.dir/src/bootloader.c.obj
                0x00078568                bootloader_abort
 .text.bl_evt_handler
                0x000785e8      0x238 mesh/bootloader/CMakeFiles/mesh_bootloader_gccarmemb_nrf52833_xxAA.dir/src/bootloader.c.obj
 .text.bootloader_timeout
                0x00078820       0x4c mesh/bootloader/CMakeFiles/mesh_bootloader_gccarmemb_nrf52833_xxAA.dir/src/bootloader.c.obj
                0x00078820                bootloader_timeout
 .text.bl_cmd_handler
                0x0007886c      0x148 mesh/bootloader/CMakeFiles/mesh_bootloader_gccarmemb_nrf52833_xxAA.dir/src/bootloader_app_bridge.c.obj
                0x0007886c                bl_cmd_handler
 .text.bootloader_app_bridge_init
                0x000789b4       0x28 mesh/bootloader/CMakeFiles/mesh_bootloader_gccarmemb_nrf52833_xxAA.dir/src/bootloader_app_bridge.c.obj
                0x000789b4                bootloader_app_bridge_init
 .text.bootloader_evt_send
                0x000789dc       0x10 mesh/bootloader/CMakeFiles/mesh_bootloader_gccarmemb_nrf52833_xxAA.dir/src/bootloader_app_bridge.c.obj
                0x000789dc                bootloader_evt_send
 .text.send_end_evt
                0x000789ec       0x1a mesh/bootloader/CMakeFiles/mesh_bootloader_gccarmemb_nrf52833_xxAA.dir/src/bootloader_app_bridge.c.obj
                0x000789ec                send_end_evt
 .text.flash_write
                0x00078a06       0x2a mesh/bootloader/CMakeFiles/mesh_bootloader_gccarmemb_nrf52833_xxAA.dir/src/bootloader_app_bridge.c.obj
                0x00078a06                flash_write
 .text.flash_erase
                0x00078a30       0x26 mesh/bootloader/CMakeFiles/mesh_bootloader_gccarmemb_nrf52833_xxAA.dir/src/bootloader_app_bridge.c.obj
                0x00078a30                flash_erase
 .text.tx_abort
                0x00078a56       0x1a mesh/bootloader/CMakeFiles/mesh_bootloader_gccarmemb_nrf52833_xxAA.dir/src/bootloader_app_bridge.c.obj
                0x00078a56                tx_abort
 .text.bootloader_is_in_application
                0x00078a70       0x10 mesh/bootloader/CMakeFiles/mesh_bootloader_gccarmemb_nrf52833_xxAA.dir/src/bootloader_app_bridge.c.obj
                0x00078a70                bootloader_is_in_application
 .text.info_entry_get
                0x00078a80       0x40 mesh/bootloader/CMakeFiles/mesh_bootloader_gccarmemb_nrf52833_xxAA.dir/src/bootloader_info.c.obj
 .text.bootloader_info_header_get
                0x00078ac0       0x1c mesh/bootloader/CMakeFiles/mesh_bootloader_gccarmemb_nrf52833_xxAA.dir/src/bootloader_info.c.obj
 .text.bootloader_info_first_unused_get
                0x00078adc       0x16 mesh/bootloader/CMakeFiles/mesh_bootloader_gccarmemb_nrf52833_xxAA.dir/src/bootloader_info.c.obj
 *fill*         0x00078af2        0x2 
 .text.entry_header_invalidate
                0x00078af4       0x20 mesh/bootloader/CMakeFiles/mesh_bootloader_gccarmemb_nrf52833_xxAA.dir/src/bootloader_info.c.obj
 .text.copy_page_write_meta
                0x00078b14       0x20 mesh/bootloader/CMakeFiles/mesh_bootloader_gccarmemb_nrf52833_xxAA.dir/src/bootloader_info.c.obj
 .text.copy_page_write_next_data
                0x00078b34       0x74 mesh/bootloader/CMakeFiles/mesh_bootloader_gccarmemb_nrf52833_xxAA.dir/src/bootloader_info.c.obj
 .text.copy_page
                0x00078ba8       0x34 mesh/bootloader/CMakeFiles/mesh_bootloader_gccarmemb_nrf52833_xxAA.dir/src/bootloader_info.c.obj
 .text.place_head_after_entry.constprop.1
                0x00078bdc       0x40 mesh/bootloader/CMakeFiles/mesh_bootloader_gccarmemb_nrf52833_xxAA.dir/src/bootloader_info.c.obj
 .text.entry_invalidate
                0x00078c1c       0x34 mesh/bootloader/CMakeFiles/mesh_bootloader_gccarmemb_nrf52833_xxAA.dir/src/bootloader_info.c.obj
                0x00078c1c                entry_invalidate
 .text.entry_write
                0x00078c50       0xf8 mesh/bootloader/CMakeFiles/mesh_bootloader_gccarmemb_nrf52833_xxAA.dir/src/bootloader_info.c.obj
                0x00078c50                entry_write
 .text.bootloader_info_init
                0x00078d48       0xc8 mesh/bootloader/CMakeFiles/mesh_bootloader_gccarmemb_nrf52833_xxAA.dir/src/bootloader_info.c.obj
                0x00078d48                bootloader_info_init
 .text.bootloader_info_entry_get
                0x00078e10        0xa mesh/bootloader/CMakeFiles/mesh_bootloader_gccarmemb_nrf52833_xxAA.dir/src/bootloader_info.c.obj
                0x00078e10                bootloader_info_entry_get
 .text.bootloader_info_entry_overwrite
                0x00078e1a       0x2a mesh/bootloader/CMakeFiles/mesh_bootloader_gccarmemb_nrf52833_xxAA.dir/src/bootloader_info.c.obj
                0x00078e1a                bootloader_info_entry_overwrite
 .text.bootloader_info_entry_invalidate
                0x00078e44        0xa mesh/bootloader/CMakeFiles/mesh_bootloader_gccarmemb_nrf52833_xxAA.dir/src/bootloader_info.c.obj
                0x00078e44                bootloader_info_entry_invalidate
 *fill*         0x00078e4e        0x2 
 .text.bootloader_info_reset
                0x00078e50       0x40 mesh/bootloader/CMakeFiles/mesh_bootloader_gccarmemb_nrf52833_xxAA.dir/src/bootloader_info.c.obj
                0x00078e50                bootloader_info_reset
 .text.bootloader_info_entry_put
                0x00078e90       0xd0 mesh/bootloader/CMakeFiles/mesh_bootloader_gccarmemb_nrf52833_xxAA.dir/src/bootloader_info.c.obj
                0x00078e90                bootloader_info_entry_put
 .text.bootloader_info_stable
                0x00078f60       0x20 mesh/bootloader/CMakeFiles/mesh_bootloader_gccarmemb_nrf52833_xxAA.dir/src/bootloader_info.c.obj
                0x00078f60                bootloader_info_stable
 .text.bootloader_info_on_flash_op_end
                0x00078f80      0x118 mesh/bootloader/CMakeFiles/mesh_bootloader_gccarmemb_nrf52833_xxAA.dir/src/bootloader_info.c.obj
                0x00078f80                bootloader_info_on_flash_op_end
 .text.bootloader_info_on_flash_idle
                0x00079098       0x40 mesh/bootloader/CMakeFiles/mesh_bootloader_gccarmemb_nrf52833_xxAA.dir/src/bootloader_info.c.obj
                0x00079098                bootloader_info_on_flash_idle
 .text.RTC0_IRQHandler
                0x000790d8       0x48 mesh/bootloader/CMakeFiles/mesh_bootloader_gccarmemb_nrf52833_xxAA.dir/src/bootloader_rtc.c.obj
                0x000790d8                RTC0_IRQHandler
 .text.rtc_init
                0x00079120       0x30 mesh/bootloader/CMakeFiles/mesh_bootloader_gccarmemb_nrf52833_xxAA.dir/src/bootloader_rtc.c.obj
                0x00079120                rtc_init
 .text.bootloader_util_app_start
                0x00079150       0x3c mesh/bootloader/CMakeFiles/mesh_bootloader_gccarmemb_nrf52833_xxAA.dir/src/bootloader_util.c.obj
                0x00079150                bootloader_util_app_start
 .text.sd_mbr_command
                0x0007918c        0x4 mesh/bootloader/CMakeFiles/mesh_bootloader_gccarmemb_nrf52833_xxAA.dir/src/dfu_bank.c.obj
 .text.flash_bank_entry
                0x00079190      0x2c0 mesh/bootloader/CMakeFiles/mesh_bootloader_gccarmemb_nrf52833_xxAA.dir/src/dfu_bank.c.obj
 .text.dfu_bank_scan
                0x00079450       0x4c mesh/bootloader/CMakeFiles/mesh_bootloader_gccarmemb_nrf52833_xxAA.dir/src/dfu_bank.c.obj
                0x00079450                dfu_bank_scan
 .text.dfu_bank_flash
                0x0007949c       0x48 mesh/bootloader/CMakeFiles/mesh_bootloader_gccarmemb_nrf52833_xxAA.dir/src/dfu_bank.c.obj
                0x0007949c                dfu_bank_flash
 .text.dfu_bank_on_flash_idle
                0x000794e4       0x20 mesh/bootloader/CMakeFiles/mesh_bootloader_gccarmemb_nrf52833_xxAA.dir/src/dfu_bank.c.obj
                0x000794e4                dfu_bank_on_flash_idle
 .text.dfu_bank_transfer_in_progress
                0x00079504       0x10 mesh/bootloader/CMakeFiles/mesh_bootloader_gccarmemb_nrf52833_xxAA.dir/src/dfu_bank.c.obj
                0x00079504                dfu_bank_transfer_in_progress
 .text.segment_count_from_start_packet
                0x00079514       0x2c mesh/bootloader/CMakeFiles/mesh_bootloader_gccarmemb_nrf52833_xxAA.dir/src/dfu_mesh.c.obj
 .text.get_info_pointers
                0x00079540       0x68 mesh/bootloader/CMakeFiles/mesh_bootloader_gccarmemb_nrf52833_xxAA.dir/src/dfu_mesh.c.obj
 .text.beacon_set
                0x000795a8       0xf0 mesh/bootloader/CMakeFiles/mesh_bootloader_gccarmemb_nrf52833_xxAA.dir/src/dfu_mesh.c.obj
 .text.start_find_fwid
                0x00079698       0x24 mesh/bootloader/CMakeFiles/mesh_bootloader_gccarmemb_nrf52833_xxAA.dir/src/dfu_mesh.c.obj
 .text.notify_state_packet
                0x000796bc       0x38 mesh/bootloader/CMakeFiles/mesh_bootloader_gccarmemb_nrf52833_xxAA.dir/src/dfu_mesh.c.obj
 .text.packet_tx_dynamic.constprop.3
                0x000796f4       0x4c mesh/bootloader/CMakeFiles/mesh_bootloader_gccarmemb_nrf52833_xxAA.dir/src/dfu_mesh.c.obj
 .text.relay_packet
                0x00079740       0x30 mesh/bootloader/CMakeFiles/mesh_bootloader_gccarmemb_nrf52833_xxAA.dir/src/dfu_mesh.c.obj
 .text.start_req
                0x00079770       0x58 mesh/bootloader/CMakeFiles/mesh_bootloader_gccarmemb_nrf52833_xxAA.dir/src/dfu_mesh.c.obj
 .text.handle_data_packet
                0x000797c8      0x528 mesh/bootloader/CMakeFiles/mesh_bootloader_gccarmemb_nrf52833_xxAA.dir/src/dfu_mesh.c.obj
 .text.dfu_mesh_init
                0x00079cf0       0x44 mesh/bootloader/CMakeFiles/mesh_bootloader_gccarmemb_nrf52833_xxAA.dir/src/dfu_mesh.c.obj
                0x00079cf0                dfu_mesh_init
 .text.dfu_mesh_start
                0x00079d34       0xe8 mesh/bootloader/CMakeFiles/mesh_bootloader_gccarmemb_nrf52833_xxAA.dir/src/dfu_mesh.c.obj
                0x00079d34                dfu_mesh_start
 .text.dfu_mesh_req
                0x00079e1c       0x34 mesh/bootloader/CMakeFiles/mesh_bootloader_gccarmemb_nrf52833_xxAA.dir/src/dfu_mesh.c.obj
                0x00079e1c                dfu_mesh_req
 .text.dfu_mesh_relay
                0x00079e50       0x4c mesh/bootloader/CMakeFiles/mesh_bootloader_gccarmemb_nrf52833_xxAA.dir/src/dfu_mesh.c.obj
                0x00079e50                dfu_mesh_relay
 .text.dfu_mesh_rx
                0x00079e9c      0x2ec mesh/bootloader/CMakeFiles/mesh_bootloader_gccarmemb_nrf52833_xxAA.dir/src/dfu_mesh.c.obj
                0x00079e9c                dfu_mesh_rx
 .text.dfu_mesh_missing_type_get
                0x0007a188       0x4c mesh/bootloader/CMakeFiles/mesh_bootloader_gccarmemb_nrf52833_xxAA.dir/src/dfu_mesh.c.obj
                0x0007a188                dfu_mesh_missing_type_get
 .text.dfu_mesh_app_is_valid
                0x0007a1d4       0x34 mesh/bootloader/CMakeFiles/mesh_bootloader_gccarmemb_nrf52833_xxAA.dir/src/dfu_mesh.c.obj
                0x0007a1d4                dfu_mesh_app_is_valid
 .text.dfu_mesh_finalize
                0x0007a208      0x14c mesh/bootloader/CMakeFiles/mesh_bootloader_gccarmemb_nrf52833_xxAA.dir/src/dfu_mesh.c.obj
                0x0007a208                dfu_mesh_finalize
 .text.dfu_mesh_timeout
                0x0007a354       0xd4 mesh/bootloader/CMakeFiles/mesh_bootloader_gccarmemb_nrf52833_xxAA.dir/src/dfu_mesh.c.obj
                0x0007a354                dfu_mesh_timeout
 .text.dfu_mesh_restart
                0x0007a428        0x4 mesh/bootloader/CMakeFiles/mesh_bootloader_gccarmemb_nrf52833_xxAA.dir/src/dfu_mesh.c.obj
                0x0007a428                dfu_mesh_restart
 .text.dfu_mesh_on_flash_idle
                0x0007a42c       0x50 mesh/bootloader/CMakeFiles/mesh_bootloader_gccarmemb_nrf52833_xxAA.dir/src/dfu_mesh.c.obj
                0x0007a42c                dfu_mesh_on_flash_idle
 .text.segment_is_missing
                0x0007a47c       0x3c mesh/bootloader/CMakeFiles/mesh_bootloader_gccarmemb_nrf52833_xxAA.dir/src/dfu_transfer_mesh.c.obj
 .text.dfu_transfer_init
                0x0007a4b8       0x1c mesh/bootloader/CMakeFiles/mesh_bootloader_gccarmemb_nrf52833_xxAA.dir/src/dfu_transfer_mesh.c.obj
                0x0007a4b8                dfu_transfer_init
 .text.dfu_transfer_start
                0x0007a4d4       0x74 mesh/bootloader/CMakeFiles/mesh_bootloader_gccarmemb_nrf52833_xxAA.dir/src/dfu_transfer_mesh.c.obj
                0x0007a4d4                dfu_transfer_start
 .text.dfu_transfer_data
                0x0007a548      0x184 mesh/bootloader/CMakeFiles/mesh_bootloader_gccarmemb_nrf52833_xxAA.dir/src/dfu_transfer_mesh.c.obj
                0x0007a548                dfu_transfer_data
 .text.dfu_transfer_has_entry
                0x0007a6cc       0x58 mesh/bootloader/CMakeFiles/mesh_bootloader_gccarmemb_nrf52833_xxAA.dir/src/dfu_transfer_mesh.c.obj
                0x0007a6cc                dfu_transfer_has_entry
 .text.dfu_transfer_get_oldest_missing_entry
                0x0007a724       0x7c mesh/bootloader/CMakeFiles/mesh_bootloader_gccarmemb_nrf52833_xxAA.dir/src/dfu_transfer_mesh.c.obj
                0x0007a724                dfu_transfer_get_oldest_missing_entry
 .text.dfu_transfer_sha256
                0x0007a7a0       0x1c mesh/bootloader/CMakeFiles/mesh_bootloader_gccarmemb_nrf52833_xxAA.dir/src/dfu_transfer_mesh.c.obj
                0x0007a7a0                dfu_transfer_sha256
 .text.dfu_transfer_end
                0x0007a7bc        0x4 mesh/bootloader/CMakeFiles/mesh_bootloader_gccarmemb_nrf52833_xxAA.dir/src/dfu_transfer_mesh.c.obj
                0x0007a7bc                dfu_transfer_end
 .text.dfu_transfer_flash_write_complete
                0x0007a7c0       0x18 mesh/bootloader/CMakeFiles/mesh_bootloader_gccarmemb_nrf52833_xxAA.dir/src/dfu_transfer_mesh.c.obj
                0x0007a7c0                dfu_transfer_flash_write_complete
 .text.fwid_union_cpy
                0x0007a7d8       0x1e mesh/bootloader/CMakeFiles/mesh_bootloader_gccarmemb_nrf52833_xxAA.dir/src/dfu_util.c.obj
                0x0007a7d8                fwid_union_cpy
 .text.fwid_union_cmp
                0x0007a7f6       0x2c mesh/bootloader/CMakeFiles/mesh_bootloader_gccarmemb_nrf52833_xxAA.dir/src/dfu_util.c.obj
                0x0007a7f6                fwid_union_cmp
 .text.fwid_union_id_cmp
                0x0007a822       0x30 mesh/bootloader/CMakeFiles/mesh_bootloader_gccarmemb_nrf52833_xxAA.dir/src/dfu_util.c.obj
                0x0007a822                fwid_union_id_cmp
 .text.fwid_union_version_cmp
                0x0007a852       0x28 mesh/bootloader/CMakeFiles/mesh_bootloader_gccarmemb_nrf52833_xxAA.dir/src/dfu_util.c.obj
                0x0007a852                fwid_union_version_cmp
 .text.addr_from_seg
                0x0007a87a       0x14 mesh/bootloader/CMakeFiles/mesh_bootloader_gccarmemb_nrf52833_xxAA.dir/src/dfu_util.c.obj
                0x0007a87a                addr_from_seg
 .text.is_upgrade
                0x0007a88e       0x88 mesh/bootloader/CMakeFiles/mesh_bootloader_gccarmemb_nrf52833_xxAA.dir/src/dfu_util.c.obj
                0x0007a88e                is_upgrade
 .text.app_is_newer
                0x0007a916       0x30 mesh/bootloader/CMakeFiles/mesh_bootloader_gccarmemb_nrf52833_xxAA.dir/src/dfu_util.c.obj
                0x0007a916                app_is_newer
 .text.bootloader_is_newer
                0x0007a946       0x2e mesh/bootloader/CMakeFiles/mesh_bootloader_gccarmemb_nrf52833_xxAA.dir/src/dfu_util.c.obj
                0x0007a946                bootloader_is_newer
 .text.fw_is_verified
                0x0007a974       0x1c mesh/bootloader/CMakeFiles/mesh_bootloader_gccarmemb_nrf52833_xxAA.dir/src/dfu_util.c.obj
                0x0007a974                fw_is_verified
 .text.tid_cache_entry_put
                0x0007a990       0x1c mesh/bootloader/CMakeFiles/mesh_bootloader_gccarmemb_nrf52833_xxAA.dir/src/dfu_util.c.obj
                0x0007a990                tid_cache_entry_put
 .text.tid_cache_has_entry
                0x0007a9ac       0x20 mesh/bootloader/CMakeFiles/mesh_bootloader_gccarmemb_nrf52833_xxAA.dir/src/dfu_util.c.obj
                0x0007a9ac                tid_cache_has_entry
 .text.ready_packet_matches_our_req
                0x0007a9cc       0x3c mesh/bootloader/CMakeFiles/mesh_bootloader_gccarmemb_nrf52833_xxAA.dir/src/dfu_util.c.obj
                0x0007a9cc                ready_packet_matches_our_req
 .text.packet_in_cache
                0x0007aa08       0x30 mesh/bootloader/CMakeFiles/mesh_bootloader_gccarmemb_nrf52833_xxAA.dir/src/dfu_util.c.obj
                0x0007aa08                packet_in_cache
 .text.packet_cache_put
                0x0007aa38       0x28 mesh/bootloader/CMakeFiles/mesh_bootloader_gccarmemb_nrf52833_xxAA.dir/src/dfu_util.c.obj
                0x0007aa38                packet_cache_put
 .text.packet_cache_flush
                0x0007aa60       0x1c mesh/bootloader/CMakeFiles/mesh_bootloader_gccarmemb_nrf52833_xxAA.dir/src/dfu_util.c.obj
                0x0007aa60                packet_cache_flush
 .text.section_overlap
                0x0007aa7c       0x22 mesh/bootloader/CMakeFiles/mesh_bootloader_gccarmemb_nrf52833_xxAA.dir/src/dfu_util.c.obj
                0x0007aa7c                section_overlap
 *fill*         0x0007aa9e        0x2 
 .text.interrupts_disable
                0x0007aaa0       0x24 mesh/bootloader/CMakeFiles/mesh_bootloader_gccarmemb_nrf52833_xxAA.dir/src/dfu_util.c.obj
                0x0007aaa0                interrupts_disable
 .text.fifo_init
                0x0007aac4       0x1e mesh/bootloader/CMakeFiles/mesh_bootloader_gccarmemb_nrf52833_xxAA.dir/src/fifo.c.obj
                0x0007aac4                fifo_init
 .text.fifo_push
                0x0007aae2       0x4e mesh/bootloader/CMakeFiles/mesh_bootloader_gccarmemb_nrf52833_xxAA.dir/src/fifo.c.obj
                0x0007aae2                fifo_push
 .text.fifo_pop
                0x0007ab30       0x4a mesh/bootloader/CMakeFiles/mesh_bootloader_gccarmemb_nrf52833_xxAA.dir/src/fifo.c.obj
                0x0007ab30                fifo_pop
 .text.fifo_peek_at
                0x0007ab7a       0x4e mesh/bootloader/CMakeFiles/mesh_bootloader_gccarmemb_nrf52833_xxAA.dir/src/fifo.c.obj
                0x0007ab7a                fifo_peek_at
 .text.fifo_peek
                0x0007abc8        0x6 mesh/bootloader/CMakeFiles/mesh_bootloader_gccarmemb_nrf52833_xxAA.dir/src/fifo.c.obj
                0x0007abc8                fifo_peek
 .text.fifo_get_len
                0x0007abce        0x8 mesh/bootloader/CMakeFiles/mesh_bootloader_gccarmemb_nrf52833_xxAA.dir/src/fifo.c.obj
                0x0007abce                fifo_get_len
 .text.fifo_is_empty
                0x0007abd6        0xc mesh/bootloader/CMakeFiles/mesh_bootloader_gccarmemb_nrf52833_xxAA.dir/src/fifo.c.obj
                0x0007abd6                fifo_is_empty
 .text.app_error_handler_bare
                0x0007abe2        0x6 mesh/bootloader/CMakeFiles/mesh_bootloader_gccarmemb_nrf52833_xxAA.dir/src/main.c.obj
                0x0007abe2                app_error_handler_bare
 .text.HardFault_Handler
                0x0007abe8        0x6 mesh/bootloader/CMakeFiles/mesh_bootloader_gccarmemb_nrf52833_xxAA.dir/src/main.c.obj
                0x0007abe8                HardFault_Handler
 *fill*         0x0007abee        0x2 
 .text.startup.main
                0x0007abf0       0x90 mesh/bootloader/CMakeFiles/mesh_bootloader_gccarmemb_nrf52833_xxAA.dir/src/main.c.obj
                0x0007abf0                main
 .text.mesh_packet_init
                0x0007ac80       0x14 mesh/bootloader/CMakeFiles/mesh_bootloader_gccarmemb_nrf52833_xxAA.dir/src/mesh_packet.c.obj
                0x0007ac80                mesh_packet_init
 .text.mesh_packet_acquire
                0x0007ac94       0x3c mesh/bootloader/CMakeFiles/mesh_bootloader_gccarmemb_nrf52833_xxAA.dir/src/mesh_packet.c.obj
                0x0007ac94                mesh_packet_acquire
 .text.mesh_packet_ref_count_inc
                0x0007acd0       0x44 mesh/bootloader/CMakeFiles/mesh_bootloader_gccarmemb_nrf52833_xxAA.dir/src/mesh_packet.c.obj
                0x0007acd0                mesh_packet_ref_count_inc
 .text.mesh_packet_ref_count_dec
                0x0007ad14       0x48 mesh/bootloader/CMakeFiles/mesh_bootloader_gccarmemb_nrf52833_xxAA.dir/src/mesh_packet.c.obj
                0x0007ad14                mesh_packet_ref_count_dec
 .text.mesh_packet_ref_count_get
                0x0007ad5c       0x20 mesh/bootloader/CMakeFiles/mesh_bootloader_gccarmemb_nrf52833_xxAA.dir/src/mesh_packet.c.obj
                0x0007ad5c                mesh_packet_ref_count_get
 .text.mesh_packet_set_local_addr
                0x0007ad7c       0x28 mesh/bootloader/CMakeFiles/mesh_bootloader_gccarmemb_nrf52833_xxAA.dir/src/mesh_packet.c.obj
                0x0007ad7c                mesh_packet_set_local_addr
 .text.mesh_packet_adv_data_get
                0x0007ada4       0x48 mesh/bootloader/CMakeFiles/mesh_bootloader_gccarmemb_nrf52833_xxAA.dir/src/mesh_packet.c.obj
                0x0007ada4                mesh_packet_adv_data_get
 .text.nrf_flash_erase
                0x0007adec       0x60 mesh/bootloader/CMakeFiles/mesh_bootloader_gccarmemb_nrf52833_xxAA.dir/src/nrf_flash.c.obj
                0x0007adec                nrf_flash_erase
 .text.nrf_flash_store
                0x0007ae4c       0x70 mesh/bootloader/CMakeFiles/mesh_bootloader_gccarmemb_nrf52833_xxAA.dir/src/nrf_flash.c.obj
                0x0007ae4c                nrf_flash_store
 .text.radio_init
                0x0007aebc      0x118 mesh/bootloader/CMakeFiles/mesh_bootloader_gccarmemb_nrf52833_xxAA.dir/src/radio_control.c.obj
                0x0007aebc                radio_init
 .text.radio_order
                0x0007afd4       0x4c mesh/bootloader/CMakeFiles/mesh_bootloader_gccarmemb_nrf52833_xxAA.dir/src/radio_control.c.obj
                0x0007afd4                radio_order
 .text.radio_disable
                0x0007b020       0x28 mesh/bootloader/CMakeFiles/mesh_bootloader_gccarmemb_nrf52833_xxAA.dir/src/radio_control.c.obj
                0x0007b020                radio_disable
 .text.radio_event_handler
                0x0007b048      0x1b0 mesh/bootloader/CMakeFiles/mesh_bootloader_gccarmemb_nrf52833_xxAA.dir/src/radio_control.c.obj
                0x0007b048                radio_event_handler
 .text.rand_prng_get
                0x0007b1f8       0x24 mesh/bootloader/CMakeFiles/mesh_bootloader_gccarmemb_nrf52833_xxAA.dir/src/rand.c.obj
                0x0007b1f8                rand_prng_get
 .text.rand_hw_rng_get
                0x0007b21c       0x30 mesh/bootloader/CMakeFiles/mesh_bootloader_gccarmemb_nrf52833_xxAA.dir/src/rand.c.obj
                0x0007b21c                rand_hw_rng_get
 .text.rand_prng_seed
                0x0007b24c       0x38 mesh/bootloader/CMakeFiles/mesh_bootloader_gccarmemb_nrf52833_xxAA.dir/src/rand.c.obj
                0x0007b24c                rand_prng_seed
 .text.order_next_rtc
                0x0007b284       0x68 mesh/bootloader/CMakeFiles/mesh_bootloader_gccarmemb_nrf52833_xxAA.dir/src/transport.c.obj
 .text.radio_tx_cb
                0x0007b2ec        0x4 mesh/bootloader/CMakeFiles/mesh_bootloader_gccarmemb_nrf52833_xxAA.dir/src/transport.c.obj
 .text.radio_rx_cb
                0x0007b2f0       0x30 mesh/bootloader/CMakeFiles/mesh_bootloader_gccarmemb_nrf52833_xxAA.dir/src/transport.c.obj
 .text.order_scan
                0x0007b320       0x3c mesh/bootloader/CMakeFiles/mesh_bootloader_gccarmemb_nrf52833_xxAA.dir/src/transport.c.obj
 .text.radio_idle_cb
                0x0007b35c       0x10 mesh/bootloader/CMakeFiles/mesh_bootloader_gccarmemb_nrf52833_xxAA.dir/src/transport.c.obj
 .text.set_next_tx
                0x0007b36c       0x80 mesh/bootloader/CMakeFiles/mesh_bootloader_gccarmemb_nrf52833_xxAA.dir/src/transport.c.obj
 .text.RADIO_IRQHandler
                0x0007b3ec        0x4 mesh/bootloader/CMakeFiles/mesh_bootloader_gccarmemb_nrf52833_xxAA.dir/src/transport.c.obj
                0x0007b3ec                RADIO_IRQHandler
 .text.timeslot_is_in_ts
                0x0007b3f0        0x4 mesh/bootloader/CMakeFiles/mesh_bootloader_gccarmemb_nrf52833_xxAA.dir/src/transport.c.obj
                0x0007b3f0                timeslot_is_in_ts
 .text.transport_init
                0x0007b3f4       0x8c mesh/bootloader/CMakeFiles/mesh_bootloader_gccarmemb_nrf52833_xxAA.dir/src/transport.c.obj
                0x0007b3f4                transport_init
 .text.transport_start
                0x0007b480       0x14 mesh/bootloader/CMakeFiles/mesh_bootloader_gccarmemb_nrf52833_xxAA.dir/src/transport.c.obj
                0x0007b480                transport_start
 .text.SWI0_EGU0_IRQHandler
                0x0007b494       0x4c mesh/bootloader/CMakeFiles/mesh_bootloader_gccarmemb_nrf52833_xxAA.dir/src/transport.c.obj
                0x0007b494                SWI0_EGU0_IRQHandler
 .text.transport_tx
                0x0007b4e0       0x70 mesh/bootloader/CMakeFiles/mesh_bootloader_gccarmemb_nrf52833_xxAA.dir/src/transport.c.obj
                0x0007b4e0                transport_tx
 .text.transport_tx_abort
                0x0007b550       0x40 mesh/bootloader/CMakeFiles/mesh_bootloader_gccarmemb_nrf52833_xxAA.dir/src/transport.c.obj
                0x0007b550                transport_tx_abort
 .text.transport_rtc_irq_handler
                0x0007b590       0xc0 mesh/bootloader/CMakeFiles/mesh_bootloader_gccarmemb_nrf52833_xxAA.dir/src/transport.c.obj
                0x0007b590                transport_rtc_irq_handler
 .text.vli_clear
                0x0007b650       0x10 mesh/bootloader/CMakeFiles/mesh_bootloader_gccarmemb_nrf52833_xxAA.dir/src/uECC.c.obj
 .text.vli_isZero
                0x0007b660       0x16 mesh/bootloader/CMakeFiles/mesh_bootloader_gccarmemb_nrf52833_xxAA.dir/src/uECC.c.obj
 .text.vli_testBit
                0x0007b676       0x14 mesh/bootloader/CMakeFiles/mesh_bootloader_gccarmemb_nrf52833_xxAA.dir/src/uECC.c.obj
 .text.vli_set  0x0007b68a       0x14 mesh/bootloader/CMakeFiles/mesh_bootloader_gccarmemb_nrf52833_xxAA.dir/src/uECC.c.obj
 .text.vli_cmp  0x0007b69e       0x28 mesh/bootloader/CMakeFiles/mesh_bootloader_gccarmemb_nrf52833_xxAA.dir/src/uECC.c.obj
 .text.vli_rshift1
                0x0007b6c6       0x1a mesh/bootloader/CMakeFiles/mesh_bootloader_gccarmemb_nrf52833_xxAA.dir/src/uECC.c.obj
 .text.vli_add  0x0007b6e0       0x2a mesh/bootloader/CMakeFiles/mesh_bootloader_gccarmemb_nrf52833_xxAA.dir/src/uECC.c.obj
 .text.vli_sub  0x0007b70a       0x2a mesh/bootloader/CMakeFiles/mesh_bootloader_gccarmemb_nrf52833_xxAA.dir/src/uECC.c.obj
 .text.vli_bytesToNative
                0x0007b734       0x18 mesh/bootloader/CMakeFiles/mesh_bootloader_gccarmemb_nrf52833_xxAA.dir/src/uECC.c.obj
 .text.vli_modInv
                0x0007b74c      0x11c mesh/bootloader/CMakeFiles/mesh_bootloader_gccarmemb_nrf52833_xxAA.dir/src/uECC.c.obj
 .text.vli_modSub.constprop.1
                0x0007b868       0x20 mesh/bootloader/CMakeFiles/mesh_bootloader_gccarmemb_nrf52833_xxAA.dir/src/uECC.c.obj
 .text.vli_modAdd.constprop.2
                0x0007b888       0x2c mesh/bootloader/CMakeFiles/mesh_bootloader_gccarmemb_nrf52833_xxAA.dir/src/uECC.c.obj
 .text.vli_numBits.constprop.3
                0x0007b8b4       0x2c mesh/bootloader/CMakeFiles/mesh_bootloader_gccarmemb_nrf52833_xxAA.dir/src/uECC.c.obj
 .text.vli_mult
                0x0007b8e0       0xbc mesh/bootloader/CMakeFiles/mesh_bootloader_gccarmemb_nrf52833_xxAA.dir/src/uECC.c.obj
 .text.vli_modMult_fast
                0x0007b99c      0x18c mesh/bootloader/CMakeFiles/mesh_bootloader_gccarmemb_nrf52833_xxAA.dir/src/uECC.c.obj
 .text.apply_z  0x0007bb28       0x34 mesh/bootloader/CMakeFiles/mesh_bootloader_gccarmemb_nrf52833_xxAA.dir/src/uECC.c.obj
 .text.XYcZ_add
                0x0007bb5c       0x9a mesh/bootloader/CMakeFiles/mesh_bootloader_gccarmemb_nrf52833_xxAA.dir/src/uECC.c.obj
 *fill*         0x0007bbf6        0x2 
 .text.vli_modMult_n
                0x0007bbf8       0x9c mesh/bootloader/CMakeFiles/mesh_bootloader_gccarmemb_nrf52833_xxAA.dir/src/uECC.c.obj
 .text.uECC_verify
                0x0007bc94      0x324 mesh/bootloader/CMakeFiles/mesh_bootloader_gccarmemb_nrf52833_xxAA.dir/src/uECC.c.obj
                0x0007bc94                uECC_verify
 .text.sha256_transform
                0x0007bfb8      0x134 mesh/bootloader/CMakeFiles/mesh_bootloader_gccarmemb_nrf52833_xxAA.dir/C_/dev/nRF5_SDK_16.0.0_98a08e2/components/libraries/sha256/sha256.c.obj
                0x0007bfb8                sha256_transform
 .text.sha256_init
                0x0007c0ec       0x60 mesh/bootloader/CMakeFiles/mesh_bootloader_gccarmemb_nrf52833_xxAA.dir/C_/dev/nRF5_SDK_16.0.0_98a08e2/components/libraries/sha256/sha256.c.obj
                0x0007c0ec                sha256_init
 .text.sha256_update
                0x0007c14c       0x48 mesh/bootloader/CMakeFiles/mesh_bootloader_gccarmemb_nrf52833_xxAA.dir/C_/dev/nRF5_SDK_16.0.0_98a08e2/components/libraries/sha256/sha256.c.obj
                0x0007c14c                sha256_update
 .text.sha256_final
                0x0007c194      0x11c mesh/bootloader/CMakeFiles/mesh_bootloader_gccarmemb_nrf52833_xxAA.dir/C_/dev/nRF5_SDK_16.0.0_98a08e2/components/libraries/sha256/sha256.c.obj
                0x0007c194                sha256_final
 .text.errata_36
                0x0007c2b0       0x20 mesh/bootloader/CMakeFiles/mesh_bootloader_gccarmemb_nrf52833_xxAA.dir/C_/dev/nRF5_SDK_16.0.0_98a08e2/modules/nrfx/mdk/system_nrf52833.c.obj
 .text.SystemInit
                0x0007c2d0      0x174 mesh/bootloader/CMakeFiles/mesh_bootloader_gccarmemb_nrf52833_xxAA.dir/C_/dev/nRF5_SDK_16.0.0_98a08e2/modules/nrfx/mdk/system_nrf52833.c.obj
                0x0007c2d0                SystemInit
 .text          0x0007c444       0x3c mesh/bootloader/CMakeFiles/mesh_bootloader_gccarmemb_nrf52833_xxAA.dir/C_/dev/nRF5_SDK_16.0.0_98a08e2/modules/nrfx/mdk/gcc_startup_nrf52833.S.obj
                0x0007c444                Reset_Handler
                0x0007c46c                NMI_Handler
                0x0007c470                MemoryManagement_Handler
                0x0007c472                BusFault_Handler
                0x0007c474                UsageFault_Handler
                0x0007c476                SVC_Handler
                0x0007c478                DebugMon_Handler
                0x0007c47a                PendSV_Handler
                0x0007c47c                SysTick_Handler
                0x0007c47e                PDM_IRQHandler
                0x0007c47e                TEMP_IRQHandler
                0x0007c47e                QDEC_IRQHandler
                0x0007c47e                POWER_CLOCK_IRQHandler
                0x0007c47e                PWM3_IRQHandler
                0x0007c47e                FPU_IRQHandler
                0x0007c47e                USBD_IRQHandler
                0x0007c47e                SPIM0_SPIS0_TWIM0_TWIS0_SPI0_TWI0_IRQHandler
                0x0007c47e                TIMER3_IRQHandler
                0x0007c47e                UARTE0_UART0_IRQHandler
                0x0007c47e                TIMER4_IRQHandler
                0x0007c47e                I2S_IRQHandler
                0x0007c47e                SWI4_EGU4_IRQHandler
                0x0007c47e                TIMER0_IRQHandler
                0x0007c47e                PWM1_IRQHandler
                0x0007c47e                UARTE1_IRQHandler
                0x0007c47e                TIMER1_IRQHandler
                0x0007c47e                SPIM3_IRQHandler
                0x0007c47e                PWM2_IRQHandler
                0x0007c47e                ECB_IRQHandler
                0x0007c47e                SPIM1_SPIS1_TWIM1_TWIS1_SPI1_TWI1_IRQHandler
                0x0007c47e                Default_Handler
                0x0007c47e                SAADC_IRQHandler
                0x0007c47e                CCM_AAR_IRQHandler
                0x0007c47e                WDT_IRQHandler
                0x0007c47e                GPIOTE_IRQHandler
                0x0007c47e                SWI5_EGU5_IRQHandler
                0x0007c47e                RNG_IRQHandler
                0x0007c47e                RTC2_IRQHandler
                0x0007c47e                PWM0_IRQHandler
                0x0007c47e                RTC1_IRQHandler
                0x0007c47e                SWI1_EGU1_IRQHandler
                0x0007c47e                SPIM2_SPIS2_SPI2_IRQHandler
                0x0007c47e                NFCT_IRQHandler
                0x0007c47e                SWI2_EGU2_IRQHandler
                0x0007c47e                MWU_IRQHandler
                0x0007c47e                TIMER2_IRQHandler
                0x0007c47e                COMP_LPCOMP_IRQHandler
 .text          0x0007c480       0x30 c:/progra~2/gnutoo~1/72018-~1/bin/../lib/gcc/arm-none-eabi/7.3.1/thumb/v7e-m/fpv4-sp/hard\libgcc.a(_aeabi_uldivmod.o)
                0x0007c480                __aeabi_uldivmod
 .text          0x0007c4b0      0x2cc c:/progra~2/gnutoo~1/72018-~1/bin/../lib/gcc/arm-none-eabi/7.3.1/thumb/v7e-m/fpv4-sp/hard\libgcc.a(_udivmoddi4.o)
                0x0007c4b0                __udivmoddi4
 .text          0x0007c77c        0x4 c:/progra~2/gnutoo~1/72018-~1/bin/../lib/gcc/arm-none-eabi/7.3.1/thumb/v7e-m/fpv4-sp/hard\libgcc.a(_dvmd_tls.o)
                0x0007c77c                __aeabi_idiv0
                0x0007c77c                __aeabi_ldiv0
 .text.exit     0x0007c780       0x28 c:/progra~2/gnutoo~1/72018-~1/bin/../lib/gcc/arm-none-eabi/7.3.1/../../../../arm-none-eabi/lib/thumb/v7e-m/fpv4-sp/hard\libg_nano.a(lib_a-exit.o)
                0x0007c780                exit
 .text.__libc_init_array
                0x0007c7a8       0x48 c:/progra~2/gnutoo~1/72018-~1/bin/../lib/gcc/arm-none-eabi/7.3.1/../../../../arm-none-eabi/lib/thumb/v7e-m/fpv4-sp/hard\libg_nano.a(lib_a-init.o)
                0x0007c7a8                __libc_init_array
 .text.memcmp   0x0007c7f0       0x1e c:/progra~2/gnutoo~1/72018-~1/bin/../lib/gcc/arm-none-eabi/7.3.1/../../../../arm-none-eabi/lib/thumb/v7e-m/fpv4-sp/hard\libg_nano.a(lib_a-memcmp.o)
                0x0007c7f0                memcmp
 .text.memcpy   0x0007c80e       0x16 c:/progra~2/gnutoo~1/72018-~1/bin/../lib/gcc/arm-none-eabi/7.3.1/../../../../arm-none-eabi/lib/thumb/v7e-m/fpv4-sp/hard\libg_nano.a(lib_a-memcpy-stub.o)
                0x0007c80e                memcpy
 .text.memset   0x0007c824       0x10 c:/progra~2/gnutoo~1/72018-~1/bin/../lib/gcc/arm-none-eabi/7.3.1/../../../../arm-none-eabi/lib/thumb/v7e-m/fpv4-sp/hard\libg_nano.a(lib_a-memset.o)
                0x0007c824                memset
 .text._exit    0x0007c834        0x4 c:/progra~2/gnutoo~1/72018-~1/bin/../lib/gcc/arm-none-eabi/7.3.1/../../../../arm-none-eabi/lib/thumb/v7e-m/fpv4-sp/hard\libnosys.a(_exit.o)
                0x0007c834                _exit
 *(.init)
 .init          0x0007c838        0x4 c:/progra~2/gnutoo~1/72018-~1/bin/../lib/gcc/arm-none-eabi/7.3.1/thumb/v7e-m/fpv4-sp/hard/crti.o
                0x0007c838                _init
 .init          0x0007c83c        0x8 c:/progra~2/gnutoo~1/72018-~1/bin/../lib/gcc/arm-none-eabi/7.3.1/thumb/v7e-m/fpv4-sp/hard/crtn.o
 *(.fini)
 .fini          0x0007c844        0x4 c:/progra~2/gnutoo~1/72018-~1/bin/../lib/gcc/arm-none-eabi/7.3.1/thumb/v7e-m/fpv4-sp/hard/crti.o
                0x0007c844                _fini
 .fini          0x0007c848        0x8 c:/progra~2/gnutoo~1/72018-~1/bin/../lib/gcc/arm-none-eabi/7.3.1/thumb/v7e-m/fpv4-sp/hard/crtn.o
 *crtbegin.o(.ctors)
 *crtbegin?.o(.ctors)
 *(EXCLUDE_FILE(*crtend.o *crtend?.o) .ctors)
 *(SORT_BY_NAME(.ctors.*))
 *(.ctors)
 *crtbegin.o(.dtors)
 *crtbegin?.o(.dtors)
 *(EXCLUDE_FILE(*crtend.o *crtend?.o) .dtors)
 *(SORT_BY_NAME(.dtors.*))
 *(.dtors)
 *(.rodata*)
 .rodata.m_invalid_header
                0x0007c850        0x4 mesh/bootloader/CMakeFiles/mesh_bootloader_gccarmemb_nrf52833_xxAA.dir/src/bootloader_info.c.obj
 .rodata.CSWTCH.44
                0x0007c854        0x4 mesh/bootloader/CMakeFiles/mesh_bootloader_gccarmemb_nrf52833_xxAA.dir/src/dfu_mesh.c.obj
 .rodata        0x0007c858        0xc mesh/bootloader/CMakeFiles/mesh_bootloader_gccarmemb_nrf52833_xxAA.dir/src/radio_control.c.obj
 .rodata.curve_G
                0x0007c864       0x40 mesh/bootloader/CMakeFiles/mesh_bootloader_gccarmemb_nrf52833_xxAA.dir/src/uECC.c.obj
 .rodata.curve_n
                0x0007c8a4       0x20 mesh/bootloader/CMakeFiles/mesh_bootloader_gccarmemb_nrf52833_xxAA.dir/src/uECC.c.obj
 .rodata.curve_p
                0x0007c8c4       0x20 mesh/bootloader/CMakeFiles/mesh_bootloader_gccarmemb_nrf52833_xxAA.dir/src/uECC.c.obj
 .rodata.k      0x0007c8e4      0x100 mesh/bootloader/CMakeFiles/mesh_bootloader_gccarmemb_nrf52833_xxAA.dir/C_/dev/nRF5_SDK_16.0.0_98a08e2/components/libraries/sha256/sha256.c.obj
 .rodata._global_impure_ptr
                0x0007c9e4        0x4 c:/progra~2/gnutoo~1/72018-~1/bin/../lib/gcc/arm-none-eabi/7.3.1/../../../../arm-none-eabi/lib/thumb/v7e-m/fpv4-sp/hard\libg_nano.a(lib_a-impure.o)
                0x0007c9e4                _global_impure_ptr
 *(.eh_frame*)
 .eh_frame      0x0007c9e8        0x0 c:/progra~2/gnutoo~1/72018-~1/bin/../lib/gcc/arm-none-eabi/7.3.1/thumb/v7e-m/fpv4-sp/hard/crtbegin.o
 .eh_frame      0x0007c9e8        0x4 c:/progra~2/gnutoo~1/72018-~1/bin/../lib/gcc/arm-none-eabi/7.3.1/thumb/v7e-m/fpv4-sp/hard/crtend.o

.glue_7         0x0007c9ec        0x0
 .glue_7        0x0007c9ec        0x0 linker stubs

.glue_7t        0x0007c9ec        0x0
 .glue_7t       0x0007c9ec        0x0 linker stubs

.vfp11_veneer   0x0007c9ec        0x0
 .vfp11_veneer  0x0007c9ec        0x0 linker stubs

.v4_bx          0x0007c9ec        0x0
 .v4_bx         0x0007c9ec        0x0 linker stubs

.iplt           0x0007c9ec        0x0
 .iplt          0x0007c9ec        0x0 c:/progra~2/gnutoo~1/72018-~1/bin/../lib/gcc/arm-none-eabi/7.3.1/thumb/v7e-m/fpv4-sp/hard/crtbegin.o

.ARM.extab
 *(.ARM.extab* .gnu.linkonce.armextab.*)
                0x0007c9ec                __exidx_start = .

.ARM.exidx      0x0007c9ec        0x8
 *(.ARM.exidx* .gnu.linkonce.armexidx.*)
 .ARM.exidx     0x0007c9ec        0x8 c:/progra~2/gnutoo~1/72018-~1/bin/../lib/gcc/arm-none-eabi/7.3.1/../../../../arm-none-eabi/lib/thumb/v7e-m/fpv4-sp/hard/crt0.o
 .ARM.exidx     0x0007c9f4        0x0 c:/progra~2/gnutoo~1/72018-~1/bin/../lib/gcc/arm-none-eabi/7.3.1/thumb/v7e-m/fpv4-sp/hard\libgcc.a(_udivmoddi4.o)
                                  0x8 (size before relaxing)
                0x0007c9f4                __exidx_end = .
                0x0007c9f4                __etext = .

.rel.dyn        0x0007c9f4        0x0
 .rel.iplt      0x0007c9f4        0x0 c:/progra~2/gnutoo~1/72018-~1/bin/../lib/gcc/arm-none-eabi/7.3.1/thumb/v7e-m/fpv4-sp/hard/crtbegin.o

.data           0x20000004       0x74 load address 0x0007c9f4
                0x20000004                __data_start__ = .
 *(vtable)
 *(.data*)
 .data.m_alt_aa
                0x20000004        0x4 mesh/bootloader/CMakeFiles/mesh_bootloader_gccarmemb_nrf52833_xxAA.dir/src/radio_control.c.obj
 .data.m_radio_state
                0x20000008        0x1 mesh/bootloader/CMakeFiles/mesh_bootloader_gccarmemb_nrf52833_xxAA.dir/src/radio_control.c.obj
 *fill*         0x20000009        0x3 
 .data.SystemCoreClock
                0x2000000c        0x4 mesh/bootloader/CMakeFiles/mesh_bootloader_gccarmemb_nrf52833_xxAA.dir/C_/dev/nRF5_SDK_16.0.0_98a08e2/modules/nrfx/mdk/system_nrf52833.c.obj
                0x2000000c                SystemCoreClock
 .data.impure_data
                0x20000010       0x60 c:/progra~2/gnutoo~1/72018-~1/bin/../lib/gcc/arm-none-eabi/7.3.1/../../../../arm-none-eabi/lib/thumb/v7e-m/fpv4-sp/hard\libg_nano.a(lib_a-impure.o)
                0x20000070                . = ALIGN (0x4)
                0x20000070                PROVIDE (__preinit_array_start = .)
 *(.preinit_array)
                0x20000070                PROVIDE (__preinit_array_end = .)
                0x20000070                . = ALIGN (0x4)
                0x20000070                PROVIDE (__init_array_start = .)
 *(SORT_BY_NAME(.init_array.*))
 *(.init_array)
 .init_array    0x20000070        0x4 c:/progra~2/gnutoo~1/72018-~1/bin/../lib/gcc/arm-none-eabi/7.3.1/thumb/v7e-m/fpv4-sp/hard/crtbegin.o
                0x20000074                PROVIDE (__init_array_end = .)
                0x20000074                . = ALIGN (0x4)
                [!provide]                PROVIDE (__fini_array_start = .)
 *(SORT_BY_NAME(.fini_array.*))
 *(.fini_array)
 .fini_array    0x20000074        0x4 c:/progra~2/gnutoo~1/72018-~1/bin/../lib/gcc/arm-none-eabi/7.3.1/thumb/v7e-m/fpv4-sp/hard/crtbegin.o
                [!provide]                PROVIDE (__fini_array_end = .)
 *(.jcr*)
                0x20000078                . = ALIGN (0x4)
                0x20000078                __data_end__ = .

.igot.plt       0x20000078        0x0 load address 0x0007ca68
 .igot.plt      0x20000078        0x0 c:/progra~2/gnutoo~1/72018-~1/bin/../lib/gcc/arm-none-eabi/7.3.1/thumb/v7e-m/fpv4-sp/hard/crtbegin.o

.bss            0x20000078      0x790 load address 0x0007ca68
                0x20000078                . = ALIGN (0x4)
                0x20000078                __bss_start__ = .
 *(.bss*)
 .bss           0x20000078       0x1c c:/progra~2/gnutoo~1/72018-~1/bin/../lib/gcc/arm-none-eabi/7.3.1/thumb/v7e-m/fpv4-sp/hard/crtbegin.o
 .bss.m_flash_fifo
                0x20000094       0x18 mesh/bootloader/CMakeFiles/mesh_bootloader_gccarmemb_nrf52833_xxAA.dir/src/bootloader.c.obj
 .bss.m_flash_fifo_buf
                0x200000ac       0x80 mesh/bootloader/CMakeFiles/mesh_bootloader_gccarmemb_nrf52833_xxAA.dir/src/bootloader.c.obj
 .bss.m_go_to_app
                0x2000012c        0x1 mesh/bootloader/CMakeFiles/mesh_bootloader_gccarmemb_nrf52833_xxAA.dir/src/bootloader.c.obj
 .bss.m_timeout_action
                0x2000012d        0x1 mesh/bootloader/CMakeFiles/mesh_bootloader_gccarmemb_nrf52833_xxAA.dir/src/bootloader.c.obj
 *fill*         0x2000012e        0x2 
 .bss.rsp_cmd.11956
                0x20000130       0x18 mesh/bootloader/CMakeFiles/mesh_bootloader_gccarmemb_nrf52833_xxAA.dir/src/bootloader.c.obj
 .bss.g_packet_pool
                0x20000148      0x500 mesh/bootloader/CMakeFiles/mesh_bootloader_gccarmemb_nrf52833_xxAA.dir/src/mesh_packet.c.obj
 .bss.g_packet_refs
                0x20000648       0x20 mesh/bootloader/CMakeFiles/mesh_bootloader_gccarmemb_nrf52833_xxAA.dir/src/mesh_packet.c.obj
 .bss.buffer.7199
                0x20000668        0x4 mesh/bootloader/CMakeFiles/mesh_bootloader_gccarmemb_nrf52833_xxAA.dir/src/nrf_flash.c.obj
 .bss.m_idle_cb
                0x2000066c        0x4 mesh/bootloader/CMakeFiles/mesh_bootloader_gccarmemb_nrf52833_xxAA.dir/src/radio_control.c.obj
 .bss.m_radio_fifo
                0x20000670       0x18 mesh/bootloader/CMakeFiles/mesh_bootloader_gccarmemb_nrf52833_xxAA.dir/src/radio_control.c.obj
 .bss.m_radio_fifo_queue
                0x20000688       0x40 mesh/bootloader/CMakeFiles/mesh_bootloader_gccarmemb_nrf52833_xxAA.dir/src/radio_control.c.obj
 .bss.m_rx_cb   0x200006c8        0x4 mesh/bootloader/CMakeFiles/mesh_bootloader_gccarmemb_nrf52833_xxAA.dir/src/radio_control.c.obj
 .bss.m_tx_cb   0x200006cc        0x4 mesh/bootloader/CMakeFiles/mesh_bootloader_gccarmemb_nrf52833_xxAA.dir/src/radio_control.c.obj
 .bss.m_prng    0x200006d0       0x10 mesh/bootloader/CMakeFiles/mesh_bootloader_gccarmemb_nrf52833_xxAA.dir/src/transport.c.obj
 .bss.m_running
                0x200006e0        0x1 mesh/bootloader/CMakeFiles/mesh_bootloader_gccarmemb_nrf52833_xxAA.dir/src/transport.c.obj
 *fill*         0x200006e1        0x3 
 .bss.m_rx_cb   0x200006e4        0x4 mesh/bootloader/CMakeFiles/mesh_bootloader_gccarmemb_nrf52833_xxAA.dir/src/transport.c.obj
 .bss.m_rx_fifo
                0x200006e8       0x18 mesh/bootloader/CMakeFiles/mesh_bootloader_gccarmemb_nrf52833_xxAA.dir/src/transport.c.obj
 .bss.m_rx_fifo_buf
                0x20000700       0x80 mesh/bootloader/CMakeFiles/mesh_bootloader_gccarmemb_nrf52833_xxAA.dir/src/transport.c.obj
 .bss.m_ticks_at_order_time
                0x20000780        0x4 mesh/bootloader/CMakeFiles/mesh_bootloader_gccarmemb_nrf52833_xxAA.dir/src/transport.c.obj
 .bss.m_tx      0x20000784       0x80 mesh/bootloader/CMakeFiles/mesh_bootloader_gccarmemb_nrf52833_xxAA.dir/src/transport.c.obj
 *(COMMON)
 COMMON         0x20000804        0x2 mesh/bootloader/CMakeFiles/mesh_bootloader_gccarmemb_nrf52833_xxAA.dir/src/transport.c.obj
                0x20000804                m_tx_evt_bitfield
                0x20000808                . = ALIGN (0x4)
 *fill*         0x20000806        0x2 
                0x20000808                __bss_end__ = .

.heap           0x20000808     0x2000
                0x20000808                __HeapBase = .
                0x20000808                __end__ = .
                [!provide]                PROVIDE (end = .)
 *(.heap*)
 .heap          0x20000808     0x2000 mesh/bootloader/CMakeFiles/mesh_bootloader_gccarmemb_nrf52833_xxAA.dir/C_/dev/nRF5_SDK_16.0.0_98a08e2/modules/nrfx/mdk/gcc_startup_nrf52833.S.obj
                0x20002808                __HeapLimit = .

.stack_dummy    0x20000808     0x2000
 *(.stack*)
 .stack         0x20000808     0x2000 mesh/bootloader/CMakeFiles/mesh_bootloader_gccarmemb_nrf52833_xxAA.dir/C_/dev/nRF5_SDK_16.0.0_98a08e2/modules/nrfx/mdk/gcc_startup_nrf52833.S.obj
                0x2001fd00                __StackTop = (ORIGIN (RAM) + LENGTH (RAM))
                0x2001dd00                __StackLimit = (__StackTop - SIZEOF (.stack_dummy))
                0x2001fd00                PROVIDE (__stack = __StackTop)
                0x00000001                ASSERT ((__StackLimit >= __HeapLimit), region RAM overflowed with stack)
                0x00000074                DataInitFlashUsed = (__bss_start__ - __data_start__)
                0x000049f4                CodeFlashUsed = (__etext - ORIGIN (FLASH))
                0x00004a68                TotalFlashUsed = (CodeFlashUsed + DataInitFlashUsed)
                0x00000001                ASSERT ((TotalFlashUsed <= LENGTH (FLASH)), region FLASH overflowed with .data and user data)
OUTPUT(mesh\bootloader\mesh_bootloader_gccarmemb_nrf52833_xxAA.elf elf32-littlearm)

.ARM.attributes
                0x00000000       0x30
 .ARM.attributes
                0x00000000       0x22 c:/progra~2/gnutoo~1/72018-~1/bin/../lib/gcc/arm-none-eabi/7.3.1/thumb/v7e-m/fpv4-sp/hard/crti.o
 .ARM.attributes
                0x00000022       0x34 c:/progra~2/gnutoo~1/72018-~1/bin/../lib/gcc/arm-none-eabi/7.3.1/thumb/v7e-m/fpv4-sp/hard/crtbegin.o
 .ARM.attributes
                0x00000056       0x20 c:/progra~2/gnutoo~1/72018-~1/bin/../lib/gcc/arm-none-eabi/7.3.1/../../../../arm-none-eabi/lib/thumb/v7e-m/fpv4-sp/hard/crt0.o
 .ARM.attributes
                0x00000076       0x39 mesh/bootloader/CMakeFiles/mesh_bootloader_gccarmemb_nrf52833_xxAA.dir/src/bootloader.c.obj
 .ARM.attributes
                0x000000af       0x39 mesh/bootloader/CMakeFiles/mesh_bootloader_gccarmemb_nrf52833_xxAA.dir/src/bootloader_app_bridge.c.obj
 .ARM.attributes
                0x000000e8       0x39 mesh/bootloader/CMakeFiles/mesh_bootloader_gccarmemb_nrf52833_xxAA.dir/src/bootloader_info.c.obj
 .ARM.attributes
                0x00000121       0x39 mesh/bootloader/CMakeFiles/mesh_bootloader_gccarmemb_nrf52833_xxAA.dir/src/bootloader_rtc.c.obj
 .ARM.attributes
                0x0000015a       0x39 mesh/bootloader/CMakeFiles/mesh_bootloader_gccarmemb_nrf52833_xxAA.dir/src/bootloader_util.c.obj
 .ARM.attributes
                0x00000193       0x39 mesh/bootloader/CMakeFiles/mesh_bootloader_gccarmemb_nrf52833_xxAA.dir/src/dfu_bank.c.obj
 .ARM.attributes
                0x000001cc       0x39 mesh/bootloader/CMakeFiles/mesh_bootloader_gccarmemb_nrf52833_xxAA.dir/src/dfu_mesh.c.obj
 .ARM.attributes
                0x00000205       0x39 mesh/bootloader/CMakeFiles/mesh_bootloader_gccarmemb_nrf52833_xxAA.dir/src/dfu_transfer_mesh.c.obj
 .ARM.attributes
                0x0000023e       0x39 mesh/bootloader/CMakeFiles/mesh_bootloader_gccarmemb_nrf52833_xxAA.dir/src/dfu_util.c.obj
 .ARM.attributes
                0x00000277       0x39 mesh/bootloader/CMakeFiles/mesh_bootloader_gccarmemb_nrf52833_xxAA.dir/src/fifo.c.obj
 .ARM.attributes
                0x000002b0       0x39 mesh/bootloader/CMakeFiles/mesh_bootloader_gccarmemb_nrf52833_xxAA.dir/src/main.c.obj
 .ARM.attributes
                0x000002e9       0x39 mesh/bootloader/CMakeFiles/mesh_bootloader_gccarmemb_nrf52833_xxAA.dir/src/mesh_packet.c.obj
 .ARM.attributes
                0x00000322       0x39 mesh/bootloader/CMakeFiles/mesh_bootloader_gccarmemb_nrf52833_xxAA.dir/src/nrf_flash.c.obj
 .ARM.attributes
                0x0000035b       0x39 mesh/bootloader/CMakeFiles/mesh_bootloader_gccarmemb_nrf52833_xxAA.dir/src/radio_control.c.obj
 .ARM.attributes
                0x00000394       0x39 mesh/bootloader/CMakeFiles/mesh_bootloader_gccarmemb_nrf52833_xxAA.dir/src/rand.c.obj
 .ARM.attributes
                0x000003cd       0x39 mesh/bootloader/CMakeFiles/mesh_bootloader_gccarmemb_nrf52833_xxAA.dir/src/transport.c.obj
 .ARM.attributes
                0x00000406       0x39 mesh/bootloader/CMakeFiles/mesh_bootloader_gccarmemb_nrf52833_xxAA.dir/src/uECC.c.obj
 .ARM.attributes
                0x0000043f       0x39 mesh/bootloader/CMakeFiles/mesh_bootloader_gccarmemb_nrf52833_xxAA.dir/C_/dev/nRF5_SDK_16.0.0_98a08e2/components/libraries/sha256/sha256.c.obj
 .ARM.attributes
                0x00000478       0x39 mesh/bootloader/CMakeFiles/mesh_bootloader_gccarmemb_nrf52833_xxAA.dir/C_/dev/nRF5_SDK_16.0.0_98a08e2/modules/nrfx/mdk/system_nrf52833.c.obj
 .ARM.attributes
                0x000004b1       0x20 mesh/bootloader/CMakeFiles/mesh_bootloader_gccarmemb_nrf52833_xxAA.dir/C_/dev/nRF5_SDK_16.0.0_98a08e2/modules/nrfx/mdk/gcc_startup_nrf52833.S.obj
 .ARM.attributes
                0x000004d1       0x22 c:/progra~2/gnutoo~1/72018-~1/bin/../lib/gcc/arm-none-eabi/7.3.1/thumb/v7e-m/fpv4-sp/hard\libgcc.a(_aeabi_uldivmod.o)
 .ARM.attributes
                0x000004f3       0x34 c:/progra~2/gnutoo~1/72018-~1/bin/../lib/gcc/arm-none-eabi/7.3.1/thumb/v7e-m/fpv4-sp/hard\libgcc.a(_udivmoddi4.o)
 .ARM.attributes
                0x00000527       0x22 c:/progra~2/gnutoo~1/72018-~1/bin/../lib/gcc/arm-none-eabi/7.3.1/thumb/v7e-m/fpv4-sp/hard\libgcc.a(_dvmd_tls.o)
 .ARM.attributes
                0x00000549       0x34 c:/progra~2/gnutoo~1/72018-~1/bin/../lib/gcc/arm-none-eabi/7.3.1/../../../../arm-none-eabi/lib/thumb/v7e-m/fpv4-sp/hard\libg_nano.a(lib_a-exit.o)
 .ARM.attributes
                0x0000057d       0x34 c:/progra~2/gnutoo~1/72018-~1/bin/../lib/gcc/arm-none-eabi/7.3.1/../../../../arm-none-eabi/lib/thumb/v7e-m/fpv4-sp/hard\libg_nano.a(lib_a-impure.o)
 .ARM.attributes
                0x000005b1       0x34 c:/progra~2/gnutoo~1/72018-~1/bin/../lib/gcc/arm-none-eabi/7.3.1/../../../../arm-none-eabi/lib/thumb/v7e-m/fpv4-sp/hard\libg_nano.a(lib_a-init.o)
 .ARM.attributes
                0x000005e5       0x34 c:/progra~2/gnutoo~1/72018-~1/bin/../lib/gcc/arm-none-eabi/7.3.1/../../../../arm-none-eabi/lib/thumb/v7e-m/fpv4-sp/hard\libg_nano.a(lib_a-memcmp.o)
 .ARM.attributes
                0x00000619       0x34 c:/progra~2/gnutoo~1/72018-~1/bin/../lib/gcc/arm-none-eabi/7.3.1/../../../../arm-none-eabi/lib/thumb/v7e-m/fpv4-sp/hard\libg_nano.a(lib_a-memcpy-stub.o)
 .ARM.attributes
                0x0000064d       0x34 c:/progra~2/gnutoo~1/72018-~1/bin/../lib/gcc/arm-none-eabi/7.3.1/../../../../arm-none-eabi/lib/thumb/v7e-m/fpv4-sp/hard\libg_nano.a(lib_a-memset.o)
 .ARM.attributes
                0x00000681       0x34 c:/progra~2/gnutoo~1/72018-~1/bin/../lib/gcc/arm-none-eabi/7.3.1/thumb/v7e-m/fpv4-sp/hard/crtend.o
 .ARM.attributes
                0x000006b5       0x22 c:/progra~2/gnutoo~1/72018-~1/bin/../lib/gcc/arm-none-eabi/7.3.1/thumb/v7e-m/fpv4-sp/hard/crtn.o
 .ARM.attributes
                0x000006d7       0x34 c:/progra~2/gnutoo~1/72018-~1/bin/../lib/gcc/arm-none-eabi/7.3.1/../../../../arm-none-eabi/lib/thumb/v7e-m/fpv4-sp/hard\libnosys.a(_exit.o)

.comment        0x00000000       0x7f
 .comment       0x00000000       0x7f mesh/bootloader/CMakeFiles/mesh_bootloader_gccarmemb_nrf52833_xxAA.dir/src/bootloader.c.obj
                                 0x80 (size before relaxing)
 .comment       0x0000007f       0x80 mesh/bootloader/CMakeFiles/mesh_bootloader_gccarmemb_nrf52833_xxAA.dir/src/bootloader_app_bridge.c.obj
 .comment       0x0000007f       0x80 mesh/bootloader/CMakeFiles/mesh_bootloader_gccarmemb_nrf52833_xxAA.dir/src/bootloader_info.c.obj
 .comment       0x0000007f       0x80 mesh/bootloader/CMakeFiles/mesh_bootloader_gccarmemb_nrf52833_xxAA.dir/src/bootloader_rtc.c.obj
 .comment       0x0000007f       0x80 mesh/bootloader/CMakeFiles/mesh_bootloader_gccarmemb_nrf52833_xxAA.dir/src/bootloader_util.c.obj
 .comment       0x0000007f       0x80 mesh/bootloader/CMakeFiles/mesh_bootloader_gccarmemb_nrf52833_xxAA.dir/src/dfu_bank.c.obj
 .comment       0x0000007f       0x80 mesh/bootloader/CMakeFiles/mesh_bootloader_gccarmemb_nrf52833_xxAA.dir/src/dfu_mesh.c.obj
 .comment       0x0000007f       0x80 mesh/bootloader/CMakeFiles/mesh_bootloader_gccarmemb_nrf52833_xxAA.dir/src/dfu_transfer_mesh.c.obj
 .comment       0x0000007f       0x80 mesh/bootloader/CMakeFiles/mesh_bootloader_gccarmemb_nrf52833_xxAA.dir/src/dfu_util.c.obj
 .comment       0x0000007f       0x80 mesh/bootloader/CMakeFiles/mesh_bootloader_gccarmemb_nrf52833_xxAA.dir/src/fifo.c.obj
 .comment       0x0000007f       0x80 mesh/bootloader/CMakeFiles/mesh_bootloader_gccarmemb_nrf52833_xxAA.dir/src/main.c.obj
 .comment       0x0000007f       0x80 mesh/bootloader/CMakeFiles/mesh_bootloader_gccarmemb_nrf52833_xxAA.dir/src/mesh_packet.c.obj
 .comment       0x0000007f       0x80 mesh/bootloader/CMakeFiles/mesh_bootloader_gccarmemb_nrf52833_xxAA.dir/src/nrf_flash.c.obj
 .comment       0x0000007f       0x80 mesh/bootloader/CMakeFiles/mesh_bootloader_gccarmemb_nrf52833_xxAA.dir/src/radio_control.c.obj
 .comment       0x0000007f       0x80 mesh/bootloader/CMakeFiles/mesh_bootloader_gccarmemb_nrf52833_xxAA.dir/src/rand.c.obj
 .comment       0x0000007f       0x80 mesh/bootloader/CMakeFiles/mesh_bootloader_gccarmemb_nrf52833_xxAA.dir/src/transport.c.obj
 .comment       0x0000007f       0x80 mesh/bootloader/CMakeFiles/mesh_bootloader_gccarmemb_nrf52833_xxAA.dir/src/uECC.c.obj
 .comment       0x0000007f       0x80 mesh/bootloader/CMakeFiles/mesh_bootloader_gccarmemb_nrf52833_xxAA.dir/C_/dev/nRF5_SDK_16.0.0_98a08e2/components/libraries/sha256/sha256.c.obj
 .comment       0x0000007f       0x80 mesh/bootloader/CMakeFiles/mesh_bootloader_gccarmemb_nrf52833_xxAA.dir/C_/dev/nRF5_SDK_16.0.0_98a08e2/modules/nrfx/mdk/system_nrf52833.c.obj

.debug_info     0x00000000    0x1b4b5
 .debug_info    0x00000000     0x3513 mesh/bootloader/CMakeFiles/mesh_bootloader_gccarmemb_nrf52833_xxAA.dir/src/bootloader.c.obj
 .debug_info    0x00003513     0x2385 mesh/bootloader/CMakeFiles/mesh_bootloader_gccarmemb_nrf52833_xxAA.dir/src/bootloader_app_bridge.c.obj
 .debug_info    0x00005898     0x1c2c mesh/bootloader/CMakeFiles/mesh_bootloader_gccarmemb_nrf52833_xxAA.dir/src/bootloader_info.c.obj
 .debug_info    0x000074c4      0x795 mesh/bootloader/CMakeFiles/mesh_bootloader_gccarmemb_nrf52833_xxAA.dir/src/bootloader_rtc.c.obj
 .debug_info    0x00007c59      0x8f6 mesh/bootloader/CMakeFiles/mesh_bootloader_gccarmemb_nrf52833_xxAA.dir/src/bootloader_util.c.obj
 .debug_info    0x0000854f     0x22dd mesh/bootloader/CMakeFiles/mesh_bootloader_gccarmemb_nrf52833_xxAA.dir/src/dfu_bank.c.obj
 .debug_info    0x0000a82c     0x3663 mesh/bootloader/CMakeFiles/mesh_bootloader_gccarmemb_nrf52833_xxAA.dir/src/dfu_mesh.c.obj
 .debug_info    0x0000de8f      0xeca mesh/bootloader/CMakeFiles/mesh_bootloader_gccarmemb_nrf52833_xxAA.dir/src/dfu_transfer_mesh.c.obj
 .debug_info    0x0000ed59     0x170f mesh/bootloader/CMakeFiles/mesh_bootloader_gccarmemb_nrf52833_xxAA.dir/src/dfu_util.c.obj
 .debug_info    0x00010468      0xc70 mesh/bootloader/CMakeFiles/mesh_bootloader_gccarmemb_nrf52833_xxAA.dir/src/fifo.c.obj
 .debug_info    0x000110d8     0x15cc mesh/bootloader/CMakeFiles/mesh_bootloader_gccarmemb_nrf52833_xxAA.dir/src/main.c.obj
 .debug_info    0x000126a4     0x1324 mesh/bootloader/CMakeFiles/mesh_bootloader_gccarmemb_nrf52833_xxAA.dir/src/mesh_packet.c.obj
 .debug_info    0x000139c8      0x6c0 mesh/bootloader/CMakeFiles/mesh_bootloader_gccarmemb_nrf52833_xxAA.dir/src/nrf_flash.c.obj
 .debug_info    0x00014088     0x19b1 mesh/bootloader/CMakeFiles/mesh_bootloader_gccarmemb_nrf52833_xxAA.dir/src/radio_control.c.obj
 .debug_info    0x00015a39      0x344 mesh/bootloader/CMakeFiles/mesh_bootloader_gccarmemb_nrf52833_xxAA.dir/src/rand.c.obj
 .debug_info    0x00015d7d     0x1b96 mesh/bootloader/CMakeFiles/mesh_bootloader_gccarmemb_nrf52833_xxAA.dir/src/transport.c.obj
 .debug_info    0x00017913     0x1ea7 mesh/bootloader/CMakeFiles/mesh_bootloader_gccarmemb_nrf52833_xxAA.dir/src/uECC.c.obj
 .debug_info    0x000197ba      0xc18 mesh/bootloader/CMakeFiles/mesh_bootloader_gccarmemb_nrf52833_xxAA.dir/C_/dev/nRF5_SDK_16.0.0_98a08e2/components/libraries/sha256/sha256.c.obj
 .debug_info    0x0001a3d2     0x10e3 mesh/bootloader/CMakeFiles/mesh_bootloader_gccarmemb_nrf52833_xxAA.dir/C_/dev/nRF5_SDK_16.0.0_98a08e2/modules/nrfx/mdk/system_nrf52833.c.obj

.debug_abbrev   0x00000000     0x3e0f
 .debug_abbrev  0x00000000      0x45d mesh/bootloader/CMakeFiles/mesh_bootloader_gccarmemb_nrf52833_xxAA.dir/src/bootloader.c.obj
 .debug_abbrev  0x0000045d      0x392 mesh/bootloader/CMakeFiles/mesh_bootloader_gccarmemb_nrf52833_xxAA.dir/src/bootloader_app_bridge.c.obj
 .debug_abbrev  0x000007ef      0x50f mesh/bootloader/CMakeFiles/mesh_bootloader_gccarmemb_nrf52833_xxAA.dir/src/bootloader_info.c.obj
 .debug_abbrev  0x00000cfe      0x193 mesh/bootloader/CMakeFiles/mesh_bootloader_gccarmemb_nrf52833_xxAA.dir/src/bootloader_rtc.c.obj
 .debug_abbrev  0x00000e91      0x1db mesh/bootloader/CMakeFiles/mesh_bootloader_gccarmemb_nrf52833_xxAA.dir/src/bootloader_util.c.obj
 .debug_abbrev  0x0000106c      0x453 mesh/bootloader/CMakeFiles/mesh_bootloader_gccarmemb_nrf52833_xxAA.dir/src/dfu_bank.c.obj
 .debug_abbrev  0x000014bf      0x4f9 mesh/bootloader/CMakeFiles/mesh_bootloader_gccarmemb_nrf52833_xxAA.dir/src/dfu_mesh.c.obj
 .debug_abbrev  0x000019b8      0x379 mesh/bootloader/CMakeFiles/mesh_bootloader_gccarmemb_nrf52833_xxAA.dir/src/dfu_transfer_mesh.c.obj
 .debug_abbrev  0x00001d31      0x420 mesh/bootloader/CMakeFiles/mesh_bootloader_gccarmemb_nrf52833_xxAA.dir/src/dfu_util.c.obj
 .debug_abbrev  0x00002151      0x2d4 mesh/bootloader/CMakeFiles/mesh_bootloader_gccarmemb_nrf52833_xxAA.dir/src/fifo.c.obj
 .debug_abbrev  0x00002425      0x31d mesh/bootloader/CMakeFiles/mesh_bootloader_gccarmemb_nrf52833_xxAA.dir/src/main.c.obj
 .debug_abbrev  0x00002742      0x377 mesh/bootloader/CMakeFiles/mesh_bootloader_gccarmemb_nrf52833_xxAA.dir/src/mesh_packet.c.obj
 .debug_abbrev  0x00002ab9      0x1bc mesh/bootloader/CMakeFiles/mesh_bootloader_gccarmemb_nrf52833_xxAA.dir/src/nrf_flash.c.obj
 .debug_abbrev  0x00002c75      0x45c mesh/bootloader/CMakeFiles/mesh_bootloader_gccarmemb_nrf52833_xxAA.dir/src/radio_control.c.obj
 .debug_abbrev  0x000030d1      0x188 mesh/bootloader/CMakeFiles/mesh_bootloader_gccarmemb_nrf52833_xxAA.dir/src/rand.c.obj
 .debug_abbrev  0x00003259      0x4d3 mesh/bootloader/CMakeFiles/mesh_bootloader_gccarmemb_nrf52833_xxAA.dir/src/transport.c.obj
 .debug_abbrev  0x0000372c      0x2b5 mesh/bootloader/CMakeFiles/mesh_bootloader_gccarmemb_nrf52833_xxAA.dir/src/uECC.c.obj
 .debug_abbrev  0x000039e1      0x24c mesh/bootloader/CMakeFiles/mesh_bootloader_gccarmemb_nrf52833_xxAA.dir/C_/dev/nRF5_SDK_16.0.0_98a08e2/components/libraries/sha256/sha256.c.obj
 .debug_abbrev  0x00003c2d      0x1e2 mesh/bootloader/CMakeFiles/mesh_bootloader_gccarmemb_nrf52833_xxAA.dir/C_/dev/nRF5_SDK_16.0.0_98a08e2/modules/nrfx/mdk/system_nrf52833.c.obj

.debug_loc      0x00000000     0x5c92
 .debug_loc     0x00000000      0x529 mesh/bootloader/CMakeFiles/mesh_bootloader_gccarmemb_nrf52833_xxAA.dir/src/bootloader.c.obj
 .debug_loc     0x00000529      0x36d mesh/bootloader/CMakeFiles/mesh_bootloader_gccarmemb_nrf52833_xxAA.dir/src/bootloader_app_bridge.c.obj
 .debug_loc     0x00000896      0xafb mesh/bootloader/CMakeFiles/mesh_bootloader_gccarmemb_nrf52833_xxAA.dir/src/bootloader_info.c.obj
 .debug_loc     0x00001391       0x3c mesh/bootloader/CMakeFiles/mesh_bootloader_gccarmemb_nrf52833_xxAA.dir/src/bootloader_rtc.c.obj
 .debug_loc     0x000013cd       0x31 mesh/bootloader/CMakeFiles/mesh_bootloader_gccarmemb_nrf52833_xxAA.dir/src/bootloader_util.c.obj
 .debug_loc     0x000013fe      0x307 mesh/bootloader/CMakeFiles/mesh_bootloader_gccarmemb_nrf52833_xxAA.dir/src/dfu_bank.c.obj
 .debug_loc     0x00001705      0xf22 mesh/bootloader/CMakeFiles/mesh_bootloader_gccarmemb_nrf52833_xxAA.dir/src/dfu_mesh.c.obj
 .debug_loc     0x00002627      0x473 mesh/bootloader/CMakeFiles/mesh_bootloader_gccarmemb_nrf52833_xxAA.dir/src/dfu_transfer_mesh.c.obj
 .debug_loc     0x00002a9a      0x602 mesh/bootloader/CMakeFiles/mesh_bootloader_gccarmemb_nrf52833_xxAA.dir/src/dfu_util.c.obj
 .debug_loc     0x0000309c      0x377 mesh/bootloader/CMakeFiles/mesh_bootloader_gccarmemb_nrf52833_xxAA.dir/src/fifo.c.obj
 .debug_loc     0x00003413       0x3c mesh/bootloader/CMakeFiles/mesh_bootloader_gccarmemb_nrf52833_xxAA.dir/src/main.c.obj
 .debug_loc     0x0000344f      0x5bc mesh/bootloader/CMakeFiles/mesh_bootloader_gccarmemb_nrf52833_xxAA.dir/src/mesh_packet.c.obj
 .debug_loc     0x00003a0b      0x178 mesh/bootloader/CMakeFiles/mesh_bootloader_gccarmemb_nrf52833_xxAA.dir/src/nrf_flash.c.obj
 .debug_loc     0x00003b83      0x259 mesh/bootloader/CMakeFiles/mesh_bootloader_gccarmemb_nrf52833_xxAA.dir/src/radio_control.c.obj
 .debug_loc     0x00003ddc      0x101 mesh/bootloader/CMakeFiles/mesh_bootloader_gccarmemb_nrf52833_xxAA.dir/src/rand.c.obj
 .debug_loc     0x00003edd      0x583 mesh/bootloader/CMakeFiles/mesh_bootloader_gccarmemb_nrf52833_xxAA.dir/src/transport.c.obj
 .debug_loc     0x00004460     0x12e2 mesh/bootloader/CMakeFiles/mesh_bootloader_gccarmemb_nrf52833_xxAA.dir/src/uECC.c.obj
 .debug_loc     0x00005742      0x550 mesh/bootloader/CMakeFiles/mesh_bootloader_gccarmemb_nrf52833_xxAA.dir/C_/dev/nRF5_SDK_16.0.0_98a08e2/components/libraries/sha256/sha256.c.obj

.debug_aranges  0x00000000      0x760
 .debug_aranges
                0x00000000       0x70 mesh/bootloader/CMakeFiles/mesh_bootloader_gccarmemb_nrf52833_xxAA.dir/src/bootloader.c.obj
 .debug_aranges
                0x00000070       0x70 mesh/bootloader/CMakeFiles/mesh_bootloader_gccarmemb_nrf52833_xxAA.dir/src/bootloader_app_bridge.c.obj
 .debug_aranges
                0x000000e0       0xc0 mesh/bootloader/CMakeFiles/mesh_bootloader_gccarmemb_nrf52833_xxAA.dir/src/bootloader_info.c.obj
 .debug_aranges
                0x000001a0       0x28 mesh/bootloader/CMakeFiles/mesh_bootloader_gccarmemb_nrf52833_xxAA.dir/src/bootloader_rtc.c.obj
 .debug_aranges
                0x000001c8       0x20 mesh/bootloader/CMakeFiles/mesh_bootloader_gccarmemb_nrf52833_xxAA.dir/src/bootloader_util.c.obj
 .debug_aranges
                0x000001e8       0x50 mesh/bootloader/CMakeFiles/mesh_bootloader_gccarmemb_nrf52833_xxAA.dir/src/dfu_bank.c.obj
 .debug_aranges
                0x00000238       0xb8 mesh/bootloader/CMakeFiles/mesh_bootloader_gccarmemb_nrf52833_xxAA.dir/src/dfu_mesh.c.obj
 .debug_aranges
                0x000002f0       0x60 mesh/bootloader/CMakeFiles/mesh_bootloader_gccarmemb_nrf52833_xxAA.dir/src/dfu_transfer_mesh.c.obj
 .debug_aranges
                0x00000350       0xa0 mesh/bootloader/CMakeFiles/mesh_bootloader_gccarmemb_nrf52833_xxAA.dir/src/dfu_util.c.obj
 .debug_aranges
                0x000003f0       0x60 mesh/bootloader/CMakeFiles/mesh_bootloader_gccarmemb_nrf52833_xxAA.dir/src/fifo.c.obj
 .debug_aranges
                0x00000450       0x38 mesh/bootloader/CMakeFiles/mesh_bootloader_gccarmemb_nrf52833_xxAA.dir/src/main.c.obj
 .debug_aranges
                0x00000488       0x80 mesh/bootloader/CMakeFiles/mesh_bootloader_gccarmemb_nrf52833_xxAA.dir/src/mesh_packet.c.obj
 .debug_aranges
                0x00000508       0x28 mesh/bootloader/CMakeFiles/mesh_bootloader_gccarmemb_nrf52833_xxAA.dir/src/nrf_flash.c.obj
 .debug_aranges
                0x00000530       0x40 mesh/bootloader/CMakeFiles/mesh_bootloader_gccarmemb_nrf52833_xxAA.dir/src/radio_control.c.obj
 .debug_aranges
                0x00000570       0x30 mesh/bootloader/CMakeFiles/mesh_bootloader_gccarmemb_nrf52833_xxAA.dir/src/rand.c.obj
 .debug_aranges
                0x000005a0       0xa8 mesh/bootloader/CMakeFiles/mesh_bootloader_gccarmemb_nrf52833_xxAA.dir/src/transport.c.obj
 .debug_aranges
                0x00000648       0xb0 mesh/bootloader/CMakeFiles/mesh_bootloader_gccarmemb_nrf52833_xxAA.dir/src/uECC.c.obj
 .debug_aranges
                0x000006f8       0x38 mesh/bootloader/CMakeFiles/mesh_bootloader_gccarmemb_nrf52833_xxAA.dir/C_/dev/nRF5_SDK_16.0.0_98a08e2/components/libraries/sha256/sha256.c.obj
 .debug_aranges
                0x00000730       0x30 mesh/bootloader/CMakeFiles/mesh_bootloader_gccarmemb_nrf52833_xxAA.dir/C_/dev/nRF5_SDK_16.0.0_98a08e2/modules/nrfx/mdk/system_nrf52833.c.obj

.debug_ranges   0x00000000      0xe18
 .debug_ranges  0x00000000       0xc0 mesh/bootloader/CMakeFiles/mesh_bootloader_gccarmemb_nrf52833_xxAA.dir/src/bootloader.c.obj
 .debug_ranges  0x000000c0       0x60 mesh/bootloader/CMakeFiles/mesh_bootloader_gccarmemb_nrf52833_xxAA.dir/src/bootloader_app_bridge.c.obj
 .debug_ranges  0x00000120      0x1a8 mesh/bootloader/CMakeFiles/mesh_bootloader_gccarmemb_nrf52833_xxAA.dir/src/bootloader_info.c.obj
 .debug_ranges  0x000002c8       0x18 mesh/bootloader/CMakeFiles/mesh_bootloader_gccarmemb_nrf52833_xxAA.dir/src/bootloader_rtc.c.obj
 .debug_ranges  0x000002e0       0x10 mesh/bootloader/CMakeFiles/mesh_bootloader_gccarmemb_nrf52833_xxAA.dir/src/bootloader_util.c.obj
 .debug_ranges  0x000002f0       0xc0 mesh/bootloader/CMakeFiles/mesh_bootloader_gccarmemb_nrf52833_xxAA.dir/src/dfu_bank.c.obj
 .debug_ranges  0x000003b0      0x348 mesh/bootloader/CMakeFiles/mesh_bootloader_gccarmemb_nrf52833_xxAA.dir/src/dfu_mesh.c.obj
 .debug_ranges  0x000006f8       0xa0 mesh/bootloader/CMakeFiles/mesh_bootloader_gccarmemb_nrf52833_xxAA.dir/src/dfu_transfer_mesh.c.obj
 .debug_ranges  0x00000798       0xc0 mesh/bootloader/CMakeFiles/mesh_bootloader_gccarmemb_nrf52833_xxAA.dir/src/dfu_util.c.obj
 .debug_ranges  0x00000858       0x68 mesh/bootloader/CMakeFiles/mesh_bootloader_gccarmemb_nrf52833_xxAA.dir/src/fifo.c.obj
 .debug_ranges  0x000008c0       0x28 mesh/bootloader/CMakeFiles/mesh_bootloader_gccarmemb_nrf52833_xxAA.dir/src/main.c.obj
 .debug_ranges  0x000008e8       0xd0 mesh/bootloader/CMakeFiles/mesh_bootloader_gccarmemb_nrf52833_xxAA.dir/src/mesh_packet.c.obj
 .debug_ranges  0x000009b8       0x68 mesh/bootloader/CMakeFiles/mesh_bootloader_gccarmemb_nrf52833_xxAA.dir/src/nrf_flash.c.obj
 .debug_ranges  0x00000a20       0xe8 mesh/bootloader/CMakeFiles/mesh_bootloader_gccarmemb_nrf52833_xxAA.dir/src/radio_control.c.obj
 .debug_ranges  0x00000b08       0x20 mesh/bootloader/CMakeFiles/mesh_bootloader_gccarmemb_nrf52833_xxAA.dir/src/rand.c.obj
 .debug_ranges  0x00000b28      0x148 mesh/bootloader/CMakeFiles/mesh_bootloader_gccarmemb_nrf52833_xxAA.dir/src/transport.c.obj
 .debug_ranges  0x00000c70      0x160 mesh/bootloader/CMakeFiles/mesh_bootloader_gccarmemb_nrf52833_xxAA.dir/src/uECC.c.obj
 .debug_ranges  0x00000dd0       0x28 mesh/bootloader/CMakeFiles/mesh_bootloader_gccarmemb_nrf52833_xxAA.dir/C_/dev/nRF5_SDK_16.0.0_98a08e2/components/libraries/sha256/sha256.c.obj
 .debug_ranges  0x00000df8       0x20 mesh/bootloader/CMakeFiles/mesh_bootloader_gccarmemb_nrf52833_xxAA.dir/C_/dev/nRF5_SDK_16.0.0_98a08e2/modules/nrfx/mdk/system_nrf52833.c.obj

.debug_line     0x00000000     0x4f98
 .debug_line    0x00000000      0x6fe mesh/bootloader/CMakeFiles/mesh_bootloader_gccarmemb_nrf52833_xxAA.dir/src/bootloader.c.obj
 .debug_line    0x000006fe      0x487 mesh/bootloader/CMakeFiles/mesh_bootloader_gccarmemb_nrf52833_xxAA.dir/src/bootloader_app_bridge.c.obj
 .debug_line    0x00000b85      0x632 mesh/bootloader/CMakeFiles/mesh_bootloader_gccarmemb_nrf52833_xxAA.dir/src/bootloader_info.c.obj
 .debug_line    0x000011b7      0x202 mesh/bootloader/CMakeFiles/mesh_bootloader_gccarmemb_nrf52833_xxAA.dir/src/bootloader_rtc.c.obj
 .debug_line    0x000013b9      0x167 mesh/bootloader/CMakeFiles/mesh_bootloader_gccarmemb_nrf52833_xxAA.dir/src/bootloader_util.c.obj
 .debug_line    0x00001520      0x53f mesh/bootloader/CMakeFiles/mesh_bootloader_gccarmemb_nrf52833_xxAA.dir/src/dfu_bank.c.obj
 .debug_line    0x00001a5f      0x8da mesh/bootloader/CMakeFiles/mesh_bootloader_gccarmemb_nrf52833_xxAA.dir/src/dfu_mesh.c.obj
 .debug_line    0x00002339      0x410 mesh/bootloader/CMakeFiles/mesh_bootloader_gccarmemb_nrf52833_xxAA.dir/src/dfu_transfer_mesh.c.obj
 .debug_line    0x00002749      0x48b mesh/bootloader/CMakeFiles/mesh_bootloader_gccarmemb_nrf52833_xxAA.dir/src/dfu_util.c.obj
 .debug_line    0x00002bd4      0x35d mesh/bootloader/CMakeFiles/mesh_bootloader_gccarmemb_nrf52833_xxAA.dir/src/fifo.c.obj
 .debug_line    0x00002f31      0x312 mesh/bootloader/CMakeFiles/mesh_bootloader_gccarmemb_nrf52833_xxAA.dir/src/main.c.obj
 .debug_line    0x00003243      0x489 mesh/bootloader/CMakeFiles/mesh_bootloader_gccarmemb_nrf52833_xxAA.dir/src/mesh_packet.c.obj
 .debug_line    0x000036cc      0x202 mesh/bootloader/CMakeFiles/mesh_bootloader_gccarmemb_nrf52833_xxAA.dir/src/nrf_flash.c.obj
 .debug_line    0x000038ce      0x3d7 mesh/bootloader/CMakeFiles/mesh_bootloader_gccarmemb_nrf52833_xxAA.dir/src/radio_control.c.obj
 .debug_line    0x00003ca5      0x1f9 mesh/bootloader/CMakeFiles/mesh_bootloader_gccarmemb_nrf52833_xxAA.dir/src/rand.c.obj
 .debug_line    0x00003e9e      0x5a8 mesh/bootloader/CMakeFiles/mesh_bootloader_gccarmemb_nrf52833_xxAA.dir/src/transport.c.obj
 .debug_line    0x00004446      0x4f0 mesh/bootloader/CMakeFiles/mesh_bootloader_gccarmemb_nrf52833_xxAA.dir/src/uECC.c.obj
 .debug_line    0x00004936      0x449 mesh/bootloader/CMakeFiles/mesh_bootloader_gccarmemb_nrf52833_xxAA.dir/C_/dev/nRF5_SDK_16.0.0_98a08e2/components/libraries/sha256/sha256.c.obj
 .debug_line    0x00004d7f      0x219 mesh/bootloader/CMakeFiles/mesh_bootloader_gccarmemb_nrf52833_xxAA.dir/C_/dev/nRF5_SDK_16.0.0_98a08e2/modules/nrfx/mdk/system_nrf52833.c.obj

.debug_str      0x00000000     0x481a
 .debug_str     0x00000000     0x22e6 mesh/bootloader/CMakeFiles/mesh_bootloader_gccarmemb_nrf52833_xxAA.dir/src/bootloader.c.obj
                               0x2539 (size before relaxing)
 .debug_str     0x000022e6      0x2ec mesh/bootloader/CMakeFiles/mesh_bootloader_gccarmemb_nrf52833_xxAA.dir/src/bootloader_app_bridge.c.obj
                               0x1974 (size before relaxing)
 .debug_str     0x000025d2      0x51d mesh/bootloader/CMakeFiles/mesh_bootloader_gccarmemb_nrf52833_xxAA.dir/src/bootloader_info.c.obj
                               0x1082 (size before relaxing)
 .debug_str     0x00002aef       0x52 mesh/bootloader/CMakeFiles/mesh_bootloader_gccarmemb_nrf52833_xxAA.dir/src/bootloader_rtc.c.obj
                                0x6c5 (size before relaxing)
 .debug_str     0x00002b41       0x3f mesh/bootloader/CMakeFiles/mesh_bootloader_gccarmemb_nrf52833_xxAA.dir/src/bootloader_util.c.obj
                                0x5ee (size before relaxing)
 .debug_str     0x00002b80      0x182 mesh/bootloader/CMakeFiles/mesh_bootloader_gccarmemb_nrf52833_xxAA.dir/src/dfu_bank.c.obj
                               0x17de (size before relaxing)
 .debug_str     0x00002d02      0x7d2 mesh/bootloader/CMakeFiles/mesh_bootloader_gccarmemb_nrf52833_xxAA.dir/src/dfu_mesh.c.obj
                               0x1b70 (size before relaxing)
 .debug_str     0x000034d4      0x114 mesh/bootloader/CMakeFiles/mesh_bootloader_gccarmemb_nrf52833_xxAA.dir/src/dfu_transfer_mesh.c.obj
                                0xa1e (size before relaxing)
 .debug_str     0x000035e8      0x140 mesh/bootloader/CMakeFiles/mesh_bootloader_gccarmemb_nrf52833_xxAA.dir/src/dfu_util.c.obj
                               0x111c (size before relaxing)
 .debug_str     0x00003728       0x68 mesh/bootloader/CMakeFiles/mesh_bootloader_gccarmemb_nrf52833_xxAA.dir/src/fifo.c.obj
                                0x6dd (size before relaxing)
 .debug_str     0x00003790      0x1f9 mesh/bootloader/CMakeFiles/mesh_bootloader_gccarmemb_nrf52833_xxAA.dir/src/main.c.obj
                                0xf33 (size before relaxing)
 .debug_str     0x00003989      0x170 mesh/bootloader/CMakeFiles/mesh_bootloader_gccarmemb_nrf52833_xxAA.dir/src/mesh_packet.c.obj
                                0xaad (size before relaxing)
 .debug_str     0x00003af9       0xc9 mesh/bootloader/CMakeFiles/mesh_bootloader_gccarmemb_nrf52833_xxAA.dir/src/nrf_flash.c.obj
                                0x426 (size before relaxing)
 .debug_str     0x00003bc2      0x66b mesh/bootloader/CMakeFiles/mesh_bootloader_gccarmemb_nrf52833_xxAA.dir/src/radio_control.c.obj
                               0x111b (size before relaxing)
 .debug_str     0x0000422d       0x7d mesh/bootloader/CMakeFiles/mesh_bootloader_gccarmemb_nrf52833_xxAA.dir/src/rand.c.obj
                                0x2ef (size before relaxing)
 .debug_str     0x000042aa      0x1b7 mesh/bootloader/CMakeFiles/mesh_bootloader_gccarmemb_nrf52833_xxAA.dir/src/transport.c.obj
                                0xffc (size before relaxing)
 .debug_str     0x00004461      0x2a3 mesh/bootloader/CMakeFiles/mesh_bootloader_gccarmemb_nrf52833_xxAA.dir/src/uECC.c.obj
                                0x4b3 (size before relaxing)
 .debug_str     0x00004704       0x71 mesh/bootloader/CMakeFiles/mesh_bootloader_gccarmemb_nrf52833_xxAA.dir/C_/dev/nRF5_SDK_16.0.0_98a08e2/components/libraries/sha256/sha256.c.obj
                                0x6db (size before relaxing)
 .debug_str     0x00004775       0xa5 mesh/bootloader/CMakeFiles/mesh_bootloader_gccarmemb_nrf52833_xxAA.dir/C_/dev/nRF5_SDK_16.0.0_98a08e2/modules/nrfx/mdk/system_nrf52833.c.obj
                                0x7be (size before relaxing)

.debug_frame    0x00000000     0x14dc
 .debug_frame   0x00000000      0x13c mesh/bootloader/CMakeFiles/mesh_bootloader_gccarmemb_nrf52833_xxAA.dir/src/bootloader.c.obj
 .debug_frame   0x0000013c      0x130 mesh/bootloader/CMakeFiles/mesh_bootloader_gccarmemb_nrf52833_xxAA.dir/src/bootloader_app_bridge.c.obj
 .debug_frame   0x0000026c      0x22c mesh/bootloader/CMakeFiles/mesh_bootloader_gccarmemb_nrf52833_xxAA.dir/src/bootloader_info.c.obj
 .debug_frame   0x00000498       0x40 mesh/bootloader/CMakeFiles/mesh_bootloader_gccarmemb_nrf52833_xxAA.dir/src/bootloader_rtc.c.obj
 .debug_frame   0x000004d8       0x30 mesh/bootloader/CMakeFiles/mesh_bootloader_gccarmemb_nrf52833_xxAA.dir/src/bootloader_util.c.obj
 .debug_frame   0x00000508       0xbc mesh/bootloader/CMakeFiles/mesh_bootloader_gccarmemb_nrf52833_xxAA.dir/src/dfu_bank.c.obj
 .debug_frame   0x000005c4      0x284 mesh/bootloader/CMakeFiles/mesh_bootloader_gccarmemb_nrf52833_xxAA.dir/src/dfu_mesh.c.obj
 .debug_frame   0x00000848      0x10c mesh/bootloader/CMakeFiles/mesh_bootloader_gccarmemb_nrf52833_xxAA.dir/src/dfu_transfer_mesh.c.obj
 .debug_frame   0x00000954      0x19c mesh/bootloader/CMakeFiles/mesh_bootloader_gccarmemb_nrf52833_xxAA.dir/src/dfu_util.c.obj
 .debug_frame   0x00000af0       0xc8 mesh/bootloader/CMakeFiles/mesh_bootloader_gccarmemb_nrf52833_xxAA.dir/src/fifo.c.obj
 .debug_frame   0x00000bb8       0x58 mesh/bootloader/CMakeFiles/mesh_bootloader_gccarmemb_nrf52833_xxAA.dir/src/main.c.obj
 .debug_frame   0x00000c10      0x154 mesh/bootloader/CMakeFiles/mesh_bootloader_gccarmemb_nrf52833_xxAA.dir/src/mesh_packet.c.obj
 .debug_frame   0x00000d64       0x50 mesh/bootloader/CMakeFiles/mesh_bootloader_gccarmemb_nrf52833_xxAA.dir/src/nrf_flash.c.obj
 .debug_frame   0x00000db4       0xac mesh/bootloader/CMakeFiles/mesh_bootloader_gccarmemb_nrf52833_xxAA.dir/src/radio_control.c.obj
 .debug_frame   0x00000e60       0x60 mesh/bootloader/CMakeFiles/mesh_bootloader_gccarmemb_nrf52833_xxAA.dir/src/rand.c.obj
 .debug_frame   0x00000ec0      0x1cc mesh/bootloader/CMakeFiles/mesh_bootloader_gccarmemb_nrf52833_xxAA.dir/src/transport.c.obj
 .debug_frame   0x0000108c      0x224 mesh/bootloader/CMakeFiles/mesh_bootloader_gccarmemb_nrf52833_xxAA.dir/src/uECC.c.obj
 .debug_frame   0x000012b0       0x9c mesh/bootloader/CMakeFiles/mesh_bootloader_gccarmemb_nrf52833_xxAA.dir/C_/dev/nRF5_SDK_16.0.0_98a08e2/components/libraries/sha256/sha256.c.obj
 .debug_frame   0x0000134c       0x48 mesh/bootloader/CMakeFiles/mesh_bootloader_gccarmemb_nrf52833_xxAA.dir/C_/dev/nRF5_SDK_16.0.0_98a08e2/modules/nrfx/mdk/system_nrf52833.c.obj
 .debug_frame   0x00001394       0x2c c:/progra~2/gnutoo~1/72018-~1/bin/../lib/gcc/arm-none-eabi/7.3.1/thumb/v7e-m/fpv4-sp/hard\libgcc.a(_aeabi_uldivmod.o)
 .debug_frame   0x000013c0       0x34 c:/progra~2/gnutoo~1/72018-~1/bin/../lib/gcc/arm-none-eabi/7.3.1/thumb/v7e-m/fpv4-sp/hard\libgcc.a(_udivmoddi4.o)
 .debug_frame   0x000013f4       0x28 c:/progra~2/gnutoo~1/72018-~1/bin/../lib/gcc/arm-none-eabi/7.3.1/../../../../arm-none-eabi/lib/thumb/v7e-m/fpv4-sp/hard\libg_nano.a(lib_a-exit.o)
 .debug_frame   0x0000141c       0x2c c:/progra~2/gnutoo~1/72018-~1/bin/../lib/gcc/arm-none-eabi/7.3.1/../../../../arm-none-eabi/lib/thumb/v7e-m/fpv4-sp/hard\libg_nano.a(lib_a-init.o)
 .debug_frame   0x00001448       0x2c c:/progra~2/gnutoo~1/72018-~1/bin/../lib/gcc/arm-none-eabi/7.3.1/../../../../arm-none-eabi/lib/thumb/v7e-m/fpv4-sp/hard\libg_nano.a(lib_a-memcmp.o)
 .debug_frame   0x00001474       0x28 c:/progra~2/gnutoo~1/72018-~1/bin/../lib/gcc/arm-none-eabi/7.3.1/../../../../arm-none-eabi/lib/thumb/v7e-m/fpv4-sp/hard\libg_nano.a(lib_a-memcpy-stub.o)
 .debug_frame   0x0000149c       0x20 c:/progra~2/gnutoo~1/72018-~1/bin/../lib/gcc/arm-none-eabi/7.3.1/../../../../arm-none-eabi/lib/thumb/v7e-m/fpv4-sp/hard\libg_nano.a(lib_a-memset.o)
 .debug_frame   0x000014bc       0x20 c:/progra~2/gnutoo~1/72018-~1/bin/../lib/gcc/arm-none-eabi/7.3.1/../../../../arm-none-eabi/lib/thumb/v7e-m/fpv4-sp/hard\libnosys.a(_exit.o)
