Archive member included to satisfy reference by file (symbol)

c:/progra~2/gnutoo~1/6e275~1.220/bin/../lib/gcc/arm-none-eabi/6.2.1/thumb/v7e-m/fpv4-sp/hard\libgcc.a(_lshrdi3.o)
                              mesh/bootloader/CMakeFiles/mesh_bootloader_gccarmemb_nrf52840_xxAA.dir/src/dfu_transfer_mesh.c.obj (__aeabi_llsr)
c:/progra~2/gnutoo~1/6e275~1.220/bin/../lib/gcc/arm-none-eabi/6.2.1/thumb/v7e-m/fpv4-sp/hard\libgcc.a(_ashldi3.o)
                              mesh/bootloader/CMakeFiles/mesh_bootloader_gccarmemb_nrf52840_xxAA.dir/src/dfu_transfer_mesh.c.obj (__aeabi_llsl)
c:/progra~2/gnutoo~1/6e275~1.220/bin/../lib/gcc/arm-none-eabi/6.2.1/thumb/v7e-m/fpv4-sp/hard\libgcc.a(_aeabi_uldivmod.o)
                              mesh/bootloader/CMakeFiles/mesh_bootloader_gccarmemb_nrf52840_xxAA.dir/src/bootloader.c.obj (__aeabi_uldivmod)
c:/progra~2/gnutoo~1/6e275~1.220/bin/../lib/gcc/arm-none-eabi/6.2.1/thumb/v7e-m/fpv4-sp/hard\libgcc.a(_udivmoddi4.o)
                              c:/progra~2/gnutoo~1/6e275~1.220/bin/../lib/gcc/arm-none-eabi/6.2.1/thumb/v7e-m/fpv4-sp/hard\libgcc.a(_aeabi_uldivmod.o) (__udivmoddi4)
c:/progra~2/gnutoo~1/6e275~1.220/bin/../lib/gcc/arm-none-eabi/6.2.1/thumb/v7e-m/fpv4-sp/hard\libgcc.a(_dvmd_tls.o)
                              c:/progra~2/gnutoo~1/6e275~1.220/bin/../lib/gcc/arm-none-eabi/6.2.1/thumb/v7e-m/fpv4-sp/hard\libgcc.a(_aeabi_uldivmod.o) (__aeabi_ldiv0)
c:/progra~2/gnutoo~1/6e275~1.220/bin/../lib/gcc/arm-none-eabi/6.2.1/../../../../arm-none-eabi/lib/thumb/v7e-m/fpv4-sp/hard\libg_nano.a(lib_a-exit.o)
                              c:/progra~2/gnutoo~1/6e275~1.220/bin/../lib/gcc/arm-none-eabi/6.2.1/../../../../arm-none-eabi/lib/thumb/v7e-m/fpv4-sp/hard/crt0.o (exit)
c:/progra~2/gnutoo~1/6e275~1.220/bin/../lib/gcc/arm-none-eabi/6.2.1/../../../../arm-none-eabi/lib/thumb/v7e-m/fpv4-sp/hard\libg_nano.a(lib_a-impure.o)
                              c:/progra~2/gnutoo~1/6e275~1.220/bin/../lib/gcc/arm-none-eabi/6.2.1/../../../../arm-none-eabi/lib/thumb/v7e-m/fpv4-sp/hard\libg_nano.a(lib_a-exit.o) (_global_impure_ptr)
c:/progra~2/gnutoo~1/6e275~1.220/bin/../lib/gcc/arm-none-eabi/6.2.1/../../../../arm-none-eabi/lib/thumb/v7e-m/fpv4-sp/hard\libg_nano.a(lib_a-init.o)
                              c:/progra~2/gnutoo~1/6e275~1.220/bin/../lib/gcc/arm-none-eabi/6.2.1/../../../../arm-none-eabi/lib/thumb/v7e-m/fpv4-sp/hard/crt0.o (__libc_init_array)
c:/progra~2/gnutoo~1/6e275~1.220/bin/../lib/gcc/arm-none-eabi/6.2.1/../../../../arm-none-eabi/lib/thumb/v7e-m/fpv4-sp/hard\libg_nano.a(lib_a-memcmp.o)
                              mesh/bootloader/CMakeFiles/mesh_bootloader_gccarmemb_nrf52840_xxAA.dir/src/dfu_bank.c.obj (memcmp)
c:/progra~2/gnutoo~1/6e275~1.220/bin/../lib/gcc/arm-none-eabi/6.2.1/../../../../arm-none-eabi/lib/thumb/v7e-m/fpv4-sp/hard\libg_nano.a(lib_a-memcpy-stub.o)
                              mesh/bootloader/CMakeFiles/mesh_bootloader_gccarmemb_nrf52840_xxAA.dir/src/bootloader.c.obj (memcpy)
c:/progra~2/gnutoo~1/6e275~1.220/bin/../lib/gcc/arm-none-eabi/6.2.1/../../../../arm-none-eabi/lib/thumb/v7e-m/fpv4-sp/hard\libg_nano.a(lib_a-memset.o)
                              c:/progra~2/gnutoo~1/6e275~1.220/bin/../lib/gcc/arm-none-eabi/6.2.1/../../../../arm-none-eabi/lib/thumb/v7e-m/fpv4-sp/hard/crt0.o (memset)
c:/progra~2/gnutoo~1/6e275~1.220/bin/../lib/gcc/arm-none-eabi/6.2.1/../../../../arm-none-eabi/lib/thumb/v7e-m/fpv4-sp/hard\libnosys.a(_exit.o)
                              c:/progra~2/gnutoo~1/6e275~1.220/bin/../lib/gcc/arm-none-eabi/6.2.1/../../../../arm-none-eabi/lib/thumb/v7e-m/fpv4-sp/hard\libg_nano.a(lib_a-exit.o) (_exit)

Allocating common symbols
Common symbol       size              file

m_tx_evt_bitfield   0x2               mesh/bootloader/CMakeFiles/mesh_bootloader_gccarmemb_nrf52840_xxAA.dir/src/transport.c.obj

Discarded input sections

 .text          0x00000000        0x0 c:/progra~2/gnutoo~1/6e275~1.220/bin/../lib/gcc/arm-none-eabi/6.2.1/thumb/v7e-m/fpv4-sp/hard/crti.o
 .data          0x00000000        0x0 c:/progra~2/gnutoo~1/6e275~1.220/bin/../lib/gcc/arm-none-eabi/6.2.1/thumb/v7e-m/fpv4-sp/hard/crti.o
 .bss           0x00000000        0x0 c:/progra~2/gnutoo~1/6e275~1.220/bin/../lib/gcc/arm-none-eabi/6.2.1/thumb/v7e-m/fpv4-sp/hard/crti.o
 .data          0x00000000        0x4 c:/progra~2/gnutoo~1/6e275~1.220/bin/../lib/gcc/arm-none-eabi/6.2.1/thumb/v7e-m/fpv4-sp/hard/crtbegin.o
 .data          0x00000000        0x0 c:/progra~2/gnutoo~1/6e275~1.220/bin/../lib/gcc/arm-none-eabi/6.2.1/../../../../arm-none-eabi/lib/thumb/v7e-m/fpv4-sp/hard/crt0.o
 .bss           0x00000000        0x0 c:/progra~2/gnutoo~1/6e275~1.220/bin/../lib/gcc/arm-none-eabi/6.2.1/../../../../arm-none-eabi/lib/thumb/v7e-m/fpv4-sp/hard/crt0.o
 .ARM.extab     0x00000000        0x0 c:/progra~2/gnutoo~1/6e275~1.220/bin/../lib/gcc/arm-none-eabi/6.2.1/../../../../arm-none-eabi/lib/thumb/v7e-m/fpv4-sp/hard/crt0.o
[...]
Memory Configuration

Name             Origin             Length             Attributes
FLASH            0x000f8000         0x00006000         xr
RAM              0x20000004         0x0003fcfc         rw
CORE_BL_RAM      0x2003fd00         0x00000300         rw
UICR_BOOTADDR    0x10001014         0x00000004         r
*default*        0x00000000         0xffffffff

Linker script and memory map

LOAD c:/progra~2/gnutoo~1/6e275~1.220/bin/../lib/gcc/arm-none-eabi/6.2.1/thumb/v7e-m/fpv4-sp/hard/crti.o
LOAD c:/progra~2/gnutoo~1/6e275~1.220/bin/../lib/gcc/arm-none-eabi/6.2.1/thumb/v7e-m/fpv4-sp/hard/crtbegin.o
LOAD c:/progra~2/gnutoo~1/6e275~1.220/bin/../lib/gcc/arm-none-eabi/6.2.1/../../../../arm-none-eabi/lib/thumb/v7e-m/fpv4-sp/hard/crt0.o
LOAD mesh/bootloader/CMakeFiles/mesh_bootloader_gccarmemb_nrf52840_xxAA.dir/src/bootloader.c.obj
LOAD mesh/bootloader/CMakeFiles/mesh_bootloader_gccarmemb_nrf52840_xxAA.dir/src/bootloader_app_bridge.c.obj
LOAD mesh/bootloader/CMakeFiles/mesh_bootloader_gccarmemb_nrf52840_xxAA.dir/src/bootloader_info.c.obj
LOAD mesh/bootloader/CMakeFiles/mesh_bootloader_gccarmemb_nrf52840_xxAA.dir/src/bootloader_rtc.c.obj
LOAD mesh/bootloader/CMakeFiles/mesh_bootloader_gccarmemb_nrf52840_xxAA.dir/src/bootloader_util.c.obj
LOAD mesh/bootloader/CMakeFiles/mesh_bootloader_gccarmemb_nrf52840_xxAA.dir/src/dfu_bank.c.obj
LOAD mesh/bootloader/CMakeFiles/mesh_bootloader_gccarmemb_nrf52840_xxAA.dir/src/dfu_mesh.c.obj
LOAD mesh/bootloader/CMakeFiles/mesh_bootloader_gccarmemb_nrf52840_xxAA.dir/src/dfu_transfer_mesh.c.obj
LOAD mesh/bootloader/CMakeFiles/mesh_bootloader_gccarmemb_nrf52840_xxAA.dir/src/dfu_util.c.obj
LOAD mesh/bootloader/CMakeFiles/mesh_bootloader_gccarmemb_nrf52840_xxAA.dir/src/fifo.c.obj
LOAD mesh/bootloader/CMakeFiles/mesh_bootloader_gccarmemb_nrf52840_xxAA.dir/src/main.c.obj
LOAD mesh/bootloader/CMakeFiles/mesh_bootloader_gccarmemb_nrf52840_xxAA.dir/src/mesh_packet.c.obj
LOAD mesh/bootloader/CMakeFiles/mesh_bootloader_gccarmemb_nrf52840_xxAA.dir/src/nrf_flash.c.obj
LOAD mesh/bootloader/CMakeFiles/mesh_bootloader_gccarmemb_nrf52840_xxAA.dir/src/radio_control.c.obj
LOAD mesh/bootloader/CMakeFiles/mesh_bootloader_gccarmemb_nrf52840_xxAA.dir/src/rand.c.obj
LOAD mesh/bootloader/CMakeFiles/mesh_bootloader_gccarmemb_nrf52840_xxAA.dir/src/transport.c.obj
LOAD mesh/bootloader/CMakeFiles/mesh_bootloader_gccarmemb_nrf52840_xxAA.dir/src/uECC.c.obj
LOAD mesh/bootloader/CMakeFiles/mesh_bootloader_gccarmemb_nrf52840_xxAA.dir/__/__/external/nRF5_SDK_14.0.0_3bcc1f7/components/libraries/sha256/sha256.c.obj
LOAD mesh/bootloader/CMakeFiles/mesh_bootloader_gccarmemb_nrf52840_xxAA.dir/__/__/external/nRF5_SDK_14.0.0_3bcc1f7/components/toolchain/system_nrf52840.c.obj
LOAD mesh/bootloader/CMakeFiles/mesh_bootloader_gccarmemb_nrf52840_xxAA.dir/__/__/external/nRF5_SDK_14.0.0_3bcc1f7/components/toolchain/gcc/gcc_startup_nrf52840.S.obj
START GROUP
LOAD c:/progra~2/gnutoo~1/6e275~1.220/bin/../lib/gcc/arm-none-eabi/6.2.1/thumb/v7e-m/fpv4-sp/hard\libgcc.a
LOAD c:/progra~2/gnutoo~1/6e275~1.220/bin/../lib/gcc/arm-none-eabi/6.2.1/../../../../arm-none-eabi/lib/thumb/v7e-m/fpv4-sp/hard\libg_nano.a
LOAD c:/progra~2/gnutoo~1/6e275~1.220/bin/../lib/gcc/arm-none-eabi/6.2.1/../../../../arm-none-eabi/lib/thumb/v7e-m/fpv4-sp/hard\libc_nano.a
END GROUP
START GROUP
LOAD c:/progra~2/gnutoo~1/6e275~1.220/bin/../lib/gcc/arm-none-eabi/6.2.1/thumb/v7e-m/fpv4-sp/hard\libgcc.a
LOAD c:/progra~2/gnutoo~1/6e275~1.220/bin/../lib/gcc/arm-none-eabi/6.2.1/../../../../arm-none-eabi/lib/thumb/v7e-m/fpv4-sp/hard\libc_nano.a
END GROUP
LOAD c:/progra~2/gnutoo~1/6e275~1.220/bin/../lib/gcc/arm-none-eabi/6.2.1/thumb/v7e-m/fpv4-sp/hard/crtend.o
LOAD c:/progra~2/gnutoo~1/6e275~1.220/bin/../lib/gcc/arm-none-eabi/6.2.1/thumb/v7e-m/fpv4-sp/hard/crtn.o
START GROUP
LOAD c:/progra~2/gnutoo~1/6e275~1.220/bin/../lib/gcc/arm-none-eabi/6.2.1/thumb/v7e-m/fpv4-sp/hard\libgcc.a
LOAD c:/progra~2/gnutoo~1/6e275~1.220/bin/../lib/gcc/arm-none-eabi/6.2.1/../../../../arm-none-eabi/lib/thumb/v7e-m/fpv4-sp/hard\libc.a
LOAD c:/progra~2/gnutoo~1/6e275~1.220/bin/../lib/gcc/arm-none-eabi/6.2.1/../../../../arm-none-eabi/lib/thumb/v7e-m/fpv4-sp/hard\libnosys.a
END GROUP

.core_data      0x2003fd00        0x4
                0x2003fd00                __core_ram_start__ = .
                0x2003fd00                . = ALIGN (0x4)
 *sha256.c.obj(.data*)
 *bootloader_app_bridge.c.obj(.data*)
 *bootloader_info.c.obj(.data*)
 *uECC.c.obj(.data*)
 *dfu_mesh.c.obj(.data*)
 .data.m_state  0x2003fd00        0x1 mesh/bootloader/CMakeFiles/mesh_bootloader_gccarmemb_nrf52840_xxAA.dir/src/dfu_mesh.c.obj
 .data.tx_slot.11480
                0x2003fd01        0x1 mesh/bootloader/CMakeFiles/mesh_bootloader_gccarmemb_nrf52840_xxAA.dir/src/dfu_mesh.c.obj
 *dfu_transfer_mesh.c.obj(.data*)
 *dfu_bank.c.obj(.data*)
 *dfu_util.c.obj(.data*)
                0x2003fd04                . = ALIGN (0x4)
 *fill*         0x2003fd02        0x2 
                0x2003fd04                __core_ram_end__ = .

.core_bss       0x2003fd08      0x210
                0x2003fd08                __core_ram_start__ = .
                0x2003fd08                . = ALIGN (0x4)
 *sha256.c.obj(.bss*)
 *bootloader_app_bridge.c.obj(.bss*)
 .bss.m_evt_handler
                0x2003fd08        0x4 mesh/bootloader/CMakeFiles/mesh_bootloader_gccarmemb_nrf52840_xxAA.dir/src/bootloader_app_bridge.c.obj
 .bss.m_in_bl   0x2003fd0c        0x1 mesh/bootloader/CMakeFiles/mesh_bootloader_gccarmemb_nrf52840_xxAA.dir/src/bootloader_app_bridge.c.obj
 *bootloader_info.c.obj(.bss*)
 *fill*         0x2003fd0d        0x3 
 .bss.m_info_copy
                0x2003fd10       0x1c mesh/bootloader/CMakeFiles/mesh_bootloader_gccarmemb_nrf52840_xxAA.dir/src/bootloader_info.c.obj
 .bss.m_state   0x2003fd2c        0x1 mesh/bootloader/CMakeFiles/mesh_bootloader_gccarmemb_nrf52840_xxAA.dir/src/bootloader_info.c.obj
 .bss.m_write_in_progress
                0x2003fd2d        0x1 mesh/bootloader/CMakeFiles/mesh_bootloader_gccarmemb_nrf52840_xxAA.dir/src/bootloader_info.c.obj
 *fill*         0x2003fd2e        0x2 
 .bss.mp_bl_info_bank_page
                0x2003fd30        0x4 mesh/bootloader/CMakeFiles/mesh_bootloader_gccarmemb_nrf52840_xxAA.dir/src/bootloader_info.c.obj
 .bss.mp_bl_info_page
                0x2003fd34        0x4 mesh/bootloader/CMakeFiles/mesh_bootloader_gccarmemb_nrf52840_xxAA.dir/src/bootloader_info.c.obj
 .bss.mp_info_entry_buffer
                0x2003fd38       0x80 mesh/bootloader/CMakeFiles/mesh_bootloader_gccarmemb_nrf52840_xxAA.dir/src/bootloader_info.c.obj
 .bss.mp_info_entry_head
                0x2003fdb8        0x4 mesh/bootloader/CMakeFiles/mesh_bootloader_gccarmemb_nrf52840_xxAA.dir/src/bootloader_info.c.obj
 .bss.mp_info_entry_tail
                0x2003fdbc        0x4 mesh/bootloader/CMakeFiles/mesh_bootloader_gccarmemb_nrf52840_xxAA.dir/src/bootloader_info.c.obj
 .bss.mp_write_pos
                0x2003fdc0        0x4 mesh/bootloader/CMakeFiles/mesh_bootloader_gccarmemb_nrf52840_xxAA.dir/src/bootloader_info.c.obj
 *uECC.c.obj(.bss*)
 *dfu_mesh.c.obj(.bss*)
 .bss.m_bl_info_pointers
                0x2003fdc4       0x28 mesh/bootloader/CMakeFiles/mesh_bootloader_gccarmemb_nrf52840_xxAA.dir/src/dfu_mesh.c.obj
 .bss.m_data_req_segment
                0x2003fdec        0x2 mesh/bootloader/CMakeFiles/mesh_bootloader_gccarmemb_nrf52840_xxAA.dir/src/dfu_mesh.c.obj
 .bss.m_req_cache
                0x2003fdee       0x10 mesh/bootloader/CMakeFiles/mesh_bootloader_gccarmemb_nrf52840_xxAA.dir/src/dfu_mesh.c.obj
 .bss.m_req_index
                0x2003fdfe        0x1 mesh/bootloader/CMakeFiles/mesh_bootloader_gccarmemb_nrf52840_xxAA.dir/src/dfu_mesh.c.obj
 *fill*         0x2003fdff        0x1 
 .bss.m_transaction
                0x2003fe00       0x74 mesh/bootloader/CMakeFiles/mesh_bootloader_gccarmemb_nrf52840_xxAA.dir/src/dfu_mesh.c.obj
 .bss.m_tx_slots
                0x2003fe74        0x1 mesh/bootloader/CMakeFiles/mesh_bootloader_gccarmemb_nrf52840_xxAA.dir/src/dfu_mesh.c.obj
 *dfu_transfer_mesh.c.obj(.bss*)
 *fill*         0x2003fe75        0x3 
 .bss.m_transfer
                0x2003fe78       0x30 mesh/bootloader/CMakeFiles/mesh_bootloader_gccarmemb_nrf52840_xxAA.dir/src/dfu_transfer_mesh.c.obj
 *dfu_bank.c.obj(.bss*)
 .bss.m_dfu_type
                0x2003fea8        0x1 mesh/bootloader/CMakeFiles/mesh_bootloader_gccarmemb_nrf52840_xxAA.dir/src/dfu_bank.c.obj
 .bss.m_waiting_for_idle
                0x2003fea9        0x1 mesh/bootloader/CMakeFiles/mesh_bootloader_gccarmemb_nrf52840_xxAA.dir/src/dfu_bank.c.obj
 *fill*         0x2003feaa        0x2 
 .bss.mp_bank_entry
                0x2003feac        0x4 mesh/bootloader/CMakeFiles/mesh_bootloader_gccarmemb_nrf52840_xxAA.dir/src/dfu_bank.c.obj
 *dfu_util.c.obj(.bss*)
 .bss.m_packet_cache
                0x2003feb0       0x40 mesh/bootloader/CMakeFiles/mesh_bootloader_gccarmemb_nrf52840_xxAA.dir/src/dfu_util.c.obj
 .bss.m_packet_cache_index
                0x2003fef0        0x4 mesh/bootloader/CMakeFiles/mesh_bootloader_gccarmemb_nrf52840_xxAA.dir/src/dfu_util.c.obj
 .bss.m_tid_cache
                0x2003fef4       0x20 mesh/bootloader/CMakeFiles/mesh_bootloader_gccarmemb_nrf52840_xxAA.dir/src/dfu_util.c.obj
 .bss.m_tid_index
                0x2003ff14        0x1 mesh/bootloader/CMakeFiles/mesh_bootloader_gccarmemb_nrf52840_xxAA.dir/src/dfu_util.c.obj
                0x2003ff18                . = ALIGN (0x4)
 *fill*         0x2003ff15        0x3 
                0x2003ff18                __core_ram_end__ = .

.uicrBootStartAddress
                0x10001014        0x4
 *(.uicrBootStartAddress)
 .uicrBootStartAddress
                0x10001014        0x4 mesh/bootloader/CMakeFiles/mesh_bootloader_gccarmemb_nrf52840_xxAA.dir/src/main.c.obj
                0x10001014                m_uicr_bootloader_start_address

.text           0x000f8000     0x4a98
 *(.isr_vector)
 .isr_vector    0x000f8000      0x200 mesh/bootloader/CMakeFiles/mesh_bootloader_gccarmemb_nrf52840_xxAA.dir/__/__/external/nRF5_SDK_14.0.0_3bcc1f7/components/toolchain/gcc/gcc_startup_nrf52840.S.obj
                0x000f8000                __isr_vector
 *(.text*)
 .text          0x000f8200       0x6c c:/progra~2/gnutoo~1/6e275~1.220/bin/../lib/gcc/arm-none-eabi/6.2.1/thumb/v7e-m/fpv4-sp/hard/crtbegin.o
 .text          0x000f826c       0x74 c:/progra~2/gnutoo~1/6e275~1.220/bin/../lib/gcc/arm-none-eabi/6.2.1/../../../../arm-none-eabi/lib/thumb/v7e-m/fpv4-sp/hard/crt0.o
                0x000f826c                _start
                0x000f826c                _mainCRTStartup
 .text.unlikely.sd_softdevice_vector_table_base_set
                0x000f82e0        0x4 mesh/bootloader/CMakeFiles/mesh_bootloader_gccarmemb_nrf52840_xxAA.dir/src/bootloader.c.obj
 .text.unlikely.sd_mbr_command
                0x000f82e4        0x4 mesh/bootloader/CMakeFiles/mesh_bootloader_gccarmemb_nrf52840_xxAA.dir/src/bootloader.c.obj
 .text.set_timeout
                0x000f82e8       0x2c mesh/bootloader/CMakeFiles/mesh_bootloader_gccarmemb_nrf52840_xxAA.dir/src/bootloader.c.obj
 .text.rx_cb    0x000f8314       0x2e mesh/bootloader/CMakeFiles/mesh_bootloader_gccarmemb_nrf52840_xxAA.dir/src/bootloader.c.obj
 *fill*         0x000f8342        0x2 
 .text.SWI3_EGU3_IRQHandler
                0x000f8344       0xd4 mesh/bootloader/CMakeFiles/mesh_bootloader_gccarmemb_nrf52840_xxAA.dir/src/bootloader.c.obj
                0x000f8344                SWI3_EGU3_IRQHandler
 .text.bootloader_init
                0x000f8418       0xa0 mesh/bootloader/CMakeFiles/mesh_bootloader_gccarmemb_nrf52840_xxAA.dir/src/bootloader.c.obj
                0x000f8418                bootloader_init
 .text.bootloader_enable
                0x000f84b8       0xdc mesh/bootloader/CMakeFiles/mesh_bootloader_gccarmemb_nrf52840_xxAA.dir/src/bootloader.c.obj
                0x000f84b8                bootloader_enable
 .text.bootloader_cmd_send
                0x000f8594        0x4 mesh/bootloader/CMakeFiles/mesh_bootloader_gccarmemb_nrf52840_xxAA.dir/src/bootloader.c.obj
                0x000f8594                bootloader_cmd_send
 .text.bootloader_abort
                0x000f8598       0x7c mesh/bootloader/CMakeFiles/mesh_bootloader_gccarmemb_nrf52840_xxAA.dir/src/bootloader.c.obj
                0x000f8598                bootloader_abort
 .text.bl_evt_handler
                0x000f8614      0x238 mesh/bootloader/CMakeFiles/mesh_bootloader_gccarmemb_nrf52840_xxAA.dir/src/bootloader.c.obj
 .text.bootloader_timeout
                0x000f884c       0x4c mesh/bootloader/CMakeFiles/mesh_bootloader_gccarmemb_nrf52840_xxAA.dir/src/bootloader.c.obj
                0x000f884c                bootloader_timeout
 .text.bl_cmd_handler
                0x000f8898      0x148 mesh/bootloader/CMakeFiles/mesh_bootloader_gccarmemb_nrf52840_xxAA.dir/src/bootloader_app_bridge.c.obj
                0x000f8898                bl_cmd_handler
 .text.bootloader_app_bridge_init
                0x000f89e0       0x28 mesh/bootloader/CMakeFiles/mesh_bootloader_gccarmemb_nrf52840_xxAA.dir/src/bootloader_app_bridge.c.obj
                0x000f89e0                bootloader_app_bridge_init
 .text.bootloader_evt_send
                0x000f8a08       0x10 mesh/bootloader/CMakeFiles/mesh_bootloader_gccarmemb_nrf52840_xxAA.dir/src/bootloader_app_bridge.c.obj
                0x000f8a08                bootloader_evt_send
 .text.send_end_evt
                0x000f8a18       0x1a mesh/bootloader/CMakeFiles/mesh_bootloader_gccarmemb_nrf52840_xxAA.dir/src/bootloader_app_bridge.c.obj
                0x000f8a18                send_end_evt
 .text.flash_write
                0x000f8a32       0x2a mesh/bootloader/CMakeFiles/mesh_bootloader_gccarmemb_nrf52840_xxAA.dir/src/bootloader_app_bridge.c.obj
                0x000f8a32                flash_write
 .text.flash_erase
                0x000f8a5c       0x26 mesh/bootloader/CMakeFiles/mesh_bootloader_gccarmemb_nrf52840_xxAA.dir/src/bootloader_app_bridge.c.obj
                0x000f8a5c                flash_erase
 .text.tx_abort
                0x000f8a82       0x1a mesh/bootloader/CMakeFiles/mesh_bootloader_gccarmemb_nrf52840_xxAA.dir/src/bootloader_app_bridge.c.obj
                0x000f8a82                tx_abort
 .text.bootloader_is_in_application
                0x000f8a9c       0x10 mesh/bootloader/CMakeFiles/mesh_bootloader_gccarmemb_nrf52840_xxAA.dir/src/bootloader_app_bridge.c.obj
                0x000f8a9c                bootloader_is_in_application
 .text.info_entry_get
                0x000f8aac       0x3c mesh/bootloader/CMakeFiles/mesh_bootloader_gccarmemb_nrf52840_xxAA.dir/src/bootloader_info.c.obj
 .text.bootloader_info_header_get
                0x000f8ae8       0x1c mesh/bootloader/CMakeFiles/mesh_bootloader_gccarmemb_nrf52840_xxAA.dir/src/bootloader_info.c.obj
 .text.bootloader_info_first_unused_get
                0x000f8b04       0x16 mesh/bootloader/CMakeFiles/mesh_bootloader_gccarmemb_nrf52840_xxAA.dir/src/bootloader_info.c.obj
 *fill*         0x000f8b1a        0x2 
 .text.entry_header_invalidate
                0x000f8b1c       0x20 mesh/bootloader/CMakeFiles/mesh_bootloader_gccarmemb_nrf52840_xxAA.dir/src/bootloader_info.c.obj
 .text.copy_page_write_meta
                0x000f8b3c       0x20 mesh/bootloader/CMakeFiles/mesh_bootloader_gccarmemb_nrf52840_xxAA.dir/src/bootloader_info.c.obj
 .text.copy_page_write_next_data
                0x000f8b5c       0x74 mesh/bootloader/CMakeFiles/mesh_bootloader_gccarmemb_nrf52840_xxAA.dir/src/bootloader_info.c.obj
 .text.copy_page
                0x000f8bd0       0x34 mesh/bootloader/CMakeFiles/mesh_bootloader_gccarmemb_nrf52840_xxAA.dir/src/bootloader_info.c.obj
 .text.place_head_after_entry.constprop.1
                0x000f8c04       0x40 mesh/bootloader/CMakeFiles/mesh_bootloader_gccarmemb_nrf52840_xxAA.dir/src/bootloader_info.c.obj
 .text.entry_invalidate
                0x000f8c44       0x34 mesh/bootloader/CMakeFiles/mesh_bootloader_gccarmemb_nrf52840_xxAA.dir/src/bootloader_info.c.obj
                0x000f8c44                entry_invalidate
 .text.entry_write
                0x000f8c78       0xf8 mesh/bootloader/CMakeFiles/mesh_bootloader_gccarmemb_nrf52840_xxAA.dir/src/bootloader_info.c.obj
                0x000f8c78                entry_write
 .text.bootloader_info_init
                0x000f8d70       0xcc mesh/bootloader/CMakeFiles/mesh_bootloader_gccarmemb_nrf52840_xxAA.dir/src/bootloader_info.c.obj
                0x000f8d70                bootloader_info_init
 .text.bootloader_info_entry_get
                0x000f8e3c        0xa mesh/bootloader/CMakeFiles/mesh_bootloader_gccarmemb_nrf52840_xxAA.dir/src/bootloader_info.c.obj
                0x000f8e3c                bootloader_info_entry_get
 .text.bootloader_info_entry_overwrite
                0x000f8e46       0x2a mesh/bootloader/CMakeFiles/mesh_bootloader_gccarmemb_nrf52840_xxAA.dir/src/bootloader_info.c.obj
                0x000f8e46                bootloader_info_entry_overwrite
 .text.bootloader_info_entry_invalidate
                0x000f8e70        0xa mesh/bootloader/CMakeFiles/mesh_bootloader_gccarmemb_nrf52840_xxAA.dir/src/bootloader_info.c.obj
                0x000f8e70                bootloader_info_entry_invalidate
 *fill*         0x000f8e7a        0x2 
 .text.bootloader_info_reset
                0x000f8e7c       0x40 mesh/bootloader/CMakeFiles/mesh_bootloader_gccarmemb_nrf52840_xxAA.dir/src/bootloader_info.c.obj
                0x000f8e7c                bootloader_info_reset
 .text.bootloader_info_entry_put
                0x000f8ebc       0xd0 mesh/bootloader/CMakeFiles/mesh_bootloader_gccarmemb_nrf52840_xxAA.dir/src/bootloader_info.c.obj
                0x000f8ebc                bootloader_info_entry_put
 .text.bootloader_info_stable
                0x000f8f8c       0x20 mesh/bootloader/CMakeFiles/mesh_bootloader_gccarmemb_nrf52840_xxAA.dir/src/bootloader_info.c.obj
                0x000f8f8c                bootloader_info_stable
 .text.bootloader_info_on_flash_op_end
                0x000f8fac      0x118 mesh/bootloader/CMakeFiles/mesh_bootloader_gccarmemb_nrf52840_xxAA.dir/src/bootloader_info.c.obj
                0x000f8fac                bootloader_info_on_flash_op_end
 .text.bootloader_info_on_flash_idle
                0x000f90c4       0x40 mesh/bootloader/CMakeFiles/mesh_bootloader_gccarmemb_nrf52840_xxAA.dir/src/bootloader_info.c.obj
                0x000f90c4                bootloader_info_on_flash_idle
 .text.RTC0_IRQHandler
                0x000f9104       0x48 mesh/bootloader/CMakeFiles/mesh_bootloader_gccarmemb_nrf52840_xxAA.dir/src/bootloader_rtc.c.obj
                0x000f9104                RTC0_IRQHandler
 .text.rtc_init
                0x000f914c       0x30 mesh/bootloader/CMakeFiles/mesh_bootloader_gccarmemb_nrf52840_xxAA.dir/src/bootloader_rtc.c.obj
                0x000f914c                rtc_init
 .text.bootloader_util_app_start
                0x000f917c       0x3c mesh/bootloader/CMakeFiles/mesh_bootloader_gccarmemb_nrf52840_xxAA.dir/src/bootloader_util.c.obj
                0x000f917c                bootloader_util_app_start
 .text.unlikely.sd_power_reset_reason_clr
                0x000f91b8        0x4 mesh/bootloader/CMakeFiles/mesh_bootloader_gccarmemb_nrf52840_xxAA.dir/src/dfu_bank.c.obj
 .text.unlikely.sd_power_gpregret_set
                0x000f91bc        0x4 mesh/bootloader/CMakeFiles/mesh_bootloader_gccarmemb_nrf52840_xxAA.dir/src/dfu_bank.c.obj
 .text.sd_mbr_command
                0x000f91c0        0x4 mesh/bootloader/CMakeFiles/mesh_bootloader_gccarmemb_nrf52840_xxAA.dir/src/dfu_bank.c.obj
 .text.flash_bank_entry
                0x000f91c4      0x2c0 mesh/bootloader/CMakeFiles/mesh_bootloader_gccarmemb_nrf52840_xxAA.dir/src/dfu_bank.c.obj
 .text.dfu_bank_scan
                0x000f9484       0x48 mesh/bootloader/CMakeFiles/mesh_bootloader_gccarmemb_nrf52840_xxAA.dir/src/dfu_bank.c.obj
                0x000f9484                dfu_bank_scan
 .text.dfu_bank_flash
                0x000f94cc       0x48 mesh/bootloader/CMakeFiles/mesh_bootloader_gccarmemb_nrf52840_xxAA.dir/src/dfu_bank.c.obj
                0x000f94cc                dfu_bank_flash
 .text.dfu_bank_on_flash_idle
                0x000f9514       0x20 mesh/bootloader/CMakeFiles/mesh_bootloader_gccarmemb_nrf52840_xxAA.dir/src/dfu_bank.c.obj
                0x000f9514                dfu_bank_on_flash_idle
 .text.dfu_bank_transfer_in_progress
                0x000f9534       0x10 mesh/bootloader/CMakeFiles/mesh_bootloader_gccarmemb_nrf52840_xxAA.dir/src/dfu_bank.c.obj
                0x000f9534                dfu_bank_transfer_in_progress
 .text.segment_count_from_start_packet
                0x000f9544       0x2c mesh/bootloader/CMakeFiles/mesh_bootloader_gccarmemb_nrf52840_xxAA.dir/src/dfu_mesh.c.obj
 .text.get_info_pointers
                0x000f9570       0x68 mesh/bootloader/CMakeFiles/mesh_bootloader_gccarmemb_nrf52840_xxAA.dir/src/dfu_mesh.c.obj
 .text.beacon_set
                0x000f95d8       0xf0 mesh/bootloader/CMakeFiles/mesh_bootloader_gccarmemb_nrf52840_xxAA.dir/src/dfu_mesh.c.obj
 .text.start_find_fwid
                0x000f96c8       0x24 mesh/bootloader/CMakeFiles/mesh_bootloader_gccarmemb_nrf52840_xxAA.dir/src/dfu_mesh.c.obj
 .text.notify_state_packet
                0x000f96ec       0x3c mesh/bootloader/CMakeFiles/mesh_bootloader_gccarmemb_nrf52840_xxAA.dir/src/dfu_mesh.c.obj
 .text.packet_tx_dynamic.constprop.3
                0x000f9728       0x4c mesh/bootloader/CMakeFiles/mesh_bootloader_gccarmemb_nrf52840_xxAA.dir/src/dfu_mesh.c.obj
 .text.relay_packet
                0x000f9774       0x30 mesh/bootloader/CMakeFiles/mesh_bootloader_gccarmemb_nrf52840_xxAA.dir/src/dfu_mesh.c.obj
 .text.start_req
                0x000f97a4       0x58 mesh/bootloader/CMakeFiles/mesh_bootloader_gccarmemb_nrf52840_xxAA.dir/src/dfu_mesh.c.obj
 .text.handle_data_packet
                0x000f97fc      0x52c mesh/bootloader/CMakeFiles/mesh_bootloader_gccarmemb_nrf52840_xxAA.dir/src/dfu_mesh.c.obj
 .text.dfu_mesh_init
                0x000f9d28       0x44 mesh/bootloader/CMakeFiles/mesh_bootloader_gccarmemb_nrf52840_xxAA.dir/src/dfu_mesh.c.obj
                0x000f9d28                dfu_mesh_init
 .text.dfu_mesh_start
                0x000f9d6c       0xe8 mesh/bootloader/CMakeFiles/mesh_bootloader_gccarmemb_nrf52840_xxAA.dir/src/dfu_mesh.c.obj
                0x000f9d6c                dfu_mesh_start
 .text.dfu_mesh_req
                0x000f9e54       0x34 mesh/bootloader/CMakeFiles/mesh_bootloader_gccarmemb_nrf52840_xxAA.dir/src/dfu_mesh.c.obj
                0x000f9e54                dfu_mesh_req
 .text.dfu_mesh_relay
                0x000f9e88       0x4c mesh/bootloader/CMakeFiles/mesh_bootloader_gccarmemb_nrf52840_xxAA.dir/src/dfu_mesh.c.obj
                0x000f9e88                dfu_mesh_relay
 .text.dfu_mesh_rx
                0x000f9ed4      0x2f4 mesh/bootloader/CMakeFiles/mesh_bootloader_gccarmemb_nrf52840_xxAA.dir/src/dfu_mesh.c.obj
                0x000f9ed4                dfu_mesh_rx
 .text.dfu_mesh_missing_type_get
                0x000fa1c8       0x4c mesh/bootloader/CMakeFiles/mesh_bootloader_gccarmemb_nrf52840_xxAA.dir/src/dfu_mesh.c.obj
                0x000fa1c8                dfu_mesh_missing_type_get
 .text.dfu_mesh_app_is_valid
                0x000fa214       0x34 mesh/bootloader/CMakeFiles/mesh_bootloader_gccarmemb_nrf52840_xxAA.dir/src/dfu_mesh.c.obj
                0x000fa214                dfu_mesh_app_is_valid
 .text.dfu_mesh_finalize
                0x000fa248      0x150 mesh/bootloader/CMakeFiles/mesh_bootloader_gccarmemb_nrf52840_xxAA.dir/src/dfu_mesh.c.obj
                0x000fa248                dfu_mesh_finalize
 .text.dfu_mesh_timeout
                0x000fa398       0xd8 mesh/bootloader/CMakeFiles/mesh_bootloader_gccarmemb_nrf52840_xxAA.dir/src/dfu_mesh.c.obj
                0x000fa398                dfu_mesh_timeout
 .text.dfu_mesh_restart
                0x000fa470        0x4 mesh/bootloader/CMakeFiles/mesh_bootloader_gccarmemb_nrf52840_xxAA.dir/src/dfu_mesh.c.obj
                0x000fa470                dfu_mesh_restart
 .text.dfu_mesh_on_flash_idle
                0x000fa474       0x50 mesh/bootloader/CMakeFiles/mesh_bootloader_gccarmemb_nrf52840_xxAA.dir/src/dfu_mesh.c.obj
                0x000fa474                dfu_mesh_on_flash_idle
 .text.segment_is_missing
                0x000fa4c4       0x2c mesh/bootloader/CMakeFiles/mesh_bootloader_gccarmemb_nrf52840_xxAA.dir/src/dfu_transfer_mesh.c.obj
 .text.dfu_transfer_init
                0x000fa4f0       0x1c mesh/bootloader/CMakeFiles/mesh_bootloader_gccarmemb_nrf52840_xxAA.dir/src/dfu_transfer_mesh.c.obj
                0x000fa4f0                dfu_transfer_init
 .text.dfu_transfer_start
                0x000fa50c       0x80 mesh/bootloader/CMakeFiles/mesh_bootloader_gccarmemb_nrf52840_xxAA.dir/src/dfu_transfer_mesh.c.obj
                0x000fa50c                dfu_transfer_start
 .text.dfu_transfer_data
                0x000fa58c      0x12c mesh/bootloader/CMakeFiles/mesh_bootloader_gccarmemb_nrf52840_xxAA.dir/src/dfu_transfer_mesh.c.obj
                0x000fa58c                dfu_transfer_data
 .text.dfu_transfer_has_entry
                0x000fa6b8       0x58 mesh/bootloader/CMakeFiles/mesh_bootloader_gccarmemb_nrf52840_xxAA.dir/src/dfu_transfer_mesh.c.obj
                0x000fa6b8                dfu_transfer_has_entry
 .text.dfu_transfer_get_oldest_missing_entry
                0x000fa710       0x70 mesh/bootloader/CMakeFiles/mesh_bootloader_gccarmemb_nrf52840_xxAA.dir/src/dfu_transfer_mesh.c.obj
                0x000fa710                dfu_transfer_get_oldest_missing_entry
 .text.dfu_transfer_sha256
                0x000fa780       0x1c mesh/bootloader/CMakeFiles/mesh_bootloader_gccarmemb_nrf52840_xxAA.dir/src/dfu_transfer_mesh.c.obj
                0x000fa780                dfu_transfer_sha256
 .text.dfu_transfer_end
                0x000fa79c        0x4 mesh/bootloader/CMakeFiles/mesh_bootloader_gccarmemb_nrf52840_xxAA.dir/src/dfu_transfer_mesh.c.obj
                0x000fa79c                dfu_transfer_end
 .text.dfu_transfer_flash_write_complete
                0x000fa7a0       0x18 mesh/bootloader/CMakeFiles/mesh_bootloader_gccarmemb_nrf52840_xxAA.dir/src/dfu_transfer_mesh.c.obj
                0x000fa7a0                dfu_transfer_flash_write_complete
 .text.fwid_union_cpy
                0x000fa7b8       0x1e mesh/bootloader/CMakeFiles/mesh_bootloader_gccarmemb_nrf52840_xxAA.dir/src/dfu_util.c.obj
                0x000fa7b8                fwid_union_cpy
 .text.fwid_union_cmp
                0x000fa7d6       0x2c mesh/bootloader/CMakeFiles/mesh_bootloader_gccarmemb_nrf52840_xxAA.dir/src/dfu_util.c.obj
                0x000fa7d6                fwid_union_cmp
 .text.fwid_union_id_cmp
                0x000fa802       0x30 mesh/bootloader/CMakeFiles/mesh_bootloader_gccarmemb_nrf52840_xxAA.dir/src/dfu_util.c.obj
                0x000fa802                fwid_union_id_cmp
 .text.fwid_union_version_cmp
                0x000fa832       0x28 mesh/bootloader/CMakeFiles/mesh_bootloader_gccarmemb_nrf52840_xxAA.dir/src/dfu_util.c.obj
                0x000fa832                fwid_union_version_cmp
 .text.addr_from_seg
                0x000fa85a       0x14 mesh/bootloader/CMakeFiles/mesh_bootloader_gccarmemb_nrf52840_xxAA.dir/src/dfu_util.c.obj
                0x000fa85a                addr_from_seg
 .text.is_upgrade
                0x000fa86e       0x86 mesh/bootloader/CMakeFiles/mesh_bootloader_gccarmemb_nrf52840_xxAA.dir/src/dfu_util.c.obj
                0x000fa86e                is_upgrade
 .text.app_is_newer
                0x000fa8f4       0x30 mesh/bootloader/CMakeFiles/mesh_bootloader_gccarmemb_nrf52840_xxAA.dir/src/dfu_util.c.obj
                0x000fa8f4                app_is_newer
 .text.bootloader_is_newer
                0x000fa924       0x2e mesh/bootloader/CMakeFiles/mesh_bootloader_gccarmemb_nrf52840_xxAA.dir/src/dfu_util.c.obj
                0x000fa924                bootloader_is_newer
 .text.fw_is_verified
                0x000fa952       0x1c mesh/bootloader/CMakeFiles/mesh_bootloader_gccarmemb_nrf52840_xxAA.dir/src/dfu_util.c.obj
                0x000fa952                fw_is_verified
 *fill*         0x000fa96e        0x2 
 .text.tid_cache_entry_put
                0x000fa970       0x1c mesh/bootloader/CMakeFiles/mesh_bootloader_gccarmemb_nrf52840_xxAA.dir/src/dfu_util.c.obj
                0x000fa970                tid_cache_entry_put
 .text.tid_cache_has_entry
                0x000fa98c       0x20 mesh/bootloader/CMakeFiles/mesh_bootloader_gccarmemb_nrf52840_xxAA.dir/src/dfu_util.c.obj
                0x000fa98c                tid_cache_has_entry
 .text.ready_packet_matches_our_req
                0x000fa9ac       0x3e mesh/bootloader/CMakeFiles/mesh_bootloader_gccarmemb_nrf52840_xxAA.dir/src/dfu_util.c.obj
                0x000fa9ac                ready_packet_matches_our_req
 *fill*         0x000fa9ea        0x2 
 .text.packet_in_cache
                0x000fa9ec       0x2c mesh/bootloader/CMakeFiles/mesh_bootloader_gccarmemb_nrf52840_xxAA.dir/src/dfu_util.c.obj
                0x000fa9ec                packet_in_cache
 .text.packet_cache_put
                0x000faa18       0x28 mesh/bootloader/CMakeFiles/mesh_bootloader_gccarmemb_nrf52840_xxAA.dir/src/dfu_util.c.obj
                0x000faa18                packet_cache_put
 .text.packet_cache_flush
                0x000faa40       0x1c mesh/bootloader/CMakeFiles/mesh_bootloader_gccarmemb_nrf52840_xxAA.dir/src/dfu_util.c.obj
                0x000faa40                packet_cache_flush
 .text.section_overlap
                0x000faa5c       0x22 mesh/bootloader/CMakeFiles/mesh_bootloader_gccarmemb_nrf52840_xxAA.dir/src/dfu_util.c.obj
                0x000faa5c                section_overlap
 *fill*         0x000faa7e        0x2 
 .text.interrupts_disable
                0x000faa80       0x24 mesh/bootloader/CMakeFiles/mesh_bootloader_gccarmemb_nrf52840_xxAA.dir/src/dfu_util.c.obj
                0x000faa80                interrupts_disable
 .text.fifo_init
                0x000faaa4       0x1e mesh/bootloader/CMakeFiles/mesh_bootloader_gccarmemb_nrf52840_xxAA.dir/src/fifo.c.obj
                0x000faaa4                fifo_init
 .text.fifo_push
                0x000faac2       0x4e mesh/bootloader/CMakeFiles/mesh_bootloader_gccarmemb_nrf52840_xxAA.dir/src/fifo.c.obj
                0x000faac2                fifo_push
 .text.fifo_pop
                0x000fab10       0x4a mesh/bootloader/CMakeFiles/mesh_bootloader_gccarmemb_nrf52840_xxAA.dir/src/fifo.c.obj
                0x000fab10                fifo_pop
 .text.fifo_peek_at
                0x000fab5a       0x4e mesh/bootloader/CMakeFiles/mesh_bootloader_gccarmemb_nrf52840_xxAA.dir/src/fifo.c.obj
                0x000fab5a                fifo_peek_at
 .text.fifo_peek
                0x000faba8        0x6 mesh/bootloader/CMakeFiles/mesh_bootloader_gccarmemb_nrf52840_xxAA.dir/src/fifo.c.obj
                0x000faba8                fifo_peek
 .text.fifo_get_len
                0x000fabae        0x8 mesh/bootloader/CMakeFiles/mesh_bootloader_gccarmemb_nrf52840_xxAA.dir/src/fifo.c.obj
                0x000fabae                fifo_get_len
 .text.fifo_is_empty
                0x000fabb6        0xc mesh/bootloader/CMakeFiles/mesh_bootloader_gccarmemb_nrf52840_xxAA.dir/src/fifo.c.obj
                0x000fabb6                fifo_is_empty
 .text.app_error_handler_bare
                0x000fabc2        0x6 mesh/bootloader/CMakeFiles/mesh_bootloader_gccarmemb_nrf52840_xxAA.dir/src/main.c.obj
                0x000fabc2                app_error_handler_bare
 .text.HardFault_Handler
                0x000fabc8        0x6 mesh/bootloader/CMakeFiles/mesh_bootloader_gccarmemb_nrf52840_xxAA.dir/src/main.c.obj
                0x000fabc8                HardFault_Handler
 *fill*         0x000fabce        0x2 
 .text.startup.main
                0x000fabd0       0x90 mesh/bootloader/CMakeFiles/mesh_bootloader_gccarmemb_nrf52840_xxAA.dir/src/main.c.obj
                0x000fabd0                main
 .text.mesh_packet_init
                0x000fac60       0x14 mesh/bootloader/CMakeFiles/mesh_bootloader_gccarmemb_nrf52840_xxAA.dir/src/mesh_packet.c.obj
                0x000fac60                mesh_packet_init
 .text.mesh_packet_acquire
                0x000fac74       0x3c mesh/bootloader/CMakeFiles/mesh_bootloader_gccarmemb_nrf52840_xxAA.dir/src/mesh_packet.c.obj
                0x000fac74                mesh_packet_acquire
 .text.mesh_packet_ref_count_inc
                0x000facb0       0x44 mesh/bootloader/CMakeFiles/mesh_bootloader_gccarmemb_nrf52840_xxAA.dir/src/mesh_packet.c.obj
                0x000facb0                mesh_packet_ref_count_inc
 .text.mesh_packet_ref_count_dec
                0x000facf4       0x48 mesh/bootloader/CMakeFiles/mesh_bootloader_gccarmemb_nrf52840_xxAA.dir/src/mesh_packet.c.obj
                0x000facf4                mesh_packet_ref_count_dec
 .text.mesh_packet_ref_count_get
                0x000fad3c       0x20 mesh/bootloader/CMakeFiles/mesh_bootloader_gccarmemb_nrf52840_xxAA.dir/src/mesh_packet.c.obj
                0x000fad3c                mesh_packet_ref_count_get
 .text.mesh_packet_set_local_addr
                0x000fad5c       0x28 mesh/bootloader/CMakeFiles/mesh_bootloader_gccarmemb_nrf52840_xxAA.dir/src/mesh_packet.c.obj
                0x000fad5c                mesh_packet_set_local_addr
 .text.mesh_packet_adv_data_get
                0x000fad84       0x48 mesh/bootloader/CMakeFiles/mesh_bootloader_gccarmemb_nrf52840_xxAA.dir/src/mesh_packet.c.obj
                0x000fad84                mesh_packet_adv_data_get
 .text.nrf_flash_erase
                0x000fadcc       0x60 mesh/bootloader/CMakeFiles/mesh_bootloader_gccarmemb_nrf52840_xxAA.dir/src/nrf_flash.c.obj
                0x000fadcc                nrf_flash_erase
 .text.nrf_flash_store
                0x000fae2c       0x74 mesh/bootloader/CMakeFiles/mesh_bootloader_gccarmemb_nrf52840_xxAA.dir/src/nrf_flash.c.obj
                0x000fae2c                nrf_flash_store
 .text.radio_init
                0x000faea0      0x118 mesh/bootloader/CMakeFiles/mesh_bootloader_gccarmemb_nrf52840_xxAA.dir/src/radio_control.c.obj
                0x000faea0                radio_init
 .text.radio_order
                0x000fafb8       0x4c mesh/bootloader/CMakeFiles/mesh_bootloader_gccarmemb_nrf52840_xxAA.dir/src/radio_control.c.obj
                0x000fafb8                radio_order
 .text.radio_disable
                0x000fb004       0x24 mesh/bootloader/CMakeFiles/mesh_bootloader_gccarmemb_nrf52840_xxAA.dir/src/radio_control.c.obj
                0x000fb004                radio_disable
 .text.radio_event_handler
                0x000fb028      0x1b0 mesh/bootloader/CMakeFiles/mesh_bootloader_gccarmemb_nrf52840_xxAA.dir/src/radio_control.c.obj
                0x000fb028                radio_event_handler
 .text.rand_prng_get
                0x000fb1d8       0x22 mesh/bootloader/CMakeFiles/mesh_bootloader_gccarmemb_nrf52840_xxAA.dir/src/rand.c.obj
                0x000fb1d8                rand_prng_get
 *fill*         0x000fb1fa        0x2 
 .text.rand_hw_rng_get
                0x000fb1fc       0x30 mesh/bootloader/CMakeFiles/mesh_bootloader_gccarmemb_nrf52840_xxAA.dir/src/rand.c.obj
                0x000fb1fc                rand_hw_rng_get
 .text.rand_prng_seed
                0x000fb22c       0x38 mesh/bootloader/CMakeFiles/mesh_bootloader_gccarmemb_nrf52840_xxAA.dir/src/rand.c.obj
                0x000fb22c                rand_prng_seed
 .text.order_next_rtc
                0x000fb264       0x68 mesh/bootloader/CMakeFiles/mesh_bootloader_gccarmemb_nrf52840_xxAA.dir/src/transport.c.obj
 .text.radio_tx_cb
                0x000fb2cc        0x4 mesh/bootloader/CMakeFiles/mesh_bootloader_gccarmemb_nrf52840_xxAA.dir/src/transport.c.obj
 .text.radio_rx_cb
                0x000fb2d0       0x30 mesh/bootloader/CMakeFiles/mesh_bootloader_gccarmemb_nrf52840_xxAA.dir/src/transport.c.obj
 .text.order_scan
                0x000fb300       0x3c mesh/bootloader/CMakeFiles/mesh_bootloader_gccarmemb_nrf52840_xxAA.dir/src/transport.c.obj
 .text.radio_idle_cb
                0x000fb33c       0x10 mesh/bootloader/CMakeFiles/mesh_bootloader_gccarmemb_nrf52840_xxAA.dir/src/transport.c.obj
 .text.set_next_tx
                0x000fb34c       0x70 mesh/bootloader/CMakeFiles/mesh_bootloader_gccarmemb_nrf52840_xxAA.dir/src/transport.c.obj
 .text.RADIO_IRQHandler
                0x000fb3bc        0x4 mesh/bootloader/CMakeFiles/mesh_bootloader_gccarmemb_nrf52840_xxAA.dir/src/transport.c.obj
                0x000fb3bc                RADIO_IRQHandler
 .text.timeslot_is_in_ts
                0x000fb3c0        0x4 mesh/bootloader/CMakeFiles/mesh_bootloader_gccarmemb_nrf52840_xxAA.dir/src/transport.c.obj
                0x000fb3c0                timeslot_is_in_ts
 .text.transport_init
                0x000fb3c4       0x8c mesh/bootloader/CMakeFiles/mesh_bootloader_gccarmemb_nrf52840_xxAA.dir/src/transport.c.obj
                0x000fb3c4                transport_init
 .text.transport_start
                0x000fb450       0x14 mesh/bootloader/CMakeFiles/mesh_bootloader_gccarmemb_nrf52840_xxAA.dir/src/transport.c.obj
                0x000fb450                transport_start
 .text.SWI0_EGU0_IRQHandler
                0x000fb464       0x4c mesh/bootloader/CMakeFiles/mesh_bootloader_gccarmemb_nrf52840_xxAA.dir/src/transport.c.obj
                0x000fb464                SWI0_EGU0_IRQHandler
 .text.transport_tx
                0x000fb4b0       0x74 mesh/bootloader/CMakeFiles/mesh_bootloader_gccarmemb_nrf52840_xxAA.dir/src/transport.c.obj
                0x000fb4b0                transport_tx
 .text.transport_tx_abort
                0x000fb524       0x40 mesh/bootloader/CMakeFiles/mesh_bootloader_gccarmemb_nrf52840_xxAA.dir/src/transport.c.obj
                0x000fb524                transport_tx_abort
 .text.transport_rtc_irq_handler
                0x000fb564       0xc0 mesh/bootloader/CMakeFiles/mesh_bootloader_gccarmemb_nrf52840_xxAA.dir/src/transport.c.obj
                0x000fb564                transport_rtc_irq_handler
 .text.vli_clear
                0x000fb624       0x10 mesh/bootloader/CMakeFiles/mesh_bootloader_gccarmemb_nrf52840_xxAA.dir/src/uECC.c.obj
 .text.vli_isZero
                0x000fb634       0x16 mesh/bootloader/CMakeFiles/mesh_bootloader_gccarmemb_nrf52840_xxAA.dir/src/uECC.c.obj
 .text.vli_testBit
                0x000fb64a       0x14 mesh/bootloader/CMakeFiles/mesh_bootloader_gccarmemb_nrf52840_xxAA.dir/src/uECC.c.obj
 .text.vli_set  0x000fb65e       0x14 mesh/bootloader/CMakeFiles/mesh_bootloader_gccarmemb_nrf52840_xxAA.dir/src/uECC.c.obj
 .text.vli_cmp  0x000fb672       0x28 mesh/bootloader/CMakeFiles/mesh_bootloader_gccarmemb_nrf52840_xxAA.dir/src/uECC.c.obj
 .text.vli_rshift1
                0x000fb69a       0x1c mesh/bootloader/CMakeFiles/mesh_bootloader_gccarmemb_nrf52840_xxAA.dir/src/uECC.c.obj
 .text.vli_add  0x000fb6b6       0x2a mesh/bootloader/CMakeFiles/mesh_bootloader_gccarmemb_nrf52840_xxAA.dir/src/uECC.c.obj
 .text.vli_sub  0x000fb6e0       0x2a mesh/bootloader/CMakeFiles/mesh_bootloader_gccarmemb_nrf52840_xxAA.dir/src/uECC.c.obj
 .text.vli_bytesToNative
                0x000fb70a       0x28 mesh/bootloader/CMakeFiles/mesh_bootloader_gccarmemb_nrf52840_xxAA.dir/src/uECC.c.obj
 .text.vli_modInv
                0x000fb732      0x11c mesh/bootloader/CMakeFiles/mesh_bootloader_gccarmemb_nrf52840_xxAA.dir/src/uECC.c.obj
 *fill*         0x000fb84e        0x2 
 .text.vli_modSub.constprop.1
                0x000fb850       0x20 mesh/bootloader/CMakeFiles/mesh_bootloader_gccarmemb_nrf52840_xxAA.dir/src/uECC.c.obj
 .text.vli_modAdd.constprop.2
                0x000fb870       0x2c mesh/bootloader/CMakeFiles/mesh_bootloader_gccarmemb_nrf52840_xxAA.dir/src/uECC.c.obj
 .text.vli_numBits.constprop.3
                0x000fb89c       0x2c mesh/bootloader/CMakeFiles/mesh_bootloader_gccarmemb_nrf52840_xxAA.dir/src/uECC.c.obj
 .text.vli_mult
                0x000fb8c8       0xc4 mesh/bootloader/CMakeFiles/mesh_bootloader_gccarmemb_nrf52840_xxAA.dir/src/uECC.c.obj
 .text.vli_modMult_fast
                0x000fb98c      0x198 mesh/bootloader/CMakeFiles/mesh_bootloader_gccarmemb_nrf52840_xxAA.dir/src/uECC.c.obj
 .text.apply_z  0x000fbb24       0x34 mesh/bootloader/CMakeFiles/mesh_bootloader_gccarmemb_nrf52840_xxAA.dir/src/uECC.c.obj
 .text.XYcZ_add
                0x000fbb58       0x9a mesh/bootloader/CMakeFiles/mesh_bootloader_gccarmemb_nrf52840_xxAA.dir/src/uECC.c.obj
 *fill*         0x000fbbf2        0x2 
 .text.vli_modMult_n
                0x000fbbf4       0x9c mesh/bootloader/CMakeFiles/mesh_bootloader_gccarmemb_nrf52840_xxAA.dir/src/uECC.c.obj
 .text.uECC_verify
                0x000fbc90      0x330 mesh/bootloader/CMakeFiles/mesh_bootloader_gccarmemb_nrf52840_xxAA.dir/src/uECC.c.obj
                0x000fbc90                uECC_verify
 .text.sha256_transform
                0x000fbfc0      0x138 mesh/bootloader/CMakeFiles/mesh_bootloader_gccarmemb_nrf52840_xxAA.dir/__/__/external/nRF5_SDK_14.0.0_3bcc1f7/components/libraries/sha256/sha256.c.obj
                0x000fbfc0                sha256_transform
 .text.sha256_init
                0x000fc0f8       0x60 mesh/bootloader/CMakeFiles/mesh_bootloader_gccarmemb_nrf52840_xxAA.dir/__/__/external/nRF5_SDK_14.0.0_3bcc1f7/components/libraries/sha256/sha256.c.obj
                0x000fc0f8                sha256_init
 .text.sha256_update
                0x000fc158       0x48 mesh/bootloader/CMakeFiles/mesh_bootloader_gccarmemb_nrf52840_xxAA.dir/__/__/external/nRF5_SDK_14.0.0_3bcc1f7/components/libraries/sha256/sha256.c.obj
                0x000fc158                sha256_update
 .text.sha256_final
                0x000fc1a0      0x11e mesh/bootloader/CMakeFiles/mesh_bootloader_gccarmemb_nrf52840_xxAA.dir/__/__/external/nRF5_SDK_14.0.0_3bcc1f7/components/libraries/sha256/sha256.c.obj
                0x000fc1a0                sha256_final
 *fill*         0x000fc2be        0x2 
 .text.errata_136
                0x000fc2c0       0x20 mesh/bootloader/CMakeFiles/mesh_bootloader_gccarmemb_nrf52840_xxAA.dir/__/__/external/nRF5_SDK_14.0.0_3bcc1f7/components/toolchain/system_nrf52840.c.obj
 .text.SystemInit
                0x000fc2e0      0x1d0 mesh/bootloader/CMakeFiles/mesh_bootloader_gccarmemb_nrf52840_xxAA.dir/__/__/external/nRF5_SDK_14.0.0_3bcc1f7/components/toolchain/system_nrf52840.c.obj
                0x000fc2e0                SystemInit
 .text          0x000fc4b0       0x3c mesh/bootloader/CMakeFiles/mesh_bootloader_gccarmemb_nrf52840_xxAA.dir/__/__/external/nRF5_SDK_14.0.0_3bcc1f7/components/toolchain/gcc/gcc_startup_nrf52840.S.obj
                0x000fc4b0                Reset_Handler
                0x000fc4d8                NMI_Handler
                0x000fc4dc                MemoryManagement_Handler
                0x000fc4de                BusFault_Handler
                0x000fc4e0                UsageFault_Handler
                0x000fc4e2                SVC_Handler
                0x000fc4e4                DebugMon_Handler
                0x000fc4e6                PendSV_Handler
                0x000fc4e8                SysTick_Handler
                0x000fc4ea                PDM_IRQHandler
                0x000fc4ea                TEMP_IRQHandler
                0x000fc4ea                QDEC_IRQHandler
                0x000fc4ea                TIMER3_IRQHandler
                0x000fc4ea                PWM3_IRQHandler
                0x000fc4ea                FPU_IRQHandler
                0x000fc4ea                USBD_IRQHandler
                0x000fc4ea                SPIM0_SPIS0_TWIM0_TWIS0_SPI0_TWI0_IRQHandler
                0x000fc4ea                POWER_CLOCK_IRQHandler
                0x000fc4ea                UARTE0_UART0_IRQHandler
                0x000fc4ea                TIMER4_IRQHandler
                0x000fc4ea                CRYPTOCELL_IRQHandler
                0x000fc4ea                I2S_IRQHandler
                0x000fc4ea                SWI4_EGU4_IRQHandler
                0x000fc4ea                SWI2_EGU2_IRQHandler
                0x000fc4ea                PWM1_IRQHandler
                0x000fc4ea                UARTE1_IRQHandler
                0x000fc4ea                TIMER1_IRQHandler
                0x000fc4ea                SPIM3_IRQHandler
                0x000fc4ea                PWM2_IRQHandler
                0x000fc4ea                ECB_IRQHandler
                0x000fc4ea                SPIM1_SPIS1_TWIM1_TWIS1_SPI1_TWI1_IRQHandler
                0x000fc4ea                Default_Handler
                0x000fc4ea                SAADC_IRQHandler
                0x000fc4ea                CCM_AAR_IRQHandler
                0x000fc4ea                WDT_IRQHandler
                0x000fc4ea                GPIOTE_IRQHandler
                0x000fc4ea                SWI5_EGU5_IRQHandler
                0x000fc4ea                RNG_IRQHandler
                0x000fc4ea                RTC2_IRQHandler
                0x000fc4ea                PWM0_IRQHandler
                0x000fc4ea                RTC1_IRQHandler
                0x000fc4ea                SWI1_EGU1_IRQHandler
                0x000fc4ea                SPIM2_SPIS2_SPI2_IRQHandler
                0x000fc4ea                NFCT_IRQHandler
                0x000fc4ea                TIMER2_IRQHandler
                0x000fc4ea                MWU_IRQHandler
                0x000fc4ea                TIMER0_IRQHandler
                0x000fc4ea                QSPI_IRQHandler
                0x000fc4ea                COMP_LPCOMP_IRQHandler
 .text          0x000fc4ec       0x18 c:/progra~2/gnutoo~1/6e275~1.220/bin/../lib/gcc/arm-none-eabi/6.2.1/thumb/v7e-m/fpv4-sp/hard\libgcc.a(_lshrdi3.o)
                0x000fc4ec                __lshrdi3
                0x000fc4ec                __aeabi_llsr
 .text          0x000fc504       0x18 c:/progra~2/gnutoo~1/6e275~1.220/bin/../lib/gcc/arm-none-eabi/6.2.1/thumb/v7e-m/fpv4-sp/hard\libgcc.a(_ashldi3.o)
                0x000fc504                __aeabi_llsl
                0x000fc504                __ashldi3
 .text          0x000fc51c       0x30 c:/progra~2/gnutoo~1/6e275~1.220/bin/../lib/gcc/arm-none-eabi/6.2.1/thumb/v7e-m/fpv4-sp/hard\libgcc.a(_aeabi_uldivmod.o)
                0x000fc51c                __aeabi_uldivmod
 .text          0x000fc54c      0x2dc c:/progra~2/gnutoo~1/6e275~1.220/bin/../lib/gcc/arm-none-eabi/6.2.1/thumb/v7e-m/fpv4-sp/hard\libgcc.a(_udivmoddi4.o)
                0x000fc54c                __udivmoddi4
 .text          0x000fc828        0x4 c:/progra~2/gnutoo~1/6e275~1.220/bin/../lib/gcc/arm-none-eabi/6.2.1/thumb/v7e-m/fpv4-sp/hard\libgcc.a(_dvmd_tls.o)
                0x000fc828                __aeabi_idiv0
                0x000fc828                __aeabi_ldiv0
 .text.exit     0x000fc82c       0x28 c:/progra~2/gnutoo~1/6e275~1.220/bin/../lib/gcc/arm-none-eabi/6.2.1/../../../../arm-none-eabi/lib/thumb/v7e-m/fpv4-sp/hard\libg_nano.a(lib_a-exit.o)
                0x000fc82c                exit
 .text.__libc_init_array
                0x000fc854       0x48 c:/progra~2/gnutoo~1/6e275~1.220/bin/../lib/gcc/arm-none-eabi/6.2.1/../../../../arm-none-eabi/lib/thumb/v7e-m/fpv4-sp/hard\libg_nano.a(lib_a-init.o)
                0x000fc854                __libc_init_array
 .text.memcmp   0x000fc89c       0x1e c:/progra~2/gnutoo~1/6e275~1.220/bin/../lib/gcc/arm-none-eabi/6.2.1/../../../../arm-none-eabi/lib/thumb/v7e-m/fpv4-sp/hard\libg_nano.a(lib_a-memcmp.o)
                0x000fc89c                memcmp
 .text.memcpy   0x000fc8ba       0x16 c:/progra~2/gnutoo~1/6e275~1.220/bin/../lib/gcc/arm-none-eabi/6.2.1/../../../../arm-none-eabi/lib/thumb/v7e-m/fpv4-sp/hard\libg_nano.a(lib_a-memcpy-stub.o)
                0x000fc8ba                memcpy
 .text.memset   0x000fc8d0       0x10 c:/progra~2/gnutoo~1/6e275~1.220/bin/../lib/gcc/arm-none-eabi/6.2.1/../../../../arm-none-eabi/lib/thumb/v7e-m/fpv4-sp/hard\libg_nano.a(lib_a-memset.o)
                0x000fc8d0                memset
 .text._exit    0x000fc8e0        0x4 c:/progra~2/gnutoo~1/6e275~1.220/bin/../lib/gcc/arm-none-eabi/6.2.1/../../../../arm-none-eabi/lib/thumb/v7e-m/fpv4-sp/hard\libnosys.a(_exit.o)
                0x000fc8e0                _exit
 *(.init)
 .init          0x000fc8e4        0x4 c:/progra~2/gnutoo~1/6e275~1.220/bin/../lib/gcc/arm-none-eabi/6.2.1/thumb/v7e-m/fpv4-sp/hard/crti.o
                0x000fc8e4                _init
 .init          0x000fc8e8        0x8 c:/progra~2/gnutoo~1/6e275~1.220/bin/../lib/gcc/arm-none-eabi/6.2.1/thumb/v7e-m/fpv4-sp/hard/crtn.o
 *(.fini)
 .fini          0x000fc8f0        0x4 c:/progra~2/gnutoo~1/6e275~1.220/bin/../lib/gcc/arm-none-eabi/6.2.1/thumb/v7e-m/fpv4-sp/hard/crti.o
                0x000fc8f0                _fini
 .fini          0x000fc8f4        0x8 c:/progra~2/gnutoo~1/6e275~1.220/bin/../lib/gcc/arm-none-eabi/6.2.1/thumb/v7e-m/fpv4-sp/hard/crtn.o
 *crtbegin.o(.ctors)
 *crtbegin?.o(.ctors)
 *(EXCLUDE_FILE(*crtend.o *crtend?.o) .ctors)
 *(SORT(.ctors.*))
 *(.ctors)
 *crtbegin.o(.dtors)
 *crtbegin?.o(.dtors)
 *(EXCLUDE_FILE(*crtend.o *crtend?.o) .dtors)
 *(SORT(.dtors.*))
 *(.dtors)
 *(.rodata*)
 .rodata.m_invalid_header
                0x000fc8fc        0x4 mesh/bootloader/CMakeFiles/mesh_bootloader_gccarmemb_nrf52840_xxAA.dir/src/bootloader_info.c.obj
 .rodata.CSWTCH.30
                0x000fc900        0x4 mesh/bootloader/CMakeFiles/mesh_bootloader_gccarmemb_nrf52840_xxAA.dir/src/dfu_mesh.c.obj
 .rodata        0x000fc904        0xc mesh/bootloader/CMakeFiles/mesh_bootloader_gccarmemb_nrf52840_xxAA.dir/src/radio_control.c.obj
 .rodata.curve_G
                0x000fc910       0x40 mesh/bootloader/CMakeFiles/mesh_bootloader_gccarmemb_nrf52840_xxAA.dir/src/uECC.c.obj
 .rodata.curve_n
                0x000fc950       0x20 mesh/bootloader/CMakeFiles/mesh_bootloader_gccarmemb_nrf52840_xxAA.dir/src/uECC.c.obj
 .rodata.curve_p
                0x000fc970       0x20 mesh/bootloader/CMakeFiles/mesh_bootloader_gccarmemb_nrf52840_xxAA.dir/src/uECC.c.obj
 .rodata.k      0x000fc990      0x100 mesh/bootloader/CMakeFiles/mesh_bootloader_gccarmemb_nrf52840_xxAA.dir/__/__/external/nRF5_SDK_14.0.0_3bcc1f7/components/libraries/sha256/sha256.c.obj
 .rodata._global_impure_ptr
                0x000fca90        0x4 c:/progra~2/gnutoo~1/6e275~1.220/bin/../lib/gcc/arm-none-eabi/6.2.1/../../../../arm-none-eabi/lib/thumb/v7e-m/fpv4-sp/hard\libg_nano.a(lib_a-impure.o)
                0x000fca90                _global_impure_ptr
 *(.eh_frame*)
 .eh_frame      0x000fca94        0x0 c:/progra~2/gnutoo~1/6e275~1.220/bin/../lib/gcc/arm-none-eabi/6.2.1/thumb/v7e-m/fpv4-sp/hard/crtbegin.o
 .eh_frame      0x000fca94        0x4 c:/progra~2/gnutoo~1/6e275~1.220/bin/../lib/gcc/arm-none-eabi/6.2.1/thumb/v7e-m/fpv4-sp/hard/crtend.o

.glue_7         0x000fca98        0x0
 .glue_7        0x000fca98        0x0 linker stubs

.glue_7t        0x000fca98        0x0
 .glue_7t       0x000fca98        0x0 linker stubs

.vfp11_veneer   0x000fca98        0x0
 .vfp11_veneer  0x000fca98        0x0 linker stubs

.v4_bx          0x000fca98        0x0
 .v4_bx         0x000fca98        0x0 linker stubs

.iplt           0x000fca98        0x0
 .iplt          0x000fca98        0x0 c:/progra~2/gnutoo~1/6e275~1.220/bin/../lib/gcc/arm-none-eabi/6.2.1/thumb/v7e-m/fpv4-sp/hard/crtbegin.o

.ARM.extab
 *(.ARM.extab* .gnu.linkonce.armextab.*)
                0x000fca98                __exidx_start = .

.ARM.exidx      0x000fca98        0x8
 *(.ARM.exidx* .gnu.linkonce.armexidx.*)
 .ARM.exidx     0x000fca98        0x8 c:/progra~2/gnutoo~1/6e275~1.220/bin/../lib/gcc/arm-none-eabi/6.2.1/../../../../arm-none-eabi/lib/thumb/v7e-m/fpv4-sp/hard/crt0.o
 .ARM.exidx     0x000fcaa0        0x0 c:/progra~2/gnutoo~1/6e275~1.220/bin/../lib/gcc/arm-none-eabi/6.2.1/thumb/v7e-m/fpv4-sp/hard\libgcc.a(_udivmoddi4.o)
                                  0x8 (size before relaxing)
                0x000fcaa0                __exidx_end = .
                0x000fcaa0                __etext = .

.rel.dyn        0x000fcaa0        0x0
 .rel.iplt      0x000fcaa0        0x0 c:/progra~2/gnutoo~1/6e275~1.220/bin/../lib/gcc/arm-none-eabi/6.2.1/thumb/v7e-m/fpv4-sp/hard/crtbegin.o

.data           0x20000004       0x78 load address 0x000fcaa0
                0x20000004                __data_start__ = .
 *(vtable)
 *(.data*)
 .data.m_alt_aa
                0x20000004        0x4 mesh/bootloader/CMakeFiles/mesh_bootloader_gccarmemb_nrf52840_xxAA.dir/src/radio_control.c.obj
 .data.m_radio_state
                0x20000008        0x1 mesh/bootloader/CMakeFiles/mesh_bootloader_gccarmemb_nrf52840_xxAA.dir/src/radio_control.c.obj
 *fill*         0x20000009        0x3 
 .data.SystemCoreClock
                0x2000000c        0x4 mesh/bootloader/CMakeFiles/mesh_bootloader_gccarmemb_nrf52840_xxAA.dir/__/__/external/nRF5_SDK_14.0.0_3bcc1f7/components/toolchain/system_nrf52840.c.obj
                0x2000000c                SystemCoreClock
 .data.impure_data
                0x20000010       0x60 c:/progra~2/gnutoo~1/6e275~1.220/bin/../lib/gcc/arm-none-eabi/6.2.1/../../../../arm-none-eabi/lib/thumb/v7e-m/fpv4-sp/hard\libg_nano.a(lib_a-impure.o)
                0x20000070                . = ALIGN (0x4)
                0x20000070                PROVIDE (__preinit_array_start, .)
 *(.preinit_array)
                0x20000070                PROVIDE (__preinit_array_end, .)
                0x20000070                . = ALIGN (0x4)
                0x20000070                PROVIDE (__init_array_start, .)
 *(SORT(.init_array.*))
 *(.init_array)
 .init_array    0x20000070        0x4 c:/progra~2/gnutoo~1/6e275~1.220/bin/../lib/gcc/arm-none-eabi/6.2.1/thumb/v7e-m/fpv4-sp/hard/crtbegin.o
                0x20000074                PROVIDE (__init_array_end, .)
                0x20000074                . = ALIGN (0x4)
                [!provide]                PROVIDE (__fini_array_start, .)
 *(SORT(.fini_array.*))
 *(.fini_array)
 .fini_array    0x20000074        0x4 c:/progra~2/gnutoo~1/6e275~1.220/bin/../lib/gcc/arm-none-eabi/6.2.1/thumb/v7e-m/fpv4-sp/hard/crtbegin.o
                [!provide]                PROVIDE (__fini_array_end, .)
 *(.jcr*)
 .jcr           0x20000078        0x0 c:/progra~2/gnutoo~1/6e275~1.220/bin/../lib/gcc/arm-none-eabi/6.2.1/thumb/v7e-m/fpv4-sp/hard/crtbegin.o
 .jcr           0x20000078        0x4 c:/progra~2/gnutoo~1/6e275~1.220/bin/../lib/gcc/arm-none-eabi/6.2.1/thumb/v7e-m/fpv4-sp/hard/crtend.o
                0x2000007c                . = ALIGN (0x4)
                0x2000007c                __data_end__ = .

.igot.plt       0x2000007c        0x0 load address 0x000fcb18
 .igot.plt      0x2000007c        0x0 c:/progra~2/gnutoo~1/6e275~1.220/bin/../lib/gcc/arm-none-eabi/6.2.1/thumb/v7e-m/fpv4-sp/hard/crtbegin.o

.bss            0x2000007c      0x790 load address 0x000fcb18
                0x2000007c                . = ALIGN (0x4)
                0x2000007c                __bss_start__ = .
 *(.bss*)
 .bss           0x2000007c       0x1c c:/progra~2/gnutoo~1/6e275~1.220/bin/../lib/gcc/arm-none-eabi/6.2.1/thumb/v7e-m/fpv4-sp/hard/crtbegin.o
 .bss.m_flash_fifo
                0x20000098       0x18 mesh/bootloader/CMakeFiles/mesh_bootloader_gccarmemb_nrf52840_xxAA.dir/src/bootloader.c.obj
 .bss.m_flash_fifo_buf
                0x200000b0       0x80 mesh/bootloader/CMakeFiles/mesh_bootloader_gccarmemb_nrf52840_xxAA.dir/src/bootloader.c.obj
 .bss.m_go_to_app
                0x20000130        0x1 mesh/bootloader/CMakeFiles/mesh_bootloader_gccarmemb_nrf52840_xxAA.dir/src/bootloader.c.obj
 .bss.m_timeout_action
                0x20000131        0x1 mesh/bootloader/CMakeFiles/mesh_bootloader_gccarmemb_nrf52840_xxAA.dir/src/bootloader.c.obj
 *fill*         0x20000132        0x2 
 .bss.rsp_cmd.11699
                0x20000134       0x18 mesh/bootloader/CMakeFiles/mesh_bootloader_gccarmemb_nrf52840_xxAA.dir/src/bootloader.c.obj
 .bss.g_packet_pool
                0x2000014c      0x500 mesh/bootloader/CMakeFiles/mesh_bootloader_gccarmemb_nrf52840_xxAA.dir/src/mesh_packet.c.obj
 .bss.g_packet_refs
                0x2000064c       0x20 mesh/bootloader/CMakeFiles/mesh_bootloader_gccarmemb_nrf52840_xxAA.dir/src/mesh_packet.c.obj
 .bss.buffer.7089
                0x2000066c        0x4 mesh/bootloader/CMakeFiles/mesh_bootloader_gccarmemb_nrf52840_xxAA.dir/src/nrf_flash.c.obj
 .bss.m_idle_cb
                0x20000670        0x4 mesh/bootloader/CMakeFiles/mesh_bootloader_gccarmemb_nrf52840_xxAA.dir/src/radio_control.c.obj
 .bss.m_radio_fifo
                0x20000674       0x18 mesh/bootloader/CMakeFiles/mesh_bootloader_gccarmemb_nrf52840_xxAA.dir/src/radio_control.c.obj
 .bss.m_radio_fifo_queue
                0x2000068c       0x40 mesh/bootloader/CMakeFiles/mesh_bootloader_gccarmemb_nrf52840_xxAA.dir/src/radio_control.c.obj
 .bss.m_rx_cb   0x200006cc        0x4 mesh/bootloader/CMakeFiles/mesh_bootloader_gccarmemb_nrf52840_xxAA.dir/src/radio_control.c.obj
 .bss.m_tx_cb   0x200006d0        0x4 mesh/bootloader/CMakeFiles/mesh_bootloader_gccarmemb_nrf52840_xxAA.dir/src/radio_control.c.obj
 .bss.m_prng    0x200006d4       0x10 mesh/bootloader/CMakeFiles/mesh_bootloader_gccarmemb_nrf52840_xxAA.dir/src/transport.c.obj
 .bss.m_running
                0x200006e4        0x1 mesh/bootloader/CMakeFiles/mesh_bootloader_gccarmemb_nrf52840_xxAA.dir/src/transport.c.obj
 *fill*         0x200006e5        0x3 
 .bss.m_rx_cb   0x200006e8        0x4 mesh/bootloader/CMakeFiles/mesh_bootloader_gccarmemb_nrf52840_xxAA.dir/src/transport.c.obj
 .bss.m_rx_fifo
                0x200006ec       0x18 mesh/bootloader/CMakeFiles/mesh_bootloader_gccarmemb_nrf52840_xxAA.dir/src/transport.c.obj
 .bss.m_rx_fifo_buf
                0x20000704       0x80 mesh/bootloader/CMakeFiles/mesh_bootloader_gccarmemb_nrf52840_xxAA.dir/src/transport.c.obj
 .bss.m_ticks_at_order_time
                0x20000784        0x4 mesh/bootloader/CMakeFiles/mesh_bootloader_gccarmemb_nrf52840_xxAA.dir/src/transport.c.obj
 .bss.m_tx      0x20000788       0x80 mesh/bootloader/CMakeFiles/mesh_bootloader_gccarmemb_nrf52840_xxAA.dir/src/transport.c.obj
 *(COMMON)
 COMMON         0x20000808        0x2 mesh/bootloader/CMakeFiles/mesh_bootloader_gccarmemb_nrf52840_xxAA.dir/src/transport.c.obj
                0x20000808                m_tx_evt_bitfield
                0x2000080c                . = ALIGN (0x4)
 *fill*         0x2000080a        0x2 
                0x2000080c                __bss_end__ = .

.heap           0x20000810     0x2000
                0x20000810                __HeapBase = .
                0x20000810                __end__ = .
                [!provide]                PROVIDE (end, .)
 *(.heap*)
 .heap          0x20000810     0x2000 mesh/bootloader/CMakeFiles/mesh_bootloader_gccarmemb_nrf52840_xxAA.dir/__/__/external/nRF5_SDK_14.0.0_3bcc1f7/components/toolchain/gcc/gcc_startup_nrf52840.S.obj
                0x20002810                __HeapLimit = .

.stack_dummy    0x20000810     0x2000
 *(.stack*)
 .stack         0x20000810     0x2000 mesh/bootloader/CMakeFiles/mesh_bootloader_gccarmemb_nrf52840_xxAA.dir/__/__/external/nRF5_SDK_14.0.0_3bcc1f7/components/toolchain/gcc/gcc_startup_nrf52840.S.obj
                0x2003fd00                __StackTop = (ORIGIN (RAM) + LENGTH (RAM))
                0x2003dd00                __StackLimit = (__StackTop - SIZEOF (.stack_dummy))
                0x2003fd00                PROVIDE (__stack, __StackTop)
                0x00000001                ASSERT ((__StackLimit >= __HeapLimit), region RAM overflowed with stack)
OUTPUT(mesh\bootloader\mesh_bootloader_gccarmemb_nrf52840_xxAA.elf elf32-littlearm)

.ARM.attributes
                0x00000000       0x30
 .ARM.attributes
                0x00000000       0x22 c:/progra~2/gnutoo~1/6e275~1.220/bin/../lib/gcc/arm-none-eabi/6.2.1/thumb/v7e-m/fpv4-sp/hard/crti.o
 .ARM.attributes
                0x00000022       0x34 c:/progra~2/gnutoo~1/6e275~1.220/bin/../lib/gcc/arm-none-eabi/6.2.1/thumb/v7e-m/fpv4-sp/hard/crtbegin.o
 .ARM.attributes
                0x00000056       0x20 c:/progra~2/gnutoo~1/6e275~1.220/bin/../lib/gcc/arm-none-eabi/6.2.1/../../../../arm-none-eabi/lib/thumb/v7e-m/fpv4-sp/hard/crt0.o
 .ARM.attributes
                0x00000076       0x39 mesh/bootloader/CMakeFiles/mesh_bootloader_gccarmemb_nrf52840_xxAA.dir/src/bootloader.c.obj
 .ARM.attributes
                0x000000af       0x39 mesh/bootloader/CMakeFiles/mesh_bootloader_gccarmemb_nrf52840_xxAA.dir/src/bootloader_app_bridge.c.obj
 .ARM.attributes
                0x000000e8       0x39 mesh/bootloader/CMakeFiles/mesh_bootloader_gccarmemb_nrf52840_xxAA.dir/src/bootloader_info.c.obj
 .ARM.attributes
                0x00000121       0x39 mesh/bootloader/CMakeFiles/mesh_bootloader_gccarmemb_nrf52840_xxAA.dir/src/bootloader_rtc.c.obj
 .ARM.attributes
                0x0000015a       0x39 mesh/bootloader/CMakeFiles/mesh_bootloader_gccarmemb_nrf52840_xxAA.dir/src/bootloader_util.c.obj
 .ARM.attributes
                0x00000193       0x39 mesh/bootloader/CMakeFiles/mesh_bootloader_gccarmemb_nrf52840_xxAA.dir/src/dfu_bank.c.obj
 .ARM.attributes
                0x000001cc       0x39 mesh/bootloader/CMakeFiles/mesh_bootloader_gccarmemb_nrf52840_xxAA.dir/src/dfu_mesh.c.obj
 .ARM.attributes
                0x00000205       0x39 mesh/bootloader/CMakeFiles/mesh_bootloader_gccarmemb_nrf52840_xxAA.dir/src/dfu_transfer_mesh.c.obj
 .ARM.attributes
                0x0000023e       0x39 mesh/bootloader/CMakeFiles/mesh_bootloader_gccarmemb_nrf52840_xxAA.dir/src/dfu_util.c.obj
 .ARM.attributes
                0x00000277       0x39 mesh/bootloader/CMakeFiles/mesh_bootloader_gccarmemb_nrf52840_xxAA.dir/src/fifo.c.obj
 .ARM.attributes
                0x000002b0       0x39 mesh/bootloader/CMakeFiles/mesh_bootloader_gccarmemb_nrf52840_xxAA.dir/src/main.c.obj
 .ARM.attributes
                0x000002e9       0x39 mesh/bootloader/CMakeFiles/mesh_bootloader_gccarmemb_nrf52840_xxAA.dir/src/mesh_packet.c.obj
 .ARM.attributes
                0x00000322       0x39 mesh/bootloader/CMakeFiles/mesh_bootloader_gccarmemb_nrf52840_xxAA.dir/src/nrf_flash.c.obj
 .ARM.attributes
                0x0000035b       0x39 mesh/bootloader/CMakeFiles/mesh_bootloader_gccarmemb_nrf52840_xxAA.dir/src/radio_control.c.obj
 .ARM.attributes
                0x00000394       0x39 mesh/bootloader/CMakeFiles/mesh_bootloader_gccarmemb_nrf52840_xxAA.dir/src/rand.c.obj
 .ARM.attributes
                0x000003cd       0x39 mesh/bootloader/CMakeFiles/mesh_bootloader_gccarmemb_nrf52840_xxAA.dir/src/transport.c.obj
 .ARM.attributes
                0x00000406       0x39 mesh/bootloader/CMakeFiles/mesh_bootloader_gccarmemb_nrf52840_xxAA.dir/src/uECC.c.obj
 .ARM.attributes
                0x0000043f       0x39 mesh/bootloader/CMakeFiles/mesh_bootloader_gccarmemb_nrf52840_xxAA.dir/__/__/external/nRF5_SDK_14.0.0_3bcc1f7/components/libraries/sha256/sha256.c.obj
 .ARM.attributes
                0x00000478       0x39 mesh/bootloader/CMakeFiles/mesh_bootloader_gccarmemb_nrf52840_xxAA.dir/__/__/external/nRF5_SDK_14.0.0_3bcc1f7/components/toolchain/system_nrf52840.c.obj
 .ARM.attributes
                0x000004b1       0x20 mesh/bootloader/CMakeFiles/mesh_bootloader_gccarmemb_nrf52840_xxAA.dir/__/__/external/nRF5_SDK_14.0.0_3bcc1f7/components/toolchain/gcc/gcc_startup_nrf52840.S.obj
 .ARM.attributes
                0x000004d1       0x22 c:/progra~2/gnutoo~1/6e275~1.220/bin/../lib/gcc/arm-none-eabi/6.2.1/thumb/v7e-m/fpv4-sp/hard\libgcc.a(_lshrdi3.o)
 .ARM.attributes
                0x000004f3       0x22 c:/progra~2/gnutoo~1/6e275~1.220/bin/../lib/gcc/arm-none-eabi/6.2.1/thumb/v7e-m/fpv4-sp/hard\libgcc.a(_ashldi3.o)
 .ARM.attributes
                0x00000515       0x22 c:/progra~2/gnutoo~1/6e275~1.220/bin/../lib/gcc/arm-none-eabi/6.2.1/thumb/v7e-m/fpv4-sp/hard\libgcc.a(_aeabi_uldivmod.o)
 .ARM.attributes
                0x00000537       0x34 c:/progra~2/gnutoo~1/6e275~1.220/bin/../lib/gcc/arm-none-eabi/6.2.1/thumb/v7e-m/fpv4-sp/hard\libgcc.a(_udivmoddi4.o)
 .ARM.attributes
                0x0000056b       0x22 c:/progra~2/gnutoo~1/6e275~1.220/bin/../lib/gcc/arm-none-eabi/6.2.1/thumb/v7e-m/fpv4-sp/hard\libgcc.a(_dvmd_tls.o)
 .ARM.attributes
                0x0000058d       0x34 c:/progra~2/gnutoo~1/6e275~1.220/bin/../lib/gcc/arm-none-eabi/6.2.1/../../../../arm-none-eabi/lib/thumb/v7e-m/fpv4-sp/hard\libg_nano.a(lib_a-exit.o)
 .ARM.attributes
                0x000005c1       0x34 c:/progra~2/gnutoo~1/6e275~1.220/bin/../lib/gcc/arm-none-eabi/6.2.1/../../../../arm-none-eabi/lib/thumb/v7e-m/fpv4-sp/hard\libg_nano.a(lib_a-impure.o)
 .ARM.attributes
                0x000005f5       0x34 c:/progra~2/gnutoo~1/6e275~1.220/bin/../lib/gcc/arm-none-eabi/6.2.1/../../../../arm-none-eabi/lib/thumb/v7e-m/fpv4-sp/hard\libg_nano.a(lib_a-init.o)
 .ARM.attributes
                0x00000629       0x34 c:/progra~2/gnutoo~1/6e275~1.220/bin/../lib/gcc/arm-none-eabi/6.2.1/../../../../arm-none-eabi/lib/thumb/v7e-m/fpv4-sp/hard\libg_nano.a(lib_a-memcmp.o)
 .ARM.attributes
                0x0000065d       0x34 c:/progra~2/gnutoo~1/6e275~1.220/bin/../lib/gcc/arm-none-eabi/6.2.1/../../../../arm-none-eabi/lib/thumb/v7e-m/fpv4-sp/hard\libg_nano.a(lib_a-memcpy-stub.o)
 .ARM.attributes
                0x00000691       0x34 c:/progra~2/gnutoo~1/6e275~1.220/bin/../lib/gcc/arm-none-eabi/6.2.1/../../../../arm-none-eabi/lib/thumb/v7e-m/fpv4-sp/hard\libg_nano.a(lib_a-memset.o)
 .ARM.attributes
                0x000006c5       0x34 c:/progra~2/gnutoo~1/6e275~1.220/bin/../lib/gcc/arm-none-eabi/6.2.1/thumb/v7e-m/fpv4-sp/hard/crtend.o
 .ARM.attributes
                0x000006f9       0x22 c:/progra~2/gnutoo~1/6e275~1.220/bin/../lib/gcc/arm-none-eabi/6.2.1/thumb/v7e-m/fpv4-sp/hard/crtn.o
 .ARM.attributes
                0x0000071b       0x34 c:/progra~2/gnutoo~1/6e275~1.220/bin/../lib/gcc/arm-none-eabi/6.2.1/../../../../arm-none-eabi/lib/thumb/v7e-m/fpv4-sp/hard\libnosys.a(_exit.o)

.comment        0x00000000       0x6e
 .comment       0x00000000       0x6e mesh/bootloader/CMakeFiles/mesh_bootloader_gccarmemb_nrf52840_xxAA.dir/src/bootloader.c.obj
                                 0x6f (size before relaxing)
 .comment       0x0000006e       0x6f mesh/bootloader/CMakeFiles/mesh_bootloader_gccarmemb_nrf52840_xxAA.dir/src/bootloader_app_bridge.c.obj
 .comment       0x0000006e       0x6f mesh/bootloader/CMakeFiles/mesh_bootloader_gccarmemb_nrf52840_xxAA.dir/src/bootloader_info.c.obj
 .comment       0x0000006e       0x6f mesh/bootloader/CMakeFiles/mesh_bootloader_gccarmemb_nrf52840_xxAA.dir/src/bootloader_rtc.c.obj
 .comment       0x0000006e       0x6f mesh/bootloader/CMakeFiles/mesh_bootloader_gccarmemb_nrf52840_xxAA.dir/src/bootloader_util.c.obj
 .comment       0x0000006e       0x6f mesh/bootloader/CMakeFiles/mesh_bootloader_gccarmemb_nrf52840_xxAA.dir/src/dfu_bank.c.obj
 .comment       0x0000006e       0x6f mesh/bootloader/CMakeFiles/mesh_bootloader_gccarmemb_nrf52840_xxAA.dir/src/dfu_mesh.c.obj
 .comment       0x0000006e       0x6f mesh/bootloader/CMakeFiles/mesh_bootloader_gccarmemb_nrf52840_xxAA.dir/src/dfu_transfer_mesh.c.obj
 .comment       0x0000006e       0x6f mesh/bootloader/CMakeFiles/mesh_bootloader_gccarmemb_nrf52840_xxAA.dir/src/dfu_util.c.obj
 .comment       0x0000006e       0x6f mesh/bootloader/CMakeFiles/mesh_bootloader_gccarmemb_nrf52840_xxAA.dir/src/fifo.c.obj
 .comment       0x0000006e       0x6f mesh/bootloader/CMakeFiles/mesh_bootloader_gccarmemb_nrf52840_xxAA.dir/src/main.c.obj
 .comment       0x0000006e       0x6f mesh/bootloader/CMakeFiles/mesh_bootloader_gccarmemb_nrf52840_xxAA.dir/src/mesh_packet.c.obj
 .comment       0x0000006e       0x6f mesh/bootloader/CMakeFiles/mesh_bootloader_gccarmemb_nrf52840_xxAA.dir/src/nrf_flash.c.obj
 .comment       0x0000006e       0x6f mesh/bootloader/CMakeFiles/mesh_bootloader_gccarmemb_nrf52840_xxAA.dir/src/radio_control.c.obj
 .comment       0x0000006e       0x6f mesh/bootloader/CMakeFiles/mesh_bootloader_gccarmemb_nrf52840_xxAA.dir/src/rand.c.obj
 .comment       0x0000006e       0x6f mesh/bootloader/CMakeFiles/mesh_bootloader_gccarmemb_nrf52840_xxAA.dir/src/transport.c.obj
 .comment       0x0000006e       0x6f mesh/bootloader/CMakeFiles/mesh_bootloader_gccarmemb_nrf52840_xxAA.dir/src/uECC.c.obj
 .comment       0x0000006e       0x6f mesh/bootloader/CMakeFiles/mesh_bootloader_gccarmemb_nrf52840_xxAA.dir/__/__/external/nRF5_SDK_14.0.0_3bcc1f7/components/libraries/sha256/sha256.c.obj
 .comment       0x0000006e       0x6f mesh/bootloader/CMakeFiles/mesh_bootloader_gccarmemb_nrf52840_xxAA.dir/__/__/external/nRF5_SDK_14.0.0_3bcc1f7/components/toolchain/system_nrf52840.c.obj

.debug_info     0x00000000    0x1b0eb
 .debug_info    0x00000000     0x34da mesh/bootloader/CMakeFiles/mesh_bootloader_gccarmemb_nrf52840_xxAA.dir/src/bootloader.c.obj
 .debug_info    0x000034da     0x2321 mesh/bootloader/CMakeFiles/mesh_bootloader_gccarmemb_nrf52840_xxAA.dir/src/bootloader_app_bridge.c.obj
 .debug_info    0x000057fb     0x1c07 mesh/bootloader/CMakeFiles/mesh_bootloader_gccarmemb_nrf52840_xxAA.dir/src/bootloader_info.c.obj
 .debug_info    0x00007402      0x7a7 mesh/bootloader/CMakeFiles/mesh_bootloader_gccarmemb_nrf52840_xxAA.dir/src/bootloader_rtc.c.obj
 .debug_info    0x00007ba9      0x8f2 mesh/bootloader/CMakeFiles/mesh_bootloader_gccarmemb_nrf52840_xxAA.dir/src/bootloader_util.c.obj
 .debug_info    0x0000849b     0x2105 mesh/bootloader/CMakeFiles/mesh_bootloader_gccarmemb_nrf52840_xxAA.dir/src/dfu_bank.c.obj
 .debug_info    0x0000a5a0     0x35f0 mesh/bootloader/CMakeFiles/mesh_bootloader_gccarmemb_nrf52840_xxAA.dir/src/dfu_mesh.c.obj
 .debug_info    0x0000db90      0xece mesh/bootloader/CMakeFiles/mesh_bootloader_gccarmemb_nrf52840_xxAA.dir/src/dfu_transfer_mesh.c.obj
 .debug_info    0x0000ea5e     0x170d mesh/bootloader/CMakeFiles/mesh_bootloader_gccarmemb_nrf52840_xxAA.dir/src/dfu_util.c.obj
 .debug_info    0x0001016b      0xc6c mesh/bootloader/CMakeFiles/mesh_bootloader_gccarmemb_nrf52840_xxAA.dir/src/fifo.c.obj
 .debug_info    0x00010dd7     0x15b0 mesh/bootloader/CMakeFiles/mesh_bootloader_gccarmemb_nrf52840_xxAA.dir/src/main.c.obj
 .debug_info    0x00012387     0x12e1 mesh/bootloader/CMakeFiles/mesh_bootloader_gccarmemb_nrf52840_xxAA.dir/src/mesh_packet.c.obj
 .debug_info    0x00013668      0x641 mesh/bootloader/CMakeFiles/mesh_bootloader_gccarmemb_nrf52840_xxAA.dir/src/nrf_flash.c.obj
 .debug_info    0x00013ca9     0x180c mesh/bootloader/CMakeFiles/mesh_bootloader_gccarmemb_nrf52840_xxAA.dir/src/radio_control.c.obj
 .debug_info    0x000154b5      0x34d mesh/bootloader/CMakeFiles/mesh_bootloader_gccarmemb_nrf52840_xxAA.dir/src/rand.c.obj
 .debug_info    0x00015802     0x1b72 mesh/bootloader/CMakeFiles/mesh_bootloader_gccarmemb_nrf52840_xxAA.dir/src/transport.c.obj
 .debug_info    0x00017374     0x1ecf mesh/bootloader/CMakeFiles/mesh_bootloader_gccarmemb_nrf52840_xxAA.dir/src/uECC.c.obj
 .debug_info    0x00019243      0xc04 mesh/bootloader/CMakeFiles/mesh_bootloader_gccarmemb_nrf52840_xxAA.dir/__/__/external/nRF5_SDK_14.0.0_3bcc1f7/components/libraries/sha256/sha256.c.obj
 .debug_info    0x00019e47     0x12a4 mesh/bootloader/CMakeFiles/mesh_bootloader_gccarmemb_nrf52840_xxAA.dir/__/__/external/nRF5_SDK_14.0.0_3bcc1f7/components/toolchain/system_nrf52840.c.obj

.debug_abbrev   0x00000000     0x3cf3
 .debug_abbrev  0x00000000      0x467 mesh/bootloader/CMakeFiles/mesh_bootloader_gccarmemb_nrf52840_xxAA.dir/src/bootloader.c.obj
 .debug_abbrev  0x00000467      0x373 mesh/bootloader/CMakeFiles/mesh_bootloader_gccarmemb_nrf52840_xxAA.dir/src/bootloader_app_bridge.c.obj
 .debug_abbrev  0x000007da      0x4d6 mesh/bootloader/CMakeFiles/mesh_bootloader_gccarmemb_nrf52840_xxAA.dir/src/bootloader_info.c.obj
 .debug_abbrev  0x00000cb0      0x191 mesh/bootloader/CMakeFiles/mesh_bootloader_gccarmemb_nrf52840_xxAA.dir/src/bootloader_rtc.c.obj
 .debug_abbrev  0x00000e41      0x1db mesh/bootloader/CMakeFiles/mesh_bootloader_gccarmemb_nrf52840_xxAA.dir/src/bootloader_util.c.obj
 .debug_abbrev  0x0000101c      0x45c mesh/bootloader/CMakeFiles/mesh_bootloader_gccarmemb_nrf52840_xxAA.dir/src/dfu_bank.c.obj
 .debug_abbrev  0x00001478      0x4bd mesh/bootloader/CMakeFiles/mesh_bootloader_gccarmemb_nrf52840_xxAA.dir/src/dfu_mesh.c.obj
 .debug_abbrev  0x00001935      0x384 mesh/bootloader/CMakeFiles/mesh_bootloader_gccarmemb_nrf52840_xxAA.dir/src/dfu_transfer_mesh.c.obj
 .debug_abbrev  0x00001cb9      0x405 mesh/bootloader/CMakeFiles/mesh_bootloader_gccarmemb_nrf52840_xxAA.dir/src/dfu_util.c.obj
 .debug_abbrev  0x000020be      0x2d4 mesh/bootloader/CMakeFiles/mesh_bootloader_gccarmemb_nrf52840_xxAA.dir/src/fifo.c.obj
 .debug_abbrev  0x00002392      0x31b mesh/bootloader/CMakeFiles/mesh_bootloader_gccarmemb_nrf52840_xxAA.dir/src/main.c.obj
 .debug_abbrev  0x000026ad      0x36c mesh/bootloader/CMakeFiles/mesh_bootloader_gccarmemb_nrf52840_xxAA.dir/src/mesh_packet.c.obj
 .debug_abbrev  0x00002a19      0x1aa mesh/bootloader/CMakeFiles/mesh_bootloader_gccarmemb_nrf52840_xxAA.dir/src/nrf_flash.c.obj
 .debug_abbrev  0x00002bc3      0x43e mesh/bootloader/CMakeFiles/mesh_bootloader_gccarmemb_nrf52840_xxAA.dir/src/radio_control.c.obj
 .debug_abbrev  0x00003001      0x179 mesh/bootloader/CMakeFiles/mesh_bootloader_gccarmemb_nrf52840_xxAA.dir/src/rand.c.obj
 .debug_abbrev  0x0000317a      0x4b9 mesh/bootloader/CMakeFiles/mesh_bootloader_gccarmemb_nrf52840_xxAA.dir/src/transport.c.obj
 .debug_abbrev  0x00003633      0x292 mesh/bootloader/CMakeFiles/mesh_bootloader_gccarmemb_nrf52840_xxAA.dir/src/uECC.c.obj
 .debug_abbrev  0x000038c5      0x24c mesh/bootloader/CMakeFiles/mesh_bootloader_gccarmemb_nrf52840_xxAA.dir/__/__/external/nRF5_SDK_14.0.0_3bcc1f7/components/libraries/sha256/sha256.c.obj
 .debug_abbrev  0x00003b11      0x1e2 mesh/bootloader/CMakeFiles/mesh_bootloader_gccarmemb_nrf52840_xxAA.dir/__/__/external/nRF5_SDK_14.0.0_3bcc1f7/components/toolchain/system_nrf52840.c.obj

.debug_loc      0x00000000     0x5d19
 .debug_loc     0x00000000      0x54b mesh/bootloader/CMakeFiles/mesh_bootloader_gccarmemb_nrf52840_xxAA.dir/src/bootloader.c.obj
 .debug_loc     0x0000054b      0x36d mesh/bootloader/CMakeFiles/mesh_bootloader_gccarmemb_nrf52840_xxAA.dir/src/bootloader_app_bridge.c.obj
 .debug_loc     0x000008b8      0xad5 mesh/bootloader/CMakeFiles/mesh_bootloader_gccarmemb_nrf52840_xxAA.dir/src/bootloader_info.c.obj
 .debug_loc     0x0000138d       0x3c mesh/bootloader/CMakeFiles/mesh_bootloader_gccarmemb_nrf52840_xxAA.dir/src/bootloader_rtc.c.obj
 .debug_loc     0x000013c9       0x31 mesh/bootloader/CMakeFiles/mesh_bootloader_gccarmemb_nrf52840_xxAA.dir/src/bootloader_util.c.obj
 .debug_loc     0x000013fa      0x357 mesh/bootloader/CMakeFiles/mesh_bootloader_gccarmemb_nrf52840_xxAA.dir/src/dfu_bank.c.obj
 .debug_loc     0x00001751      0xf3d mesh/bootloader/CMakeFiles/mesh_bootloader_gccarmemb_nrf52840_xxAA.dir/src/dfu_mesh.c.obj
 .debug_loc     0x0000268e      0x4e3 mesh/bootloader/CMakeFiles/mesh_bootloader_gccarmemb_nrf52840_xxAA.dir/src/dfu_transfer_mesh.c.obj
 .debug_loc     0x00002b71      0x5c5 mesh/bootloader/CMakeFiles/mesh_bootloader_gccarmemb_nrf52840_xxAA.dir/src/dfu_util.c.obj
 .debug_loc     0x00003136      0x369 mesh/bootloader/CMakeFiles/mesh_bootloader_gccarmemb_nrf52840_xxAA.dir/src/fifo.c.obj
 .debug_loc     0x0000349f       0x3c mesh/bootloader/CMakeFiles/mesh_bootloader_gccarmemb_nrf52840_xxAA.dir/src/main.c.obj
 .debug_loc     0x000034db      0x582 mesh/bootloader/CMakeFiles/mesh_bootloader_gccarmemb_nrf52840_xxAA.dir/src/mesh_packet.c.obj
 .debug_loc     0x00003a5d      0x184 mesh/bootloader/CMakeFiles/mesh_bootloader_gccarmemb_nrf52840_xxAA.dir/src/nrf_flash.c.obj
 .debug_loc     0x00003be1      0x259 mesh/bootloader/CMakeFiles/mesh_bootloader_gccarmemb_nrf52840_xxAA.dir/src/radio_control.c.obj
 .debug_loc     0x00003e3a      0x12d mesh/bootloader/CMakeFiles/mesh_bootloader_gccarmemb_nrf52840_xxAA.dir/src/rand.c.obj
 .debug_loc     0x00003f67      0x583 mesh/bootloader/CMakeFiles/mesh_bootloader_gccarmemb_nrf52840_xxAA.dir/src/transport.c.obj
 .debug_loc     0x000044ea     0x12f8 mesh/bootloader/CMakeFiles/mesh_bootloader_gccarmemb_nrf52840_xxAA.dir/src/uECC.c.obj
 .debug_loc     0x000057e2      0x537 mesh/bootloader/CMakeFiles/mesh_bootloader_gccarmemb_nrf52840_xxAA.dir/__/__/external/nRF5_SDK_14.0.0_3bcc1f7/components/libraries/sha256/sha256.c.obj

.debug_aranges  0x00000000      0x770
 .debug_aranges
                0x00000000       0x70 mesh/bootloader/CMakeFiles/mesh_bootloader_gccarmemb_nrf52840_xxAA.dir/src/bootloader.c.obj
 .debug_aranges
                0x00000070       0x70 mesh/bootloader/CMakeFiles/mesh_bootloader_gccarmemb_nrf52840_xxAA.dir/src/bootloader_app_bridge.c.obj
 .debug_aranges
                0x000000e0       0xc0 mesh/bootloader/CMakeFiles/mesh_bootloader_gccarmemb_nrf52840_xxAA.dir/src/bootloader_info.c.obj
 .debug_aranges
                0x000001a0       0x28 mesh/bootloader/CMakeFiles/mesh_bootloader_gccarmemb_nrf52840_xxAA.dir/src/bootloader_rtc.c.obj
 .debug_aranges
                0x000001c8       0x20 mesh/bootloader/CMakeFiles/mesh_bootloader_gccarmemb_nrf52840_xxAA.dir/src/bootloader_util.c.obj
 .debug_aranges
                0x000001e8       0x60 mesh/bootloader/CMakeFiles/mesh_bootloader_gccarmemb_nrf52840_xxAA.dir/src/dfu_bank.c.obj
 .debug_aranges
                0x00000248       0xb8 mesh/bootloader/CMakeFiles/mesh_bootloader_gccarmemb_nrf52840_xxAA.dir/src/dfu_mesh.c.obj
 .debug_aranges
                0x00000300       0x60 mesh/bootloader/CMakeFiles/mesh_bootloader_gccarmemb_nrf52840_xxAA.dir/src/dfu_transfer_mesh.c.obj
 .debug_aranges
                0x00000360       0xa0 mesh/bootloader/CMakeFiles/mesh_bootloader_gccarmemb_nrf52840_xxAA.dir/src/dfu_util.c.obj
 .debug_aranges
                0x00000400       0x60 mesh/bootloader/CMakeFiles/mesh_bootloader_gccarmemb_nrf52840_xxAA.dir/src/fifo.c.obj
 .debug_aranges
                0x00000460       0x38 mesh/bootloader/CMakeFiles/mesh_bootloader_gccarmemb_nrf52840_xxAA.dir/src/main.c.obj
 .debug_aranges
                0x00000498       0x80 mesh/bootloader/CMakeFiles/mesh_bootloader_gccarmemb_nrf52840_xxAA.dir/src/mesh_packet.c.obj
 .debug_aranges
                0x00000518       0x28 mesh/bootloader/CMakeFiles/mesh_bootloader_gccarmemb_nrf52840_xxAA.dir/src/nrf_flash.c.obj
 .debug_aranges
                0x00000540       0x40 mesh/bootloader/CMakeFiles/mesh_bootloader_gccarmemb_nrf52840_xxAA.dir/src/radio_control.c.obj
 .debug_aranges
                0x00000580       0x30 mesh/bootloader/CMakeFiles/mesh_bootloader_gccarmemb_nrf52840_xxAA.dir/src/rand.c.obj
 .debug_aranges
                0x000005b0       0xa8 mesh/bootloader/CMakeFiles/mesh_bootloader_gccarmemb_nrf52840_xxAA.dir/src/transport.c.obj
 .debug_aranges
                0x00000658       0xb0 mesh/bootloader/CMakeFiles/mesh_bootloader_gccarmemb_nrf52840_xxAA.dir/src/uECC.c.obj
 .debug_aranges
                0x00000708       0x38 mesh/bootloader/CMakeFiles/mesh_bootloader_gccarmemb_nrf52840_xxAA.dir/__/__/external/nRF5_SDK_14.0.0_3bcc1f7/components/libraries/sha256/sha256.c.obj
 .debug_aranges
                0x00000740       0x30 mesh/bootloader/CMakeFiles/mesh_bootloader_gccarmemb_nrf52840_xxAA.dir/__/__/external/nRF5_SDK_14.0.0_3bcc1f7/components/toolchain/system_nrf52840.c.obj

.debug_ranges   0x00000000      0xe10
 .debug_ranges  0x00000000       0xf0 mesh/bootloader/CMakeFiles/mesh_bootloader_gccarmemb_nrf52840_xxAA.dir/src/bootloader.c.obj
 .debug_ranges  0x000000f0       0x60 mesh/bootloader/CMakeFiles/mesh_bootloader_gccarmemb_nrf52840_xxAA.dir/src/bootloader_app_bridge.c.obj
 .debug_ranges  0x00000150      0x1a8 mesh/bootloader/CMakeFiles/mesh_bootloader_gccarmemb_nrf52840_xxAA.dir/src/bootloader_info.c.obj
 .debug_ranges  0x000002f8       0x18 mesh/bootloader/CMakeFiles/mesh_bootloader_gccarmemb_nrf52840_xxAA.dir/src/bootloader_rtc.c.obj
 .debug_ranges  0x00000310       0x10 mesh/bootloader/CMakeFiles/mesh_bootloader_gccarmemb_nrf52840_xxAA.dir/src/bootloader_util.c.obj
 .debug_ranges  0x00000320       0xb8 mesh/bootloader/CMakeFiles/mesh_bootloader_gccarmemb_nrf52840_xxAA.dir/src/dfu_bank.c.obj
 .debug_ranges  0x000003d8      0x318 mesh/bootloader/CMakeFiles/mesh_bootloader_gccarmemb_nrf52840_xxAA.dir/src/dfu_mesh.c.obj
 .debug_ranges  0x000006f0       0xa0 mesh/bootloader/CMakeFiles/mesh_bootloader_gccarmemb_nrf52840_xxAA.dir/src/dfu_transfer_mesh.c.obj
 .debug_ranges  0x00000790       0xc0 mesh/bootloader/CMakeFiles/mesh_bootloader_gccarmemb_nrf52840_xxAA.dir/src/dfu_util.c.obj
 .debug_ranges  0x00000850       0x68 mesh/bootloader/CMakeFiles/mesh_bootloader_gccarmemb_nrf52840_xxAA.dir/src/fifo.c.obj
 .debug_ranges  0x000008b8       0x28 mesh/bootloader/CMakeFiles/mesh_bootloader_gccarmemb_nrf52840_xxAA.dir/src/main.c.obj
 .debug_ranges  0x000008e0       0x90 mesh/bootloader/CMakeFiles/mesh_bootloader_gccarmemb_nrf52840_xxAA.dir/src/mesh_packet.c.obj
 .debug_ranges  0x00000970       0x70 mesh/bootloader/CMakeFiles/mesh_bootloader_gccarmemb_nrf52840_xxAA.dir/src/nrf_flash.c.obj
 .debug_ranges  0x000009e0       0xe8 mesh/bootloader/CMakeFiles/mesh_bootloader_gccarmemb_nrf52840_xxAA.dir/src/radio_control.c.obj
 .debug_ranges  0x00000ac8       0x20 mesh/bootloader/CMakeFiles/mesh_bootloader_gccarmemb_nrf52840_xxAA.dir/src/rand.c.obj
 .debug_ranges  0x00000ae8      0x148 mesh/bootloader/CMakeFiles/mesh_bootloader_gccarmemb_nrf52840_xxAA.dir/src/transport.c.obj
 .debug_ranges  0x00000c30      0x198 mesh/bootloader/CMakeFiles/mesh_bootloader_gccarmemb_nrf52840_xxAA.dir/src/uECC.c.obj
 .debug_ranges  0x00000dc8       0x28 mesh/bootloader/CMakeFiles/mesh_bootloader_gccarmemb_nrf52840_xxAA.dir/__/__/external/nRF5_SDK_14.0.0_3bcc1f7/components/libraries/sha256/sha256.c.obj
 .debug_ranges  0x00000df0       0x20 mesh/bootloader/CMakeFiles/mesh_bootloader_gccarmemb_nrf52840_xxAA.dir/__/__/external/nRF5_SDK_14.0.0_3bcc1f7/components/toolchain/system_nrf52840.c.obj

.debug_line     0x00000000     0x54d4
 .debug_line    0x00000000      0x76d mesh/bootloader/CMakeFiles/mesh_bootloader_gccarmemb_nrf52840_xxAA.dir/src/bootloader.c.obj
 .debug_line    0x0000076d      0x4d7 mesh/bootloader/CMakeFiles/mesh_bootloader_gccarmemb_nrf52840_xxAA.dir/src/bootloader_app_bridge.c.obj
 .debug_line    0x00000c44      0x659 mesh/bootloader/CMakeFiles/mesh_bootloader_gccarmemb_nrf52840_xxAA.dir/src/bootloader_info.c.obj
 .debug_line    0x0000129d      0x24c mesh/bootloader/CMakeFiles/mesh_bootloader_gccarmemb_nrf52840_xxAA.dir/src/bootloader_rtc.c.obj
 .debug_line    0x000014e9      0x16b mesh/bootloader/CMakeFiles/mesh_bootloader_gccarmemb_nrf52840_xxAA.dir/src/bootloader_util.c.obj
 .debug_line    0x00001654      0x5b4 mesh/bootloader/CMakeFiles/mesh_bootloader_gccarmemb_nrf52840_xxAA.dir/src/dfu_bank.c.obj
 .debug_line    0x00001c08      0x936 mesh/bootloader/CMakeFiles/mesh_bootloader_gccarmemb_nrf52840_xxAA.dir/src/dfu_mesh.c.obj
 .debug_line    0x0000253e      0x434 mesh/bootloader/CMakeFiles/mesh_bootloader_gccarmemb_nrf52840_xxAA.dir/src/dfu_transfer_mesh.c.obj
 .debug_line    0x00002972      0x4d4 mesh/bootloader/CMakeFiles/mesh_bootloader_gccarmemb_nrf52840_xxAA.dir/src/dfu_util.c.obj
 .debug_line    0x00002e46      0x37c mesh/bootloader/CMakeFiles/mesh_bootloader_gccarmemb_nrf52840_xxAA.dir/src/fifo.c.obj
 .debug_line    0x000031c2      0x35d mesh/bootloader/CMakeFiles/mesh_bootloader_gccarmemb_nrf52840_xxAA.dir/src/main.c.obj
 .debug_line    0x0000351f      0x4d9 mesh/bootloader/CMakeFiles/mesh_bootloader_gccarmemb_nrf52840_xxAA.dir/src/mesh_packet.c.obj
 .debug_line    0x000039f8      0x257 mesh/bootloader/CMakeFiles/mesh_bootloader_gccarmemb_nrf52840_xxAA.dir/src/nrf_flash.c.obj
 .debug_line    0x00003c4f      0x426 mesh/bootloader/CMakeFiles/mesh_bootloader_gccarmemb_nrf52840_xxAA.dir/src/radio_control.c.obj
 .debug_line    0x00004075      0x24b mesh/bootloader/CMakeFiles/mesh_bootloader_gccarmemb_nrf52840_xxAA.dir/src/rand.c.obj
 .debug_line    0x000042c0      0x5ea mesh/bootloader/CMakeFiles/mesh_bootloader_gccarmemb_nrf52840_xxAA.dir/src/transport.c.obj
 .debug_line    0x000048aa      0x544 mesh/bootloader/CMakeFiles/mesh_bootloader_gccarmemb_nrf52840_xxAA.dir/src/uECC.c.obj
 .debug_line    0x00004dee      0x47b mesh/bootloader/CMakeFiles/mesh_bootloader_gccarmemb_nrf52840_xxAA.dir/__/__/external/nRF5_SDK_14.0.0_3bcc1f7/components/libraries/sha256/sha256.c.obj
 .debug_line    0x00005269      0x26b mesh/bootloader/CMakeFiles/mesh_bootloader_gccarmemb_nrf52840_xxAA.dir/__/__/external/nRF5_SDK_14.0.0_3bcc1f7/components/toolchain/system_nrf52840.c.obj

.debug_str      0x00000000     0x4b89
 .debug_str     0x00000000     0x227f mesh/bootloader/CMakeFiles/mesh_bootloader_gccarmemb_nrf52840_xxAA.dir/src/bootloader.c.obj
                               0x24bc (size before relaxing)
 .debug_str     0x0000227f      0x2da mesh/bootloader/CMakeFiles/mesh_bootloader_gccarmemb_nrf52840_xxAA.dir/src/bootloader_app_bridge.c.obj
                               0x1969 (size before relaxing)
 .debug_str     0x00002559      0x51d mesh/bootloader/CMakeFiles/mesh_bootloader_gccarmemb_nrf52840_xxAA.dir/src/bootloader_info.c.obj
                               0x1092 (size before relaxing)
 .debug_str     0x00002a76       0x52 mesh/bootloader/CMakeFiles/mesh_bootloader_gccarmemb_nrf52840_xxAA.dir/src/bootloader_rtc.c.obj
                                0x6e3 (size before relaxing)
 .debug_str     0x00002ac8       0x3f mesh/bootloader/CMakeFiles/mesh_bootloader_gccarmemb_nrf52840_xxAA.dir/src/bootloader_util.c.obj
                                0x5fe (size before relaxing)
 .debug_str     0x00002b07      0x5b7 mesh/bootloader/CMakeFiles/mesh_bootloader_gccarmemb_nrf52840_xxAA.dir/src/dfu_bank.c.obj
                               0x19f9 (size before relaxing)
 .debug_str     0x000030be      0x7f4 mesh/bootloader/CMakeFiles/mesh_bootloader_gccarmemb_nrf52840_xxAA.dir/src/dfu_mesh.c.obj
                               0x1b7e (size before relaxing)
 .debug_str     0x000038b2      0x114 mesh/bootloader/CMakeFiles/mesh_bootloader_gccarmemb_nrf52840_xxAA.dir/src/dfu_transfer_mesh.c.obj
                                0xa2e (size before relaxing)
 .debug_str     0x000039c6      0x140 mesh/bootloader/CMakeFiles/mesh_bootloader_gccarmemb_nrf52840_xxAA.dir/src/dfu_util.c.obj
                               0x1146 (size before relaxing)
 .debug_str     0x00003b06       0x68 mesh/bootloader/CMakeFiles/mesh_bootloader_gccarmemb_nrf52840_xxAA.dir/src/fifo.c.obj
                                0x6ed (size before relaxing)
 .debug_str     0x00003b6e      0x1bd mesh/bootloader/CMakeFiles/mesh_bootloader_gccarmemb_nrf52840_xxAA.dir/src/main.c.obj
                                0xf08 (size before relaxing)
 .debug_str     0x00003d2b      0x170 mesh/bootloader/CMakeFiles/mesh_bootloader_gccarmemb_nrf52840_xxAA.dir/src/mesh_packet.c.obj
                                0xab3 (size before relaxing)
 .debug_str     0x00003e9b       0x9a mesh/bootloader/CMakeFiles/mesh_bootloader_gccarmemb_nrf52840_xxAA.dir/src/nrf_flash.c.obj
                                0x3fa (size before relaxing)
 .debug_str     0x00003f35      0x584 mesh/bootloader/CMakeFiles/mesh_bootloader_gccarmemb_nrf52840_xxAA.dir/src/radio_control.c.obj
                               0x1052 (size before relaxing)
 .debug_str     0x000044b9       0x7d mesh/bootloader/CMakeFiles/mesh_bootloader_gccarmemb_nrf52840_xxAA.dir/src/rand.c.obj
                                0x2fd (size before relaxing)
 .debug_str     0x00004536      0x1b7 mesh/bootloader/CMakeFiles/mesh_bootloader_gccarmemb_nrf52840_xxAA.dir/src/transport.c.obj
                                0xffa (size before relaxing)
 .debug_str     0x000046ed      0x2a3 mesh/bootloader/CMakeFiles/mesh_bootloader_gccarmemb_nrf52840_xxAA.dir/src/uECC.c.obj
                                0x4c0 (size before relaxing)
 .debug_str     0x00004990       0x84 mesh/bootloader/CMakeFiles/mesh_bootloader_gccarmemb_nrf52840_xxAA.dir/__/__/external/nRF5_SDK_14.0.0_3bcc1f7/components/libraries/sha256/sha256.c.obj
                                0x6db (size before relaxing)
 .debug_str     0x00004a14      0x175 mesh/bootloader/CMakeFiles/mesh_bootloader_gccarmemb_nrf52840_xxAA.dir/__/__/external/nRF5_SDK_14.0.0_3bcc1f7/components/toolchain/system_nrf52840.c.obj
                                0x891 (size before relaxing)

.debug_frame    0x00000000     0x14fc
 .debug_frame   0x00000000      0x138 mesh/bootloader/CMakeFiles/mesh_bootloader_gccarmemb_nrf52840_xxAA.dir/src/bootloader.c.obj
 .debug_frame   0x00000138      0x130 mesh/bootloader/CMakeFiles/mesh_bootloader_gccarmemb_nrf52840_xxAA.dir/src/bootloader_app_bridge.c.obj
 .debug_frame   0x00000268      0x230 mesh/bootloader/CMakeFiles/mesh_bootloader_gccarmemb_nrf52840_xxAA.dir/src/bootloader_info.c.obj
 .debug_frame   0x00000498       0x40 mesh/bootloader/CMakeFiles/mesh_bootloader_gccarmemb_nrf52840_xxAA.dir/src/bootloader_rtc.c.obj
 .debug_frame   0x000004d8       0x30 mesh/bootloader/CMakeFiles/mesh_bootloader_gccarmemb_nrf52840_xxAA.dir/src/bootloader_util.c.obj
 .debug_frame   0x00000508       0xdc mesh/bootloader/CMakeFiles/mesh_bootloader_gccarmemb_nrf52840_xxAA.dir/src/dfu_bank.c.obj
 .debug_frame   0x000005e4      0x284 mesh/bootloader/CMakeFiles/mesh_bootloader_gccarmemb_nrf52840_xxAA.dir/src/dfu_mesh.c.obj
 .debug_frame   0x00000868      0x10c mesh/bootloader/CMakeFiles/mesh_bootloader_gccarmemb_nrf52840_xxAA.dir/src/dfu_transfer_mesh.c.obj
 .debug_frame   0x00000974      0x19c mesh/bootloader/CMakeFiles/mesh_bootloader_gccarmemb_nrf52840_xxAA.dir/src/dfu_util.c.obj
 .debug_frame   0x00000b10       0xc8 mesh/bootloader/CMakeFiles/mesh_bootloader_gccarmemb_nrf52840_xxAA.dir/src/fifo.c.obj
 .debug_frame   0x00000bd8       0x58 mesh/bootloader/CMakeFiles/mesh_bootloader_gccarmemb_nrf52840_xxAA.dir/src/main.c.obj
 .debug_frame   0x00000c30      0x154 mesh/bootloader/CMakeFiles/mesh_bootloader_gccarmemb_nrf52840_xxAA.dir/src/mesh_packet.c.obj
 .debug_frame   0x00000d84       0x50 mesh/bootloader/CMakeFiles/mesh_bootloader_gccarmemb_nrf52840_xxAA.dir/src/nrf_flash.c.obj
 .debug_frame   0x00000dd4       0xac mesh/bootloader/CMakeFiles/mesh_bootloader_gccarmemb_nrf52840_xxAA.dir/src/radio_control.c.obj
 .debug_frame   0x00000e80       0x60 mesh/bootloader/CMakeFiles/mesh_bootloader_gccarmemb_nrf52840_xxAA.dir/src/rand.c.obj
 .debug_frame   0x00000ee0      0x1cc mesh/bootloader/CMakeFiles/mesh_bootloader_gccarmemb_nrf52840_xxAA.dir/src/transport.c.obj
 .debug_frame   0x000010ac      0x22c mesh/bootloader/CMakeFiles/mesh_bootloader_gccarmemb_nrf52840_xxAA.dir/src/uECC.c.obj
 .debug_frame   0x000012d8       0x98 mesh/bootloader/CMakeFiles/mesh_bootloader_gccarmemb_nrf52840_xxAA.dir/__/__/external/nRF5_SDK_14.0.0_3bcc1f7/components/libraries/sha256/sha256.c.obj
 .debug_frame   0x00001370       0x48 mesh/bootloader/CMakeFiles/mesh_bootloader_gccarmemb_nrf52840_xxAA.dir/__/__/external/nRF5_SDK_14.0.0_3bcc1f7/components/toolchain/system_nrf52840.c.obj
 .debug_frame   0x000013b8       0x2c c:/progra~2/gnutoo~1/6e275~1.220/bin/../lib/gcc/arm-none-eabi/6.2.1/thumb/v7e-m/fpv4-sp/hard\libgcc.a(_aeabi_uldivmod.o)
 .debug_frame   0x000013e4       0x34 c:/progra~2/gnutoo~1/6e275~1.220/bin/../lib/gcc/arm-none-eabi/6.2.1/thumb/v7e-m/fpv4-sp/hard\libgcc.a(_udivmoddi4.o)
 .debug_frame   0x00001418       0x28 c:/progra~2/gnutoo~1/6e275~1.220/bin/../lib/gcc/arm-none-eabi/6.2.1/../../../../arm-none-eabi/lib/thumb/v7e-m/fpv4-sp/hard\libg_nano.a(lib_a-exit.o)
 .debug_frame   0x00001440       0x2c c:/progra~2/gnutoo~1/6e275~1.220/bin/../lib/gcc/arm-none-eabi/6.2.1/../../../../arm-none-eabi/lib/thumb/v7e-m/fpv4-sp/hard\libg_nano.a(lib_a-init.o)
 .debug_frame   0x0000146c       0x28 c:/progra~2/gnutoo~1/6e275~1.220/bin/../lib/gcc/arm-none-eabi/6.2.1/../../../../arm-none-eabi/lib/thumb/v7e-m/fpv4-sp/hard\libg_nano.a(lib_a-memcmp.o)
 .debug_frame   0x00001494       0x28 c:/progra~2/gnutoo~1/6e275~1.220/bin/../lib/gcc/arm-none-eabi/6.2.1/../../../../arm-none-eabi/lib/thumb/v7e-m/fpv4-sp/hard\libg_nano.a(lib_a-memcpy-stub.o)
 .debug_frame   0x000014bc       0x20 c:/progra~2/gnutoo~1/6e275~1.220/bin/../lib/gcc/arm-none-eabi/6.2.1/../../../../arm-none-eabi/lib/thumb/v7e-m/fpv4-sp/hard\libg_nano.a(lib_a-memset.o)
 .debug_frame   0x000014dc       0x20 c:/progra~2/gnutoo~1/6e275~1.220/bin/../lib/gcc/arm-none-eabi/6.2.1/../../../../arm-none-eabi/lib/thumb/v7e-m/fpv4-sp/hard\libnosys.a(_exit.o)
