Archive member included to satisfy reference by file (symbol)

c:/a/gcc_arm/6/bin/../lib/gcc/arm-none-eabi/6.3.1/thumb/v7e-m/fpv4-sp/hard\libgcc.a(_lshrdi3.o)
                              mesh/bootloader/CMakeFiles/mesh_bootloader_serial_gccarmemb_nrf52840_xxAA.dir/src/dfu_transfer_mesh.c.obj (__aeabi_llsr)
c:/a/gcc_arm/6/bin/../lib/gcc/arm-none-eabi/6.3.1/thumb/v7e-m/fpv4-sp/hard\libgcc.a(_ashldi3.o)
                              mesh/bootloader/CMakeFiles/mesh_bootloader_serial_gccarmemb_nrf52840_xxAA.dir/src/dfu_transfer_mesh.c.obj (__aeabi_llsl)
c:/a/gcc_arm/6/bin/../lib/gcc/arm-none-eabi/6.3.1/thumb/v7e-m/fpv4-sp/hard\libgcc.a(_aeabi_uldivmod.o)
                              mesh/bootloader/CMakeFiles/mesh_bootloader_serial_gccarmemb_nrf52840_xxAA.dir/src/bootloader.c.obj (__aeabi_uldivmod)
c:/a/gcc_arm/6/bin/../lib/gcc/arm-none-eabi/6.3.1/thumb/v7e-m/fpv4-sp/hard\libgcc.a(_udivmoddi4.o)
                              c:/a/gcc_arm/6/bin/../lib/gcc/arm-none-eabi/6.3.1/thumb/v7e-m/fpv4-sp/hard\libgcc.a(_aeabi_uldivmod.o) (__udivmoddi4)
c:/a/gcc_arm/6/bin/../lib/gcc/arm-none-eabi/6.3.1/thumb/v7e-m/fpv4-sp/hard\libgcc.a(_dvmd_tls.o)
                              c:/a/gcc_arm/6/bin/../lib/gcc/arm-none-eabi/6.3.1/thumb/v7e-m/fpv4-sp/hard\libgcc.a(_aeabi_uldivmod.o) (__aeabi_ldiv0)
c:/a/gcc_arm/6/bin/../lib/gcc/arm-none-eabi/6.3.1/../../../../arm-none-eabi/lib/thumb/v7e-m/fpv4-sp/hard\libg_nano.a(lib_a-exit.o)
                              c:/a/gcc_arm/6/bin/../lib/gcc/arm-none-eabi/6.3.1/../../../../arm-none-eabi/lib/thumb/v7e-m/fpv4-sp/hard/crt0.o (exit)
c:/a/gcc_arm/6/bin/../lib/gcc/arm-none-eabi/6.3.1/../../../../arm-none-eabi/lib/thumb/v7e-m/fpv4-sp/hard\libg_nano.a(lib_a-impure.o)
                              c:/a/gcc_arm/6/bin/../lib/gcc/arm-none-eabi/6.3.1/../../../../arm-none-eabi/lib/thumb/v7e-m/fpv4-sp/hard\libg_nano.a(lib_a-exit.o) (_global_impure_ptr)
c:/a/gcc_arm/6/bin/../lib/gcc/arm-none-eabi/6.3.1/../../../../arm-none-eabi/lib/thumb/v7e-m/fpv4-sp/hard\libg_nano.a(lib_a-init.o)
                              c:/a/gcc_arm/6/bin/../lib/gcc/arm-none-eabi/6.3.1/../../../../arm-none-eabi/lib/thumb/v7e-m/fpv4-sp/hard/crt0.o (__libc_init_array)
c:/a/gcc_arm/6/bin/../lib/gcc/arm-none-eabi/6.3.1/../../../../arm-none-eabi/lib/thumb/v7e-m/fpv4-sp/hard\libg_nano.a(lib_a-memcmp.o)
                              mesh/bootloader/CMakeFiles/mesh_bootloader_serial_gccarmemb_nrf52840_xxAA.dir/src/dfu_bank.c.obj (memcmp)
c:/a/gcc_arm/6/bin/../lib/gcc/arm-none-eabi/6.3.1/../../../../arm-none-eabi/lib/thumb/v7e-m/fpv4-sp/hard\libg_nano.a(lib_a-memcpy-stub.o)
                              mesh/bootloader/CMakeFiles/mesh_bootloader_serial_gccarmemb_nrf52840_xxAA.dir/src/bootloader.c.obj (memcpy)
c:/a/gcc_arm/6/bin/../lib/gcc/arm-none-eabi/6.3.1/../../../../arm-none-eabi/lib/thumb/v7e-m/fpv4-sp/hard\libg_nano.a(lib_a-memset.o)
                              c:/a/gcc_arm/6/bin/../lib/gcc/arm-none-eabi/6.3.1/../../../../arm-none-eabi/lib/thumb/v7e-m/fpv4-sp/hard/crt0.o (memset)
c:/a/gcc_arm/6/bin/../lib/gcc/arm-none-eabi/6.3.1/../../../../arm-none-eabi/lib/thumb/v7e-m/fpv4-sp/hard\libnosys.a(_exit.o)
                              c:/a/gcc_arm/6/bin/../lib/gcc/arm-none-eabi/6.3.1/../../../../arm-none-eabi/lib/thumb/v7e-m/fpv4-sp/hard\libg_nano.a(lib_a-exit.o) (_exit)

Allocating common symbols
Common symbol       size              file

m_tx_evt_bitfield   0x2               mesh/bootloader/CMakeFiles/mesh_bootloader_serial_gccarmemb_nrf52840_xxAA.dir/src/transport.c.obj

Discarded input sections

 .text          0x00000000        0x0 c:/a/gcc_arm/6/bin/../lib/gcc/arm-none-eabi/6.3.1/thumb/v7e-m/fpv4-sp/hard/crti.o
 .data          0x00000000        0x0 c:/a/gcc_arm/6/bin/../lib/gcc/arm-none-eabi/6.3.1/thumb/v7e-m/fpv4-sp/hard/crti.o
 .bss           0x00000000        0x0 c:/a/gcc_arm/6/bin/../lib/gcc/arm-none-eabi/6.3.1/thumb/v7e-m/fpv4-sp/hard/crti.o
 .data          0x00000000        0x4 c:/a/gcc_arm/6/bin/../lib/gcc/arm-none-eabi/6.3.1/thumb/v7e-m/fpv4-sp/hard/crtbegin.o
 .data          0x00000000        0x0 c:/a/gcc_arm/6/bin/../lib/gcc/arm-none-eabi/6.3.1/../../../../arm-none-eabi/lib/thumb/v7e-m/fpv4-sp/hard/crt0.o
 .bss           0x00000000        0x0 c:/a/gcc_arm/6/bin/../lib/gcc/arm-none-eabi/6.3.1/../../../../arm-none-eabi/lib/thumb/v7e-m/fpv4-sp/hard/crt0.o
 .ARM.extab     0x00000000        0x0 c:/a/gcc_arm/6/bin/../lib/gcc/arm-none-eabi/6.3.1/../../../../arm-none-eabi/lib/thumb/v7e-m/fpv4-sp/hard/crt0.o
 .text          0x00000000        0x0 mesh/bootloader/CMakeFiles/mesh_bootloader_serial_gccarmemb_nrf52840_xxAA.dir/src/bootloader.c.obj
 .data          0x00000000        0x0 mesh/bootloader/CMakeFiles/mesh_bootloader_serial_gccarmemb_nrf52840_xxAA.dir/src/bootloader.c.obj
 .bss           0x00000000        0x0 mesh/bootloader/CMakeFiles/mesh_bootloader_serial_gccarmemb_nrf52840_xxAA.dir/src/bootloader.c.obj
[...]
Memory Configuration

Name             Origin             Length             Attributes
FLASH            0x000f8000         0x00006000         xr
RAM              0x20000004         0x0003fcfc         rw
CORE_BL_RAM      0x2003fd00         0x00000300         rw
UICR_BOOTADDR    0x10001014         0x00000004         r
UICR_MBRPARAMADDR 0x10001018         0x00000004         r
*default*        0x00000000         0xffffffff

Linker script and memory map

LOAD c:/a/gcc_arm/6/bin/../lib/gcc/arm-none-eabi/6.3.1/thumb/v7e-m/fpv4-sp/hard/crti.o
LOAD c:/a/gcc_arm/6/bin/../lib/gcc/arm-none-eabi/6.3.1/thumb/v7e-m/fpv4-sp/hard/crtbegin.o
LOAD c:/a/gcc_arm/6/bin/../lib/gcc/arm-none-eabi/6.3.1/../../../../arm-none-eabi/lib/thumb/v7e-m/fpv4-sp/hard/crt0.o
LOAD mesh/bootloader/CMakeFiles/mesh_bootloader_serial_gccarmemb_nrf52840_xxAA.dir/src/bootloader.c.obj
LOAD mesh/bootloader/CMakeFiles/mesh_bootloader_serial_gccarmemb_nrf52840_xxAA.dir/src/bootloader_app_bridge.c.obj
LOAD mesh/bootloader/CMakeFiles/mesh_bootloader_serial_gccarmemb_nrf52840_xxAA.dir/src/bootloader_info.c.obj
LOAD mesh/bootloader/CMakeFiles/mesh_bootloader_serial_gccarmemb_nrf52840_xxAA.dir/src/bootloader_rtc.c.obj
LOAD mesh/bootloader/CMakeFiles/mesh_bootloader_serial_gccarmemb_nrf52840_xxAA.dir/src/bootloader_util.c.obj
LOAD mesh/bootloader/CMakeFiles/mesh_bootloader_serial_gccarmemb_nrf52840_xxAA.dir/src/dfu_bank.c.obj
LOAD mesh/bootloader/CMakeFiles/mesh_bootloader_serial_gccarmemb_nrf52840_xxAA.dir/src/dfu_mesh.c.obj
LOAD mesh/bootloader/CMakeFiles/mesh_bootloader_serial_gccarmemb_nrf52840_xxAA.dir/src/dfu_transfer_mesh.c.obj
LOAD mesh/bootloader/CMakeFiles/mesh_bootloader_serial_gccarmemb_nrf52840_xxAA.dir/src/dfu_util.c.obj
LOAD mesh/bootloader/CMakeFiles/mesh_bootloader_serial_gccarmemb_nrf52840_xxAA.dir/src/fifo.c.obj
LOAD mesh/bootloader/CMakeFiles/mesh_bootloader_serial_gccarmemb_nrf52840_xxAA.dir/src/main.c.obj
LOAD mesh/bootloader/CMakeFiles/mesh_bootloader_serial_gccarmemb_nrf52840_xxAA.dir/src/mesh_packet.c.obj
LOAD mesh/bootloader/CMakeFiles/mesh_bootloader_serial_gccarmemb_nrf52840_xxAA.dir/src/nrf_flash.c.obj
LOAD mesh/bootloader/CMakeFiles/mesh_bootloader_serial_gccarmemb_nrf52840_xxAA.dir/src/radio_control.c.obj
LOAD mesh/bootloader/CMakeFiles/mesh_bootloader_serial_gccarmemb_nrf52840_xxAA.dir/src/rand.c.obj
LOAD mesh/bootloader/CMakeFiles/mesh_bootloader_serial_gccarmemb_nrf52840_xxAA.dir/src/transport.c.obj
LOAD mesh/bootloader/CMakeFiles/mesh_bootloader_serial_gccarmemb_nrf52840_xxAA.dir/src/uECC.c.obj
LOAD mesh/bootloader/CMakeFiles/mesh_bootloader_serial_gccarmemb_nrf52840_xxAA.dir/C_/m/sdks/nRF5_SDK_15.0.0_a53641a/components/libraries/sha256/sha256.c.obj
LOAD mesh/bootloader/CMakeFiles/mesh_bootloader_serial_gccarmemb_nrf52840_xxAA.dir/src/serial_handler_uart.c.obj
LOAD mesh/bootloader/CMakeFiles/mesh_bootloader_serial_gccarmemb_nrf52840_xxAA.dir/src/mesh_aci.c.obj
LOAD mesh/bootloader/CMakeFiles/mesh_bootloader_serial_gccarmemb_nrf52840_xxAA.dir/C_/m/sdks/nRF5_SDK_15.0.0_a53641a/modules/nrfx/mdk/system_nrf52840.c.obj
LOAD mesh/bootloader/CMakeFiles/mesh_bootloader_serial_gccarmemb_nrf52840_xxAA.dir/C_/m/sdks/nRF5_SDK_15.0.0_a53641a/modules/nrfx/mdk/gcc_startup_nrf52840.S.obj
LOAD external/rtt/librtt_nrf52840_xxAA.a
START GROUP
LOAD c:/a/gcc_arm/6/bin/../lib/gcc/arm-none-eabi/6.3.1/thumb/v7e-m/fpv4-sp/hard\libgcc.a
LOAD c:/a/gcc_arm/6/bin/../lib/gcc/arm-none-eabi/6.3.1/../../../../arm-none-eabi/lib/thumb/v7e-m/fpv4-sp/hard\libg_nano.a
LOAD c:/a/gcc_arm/6/bin/../lib/gcc/arm-none-eabi/6.3.1/../../../../arm-none-eabi/lib/thumb/v7e-m/fpv4-sp/hard\libc_nano.a
END GROUP
START GROUP
LOAD c:/a/gcc_arm/6/bin/../lib/gcc/arm-none-eabi/6.3.1/thumb/v7e-m/fpv4-sp/hard\libgcc.a
LOAD c:/a/gcc_arm/6/bin/../lib/gcc/arm-none-eabi/6.3.1/../../../../arm-none-eabi/lib/thumb/v7e-m/fpv4-sp/hard\libc_nano.a
END GROUP
LOAD c:/a/gcc_arm/6/bin/../lib/gcc/arm-none-eabi/6.3.1/thumb/v7e-m/fpv4-sp/hard/crtend.o
LOAD c:/a/gcc_arm/6/bin/../lib/gcc/arm-none-eabi/6.3.1/thumb/v7e-m/fpv4-sp/hard/crtn.o
START GROUP
LOAD c:/a/gcc_arm/6/bin/../lib/gcc/arm-none-eabi/6.3.1/thumb/v7e-m/fpv4-sp/hard\libgcc.a
LOAD c:/a/gcc_arm/6/bin/../lib/gcc/arm-none-eabi/6.3.1/../../../../arm-none-eabi/lib/thumb/v7e-m/fpv4-sp/hard\libc.a
LOAD c:/a/gcc_arm/6/bin/../lib/gcc/arm-none-eabi/6.3.1/../../../../arm-none-eabi/lib/thumb/v7e-m/fpv4-sp/hard\libnosys.a
END GROUP

.core_data      0x2003fd00        0x4
                0x2003fd00                __core_ram_start__ = .
                0x2003fd00                . = ALIGN (0x4)
 *sha256.c.obj(.data*)
 *bootloader_app_bridge.c.obj(.data*)
 *bootloader_info.c.obj(.data*)
 *uECC.c.obj(.data*)
 *dfu_mesh.c.obj(.data*)
 .data.m_state  0x2003fd00        0x1 mesh/bootloader/CMakeFiles/mesh_bootloader_serial_gccarmemb_nrf52840_xxAA.dir/src/dfu_mesh.c.obj
 .data.tx_slot.11446
                0x2003fd01        0x1 mesh/bootloader/CMakeFiles/mesh_bootloader_serial_gccarmemb_nrf52840_xxAA.dir/src/dfu_mesh.c.obj
 *dfu_transfer_mesh.c.obj(.data*)
 *dfu_bank.c.obj(.data*)
 *dfu_util.c.obj(.data*)
                0x2003fd04                . = ALIGN (0x4)
 *fill*         0x2003fd02        0x2 
                0x2003fd04                __core_ram_end__ = .

.core_bss       0x2003fd08      0x210
                0x2003fd08                __core_ram_start__ = .
                0x2003fd08                . = ALIGN (0x4)
 *sha256.c.obj(.bss*)
 *bootloader_app_bridge.c.obj(.bss*)
 .bss.m_evt_handler
                0x2003fd08        0x4 mesh/bootloader/CMakeFiles/mesh_bootloader_serial_gccarmemb_nrf52840_xxAA.dir/src/bootloader_app_bridge.c.obj
 .bss.m_in_bl   0x2003fd0c        0x1 mesh/bootloader/CMakeFiles/mesh_bootloader_serial_gccarmemb_nrf52840_xxAA.dir/src/bootloader_app_bridge.c.obj
 *bootloader_info.c.obj(.bss*)
 *fill*         0x2003fd0d        0x3 
 .bss.m_info_copy
                0x2003fd10       0x1c mesh/bootloader/CMakeFiles/mesh_bootloader_serial_gccarmemb_nrf52840_xxAA.dir/src/bootloader_info.c.obj
 .bss.m_state   0x2003fd2c        0x1 mesh/bootloader/CMakeFiles/mesh_bootloader_serial_gccarmemb_nrf52840_xxAA.dir/src/bootloader_info.c.obj
 .bss.m_write_in_progress
                0x2003fd2d        0x1 mesh/bootloader/CMakeFiles/mesh_bootloader_serial_gccarmemb_nrf52840_xxAA.dir/src/bootloader_info.c.obj
 *fill*         0x2003fd2e        0x2 
 .bss.mp_bl_info_bank_page
                0x2003fd30        0x4 mesh/bootloader/CMakeFiles/mesh_bootloader_serial_gccarmemb_nrf52840_xxAA.dir/src/bootloader_info.c.obj
 .bss.mp_bl_info_page
                0x2003fd34        0x4 mesh/bootloader/CMakeFiles/mesh_bootloader_serial_gccarmemb_nrf52840_xxAA.dir/src/bootloader_info.c.obj
 .bss.mp_info_entry_buffer
                0x2003fd38       0x80 mesh/bootloader/CMakeFiles/mesh_bootloader_serial_gccarmemb_nrf52840_xxAA.dir/src/bootloader_info.c.obj
 .bss.mp_info_entry_head
                0x2003fdb8        0x4 mesh/bootloader/CMakeFiles/mesh_bootloader_serial_gccarmemb_nrf52840_xxAA.dir/src/bootloader_info.c.obj
 .bss.mp_info_entry_tail
                0x2003fdbc        0x4 mesh/bootloader/CMakeFiles/mesh_bootloader_serial_gccarmemb_nrf52840_xxAA.dir/src/bootloader_info.c.obj
 .bss.mp_write_pos
                0x2003fdc0        0x4 mesh/bootloader/CMakeFiles/mesh_bootloader_serial_gccarmemb_nrf52840_xxAA.dir/src/bootloader_info.c.obj
 *uECC.c.obj(.bss*)
 *dfu_mesh.c.obj(.bss*)
 .bss.m_bl_info_pointers
                0x2003fdc4       0x28 mesh/bootloader/CMakeFiles/mesh_bootloader_serial_gccarmemb_nrf52840_xxAA.dir/src/dfu_mesh.c.obj
 .bss.m_data_req_segment
                0x2003fdec        0x2 mesh/bootloader/CMakeFiles/mesh_bootloader_serial_gccarmemb_nrf52840_xxAA.dir/src/dfu_mesh.c.obj
 .bss.m_req_cache
                0x2003fdee       0x10 mesh/bootloader/CMakeFiles/mesh_bootloader_serial_gccarmemb_nrf52840_xxAA.dir/src/dfu_mesh.c.obj
 .bss.m_req_index
                0x2003fdfe        0x1 mesh/bootloader/CMakeFiles/mesh_bootloader_serial_gccarmemb_nrf52840_xxAA.dir/src/dfu_mesh.c.obj
 *fill*         0x2003fdff        0x1 
 .bss.m_transaction
                0x2003fe00       0x74 mesh/bootloader/CMakeFiles/mesh_bootloader_serial_gccarmemb_nrf52840_xxAA.dir/src/dfu_mesh.c.obj
 .bss.m_tx_slots
                0x2003fe74        0x1 mesh/bootloader/CMakeFiles/mesh_bootloader_serial_gccarmemb_nrf52840_xxAA.dir/src/dfu_mesh.c.obj
 *dfu_transfer_mesh.c.obj(.bss*)
 *fill*         0x2003fe75        0x3 
 .bss.m_transfer
                0x2003fe78       0x30 mesh/bootloader/CMakeFiles/mesh_bootloader_serial_gccarmemb_nrf52840_xxAA.dir/src/dfu_transfer_mesh.c.obj
 *dfu_bank.c.obj(.bss*)
 .bss.m_dfu_type
                0x2003fea8        0x1 mesh/bootloader/CMakeFiles/mesh_bootloader_serial_gccarmemb_nrf52840_xxAA.dir/src/dfu_bank.c.obj
 .bss.m_waiting_for_idle
                0x2003fea9        0x1 mesh/bootloader/CMakeFiles/mesh_bootloader_serial_gccarmemb_nrf52840_xxAA.dir/src/dfu_bank.c.obj
 *fill*         0x2003feaa        0x2 
 .bss.mp_bank_entry
                0x2003feac        0x4 mesh/bootloader/CMakeFiles/mesh_bootloader_serial_gccarmemb_nrf52840_xxAA.dir/src/dfu_bank.c.obj
 *dfu_util.c.obj(.bss*)
 .bss.m_packet_cache
                0x2003feb0       0x40 mesh/bootloader/CMakeFiles/mesh_bootloader_serial_gccarmemb_nrf52840_xxAA.dir/src/dfu_util.c.obj
 .bss.m_packet_cache_index
                0x2003fef0        0x4 mesh/bootloader/CMakeFiles/mesh_bootloader_serial_gccarmemb_nrf52840_xxAA.dir/src/dfu_util.c.obj
 .bss.m_tid_cache
                0x2003fef4       0x20 mesh/bootloader/CMakeFiles/mesh_bootloader_serial_gccarmemb_nrf52840_xxAA.dir/src/dfu_util.c.obj
 .bss.m_tid_index
                0x2003ff14        0x1 mesh/bootloader/CMakeFiles/mesh_bootloader_serial_gccarmemb_nrf52840_xxAA.dir/src/dfu_util.c.obj
                0x2003ff18                . = ALIGN (0x4)
 *fill*         0x2003ff15        0x3 
                0x2003ff18                __core_ram_end__ = .

.uicrBootStartAddress
                0x10001014        0x4
 *(.uicrBootStartAddress)
 .uicrBootStartAddress
                0x10001014        0x4 mesh/bootloader/CMakeFiles/mesh_bootloader_serial_gccarmemb_nrf52840_xxAA.dir/src/main.c.obj
                0x10001014                m_uicr_bootloader_start_address

.uicrBootMBRParamAddress
                0x10001018        0x4
 *(.uicrBootMBRParamAddress)
 .uicrBootMBRParamAddress
                0x10001018        0x4 mesh/bootloader/CMakeFiles/mesh_bootloader_serial_gccarmemb_nrf52840_xxAA.dir/src/main.c.obj
                0x10001018                m_uicr_bootloader_mbrparam_address

.text           0x000f8000     0x501c
 *(.isr_vector)
 .isr_vector    0x000f8000      0x200 mesh/bootloader/CMakeFiles/mesh_bootloader_serial_gccarmemb_nrf52840_xxAA.dir/C_/m/sdks/nRF5_SDK_15.0.0_a53641a/modules/nrfx/mdk/gcc_startup_nrf52840.S.obj
                0x000f8000                __isr_vector
 *(.text*)
 .text          0x000f8200       0x6c c:/a/gcc_arm/6/bin/../lib/gcc/arm-none-eabi/6.3.1/thumb/v7e-m/fpv4-sp/hard/crtbegin.o
 .text          0x000f826c       0x74 c:/a/gcc_arm/6/bin/../lib/gcc/arm-none-eabi/6.3.1/../../../../arm-none-eabi/lib/thumb/v7e-m/fpv4-sp/hard/crt0.o
                0x000f826c                _start
                0x000f826c                _mainCRTStartup
 .text.unlikely.sd_softdevice_vector_table_base_set
                0x000f82e0        0x4 mesh/bootloader/CMakeFiles/mesh_bootloader_serial_gccarmemb_nrf52840_xxAA.dir/src/bootloader.c.obj
 .text.unlikely.sd_mbr_command
                0x000f82e4        0x4 mesh/bootloader/CMakeFiles/mesh_bootloader_serial_gccarmemb_nrf52840_xxAA.dir/src/bootloader.c.obj
 .text.set_timeout
                0x000f82e8       0x2c mesh/bootloader/CMakeFiles/mesh_bootloader_serial_gccarmemb_nrf52840_xxAA.dir/src/bootloader.c.obj
 .text.rx_cb    0x000f8314       0x2e mesh/bootloader/CMakeFiles/mesh_bootloader_serial_gccarmemb_nrf52840_xxAA.dir/src/bootloader.c.obj
 .text.SWI2_EGU2_IRQHandler
                0x000f8342        0x4 mesh/bootloader/CMakeFiles/mesh_bootloader_serial_gccarmemb_nrf52840_xxAA.dir/src/bootloader.c.obj
                0x000f8342                SWI2_EGU2_IRQHandler
 *fill*         0x000f8346        0x2 
 .text.SWI3_EGU3_IRQHandler
                0x000f8348       0xd4 mesh/bootloader/CMakeFiles/mesh_bootloader_serial_gccarmemb_nrf52840_xxAA.dir/src/bootloader.c.obj
                0x000f8348                SWI3_EGU3_IRQHandler
 .text.bootloader_init
                0x000f841c       0xa4 mesh/bootloader/CMakeFiles/mesh_bootloader_serial_gccarmemb_nrf52840_xxAA.dir/src/bootloader.c.obj
                0x000f841c                bootloader_init
 .text.bootloader_enable
                0x000f84c0       0xe0 mesh/bootloader/CMakeFiles/mesh_bootloader_serial_gccarmemb_nrf52840_xxAA.dir/src/bootloader.c.obj
                0x000f84c0                bootloader_enable
 .text.bootloader_cmd_send
                0x000f85a0        0x4 mesh/bootloader/CMakeFiles/mesh_bootloader_serial_gccarmemb_nrf52840_xxAA.dir/src/bootloader.c.obj
                0x000f85a0                bootloader_cmd_send
 .text.bootloader_abort
                0x000f85a4       0x7c mesh/bootloader/CMakeFiles/mesh_bootloader_serial_gccarmemb_nrf52840_xxAA.dir/src/bootloader.c.obj
                0x000f85a4                bootloader_abort
 .text.bl_evt_handler
                0x000f8620      0x264 mesh/bootloader/CMakeFiles/mesh_bootloader_serial_gccarmemb_nrf52840_xxAA.dir/src/bootloader.c.obj
 .text.bootloader_timeout
                0x000f8884       0x4c mesh/bootloader/CMakeFiles/mesh_bootloader_serial_gccarmemb_nrf52840_xxAA.dir/src/bootloader.c.obj
                0x000f8884                bootloader_timeout
 .text.bl_cmd_handler
                0x000f88d0      0x148 mesh/bootloader/CMakeFiles/mesh_bootloader_serial_gccarmemb_nrf52840_xxAA.dir/src/bootloader_app_bridge.c.obj
                0x000f88d0                bl_cmd_handler
 .text.bootloader_app_bridge_init
                0x000f8a18       0x28 mesh/bootloader/CMakeFiles/mesh_bootloader_serial_gccarmemb_nrf52840_xxAA.dir/src/bootloader_app_bridge.c.obj
                0x000f8a18                bootloader_app_bridge_init
 .text.bootloader_evt_send
                0x000f8a40       0x10 mesh/bootloader/CMakeFiles/mesh_bootloader_serial_gccarmemb_nrf52840_xxAA.dir/src/bootloader_app_bridge.c.obj
                0x000f8a40                bootloader_evt_send
 .text.send_end_evt
                0x000f8a50       0x1a mesh/bootloader/CMakeFiles/mesh_bootloader_serial_gccarmemb_nrf52840_xxAA.dir/src/bootloader_app_bridge.c.obj
                0x000f8a50                send_end_evt
 .text.flash_write
                0x000f8a6a       0x2a mesh/bootloader/CMakeFiles/mesh_bootloader_serial_gccarmemb_nrf52840_xxAA.dir/src/bootloader_app_bridge.c.obj
                0x000f8a6a                flash_write
 .text.flash_erase
                0x000f8a94       0x26 mesh/bootloader/CMakeFiles/mesh_bootloader_serial_gccarmemb_nrf52840_xxAA.dir/src/bootloader_app_bridge.c.obj
                0x000f8a94                flash_erase
 .text.tx_abort
                0x000f8aba       0x1a mesh/bootloader/CMakeFiles/mesh_bootloader_serial_gccarmemb_nrf52840_xxAA.dir/src/bootloader_app_bridge.c.obj
                0x000f8aba                tx_abort
 .text.bootloader_is_in_application
                0x000f8ad4       0x10 mesh/bootloader/CMakeFiles/mesh_bootloader_serial_gccarmemb_nrf52840_xxAA.dir/src/bootloader_app_bridge.c.obj
                0x000f8ad4                bootloader_is_in_application
 .text.info_entry_get
                0x000f8ae4       0x3c mesh/bootloader/CMakeFiles/mesh_bootloader_serial_gccarmemb_nrf52840_xxAA.dir/src/bootloader_info.c.obj
 .text.bootloader_info_header_get
                0x000f8b20       0x1c mesh/bootloader/CMakeFiles/mesh_bootloader_serial_gccarmemb_nrf52840_xxAA.dir/src/bootloader_info.c.obj
 .text.bootloader_info_first_unused_get
                0x000f8b3c       0x16 mesh/bootloader/CMakeFiles/mesh_bootloader_serial_gccarmemb_nrf52840_xxAA.dir/src/bootloader_info.c.obj
 *fill*         0x000f8b52        0x2 
 .text.entry_header_invalidate
                0x000f8b54       0x20 mesh/bootloader/CMakeFiles/mesh_bootloader_serial_gccarmemb_nrf52840_xxAA.dir/src/bootloader_info.c.obj
 .text.copy_page_write_meta
                0x000f8b74       0x20 mesh/bootloader/CMakeFiles/mesh_bootloader_serial_gccarmemb_nrf52840_xxAA.dir/src/bootloader_info.c.obj
 .text.copy_page_write_next_data
                0x000f8b94       0x74 mesh/bootloader/CMakeFiles/mesh_bootloader_serial_gccarmemb_nrf52840_xxAA.dir/src/bootloader_info.c.obj
 .text.copy_page
                0x000f8c08       0x34 mesh/bootloader/CMakeFiles/mesh_bootloader_serial_gccarmemb_nrf52840_xxAA.dir/src/bootloader_info.c.obj
 .text.place_head_after_entry.constprop.1
                0x000f8c3c       0x40 mesh/bootloader/CMakeFiles/mesh_bootloader_serial_gccarmemb_nrf52840_xxAA.dir/src/bootloader_info.c.obj
 .text.entry_invalidate
                0x000f8c7c       0x34 mesh/bootloader/CMakeFiles/mesh_bootloader_serial_gccarmemb_nrf52840_xxAA.dir/src/bootloader_info.c.obj
                0x000f8c7c                entry_invalidate
 .text.entry_write
                0x000f8cb0       0xf8 mesh/bootloader/CMakeFiles/mesh_bootloader_serial_gccarmemb_nrf52840_xxAA.dir/src/bootloader_info.c.obj
                0x000f8cb0                entry_write
 .text.bootloader_info_init
                0x000f8da8       0xcc mesh/bootloader/CMakeFiles/mesh_bootloader_serial_gccarmemb_nrf52840_xxAA.dir/src/bootloader_info.c.obj
                0x000f8da8                bootloader_info_init
 .text.bootloader_info_entry_get
                0x000f8e74        0xa mesh/bootloader/CMakeFiles/mesh_bootloader_serial_gccarmemb_nrf52840_xxAA.dir/src/bootloader_info.c.obj
                0x000f8e74                bootloader_info_entry_get
 .text.bootloader_info_entry_overwrite
                0x000f8e7e       0x2a mesh/bootloader/CMakeFiles/mesh_bootloader_serial_gccarmemb_nrf52840_xxAA.dir/src/bootloader_info.c.obj
                0x000f8e7e                bootloader_info_entry_overwrite
 .text.bootloader_info_entry_invalidate
                0x000f8ea8        0xa mesh/bootloader/CMakeFiles/mesh_bootloader_serial_gccarmemb_nrf52840_xxAA.dir/src/bootloader_info.c.obj
                0x000f8ea8                bootloader_info_entry_invalidate
 *fill*         0x000f8eb2        0x2 
 .text.bootloader_info_reset
                0x000f8eb4       0x40 mesh/bootloader/CMakeFiles/mesh_bootloader_serial_gccarmemb_nrf52840_xxAA.dir/src/bootloader_info.c.obj
                0x000f8eb4                bootloader_info_reset
 .text.bootloader_info_entry_put
                0x000f8ef4       0xd0 mesh/bootloader/CMakeFiles/mesh_bootloader_serial_gccarmemb_nrf52840_xxAA.dir/src/bootloader_info.c.obj
                0x000f8ef4                bootloader_info_entry_put
 .text.bootloader_info_stable
                0x000f8fc4       0x20 mesh/bootloader/CMakeFiles/mesh_bootloader_serial_gccarmemb_nrf52840_xxAA.dir/src/bootloader_info.c.obj
                0x000f8fc4                bootloader_info_stable
 .text.bootloader_info_on_flash_op_end
                0x000f8fe4      0x118 mesh/bootloader/CMakeFiles/mesh_bootloader_serial_gccarmemb_nrf52840_xxAA.dir/src/bootloader_info.c.obj
                0x000f8fe4                bootloader_info_on_flash_op_end
 .text.bootloader_info_on_flash_idle
                0x000f90fc       0x40 mesh/bootloader/CMakeFiles/mesh_bootloader_serial_gccarmemb_nrf52840_xxAA.dir/src/bootloader_info.c.obj
                0x000f90fc                bootloader_info_on_flash_idle
 .text.RTC0_IRQHandler
                0x000f913c       0x48 mesh/bootloader/CMakeFiles/mesh_bootloader_serial_gccarmemb_nrf52840_xxAA.dir/src/bootloader_rtc.c.obj
                0x000f913c                RTC0_IRQHandler
 .text.rtc_init
                0x000f9184       0x30 mesh/bootloader/CMakeFiles/mesh_bootloader_serial_gccarmemb_nrf52840_xxAA.dir/src/bootloader_rtc.c.obj
                0x000f9184                rtc_init
 .text.bootloader_util_app_start
                0x000f91b4       0x3c mesh/bootloader/CMakeFiles/mesh_bootloader_serial_gccarmemb_nrf52840_xxAA.dir/src/bootloader_util.c.obj
                0x000f91b4                bootloader_util_app_start
 .text.sd_mbr_command
                0x000f91f0        0x4 mesh/bootloader/CMakeFiles/mesh_bootloader_serial_gccarmemb_nrf52840_xxAA.dir/src/dfu_bank.c.obj
 .text.flash_bank_entry
                0x000f91f4      0x2c0 mesh/bootloader/CMakeFiles/mesh_bootloader_serial_gccarmemb_nrf52840_xxAA.dir/src/dfu_bank.c.obj
 .text.dfu_bank_scan
                0x000f94b4       0x48 mesh/bootloader/CMakeFiles/mesh_bootloader_serial_gccarmemb_nrf52840_xxAA.dir/src/dfu_bank.c.obj
                0x000f94b4                dfu_bank_scan
 .text.dfu_bank_flash
                0x000f94fc       0x48 mesh/bootloader/CMakeFiles/mesh_bootloader_serial_gccarmemb_nrf52840_xxAA.dir/src/dfu_bank.c.obj
                0x000f94fc                dfu_bank_flash
 .text.dfu_bank_on_flash_idle
                0x000f9544       0x20 mesh/bootloader/CMakeFiles/mesh_bootloader_serial_gccarmemb_nrf52840_xxAA.dir/src/dfu_bank.c.obj
                0x000f9544                dfu_bank_on_flash_idle
 .text.dfu_bank_transfer_in_progress
                0x000f9564       0x10 mesh/bootloader/CMakeFiles/mesh_bootloader_serial_gccarmemb_nrf52840_xxAA.dir/src/dfu_bank.c.obj
                0x000f9564                dfu_bank_transfer_in_progress
 .text.segment_count_from_start_packet
                0x000f9574       0x2c mesh/bootloader/CMakeFiles/mesh_bootloader_serial_gccarmemb_nrf52840_xxAA.dir/src/dfu_mesh.c.obj
 .text.get_info_pointers
                0x000f95a0       0x68 mesh/bootloader/CMakeFiles/mesh_bootloader_serial_gccarmemb_nrf52840_xxAA.dir/src/dfu_mesh.c.obj
 .text.beacon_set
                0x000f9608      0x100 mesh/bootloader/CMakeFiles/mesh_bootloader_serial_gccarmemb_nrf52840_xxAA.dir/src/dfu_mesh.c.obj
 .text.start_find_fwid
                0x000f9708       0x24 mesh/bootloader/CMakeFiles/mesh_bootloader_serial_gccarmemb_nrf52840_xxAA.dir/src/dfu_mesh.c.obj
 .text.notify_state_packet
                0x000f972c       0x3c mesh/bootloader/CMakeFiles/mesh_bootloader_serial_gccarmemb_nrf52840_xxAA.dir/src/dfu_mesh.c.obj
 .text.packet_tx_dynamic.constprop.3
                0x000f9768       0x4c mesh/bootloader/CMakeFiles/mesh_bootloader_serial_gccarmemb_nrf52840_xxAA.dir/src/dfu_mesh.c.obj
 .text.relay_packet
                0x000f97b4       0x30 mesh/bootloader/CMakeFiles/mesh_bootloader_serial_gccarmemb_nrf52840_xxAA.dir/src/dfu_mesh.c.obj
 .text.start_req
                0x000f97e4       0x58 mesh/bootloader/CMakeFiles/mesh_bootloader_serial_gccarmemb_nrf52840_xxAA.dir/src/dfu_mesh.c.obj
 .text.handle_data_packet
                0x000f983c      0x52c mesh/bootloader/CMakeFiles/mesh_bootloader_serial_gccarmemb_nrf52840_xxAA.dir/src/dfu_mesh.c.obj
 .text.dfu_mesh_init
                0x000f9d68       0x44 mesh/bootloader/CMakeFiles/mesh_bootloader_serial_gccarmemb_nrf52840_xxAA.dir/src/dfu_mesh.c.obj
                0x000f9d68                dfu_mesh_init
 .text.dfu_mesh_start
                0x000f9dac       0xe8 mesh/bootloader/CMakeFiles/mesh_bootloader_serial_gccarmemb_nrf52840_xxAA.dir/src/dfu_mesh.c.obj
                0x000f9dac                dfu_mesh_start
 .text.dfu_mesh_req
                0x000f9e94       0x34 mesh/bootloader/CMakeFiles/mesh_bootloader_serial_gccarmemb_nrf52840_xxAA.dir/src/dfu_mesh.c.obj
                0x000f9e94                dfu_mesh_req
 .text.dfu_mesh_relay
                0x000f9ec8       0x4c mesh/bootloader/CMakeFiles/mesh_bootloader_serial_gccarmemb_nrf52840_xxAA.dir/src/dfu_mesh.c.obj
                0x000f9ec8                dfu_mesh_relay
 .text.dfu_mesh_rx
                0x000f9f14      0x2f4 mesh/bootloader/CMakeFiles/mesh_bootloader_serial_gccarmemb_nrf52840_xxAA.dir/src/dfu_mesh.c.obj
                0x000f9f14                dfu_mesh_rx
 .text.dfu_mesh_missing_type_get
                0x000fa208       0x4c mesh/bootloader/CMakeFiles/mesh_bootloader_serial_gccarmemb_nrf52840_xxAA.dir/src/dfu_mesh.c.obj
                0x000fa208                dfu_mesh_missing_type_get
 .text.dfu_mesh_app_is_valid
                0x000fa254       0x34 mesh/bootloader/CMakeFiles/mesh_bootloader_serial_gccarmemb_nrf52840_xxAA.dir/src/dfu_mesh.c.obj
                0x000fa254                dfu_mesh_app_is_valid
 .text.dfu_mesh_finalize
                0x000fa288      0x150 mesh/bootloader/CMakeFiles/mesh_bootloader_serial_gccarmemb_nrf52840_xxAA.dir/src/dfu_mesh.c.obj
                0x000fa288                dfu_mesh_finalize
 .text.dfu_mesh_timeout
                0x000fa3d8       0xd8 mesh/bootloader/CMakeFiles/mesh_bootloader_serial_gccarmemb_nrf52840_xxAA.dir/src/dfu_mesh.c.obj
                0x000fa3d8                dfu_mesh_timeout
 .text.dfu_mesh_restart
                0x000fa4b0        0x4 mesh/bootloader/CMakeFiles/mesh_bootloader_serial_gccarmemb_nrf52840_xxAA.dir/src/dfu_mesh.c.obj
                0x000fa4b0                dfu_mesh_restart
 .text.dfu_mesh_on_flash_idle
                0x000fa4b4       0x50 mesh/bootloader/CMakeFiles/mesh_bootloader_serial_gccarmemb_nrf52840_xxAA.dir/src/dfu_mesh.c.obj
                0x000fa4b4                dfu_mesh_on_flash_idle
 .text.segment_is_missing
                0x000fa504       0x2c mesh/bootloader/CMakeFiles/mesh_bootloader_serial_gccarmemb_nrf52840_xxAA.dir/src/dfu_transfer_mesh.c.obj
 .text.dfu_transfer_init
                0x000fa530       0x1c mesh/bootloader/CMakeFiles/mesh_bootloader_serial_gccarmemb_nrf52840_xxAA.dir/src/dfu_transfer_mesh.c.obj
                0x000fa530                dfu_transfer_init
 .text.dfu_transfer_start
                0x000fa54c       0x80 mesh/bootloader/CMakeFiles/mesh_bootloader_serial_gccarmemb_nrf52840_xxAA.dir/src/dfu_transfer_mesh.c.obj
                0x000fa54c                dfu_transfer_start
 .text.dfu_transfer_data
                0x000fa5cc      0x12c mesh/bootloader/CMakeFiles/mesh_bootloader_serial_gccarmemb_nrf52840_xxAA.dir/src/dfu_transfer_mesh.c.obj
                0x000fa5cc                dfu_transfer_data
 .text.dfu_transfer_has_entry
                0x000fa6f8       0x58 mesh/bootloader/CMakeFiles/mesh_bootloader_serial_gccarmemb_nrf52840_xxAA.dir/src/dfu_transfer_mesh.c.obj
                0x000fa6f8                dfu_transfer_has_entry
 .text.dfu_transfer_get_oldest_missing_entry
                0x000fa750       0x70 mesh/bootloader/CMakeFiles/mesh_bootloader_serial_gccarmemb_nrf52840_xxAA.dir/src/dfu_transfer_mesh.c.obj
                0x000fa750                dfu_transfer_get_oldest_missing_entry
 .text.dfu_transfer_sha256
                0x000fa7c0       0x1c mesh/bootloader/CMakeFiles/mesh_bootloader_serial_gccarmemb_nrf52840_xxAA.dir/src/dfu_transfer_mesh.c.obj
                0x000fa7c0                dfu_transfer_sha256
 .text.dfu_transfer_end
                0x000fa7dc        0x4 mesh/bootloader/CMakeFiles/mesh_bootloader_serial_gccarmemb_nrf52840_xxAA.dir/src/dfu_transfer_mesh.c.obj
                0x000fa7dc                dfu_transfer_end
 .text.dfu_transfer_flash_write_complete
                0x000fa7e0       0x18 mesh/bootloader/CMakeFiles/mesh_bootloader_serial_gccarmemb_nrf52840_xxAA.dir/src/dfu_transfer_mesh.c.obj
                0x000fa7e0                dfu_transfer_flash_write_complete
 .text.fwid_union_cpy
                0x000fa7f8       0x1e mesh/bootloader/CMakeFiles/mesh_bootloader_serial_gccarmemb_nrf52840_xxAA.dir/src/dfu_util.c.obj
                0x000fa7f8                fwid_union_cpy
 .text.fwid_union_cmp
                0x000fa816       0x2c mesh/bootloader/CMakeFiles/mesh_bootloader_serial_gccarmemb_nrf52840_xxAA.dir/src/dfu_util.c.obj
                0x000fa816                fwid_union_cmp
 .text.fwid_union_id_cmp
                0x000fa842       0x30 mesh/bootloader/CMakeFiles/mesh_bootloader_serial_gccarmemb_nrf52840_xxAA.dir/src/dfu_util.c.obj
                0x000fa842                fwid_union_id_cmp
 .text.fwid_union_version_cmp
                0x000fa872       0x28 mesh/bootloader/CMakeFiles/mesh_bootloader_serial_gccarmemb_nrf52840_xxAA.dir/src/dfu_util.c.obj
                0x000fa872                fwid_union_version_cmp
 .text.addr_from_seg
                0x000fa89a       0x14 mesh/bootloader/CMakeFiles/mesh_bootloader_serial_gccarmemb_nrf52840_xxAA.dir/src/dfu_util.c.obj
                0x000fa89a                addr_from_seg
 .text.is_upgrade
                0x000fa8ae       0x86 mesh/bootloader/CMakeFiles/mesh_bootloader_serial_gccarmemb_nrf52840_xxAA.dir/src/dfu_util.c.obj
                0x000fa8ae                is_upgrade
 .text.app_is_newer
                0x000fa934       0x30 mesh/bootloader/CMakeFiles/mesh_bootloader_serial_gccarmemb_nrf52840_xxAA.dir/src/dfu_util.c.obj
                0x000fa934                app_is_newer
 .text.bootloader_is_newer
                0x000fa964       0x2e mesh/bootloader/CMakeFiles/mesh_bootloader_serial_gccarmemb_nrf52840_xxAA.dir/src/dfu_util.c.obj
                0x000fa964                bootloader_is_newer
 .text.fw_is_verified
                0x000fa992       0x1c mesh/bootloader/CMakeFiles/mesh_bootloader_serial_gccarmemb_nrf52840_xxAA.dir/src/dfu_util.c.obj
                0x000fa992                fw_is_verified
 *fill*         0x000fa9ae        0x2 
 .text.tid_cache_entry_put
                0x000fa9b0       0x1c mesh/bootloader/CMakeFiles/mesh_bootloader_serial_gccarmemb_nrf52840_xxAA.dir/src/dfu_util.c.obj
                0x000fa9b0                tid_cache_entry_put
 .text.tid_cache_has_entry
                0x000fa9cc       0x20 mesh/bootloader/CMakeFiles/mesh_bootloader_serial_gccarmemb_nrf52840_xxAA.dir/src/dfu_util.c.obj
                0x000fa9cc                tid_cache_has_entry
 .text.ready_packet_matches_our_req
                0x000fa9ec       0x3e mesh/bootloader/CMakeFiles/mesh_bootloader_serial_gccarmemb_nrf52840_xxAA.dir/src/dfu_util.c.obj
                0x000fa9ec                ready_packet_matches_our_req
 *fill*         0x000faa2a        0x2 
 .text.packet_in_cache
                0x000faa2c       0x2c mesh/bootloader/CMakeFiles/mesh_bootloader_serial_gccarmemb_nrf52840_xxAA.dir/src/dfu_util.c.obj
                0x000faa2c                packet_in_cache
 .text.packet_cache_put
                0x000faa58       0x28 mesh/bootloader/CMakeFiles/mesh_bootloader_serial_gccarmemb_nrf52840_xxAA.dir/src/dfu_util.c.obj
                0x000faa58                packet_cache_put
 .text.packet_cache_flush
                0x000faa80       0x1c mesh/bootloader/CMakeFiles/mesh_bootloader_serial_gccarmemb_nrf52840_xxAA.dir/src/dfu_util.c.obj
                0x000faa80                packet_cache_flush
 .text.section_overlap
                0x000faa9c       0x22 mesh/bootloader/CMakeFiles/mesh_bootloader_serial_gccarmemb_nrf52840_xxAA.dir/src/dfu_util.c.obj
                0x000faa9c                section_overlap
 *fill*         0x000faabe        0x2 
 .text.interrupts_disable
                0x000faac0       0x24 mesh/bootloader/CMakeFiles/mesh_bootloader_serial_gccarmemb_nrf52840_xxAA.dir/src/dfu_util.c.obj
                0x000faac0                interrupts_disable
 .text.fifo_init
                0x000faae4       0x1e mesh/bootloader/CMakeFiles/mesh_bootloader_serial_gccarmemb_nrf52840_xxAA.dir/src/fifo.c.obj
                0x000faae4                fifo_init
 .text.fifo_push
                0x000fab02       0x4e mesh/bootloader/CMakeFiles/mesh_bootloader_serial_gccarmemb_nrf52840_xxAA.dir/src/fifo.c.obj
                0x000fab02                fifo_push
 .text.fifo_pop
                0x000fab50       0x4a mesh/bootloader/CMakeFiles/mesh_bootloader_serial_gccarmemb_nrf52840_xxAA.dir/src/fifo.c.obj
                0x000fab50                fifo_pop
 .text.fifo_peek_at
                0x000fab9a       0x4e mesh/bootloader/CMakeFiles/mesh_bootloader_serial_gccarmemb_nrf52840_xxAA.dir/src/fifo.c.obj
                0x000fab9a                fifo_peek_at
 .text.fifo_peek
                0x000fabe8        0x6 mesh/bootloader/CMakeFiles/mesh_bootloader_serial_gccarmemb_nrf52840_xxAA.dir/src/fifo.c.obj
                0x000fabe8                fifo_peek
 .text.fifo_get_len
                0x000fabee        0x8 mesh/bootloader/CMakeFiles/mesh_bootloader_serial_gccarmemb_nrf52840_xxAA.dir/src/fifo.c.obj
                0x000fabee                fifo_get_len
 .text.fifo_is_full
                0x000fabf6       0x10 mesh/bootloader/CMakeFiles/mesh_bootloader_serial_gccarmemb_nrf52840_xxAA.dir/src/fifo.c.obj
                0x000fabf6                fifo_is_full
 .text.fifo_is_empty
                0x000fac06        0xc mesh/bootloader/CMakeFiles/mesh_bootloader_serial_gccarmemb_nrf52840_xxAA.dir/src/fifo.c.obj
                0x000fac06                fifo_is_empty
 .text.app_error_handler_bare
                0x000fac12        0x6 mesh/bootloader/CMakeFiles/mesh_bootloader_serial_gccarmemb_nrf52840_xxAA.dir/src/main.c.obj
                0x000fac12                app_error_handler_bare
 .text.HardFault_Handler
                0x000fac18        0x6 mesh/bootloader/CMakeFiles/mesh_bootloader_serial_gccarmemb_nrf52840_xxAA.dir/src/main.c.obj
                0x000fac18                HardFault_Handler
 *fill*         0x000fac1e        0x2 
 .text.startup.main
                0x000fac20       0x90 mesh/bootloader/CMakeFiles/mesh_bootloader_serial_gccarmemb_nrf52840_xxAA.dir/src/main.c.obj
                0x000fac20                main
 .text.mesh_packet_init
                0x000facb0       0x14 mesh/bootloader/CMakeFiles/mesh_bootloader_serial_gccarmemb_nrf52840_xxAA.dir/src/mesh_packet.c.obj
                0x000facb0                mesh_packet_init
 .text.mesh_packet_acquire
                0x000facc4       0x3c mesh/bootloader/CMakeFiles/mesh_bootloader_serial_gccarmemb_nrf52840_xxAA.dir/src/mesh_packet.c.obj
                0x000facc4                mesh_packet_acquire
 .text.mesh_packet_ref_count_inc
                0x000fad00       0x44 mesh/bootloader/CMakeFiles/mesh_bootloader_serial_gccarmemb_nrf52840_xxAA.dir/src/mesh_packet.c.obj
                0x000fad00                mesh_packet_ref_count_inc
 .text.mesh_packet_ref_count_dec
                0x000fad44       0x48 mesh/bootloader/CMakeFiles/mesh_bootloader_serial_gccarmemb_nrf52840_xxAA.dir/src/mesh_packet.c.obj
                0x000fad44                mesh_packet_ref_count_dec
 .text.mesh_packet_ref_count_get
                0x000fad8c       0x20 mesh/bootloader/CMakeFiles/mesh_bootloader_serial_gccarmemb_nrf52840_xxAA.dir/src/mesh_packet.c.obj
                0x000fad8c                mesh_packet_ref_count_get
 .text.mesh_packet_set_local_addr
                0x000fadac       0x28 mesh/bootloader/CMakeFiles/mesh_bootloader_serial_gccarmemb_nrf52840_xxAA.dir/src/mesh_packet.c.obj
                0x000fadac                mesh_packet_set_local_addr
 .text.mesh_packet_adv_data_get
                0x000fadd4       0x48 mesh/bootloader/CMakeFiles/mesh_bootloader_serial_gccarmemb_nrf52840_xxAA.dir/src/mesh_packet.c.obj
                0x000fadd4                mesh_packet_adv_data_get
 .text.nrf_flash_erase
                0x000fae1c       0x60 mesh/bootloader/CMakeFiles/mesh_bootloader_serial_gccarmemb_nrf52840_xxAA.dir/src/nrf_flash.c.obj
                0x000fae1c                nrf_flash_erase
 .text.nrf_flash_store
                0x000fae7c       0x74 mesh/bootloader/CMakeFiles/mesh_bootloader_serial_gccarmemb_nrf52840_xxAA.dir/src/nrf_flash.c.obj
                0x000fae7c                nrf_flash_store
 .text.radio_init
                0x000faef0      0x118 mesh/bootloader/CMakeFiles/mesh_bootloader_serial_gccarmemb_nrf52840_xxAA.dir/src/radio_control.c.obj
                0x000faef0                radio_init
 .text.radio_order
                0x000fb008       0x4c mesh/bootloader/CMakeFiles/mesh_bootloader_serial_gccarmemb_nrf52840_xxAA.dir/src/radio_control.c.obj
                0x000fb008                radio_order
 .text.radio_disable
                0x000fb054       0x24 mesh/bootloader/CMakeFiles/mesh_bootloader_serial_gccarmemb_nrf52840_xxAA.dir/src/radio_control.c.obj
                0x000fb054                radio_disable
 .text.radio_event_handler
                0x000fb078      0x1b0 mesh/bootloader/CMakeFiles/mesh_bootloader_serial_gccarmemb_nrf52840_xxAA.dir/src/radio_control.c.obj
                0x000fb078                radio_event_handler
 .text.rand_prng_get
                0x000fb228       0x22 mesh/bootloader/CMakeFiles/mesh_bootloader_serial_gccarmemb_nrf52840_xxAA.dir/src/rand.c.obj
                0x000fb228                rand_prng_get
 *fill*         0x000fb24a        0x2 
 .text.rand_hw_rng_get
                0x000fb24c       0x30 mesh/bootloader/CMakeFiles/mesh_bootloader_serial_gccarmemb_nrf52840_xxAA.dir/src/rand.c.obj
                0x000fb24c                rand_hw_rng_get
 .text.rand_prng_seed
                0x000fb27c       0x38 mesh/bootloader/CMakeFiles/mesh_bootloader_serial_gccarmemb_nrf52840_xxAA.dir/src/rand.c.obj
                0x000fb27c                rand_prng_seed
 .text.order_next_rtc
                0x000fb2b4       0x68 mesh/bootloader/CMakeFiles/mesh_bootloader_serial_gccarmemb_nrf52840_xxAA.dir/src/transport.c.obj
 .text.radio_rx_cb
                0x000fb31c       0x30 mesh/bootloader/CMakeFiles/mesh_bootloader_serial_gccarmemb_nrf52840_xxAA.dir/src/transport.c.obj
 .text.order_scan
                0x000fb34c       0x3c mesh/bootloader/CMakeFiles/mesh_bootloader_serial_gccarmemb_nrf52840_xxAA.dir/src/transport.c.obj
 .text.radio_idle_cb
                0x000fb388       0x10 mesh/bootloader/CMakeFiles/mesh_bootloader_serial_gccarmemb_nrf52840_xxAA.dir/src/transport.c.obj
 .text.set_next_tx
                0x000fb398       0x70 mesh/bootloader/CMakeFiles/mesh_bootloader_serial_gccarmemb_nrf52840_xxAA.dir/src/transport.c.obj
 .text.RADIO_IRQHandler
                0x000fb408        0x4 mesh/bootloader/CMakeFiles/mesh_bootloader_serial_gccarmemb_nrf52840_xxAA.dir/src/transport.c.obj
                0x000fb408                RADIO_IRQHandler
 .text.timeslot_is_in_ts
                0x000fb40c        0x4 mesh/bootloader/CMakeFiles/mesh_bootloader_serial_gccarmemb_nrf52840_xxAA.dir/src/transport.c.obj
                0x000fb40c                timeslot_is_in_ts
 .text.transport_init
                0x000fb410       0x8c mesh/bootloader/CMakeFiles/mesh_bootloader_serial_gccarmemb_nrf52840_xxAA.dir/src/transport.c.obj
                0x000fb410                transport_init
 .text.transport_start
                0x000fb49c       0x14 mesh/bootloader/CMakeFiles/mesh_bootloader_serial_gccarmemb_nrf52840_xxAA.dir/src/transport.c.obj
                0x000fb49c                transport_start
 .text.SWI0_EGU0_IRQHandler
                0x000fb4b0       0x4c mesh/bootloader/CMakeFiles/mesh_bootloader_serial_gccarmemb_nrf52840_xxAA.dir/src/transport.c.obj
                0x000fb4b0                SWI0_EGU0_IRQHandler
 .text.transport_tx
                0x000fb4fc       0x74 mesh/bootloader/CMakeFiles/mesh_bootloader_serial_gccarmemb_nrf52840_xxAA.dir/src/transport.c.obj
                0x000fb4fc                transport_tx
 .text.transport_tx_abort
                0x000fb570       0x40 mesh/bootloader/CMakeFiles/mesh_bootloader_serial_gccarmemb_nrf52840_xxAA.dir/src/transport.c.obj
                0x000fb570                transport_tx_abort
 .text.transport_rtc_irq_handler
                0x000fb5b0       0xc0 mesh/bootloader/CMakeFiles/mesh_bootloader_serial_gccarmemb_nrf52840_xxAA.dir/src/transport.c.obj
                0x000fb5b0                transport_rtc_irq_handler
 .text.transport_tx_evt_set
                0x000fb670       0x20 mesh/bootloader/CMakeFiles/mesh_bootloader_serial_gccarmemb_nrf52840_xxAA.dir/src/transport.c.obj
                0x000fb670                transport_tx_evt_set
 .text.transport_tx_evt_get
                0x000fb690       0x24 mesh/bootloader/CMakeFiles/mesh_bootloader_serial_gccarmemb_nrf52840_xxAA.dir/src/transport.c.obj
                0x000fb690                transport_tx_evt_get
 .text.radio_tx_cb
                0x000fb6b4       0x3e mesh/bootloader/CMakeFiles/mesh_bootloader_serial_gccarmemb_nrf52840_xxAA.dir/src/transport.c.obj
 .text.vli_clear
                0x000fb6f2       0x10 mesh/bootloader/CMakeFiles/mesh_bootloader_serial_gccarmemb_nrf52840_xxAA.dir/src/uECC.c.obj
 .text.vli_isZero
                0x000fb702       0x16 mesh/bootloader/CMakeFiles/mesh_bootloader_serial_gccarmemb_nrf52840_xxAA.dir/src/uECC.c.obj
 .text.vli_testBit
                0x000fb718       0x14 mesh/bootloader/CMakeFiles/mesh_bootloader_serial_gccarmemb_nrf52840_xxAA.dir/src/uECC.c.obj
 .text.vli_set  0x000fb72c       0x14 mesh/bootloader/CMakeFiles/mesh_bootloader_serial_gccarmemb_nrf52840_xxAA.dir/src/uECC.c.obj
 .text.vli_cmp  0x000fb740       0x28 mesh/bootloader/CMakeFiles/mesh_bootloader_serial_gccarmemb_nrf52840_xxAA.dir/src/uECC.c.obj
 .text.vli_rshift1
                0x000fb768       0x1c mesh/bootloader/CMakeFiles/mesh_bootloader_serial_gccarmemb_nrf52840_xxAA.dir/src/uECC.c.obj
 .text.vli_add  0x000fb784       0x2a mesh/bootloader/CMakeFiles/mesh_bootloader_serial_gccarmemb_nrf52840_xxAA.dir/src/uECC.c.obj
 .text.vli_sub  0x000fb7ae       0x2a mesh/bootloader/CMakeFiles/mesh_bootloader_serial_gccarmemb_nrf52840_xxAA.dir/src/uECC.c.obj
 .text.vli_bytesToNative
                0x000fb7d8       0x28 mesh/bootloader/CMakeFiles/mesh_bootloader_serial_gccarmemb_nrf52840_xxAA.dir/src/uECC.c.obj
 .text.vli_modInv
                0x000fb800      0x11c mesh/bootloader/CMakeFiles/mesh_bootloader_serial_gccarmemb_nrf52840_xxAA.dir/src/uECC.c.obj
 .text.vli_modSub.constprop.1
                0x000fb91c       0x20 mesh/bootloader/CMakeFiles/mesh_bootloader_serial_gccarmemb_nrf52840_xxAA.dir/src/uECC.c.obj
 .text.vli_modAdd.constprop.2
                0x000fb93c       0x2c mesh/bootloader/CMakeFiles/mesh_bootloader_serial_gccarmemb_nrf52840_xxAA.dir/src/uECC.c.obj
 .text.vli_numBits.constprop.3
                0x000fb968       0x2c mesh/bootloader/CMakeFiles/mesh_bootloader_serial_gccarmemb_nrf52840_xxAA.dir/src/uECC.c.obj
 .text.vli_mult
                0x000fb994       0xc4 mesh/bootloader/CMakeFiles/mesh_bootloader_serial_gccarmemb_nrf52840_xxAA.dir/src/uECC.c.obj
 .text.vli_modMult_fast
                0x000fba58      0x198 mesh/bootloader/CMakeFiles/mesh_bootloader_serial_gccarmemb_nrf52840_xxAA.dir/src/uECC.c.obj
 .text.apply_z  0x000fbbf0       0x34 mesh/bootloader/CMakeFiles/mesh_bootloader_serial_gccarmemb_nrf52840_xxAA.dir/src/uECC.c.obj
 .text.XYcZ_add
                0x000fbc24       0x9a mesh/bootloader/CMakeFiles/mesh_bootloader_serial_gccarmemb_nrf52840_xxAA.dir/src/uECC.c.obj
 *fill*         0x000fbcbe        0x2 
 .text.vli_modMult_n
                0x000fbcc0       0x9c mesh/bootloader/CMakeFiles/mesh_bootloader_serial_gccarmemb_nrf52840_xxAA.dir/src/uECC.c.obj
 .text.uECC_verify
                0x000fbd5c      0x330 mesh/bootloader/CMakeFiles/mesh_bootloader_serial_gccarmemb_nrf52840_xxAA.dir/src/uECC.c.obj
                0x000fbd5c                uECC_verify
 .text.sha256_transform
                0x000fc08c      0x138 mesh/bootloader/CMakeFiles/mesh_bootloader_serial_gccarmemb_nrf52840_xxAA.dir/C_/m/sdks/nRF5_SDK_15.0.0_a53641a/components/libraries/sha256/sha256.c.obj
                0x000fc08c                sha256_transform
 .text.sha256_init
                0x000fc1c4       0x60 mesh/bootloader/CMakeFiles/mesh_bootloader_serial_gccarmemb_nrf52840_xxAA.dir/C_/m/sdks/nRF5_SDK_15.0.0_a53641a/components/libraries/sha256/sha256.c.obj
                0x000fc1c4                sha256_init
 .text.sha256_update
                0x000fc224       0x48 mesh/bootloader/CMakeFiles/mesh_bootloader_serial_gccarmemb_nrf52840_xxAA.dir/C_/m/sdks/nRF5_SDK_15.0.0_a53641a/components/libraries/sha256/sha256.c.obj
                0x000fc224                sha256_update
 .text.sha256_final
                0x000fc26c      0x11e mesh/bootloader/CMakeFiles/mesh_bootloader_serial_gccarmemb_nrf52840_xxAA.dir/C_/m/sdks/nRF5_SDK_15.0.0_a53641a/components/libraries/sha256/sha256.c.obj
                0x000fc26c                sha256_final
 *fill*         0x000fc38a        0x2 
 .text.schedule_transmit
                0x000fc38c       0x2c mesh/bootloader/CMakeFiles/mesh_bootloader_serial_gccarmemb_nrf52840_xxAA.dir/src/serial_handler_uart.c.obj
 .text.SWI1_EGU1_IRQHandler
                0x000fc3b8       0x40 mesh/bootloader/CMakeFiles/mesh_bootloader_serial_gccarmemb_nrf52840_xxAA.dir/src/serial_handler_uart.c.obj
                0x000fc3b8                SWI1_EGU1_IRQHandler
 .text.serial_handler_init
                0x000fc3f8       0xc0 mesh/bootloader/CMakeFiles/mesh_bootloader_serial_gccarmemb_nrf52840_xxAA.dir/src/serial_handler_uart.c.obj
                0x000fc3f8                serial_handler_init
 .text.serial_handler_credit_available
                0x000fc4b8        0xc mesh/bootloader/CMakeFiles/mesh_bootloader_serial_gccarmemb_nrf52840_xxAA.dir/src/serial_handler_uart.c.obj
                0x000fc4b8                serial_handler_credit_available
 .text.serial_handler_event_send
                0x000fc4c4       0x48 mesh/bootloader/CMakeFiles/mesh_bootloader_serial_gccarmemb_nrf52840_xxAA.dir/src/serial_handler_uart.c.obj
                0x000fc4c4                serial_handler_event_send
 .text.UARTE0_UART0_IRQHandler
                0x000fc50c       0xf8 mesh/bootloader/CMakeFiles/mesh_bootloader_serial_gccarmemb_nrf52840_xxAA.dir/src/serial_handler_uart.c.obj
                0x000fc50c                UARTE0_UART0_IRQHandler
 .text.serial_wait_for_completion
                0x000fc604       0x2c mesh/bootloader/CMakeFiles/mesh_bootloader_serial_gccarmemb_nrf52840_xxAA.dir/src/serial_handler_uart.c.obj
                0x000fc604                serial_wait_for_completion
 .text.serial_handler_command_get
                0x000fc630       0x4c mesh/bootloader/CMakeFiles/mesh_bootloader_serial_gccarmemb_nrf52840_xxAA.dir/src/serial_handler_uart.c.obj
                0x000fc630                serial_handler_command_get
 .text.mesh_aci_init
                0x000fc67c       0x18 mesh/bootloader/CMakeFiles/mesh_bootloader_serial_gccarmemb_nrf52840_xxAA.dir/src/mesh_aci.c.obj
                0x000fc67c                mesh_aci_init
 .text.mesh_aci_start
                0x000fc694       0x42 mesh/bootloader/CMakeFiles/mesh_bootloader_serial_gccarmemb_nrf52840_xxAA.dir/src/mesh_aci.c.obj
                0x000fc694                mesh_aci_start
 *fill*         0x000fc6d6        0x2 
 .text.mesh_aci_command_check
                0x000fc6d8      0x170 mesh/bootloader/CMakeFiles/mesh_bootloader_serial_gccarmemb_nrf52840_xxAA.dir/src/mesh_aci.c.obj
                0x000fc6d8                mesh_aci_command_check
 .text.errata_120
                0x000fc848       0x20 mesh/bootloader/CMakeFiles/mesh_bootloader_serial_gccarmemb_nrf52840_xxAA.dir/C_/m/sdks/nRF5_SDK_15.0.0_a53641a/modules/nrfx/mdk/system_nrf52840.c.obj
 .text.SystemInit
                0x000fc868      0x1b8 mesh/bootloader/CMakeFiles/mesh_bootloader_serial_gccarmemb_nrf52840_xxAA.dir/C_/m/sdks/nRF5_SDK_15.0.0_a53641a/modules/nrfx/mdk/system_nrf52840.c.obj
                0x000fc868                SystemInit
 .text          0x000fca20       0x3c mesh/bootloader/CMakeFiles/mesh_bootloader_serial_gccarmemb_nrf52840_xxAA.dir/C_/m/sdks/nRF5_SDK_15.0.0_a53641a/modules/nrfx/mdk/gcc_startup_nrf52840.S.obj
                0x000fca20                Reset_Handler
                0x000fca48                NMI_Handler
                0x000fca4c                MemoryManagement_Handler
                0x000fca4e                BusFault_Handler
                0x000fca50                UsageFault_Handler
                0x000fca52                SVC_Handler
                0x000fca54                DebugMon_Handler
                0x000fca56                PendSV_Handler
                0x000fca58                SysTick_Handler
                0x000fca5a                QDEC_IRQHandler
                0x000fca5a                TIMER3_IRQHandler
                0x000fca5a                PDM_IRQHandler
                0x000fca5a                FPU_IRQHandler
                0x000fca5a                USBD_IRQHandler
                0x000fca5a                SPIM0_SPIS0_TWIM0_TWIS0_SPI0_TWI0_IRQHandler
                0x000fca5a                PWM3_IRQHandler
                0x000fca5a                TEMP_IRQHandler
                0x000fca5a                TIMER4_IRQHandler
                0x000fca5a                CRYPTOCELL_IRQHandler
                0x000fca5a                I2S_IRQHandler
                0x000fca5a                SWI4_EGU4_IRQHandler
                0x000fca5a                TIMER0_IRQHandler
                0x000fca5a                POWER_CLOCK_IRQHandler
                0x000fca5a                UARTE1_IRQHandler
                0x000fca5a                TIMER1_IRQHandler
                0x000fca5a                SPIM3_IRQHandler
                0x000fca5a                PWM2_IRQHandler
                0x000fca5a                ECB_IRQHandler
                0x000fca5a                SPIM1_SPIS1_TWIM1_TWIS1_SPI1_TWI1_IRQHandler
                0x000fca5a                Default_Handler
                0x000fca5a                SAADC_IRQHandler
                0x000fca5a                CCM_AAR_IRQHandler
                0x000fca5a                WDT_IRQHandler
                0x000fca5a                PWM1_IRQHandler
                0x000fca5a                SWI5_EGU5_IRQHandler
                0x000fca5a                RNG_IRQHandler
                0x000fca5a                RTC2_IRQHandler
                0x000fca5a                PWM0_IRQHandler
                0x000fca5a                RTC1_IRQHandler
                0x000fca5a                SPIM2_SPIS2_SPI2_IRQHandler
                0x000fca5a                NFCT_IRQHandler
                0x000fca5a                GPIOTE_IRQHandler
                0x000fca5a                MWU_IRQHandler
                0x000fca5a                TIMER2_IRQHandler
                0x000fca5a                QSPI_IRQHandler
                0x000fca5a                COMP_LPCOMP_IRQHandler
 .text          0x000fca5c       0x18 c:/a/gcc_arm/6/bin/../lib/gcc/arm-none-eabi/6.3.1/thumb/v7e-m/fpv4-sp/hard\libgcc.a(_lshrdi3.o)
                0x000fca5c                __lshrdi3
                0x000fca5c                __aeabi_llsr
 .text          0x000fca74       0x18 c:/a/gcc_arm/6/bin/../lib/gcc/arm-none-eabi/6.3.1/thumb/v7e-m/fpv4-sp/hard\libgcc.a(_ashldi3.o)
                0x000fca74                __aeabi_llsl
                0x000fca74                __ashldi3
 .text          0x000fca8c       0x30 c:/a/gcc_arm/6/bin/../lib/gcc/arm-none-eabi/6.3.1/thumb/v7e-m/fpv4-sp/hard\libgcc.a(_aeabi_uldivmod.o)
                0x000fca8c                __aeabi_uldivmod
 .text          0x000fcabc      0x2dc c:/a/gcc_arm/6/bin/../lib/gcc/arm-none-eabi/6.3.1/thumb/v7e-m/fpv4-sp/hard\libgcc.a(_udivmoddi4.o)
                0x000fcabc                __udivmoddi4
 .text          0x000fcd98        0x4 c:/a/gcc_arm/6/bin/../lib/gcc/arm-none-eabi/6.3.1/thumb/v7e-m/fpv4-sp/hard\libgcc.a(_dvmd_tls.o)
                0x000fcd98                __aeabi_idiv0
                0x000fcd98                __aeabi_ldiv0
 .text.exit     0x000fcd9c       0x28 c:/a/gcc_arm/6/bin/../lib/gcc/arm-none-eabi/6.3.1/../../../../arm-none-eabi/lib/thumb/v7e-m/fpv4-sp/hard\libg_nano.a(lib_a-exit.o)
                0x000fcd9c                exit
 .text.__libc_init_array
                0x000fcdc4       0x48 c:/a/gcc_arm/6/bin/../lib/gcc/arm-none-eabi/6.3.1/../../../../arm-none-eabi/lib/thumb/v7e-m/fpv4-sp/hard\libg_nano.a(lib_a-init.o)
                0x000fcdc4                __libc_init_array
 .text.memcmp   0x000fce0c       0x1e c:/a/gcc_arm/6/bin/../lib/gcc/arm-none-eabi/6.3.1/../../../../arm-none-eabi/lib/thumb/v7e-m/fpv4-sp/hard\libg_nano.a(lib_a-memcmp.o)
                0x000fce0c                memcmp
 .text.memcpy   0x000fce2a       0x16 c:/a/gcc_arm/6/bin/../lib/gcc/arm-none-eabi/6.3.1/../../../../arm-none-eabi/lib/thumb/v7e-m/fpv4-sp/hard\libg_nano.a(lib_a-memcpy-stub.o)
                0x000fce2a                memcpy
 .text.memset   0x000fce40       0x10 c:/a/gcc_arm/6/bin/../lib/gcc/arm-none-eabi/6.3.1/../../../../arm-none-eabi/lib/thumb/v7e-m/fpv4-sp/hard\libg_nano.a(lib_a-memset.o)
                0x000fce40                memset
 .text._exit    0x000fce50        0x4 c:/a/gcc_arm/6/bin/../lib/gcc/arm-none-eabi/6.3.1/../../../../arm-none-eabi/lib/thumb/v7e-m/fpv4-sp/hard\libnosys.a(_exit.o)
                0x000fce50                _exit
 *(.init)
 .init          0x000fce54        0x4 c:/a/gcc_arm/6/bin/../lib/gcc/arm-none-eabi/6.3.1/thumb/v7e-m/fpv4-sp/hard/crti.o
                0x000fce54                _init
 .init          0x000fce58        0x8 c:/a/gcc_arm/6/bin/../lib/gcc/arm-none-eabi/6.3.1/thumb/v7e-m/fpv4-sp/hard/crtn.o
 *(.fini)
 .fini          0x000fce60        0x4 c:/a/gcc_arm/6/bin/../lib/gcc/arm-none-eabi/6.3.1/thumb/v7e-m/fpv4-sp/hard/crti.o
                0x000fce60                _fini
 .fini          0x000fce64        0x8 c:/a/gcc_arm/6/bin/../lib/gcc/arm-none-eabi/6.3.1/thumb/v7e-m/fpv4-sp/hard/crtn.o
 *crtbegin.o(.ctors)
 *crtbegin?.o(.ctors)
 *(EXCLUDE_FILE(*crtend.o *crtend?.o) .ctors)
 *(SORT(.ctors.*))
 *(.ctors)
 *crtbegin.o(.dtors)
 *crtbegin?.o(.dtors)
 *(EXCLUDE_FILE(*crtend.o *crtend?.o) .dtors)
 *(SORT(.dtors.*))
 *(.dtors)
 *(.rodata*)
 .rodata.m_invalid_header
                0x000fce6c        0x4 mesh/bootloader/CMakeFiles/mesh_bootloader_serial_gccarmemb_nrf52840_xxAA.dir/src/bootloader_info.c.obj
 .rodata.CSWTCH.30
                0x000fce70        0x4 mesh/bootloader/CMakeFiles/mesh_bootloader_serial_gccarmemb_nrf52840_xxAA.dir/src/dfu_mesh.c.obj
 .rodata        0x000fce74        0xc mesh/bootloader/CMakeFiles/mesh_bootloader_serial_gccarmemb_nrf52840_xxAA.dir/src/radio_control.c.obj
 .rodata.curve_G
                0x000fce80       0x40 mesh/bootloader/CMakeFiles/mesh_bootloader_serial_gccarmemb_nrf52840_xxAA.dir/src/uECC.c.obj
 .rodata.curve_n
                0x000fcec0       0x20 mesh/bootloader/CMakeFiles/mesh_bootloader_serial_gccarmemb_nrf52840_xxAA.dir/src/uECC.c.obj
 .rodata.curve_p
                0x000fcee0       0x20 mesh/bootloader/CMakeFiles/mesh_bootloader_serial_gccarmemb_nrf52840_xxAA.dir/src/uECC.c.obj
 .rodata.k      0x000fcf00      0x100 mesh/bootloader/CMakeFiles/mesh_bootloader_serial_gccarmemb_nrf52840_xxAA.dir/C_/m/sdks/nRF5_SDK_15.0.0_a53641a/components/libraries/sha256/sha256.c.obj
 .rodata.CSWTCH.8
                0x000fd000       0x12 mesh/bootloader/CMakeFiles/mesh_bootloader_serial_gccarmemb_nrf52840_xxAA.dir/src/mesh_aci.c.obj
 *fill*         0x000fd012        0x2 
 .rodata._global_impure_ptr
                0x000fd014        0x4 c:/a/gcc_arm/6/bin/../lib/gcc/arm-none-eabi/6.3.1/../../../../arm-none-eabi/lib/thumb/v7e-m/fpv4-sp/hard\libg_nano.a(lib_a-impure.o)
                0x000fd014                _global_impure_ptr
 *(.eh_frame*)
 .eh_frame      0x000fd018        0x0 c:/a/gcc_arm/6/bin/../lib/gcc/arm-none-eabi/6.3.1/thumb/v7e-m/fpv4-sp/hard/crtbegin.o
 .eh_frame      0x000fd018        0x4 c:/a/gcc_arm/6/bin/../lib/gcc/arm-none-eabi/6.3.1/thumb/v7e-m/fpv4-sp/hard/crtend.o

.glue_7         0x000fd01c        0x0
 .glue_7        0x000fd01c        0x0 linker stubs

.glue_7t        0x000fd01c        0x0
 .glue_7t       0x000fd01c        0x0 linker stubs

.vfp11_veneer   0x000fd01c        0x0
 .vfp11_veneer  0x000fd01c        0x0 linker stubs

.v4_bx          0x000fd01c        0x0
 .v4_bx         0x000fd01c        0x0 linker stubs

.iplt           0x000fd01c        0x0
 .iplt          0x000fd01c        0x0 c:/a/gcc_arm/6/bin/../lib/gcc/arm-none-eabi/6.3.1/thumb/v7e-m/fpv4-sp/hard/crtbegin.o

.ARM.extab
 *(.ARM.extab* .gnu.linkonce.armextab.*)
                0x000fd01c                __exidx_start = .

.ARM.exidx      0x000fd01c        0x8
 *(.ARM.exidx* .gnu.linkonce.armexidx.*)
 .ARM.exidx     0x000fd01c        0x8 c:/a/gcc_arm/6/bin/../lib/gcc/arm-none-eabi/6.3.1/../../../../arm-none-eabi/lib/thumb/v7e-m/fpv4-sp/hard/crt0.o
 .ARM.exidx     0x000fd024        0x0 c:/a/gcc_arm/6/bin/../lib/gcc/arm-none-eabi/6.3.1/thumb/v7e-m/fpv4-sp/hard\libgcc.a(_udivmoddi4.o)
                                  0x8 (size before relaxing)
                0x000fd024                __exidx_end = .
                0x000fd024                __etext = .

.rel.dyn        0x000fd024        0x0
 .rel.iplt      0x000fd024        0x0 c:/a/gcc_arm/6/bin/../lib/gcc/arm-none-eabi/6.3.1/thumb/v7e-m/fpv4-sp/hard/crtbegin.o

.data           0x20000004       0x7c load address 0x000fd024
                0x20000004                __data_start__ = .
 *(vtable)
 *(.data*)
 .data.m_alt_aa
                0x20000004        0x4 mesh/bootloader/CMakeFiles/mesh_bootloader_serial_gccarmemb_nrf52840_xxAA.dir/src/radio_control.c.obj
 .data.m_radio_state
                0x20000008        0x1 mesh/bootloader/CMakeFiles/mesh_bootloader_serial_gccarmemb_nrf52840_xxAA.dir/src/radio_control.c.obj
 *fill*         0x20000009        0x3 
 .data.pp.11175
                0x2000000c        0x4 mesh/bootloader/CMakeFiles/mesh_bootloader_serial_gccarmemb_nrf52840_xxAA.dir/src/serial_handler_uart.c.obj
 .data.SystemCoreClock
                0x20000010        0x4 mesh/bootloader/CMakeFiles/mesh_bootloader_serial_gccarmemb_nrf52840_xxAA.dir/C_/m/sdks/nRF5_SDK_15.0.0_a53641a/modules/nrfx/mdk/system_nrf52840.c.obj
                0x20000010                SystemCoreClock
 .data.impure_data
                0x20000014       0x60 c:/a/gcc_arm/6/bin/../lib/gcc/arm-none-eabi/6.3.1/../../../../arm-none-eabi/lib/thumb/v7e-m/fpv4-sp/hard\libg_nano.a(lib_a-impure.o)
                0x20000074                . = ALIGN (0x4)
                0x20000074                PROVIDE (__preinit_array_start, .)
 *(.preinit_array)
                0x20000074                PROVIDE (__preinit_array_end, .)
                0x20000074                . = ALIGN (0x4)
                0x20000074                PROVIDE (__init_array_start, .)
 *(SORT(.init_array.*))
 *(.init_array)
 .init_array    0x20000074        0x4 c:/a/gcc_arm/6/bin/../lib/gcc/arm-none-eabi/6.3.1/thumb/v7e-m/fpv4-sp/hard/crtbegin.o
                0x20000078                PROVIDE (__init_array_end, .)
                0x20000078                . = ALIGN (0x4)
                [!provide]                PROVIDE (__fini_array_start, .)
 *(SORT(.fini_array.*))
 *(.fini_array)
 .fini_array    0x20000078        0x4 c:/a/gcc_arm/6/bin/../lib/gcc/arm-none-eabi/6.3.1/thumb/v7e-m/fpv4-sp/hard/crtbegin.o
                [!provide]                PROVIDE (__fini_array_end, .)
 *(.jcr*)
 .jcr           0x2000007c        0x0 c:/a/gcc_arm/6/bin/../lib/gcc/arm-none-eabi/6.3.1/thumb/v7e-m/fpv4-sp/hard/crtbegin.o
 .jcr           0x2000007c        0x4 c:/a/gcc_arm/6/bin/../lib/gcc/arm-none-eabi/6.3.1/thumb/v7e-m/fpv4-sp/hard/crtend.o
                0x20000080                . = ALIGN (0x4)
                0x20000080                __data_end__ = .

.igot.plt       0x20000080        0x0 load address 0x000fd0a0
 .igot.plt      0x20000080        0x0 c:/a/gcc_arm/6/bin/../lib/gcc/arm-none-eabi/6.3.1/thumb/v7e-m/fpv4-sp/hard/crtbegin.o

.bss            0x20000080      0x954 load address 0x000fd0a0
                0x20000080                . = ALIGN (0x4)
                0x20000080                __bss_start__ = .
 *(.bss*)
 .bss           0x20000080       0x1c c:/a/gcc_arm/6/bin/../lib/gcc/arm-none-eabi/6.3.1/thumb/v7e-m/fpv4-sp/hard/crtbegin.o
 .bss.m_flash_fifo
                0x2000009c       0x18 mesh/bootloader/CMakeFiles/mesh_bootloader_serial_gccarmemb_nrf52840_xxAA.dir/src/bootloader.c.obj
 .bss.m_flash_fifo_buf
                0x200000b4       0x80 mesh/bootloader/CMakeFiles/mesh_bootloader_serial_gccarmemb_nrf52840_xxAA.dir/src/bootloader.c.obj
 .bss.m_go_to_app
                0x20000134        0x1 mesh/bootloader/CMakeFiles/mesh_bootloader_serial_gccarmemb_nrf52840_xxAA.dir/src/bootloader.c.obj
 .bss.m_timeout_action
                0x20000135        0x1 mesh/bootloader/CMakeFiles/mesh_bootloader_serial_gccarmemb_nrf52840_xxAA.dir/src/bootloader.c.obj
 *fill*         0x20000136        0x2 
 .bss.rsp_cmd.11668
                0x20000138       0x18 mesh/bootloader/CMakeFiles/mesh_bootloader_serial_gccarmemb_nrf52840_xxAA.dir/src/bootloader.c.obj
 .bss.g_packet_pool
                0x20000150      0x500 mesh/bootloader/CMakeFiles/mesh_bootloader_serial_gccarmemb_nrf52840_xxAA.dir/src/mesh_packet.c.obj
 .bss.g_packet_refs
                0x20000650       0x20 mesh/bootloader/CMakeFiles/mesh_bootloader_serial_gccarmemb_nrf52840_xxAA.dir/src/mesh_packet.c.obj
 .bss.buffer.7124
                0x20000670        0x4 mesh/bootloader/CMakeFiles/mesh_bootloader_serial_gccarmemb_nrf52840_xxAA.dir/src/nrf_flash.c.obj
 .bss.m_idle_cb
                0x20000674        0x4 mesh/bootloader/CMakeFiles/mesh_bootloader_serial_gccarmemb_nrf52840_xxAA.dir/src/radio_control.c.obj
 .bss.m_radio_fifo
                0x20000678       0x18 mesh/bootloader/CMakeFiles/mesh_bootloader_serial_gccarmemb_nrf52840_xxAA.dir/src/radio_control.c.obj
 .bss.m_radio_fifo_queue
                0x20000690       0x40 mesh/bootloader/CMakeFiles/mesh_bootloader_serial_gccarmemb_nrf52840_xxAA.dir/src/radio_control.c.obj
 .bss.m_rx_cb   0x200006d0        0x4 mesh/bootloader/CMakeFiles/mesh_bootloader_serial_gccarmemb_nrf52840_xxAA.dir/src/radio_control.c.obj
 .bss.m_tx_cb   0x200006d4        0x4 mesh/bootloader/CMakeFiles/mesh_bootloader_serial_gccarmemb_nrf52840_xxAA.dir/src/radio_control.c.obj
 .bss.m_prng    0x200006d8       0x10 mesh/bootloader/CMakeFiles/mesh_bootloader_serial_gccarmemb_nrf52840_xxAA.dir/src/transport.c.obj
 .bss.m_running
                0x200006e8        0x1 mesh/bootloader/CMakeFiles/mesh_bootloader_serial_gccarmemb_nrf52840_xxAA.dir/src/transport.c.obj
 *fill*         0x200006e9        0x3 
 .bss.m_rx_cb   0x200006ec        0x4 mesh/bootloader/CMakeFiles/mesh_bootloader_serial_gccarmemb_nrf52840_xxAA.dir/src/transport.c.obj
 .bss.m_rx_fifo
                0x200006f0       0x18 mesh/bootloader/CMakeFiles/mesh_bootloader_serial_gccarmemb_nrf52840_xxAA.dir/src/transport.c.obj
 .bss.m_rx_fifo_buf
                0x20000708       0x80 mesh/bootloader/CMakeFiles/mesh_bootloader_serial_gccarmemb_nrf52840_xxAA.dir/src/transport.c.obj
 .bss.m_ticks_at_order_time
                0x20000788        0x4 mesh/bootloader/CMakeFiles/mesh_bootloader_serial_gccarmemb_nrf52840_xxAA.dir/src/transport.c.obj
 .bss.m_tx      0x2000078c       0x80 mesh/bootloader/CMakeFiles/mesh_bootloader_serial_gccarmemb_nrf52840_xxAA.dir/src/transport.c.obj
 .bss.m_rx_fifo
                0x2000080c       0x18 mesh/bootloader/CMakeFiles/mesh_bootloader_serial_gccarmemb_nrf52840_xxAA.dir/src/serial_handler_uart.c.obj
 .bss.m_rx_fifo_buffer
                0x20000824       0x9c mesh/bootloader/CMakeFiles/mesh_bootloader_serial_gccarmemb_nrf52840_xxAA.dir/src/serial_handler_uart.c.obj
 .bss.m_serial_state
                0x200008c0        0x1 mesh/bootloader/CMakeFiles/mesh_bootloader_serial_gccarmemb_nrf52840_xxAA.dir/src/serial_handler_uart.c.obj
 .bss.m_suspend
                0x200008c1        0x1 mesh/bootloader/CMakeFiles/mesh_bootloader_serial_gccarmemb_nrf52840_xxAA.dir/src/serial_handler_uart.c.obj
 .bss.m_tx_buffer
                0x200008c2       0x27 mesh/bootloader/CMakeFiles/mesh_bootloader_serial_gccarmemb_nrf52840_xxAA.dir/src/serial_handler_uart.c.obj
 *fill*         0x200008e9        0x3 
 .bss.m_tx_fifo
                0x200008ec       0x18 mesh/bootloader/CMakeFiles/mesh_bootloader_serial_gccarmemb_nrf52840_xxAA.dir/src/serial_handler_uart.c.obj
 .bss.m_tx_fifo_buffer
                0x20000904       0x9c mesh/bootloader/CMakeFiles/mesh_bootloader_serial_gccarmemb_nrf52840_xxAA.dir/src/serial_handler_uart.c.obj
 .bss.m_tx_len  0x200009a0        0x4 mesh/bootloader/CMakeFiles/mesh_bootloader_serial_gccarmemb_nrf52840_xxAA.dir/src/serial_handler_uart.c.obj
 .bss.mp_tx_ptr
                0x200009a4        0x4 mesh/bootloader/CMakeFiles/mesh_bootloader_serial_gccarmemb_nrf52840_xxAA.dir/src/serial_handler_uart.c.obj
 .bss.rx_buf.11174
                0x200009a8       0x27 mesh/bootloader/CMakeFiles/mesh_bootloader_serial_gccarmemb_nrf52840_xxAA.dir/src/serial_handler_uart.c.obj
 *(COMMON)
 *fill*         0x200009cf        0x1 
 COMMON         0x200009d0        0x2 mesh/bootloader/CMakeFiles/mesh_bootloader_serial_gccarmemb_nrf52840_xxAA.dir/src/transport.c.obj
                0x200009d0                m_tx_evt_bitfield
                0x200009d4                . = ALIGN (0x4)
 *fill*         0x200009d2        0x2 
                0x200009d4                __bss_end__ = .

.heap           0x200009d8     0x2000
                0x200009d8                __HeapBase = .
                0x200009d8                __end__ = .
                [!provide]                PROVIDE (end, .)
 *(.heap*)
 .heap          0x200009d8     0x2000 mesh/bootloader/CMakeFiles/mesh_bootloader_serial_gccarmemb_nrf52840_xxAA.dir/C_/m/sdks/nRF5_SDK_15.0.0_a53641a/modules/nrfx/mdk/gcc_startup_nrf52840.S.obj
                0x200029d8                __HeapLimit = .

.stack_dummy    0x200009d8     0x2000
 *(.stack*)
 .stack         0x200009d8     0x2000 mesh/bootloader/CMakeFiles/mesh_bootloader_serial_gccarmemb_nrf52840_xxAA.dir/C_/m/sdks/nRF5_SDK_15.0.0_a53641a/modules/nrfx/mdk/gcc_startup_nrf52840.S.obj
                0x2003fd00                __StackTop = (ORIGIN (RAM) + LENGTH (RAM))
                0x2003dd00                __StackLimit = (__StackTop - SIZEOF (.stack_dummy))
                0x2003fd00                PROVIDE (__stack, __StackTop)
                0x00000001                ASSERT ((__StackLimit >= __HeapLimit), region RAM overflowed with stack)
                0x0000007c                DataInitFlashUsed = (__bss_start__ - __data_start__)
                0x00005024                CodeFlashUsed = (__etext - ORIGIN (FLASH))
                0x000050a0                TotalFlashUsed = (CodeFlashUsed + DataInitFlashUsed)
                0x00000001                ASSERT ((TotalFlashUsed <= LENGTH (FLASH)), region FLASH overflowed with .data and user data)
OUTPUT(mesh\bootloader\mesh_bootloader_serial_gccarmemb_nrf52840_xxAA.elf elf32-littlearm)

.ARM.attributes
                0x00000000       0x30
 .ARM.attributes
                0x00000000       0x22 c:/a/gcc_arm/6/bin/../lib/gcc/arm-none-eabi/6.3.1/thumb/v7e-m/fpv4-sp/hard/crti.o
 .ARM.attributes
                0x00000022       0x34 c:/a/gcc_arm/6/bin/../lib/gcc/arm-none-eabi/6.3.1/thumb/v7e-m/fpv4-sp/hard/crtbegin.o
 .ARM.attributes
                0x00000056       0x20 c:/a/gcc_arm/6/bin/../lib/gcc/arm-none-eabi/6.3.1/../../../../arm-none-eabi/lib/thumb/v7e-m/fpv4-sp/hard/crt0.o
 .ARM.attributes
                0x00000076       0x39 mesh/bootloader/CMakeFiles/mesh_bootloader_serial_gccarmemb_nrf52840_xxAA.dir/src/bootloader.c.obj
 .ARM.attributes
                0x000000af       0x39 mesh/bootloader/CMakeFiles/mesh_bootloader_serial_gccarmemb_nrf52840_xxAA.dir/src/bootloader_app_bridge.c.obj
 .ARM.attributes
                0x000000e8       0x39 mesh/bootloader/CMakeFiles/mesh_bootloader_serial_gccarmemb_nrf52840_xxAA.dir/src/bootloader_info.c.obj
 .ARM.attributes
                0x00000121       0x39 mesh/bootloader/CMakeFiles/mesh_bootloader_serial_gccarmemb_nrf52840_xxAA.dir/src/bootloader_rtc.c.obj
 .ARM.attributes
                0x0000015a       0x39 mesh/bootloader/CMakeFiles/mesh_bootloader_serial_gccarmemb_nrf52840_xxAA.dir/src/bootloader_util.c.obj
 .ARM.attributes
                0x00000193       0x39 mesh/bootloader/CMakeFiles/mesh_bootloader_serial_gccarmemb_nrf52840_xxAA.dir/src/dfu_bank.c.obj
 .ARM.attributes
                0x000001cc       0x39 mesh/bootloader/CMakeFiles/mesh_bootloader_serial_gccarmemb_nrf52840_xxAA.dir/src/dfu_mesh.c.obj
 .ARM.attributes
                0x00000205       0x39 mesh/bootloader/CMakeFiles/mesh_bootloader_serial_gccarmemb_nrf52840_xxAA.dir/src/dfu_transfer_mesh.c.obj
 .ARM.attributes
                0x0000023e       0x39 mesh/bootloader/CMakeFiles/mesh_bootloader_serial_gccarmemb_nrf52840_xxAA.dir/src/dfu_util.c.obj
 .ARM.attributes
                0x00000277       0x39 mesh/bootloader/CMakeFiles/mesh_bootloader_serial_gccarmemb_nrf52840_xxAA.dir/src/fifo.c.obj
 .ARM.attributes
                0x000002b0       0x39 mesh/bootloader/CMakeFiles/mesh_bootloader_serial_gccarmemb_nrf52840_xxAA.dir/src/main.c.obj
 .ARM.attributes
                0x000002e9       0x39 mesh/bootloader/CMakeFiles/mesh_bootloader_serial_gccarmemb_nrf52840_xxAA.dir/src/mesh_packet.c.obj
 .ARM.attributes
                0x00000322       0x39 mesh/bootloader/CMakeFiles/mesh_bootloader_serial_gccarmemb_nrf52840_xxAA.dir/src/nrf_flash.c.obj
 .ARM.attributes
                0x0000035b       0x39 mesh/bootloader/CMakeFiles/mesh_bootloader_serial_gccarmemb_nrf52840_xxAA.dir/src/radio_control.c.obj
 .ARM.attributes
                0x00000394       0x39 mesh/bootloader/CMakeFiles/mesh_bootloader_serial_gccarmemb_nrf52840_xxAA.dir/src/rand.c.obj
 .ARM.attributes
                0x000003cd       0x39 mesh/bootloader/CMakeFiles/mesh_bootloader_serial_gccarmemb_nrf52840_xxAA.dir/src/transport.c.obj
 .ARM.attributes
                0x00000406       0x39 mesh/bootloader/CMakeFiles/mesh_bootloader_serial_gccarmemb_nrf52840_xxAA.dir/src/uECC.c.obj
 .ARM.attributes
                0x0000043f       0x39 mesh/bootloader/CMakeFiles/mesh_bootloader_serial_gccarmemb_nrf52840_xxAA.dir/C_/m/sdks/nRF5_SDK_15.0.0_a53641a/components/libraries/sha256/sha256.c.obj
 .ARM.attributes
                0x00000478       0x39 mesh/bootloader/CMakeFiles/mesh_bootloader_serial_gccarmemb_nrf52840_xxAA.dir/src/serial_handler_uart.c.obj
 .ARM.attributes
                0x000004b1       0x39 mesh/bootloader/CMakeFiles/mesh_bootloader_serial_gccarmemb_nrf52840_xxAA.dir/src/mesh_aci.c.obj
 .ARM.attributes
                0x000004ea       0x39 mesh/bootloader/CMakeFiles/mesh_bootloader_serial_gccarmemb_nrf52840_xxAA.dir/C_/m/sdks/nRF5_SDK_15.0.0_a53641a/modules/nrfx/mdk/system_nrf52840.c.obj
 .ARM.attributes
                0x00000523       0x20 mesh/bootloader/CMakeFiles/mesh_bootloader_serial_gccarmemb_nrf52840_xxAA.dir/C_/m/sdks/nRF5_SDK_15.0.0_a53641a/modules/nrfx/mdk/gcc_startup_nrf52840.S.obj
 .ARM.attributes
                0x00000543       0x22 c:/a/gcc_arm/6/bin/../lib/gcc/arm-none-eabi/6.3.1/thumb/v7e-m/fpv4-sp/hard\libgcc.a(_lshrdi3.o)
 .ARM.attributes
                0x00000565       0x22 c:/a/gcc_arm/6/bin/../lib/gcc/arm-none-eabi/6.3.1/thumb/v7e-m/fpv4-sp/hard\libgcc.a(_ashldi3.o)
 .ARM.attributes
                0x00000587       0x22 c:/a/gcc_arm/6/bin/../lib/gcc/arm-none-eabi/6.3.1/thumb/v7e-m/fpv4-sp/hard\libgcc.a(_aeabi_uldivmod.o)
 .ARM.attributes
                0x000005a9       0x34 c:/a/gcc_arm/6/bin/../lib/gcc/arm-none-eabi/6.3.1/thumb/v7e-m/fpv4-sp/hard\libgcc.a(_udivmoddi4.o)
 .ARM.attributes
                0x000005dd       0x22 c:/a/gcc_arm/6/bin/../lib/gcc/arm-none-eabi/6.3.1/thumb/v7e-m/fpv4-sp/hard\libgcc.a(_dvmd_tls.o)
 .ARM.attributes
                0x000005ff       0x34 c:/a/gcc_arm/6/bin/../lib/gcc/arm-none-eabi/6.3.1/../../../../arm-none-eabi/lib/thumb/v7e-m/fpv4-sp/hard\libg_nano.a(lib_a-exit.o)
 .ARM.attributes
                0x00000633       0x34 c:/a/gcc_arm/6/bin/../lib/gcc/arm-none-eabi/6.3.1/../../../../arm-none-eabi/lib/thumb/v7e-m/fpv4-sp/hard\libg_nano.a(lib_a-impure.o)
 .ARM.attributes
                0x00000667       0x34 c:/a/gcc_arm/6/bin/../lib/gcc/arm-none-eabi/6.3.1/../../../../arm-none-eabi/lib/thumb/v7e-m/fpv4-sp/hard\libg_nano.a(lib_a-init.o)
 .ARM.attributes
                0x0000069b       0x34 c:/a/gcc_arm/6/bin/../lib/gcc/arm-none-eabi/6.3.1/../../../../arm-none-eabi/lib/thumb/v7e-m/fpv4-sp/hard\libg_nano.a(lib_a-memcmp.o)
 .ARM.attributes
                0x000006cf       0x34 c:/a/gcc_arm/6/bin/../lib/gcc/arm-none-eabi/6.3.1/../../../../arm-none-eabi/lib/thumb/v7e-m/fpv4-sp/hard\libg_nano.a(lib_a-memcpy-stub.o)
 .ARM.attributes
                0x00000703       0x34 c:/a/gcc_arm/6/bin/../lib/gcc/arm-none-eabi/6.3.1/../../../../arm-none-eabi/lib/thumb/v7e-m/fpv4-sp/hard\libg_nano.a(lib_a-memset.o)
 .ARM.attributes
                0x00000737       0x34 c:/a/gcc_arm/6/bin/../lib/gcc/arm-none-eabi/6.3.1/thumb/v7e-m/fpv4-sp/hard/crtend.o
 .ARM.attributes
                0x0000076b       0x22 c:/a/gcc_arm/6/bin/../lib/gcc/arm-none-eabi/6.3.1/thumb/v7e-m/fpv4-sp/hard/crtn.o
 .ARM.attributes
                0x0000078d       0x34 c:/a/gcc_arm/6/bin/../lib/gcc/arm-none-eabi/6.3.1/../../../../arm-none-eabi/lib/thumb/v7e-m/fpv4-sp/hard\libnosys.a(_exit.o)

.comment        0x00000000       0x7f
 .comment       0x00000000       0x7f mesh/bootloader/CMakeFiles/mesh_bootloader_serial_gccarmemb_nrf52840_xxAA.dir/src/bootloader.c.obj
                                 0x80 (size before relaxing)
 .comment       0x0000007f       0x80 mesh/bootloader/CMakeFiles/mesh_bootloader_serial_gccarmemb_nrf52840_xxAA.dir/src/bootloader_app_bridge.c.obj
 .comment       0x0000007f       0x80 mesh/bootloader/CMakeFiles/mesh_bootloader_serial_gccarmemb_nrf52840_xxAA.dir/src/bootloader_info.c.obj
 .comment       0x0000007f       0x80 mesh/bootloader/CMakeFiles/mesh_bootloader_serial_gccarmemb_nrf52840_xxAA.dir/src/bootloader_rtc.c.obj
 .comment       0x0000007f       0x80 mesh/bootloader/CMakeFiles/mesh_bootloader_serial_gccarmemb_nrf52840_xxAA.dir/src/bootloader_util.c.obj
 .comment       0x0000007f       0x80 mesh/bootloader/CMakeFiles/mesh_bootloader_serial_gccarmemb_nrf52840_xxAA.dir/src/dfu_bank.c.obj
 .comment       0x0000007f       0x80 mesh/bootloader/CMakeFiles/mesh_bootloader_serial_gccarmemb_nrf52840_xxAA.dir/src/dfu_mesh.c.obj
 .comment       0x0000007f       0x80 mesh/bootloader/CMakeFiles/mesh_bootloader_serial_gccarmemb_nrf52840_xxAA.dir/src/dfu_transfer_mesh.c.obj
 .comment       0x0000007f       0x80 mesh/bootloader/CMakeFiles/mesh_bootloader_serial_gccarmemb_nrf52840_xxAA.dir/src/dfu_util.c.obj
 .comment       0x0000007f       0x80 mesh/bootloader/CMakeFiles/mesh_bootloader_serial_gccarmemb_nrf52840_xxAA.dir/src/fifo.c.obj
 .comment       0x0000007f       0x80 mesh/bootloader/CMakeFiles/mesh_bootloader_serial_gccarmemb_nrf52840_xxAA.dir/src/main.c.obj
 .comment       0x0000007f       0x80 mesh/bootloader/CMakeFiles/mesh_bootloader_serial_gccarmemb_nrf52840_xxAA.dir/src/mesh_packet.c.obj
 .comment       0x0000007f       0x80 mesh/bootloader/CMakeFiles/mesh_bootloader_serial_gccarmemb_nrf52840_xxAA.dir/src/nrf_flash.c.obj
 .comment       0x0000007f       0x80 mesh/bootloader/CMakeFiles/mesh_bootloader_serial_gccarmemb_nrf52840_xxAA.dir/src/radio_control.c.obj
 .comment       0x0000007f       0x80 mesh/bootloader/CMakeFiles/mesh_bootloader_serial_gccarmemb_nrf52840_xxAA.dir/src/rand.c.obj
 .comment       0x0000007f       0x80 mesh/bootloader/CMakeFiles/mesh_bootloader_serial_gccarmemb_nrf52840_xxAA.dir/src/transport.c.obj
 .comment       0x0000007f       0x80 mesh/bootloader/CMakeFiles/mesh_bootloader_serial_gccarmemb_nrf52840_xxAA.dir/src/uECC.c.obj
 .comment       0x0000007f       0x80 mesh/bootloader/CMakeFiles/mesh_bootloader_serial_gccarmemb_nrf52840_xxAA.dir/C_/m/sdks/nRF5_SDK_15.0.0_a53641a/components/libraries/sha256/sha256.c.obj
 .comment       0x0000007f       0x80 mesh/bootloader/CMakeFiles/mesh_bootloader_serial_gccarmemb_nrf52840_xxAA.dir/src/serial_handler_uart.c.obj
 .comment       0x0000007f       0x80 mesh/bootloader/CMakeFiles/mesh_bootloader_serial_gccarmemb_nrf52840_xxAA.dir/src/mesh_aci.c.obj
 .comment       0x0000007f       0x80 mesh/bootloader/CMakeFiles/mesh_bootloader_serial_gccarmemb_nrf52840_xxAA.dir/C_/m/sdks/nRF5_SDK_15.0.0_a53641a/modules/nrfx/mdk/system_nrf52840.c.obj

.debug_info     0x00000000    0x2171b
 .debug_info    0x00000000     0x3a19 mesh/bootloader/CMakeFiles/mesh_bootloader_serial_gccarmemb_nrf52840_xxAA.dir/src/bootloader.c.obj
 .debug_info    0x00003a19     0x2427 mesh/bootloader/CMakeFiles/mesh_bootloader_serial_gccarmemb_nrf52840_xxAA.dir/src/bootloader_app_bridge.c.obj
 .debug_info    0x00005e40     0x1c12 mesh/bootloader/CMakeFiles/mesh_bootloader_serial_gccarmemb_nrf52840_xxAA.dir/src/bootloader_info.c.obj
 .debug_info    0x00007a52      0x7a7 mesh/bootloader/CMakeFiles/mesh_bootloader_serial_gccarmemb_nrf52840_xxAA.dir/src/bootloader_rtc.c.obj
 .debug_info    0x000081f9      0x8fd mesh/bootloader/CMakeFiles/mesh_bootloader_serial_gccarmemb_nrf52840_xxAA.dir/src/bootloader_util.c.obj
 .debug_info    0x00008af6     0x22da mesh/bootloader/CMakeFiles/mesh_bootloader_serial_gccarmemb_nrf52840_xxAA.dir/src/dfu_bank.c.obj
 .debug_info    0x0000add0     0x3622 mesh/bootloader/CMakeFiles/mesh_bootloader_serial_gccarmemb_nrf52840_xxAA.dir/src/dfu_mesh.c.obj
 .debug_info    0x0000e3f2      0xed9 mesh/bootloader/CMakeFiles/mesh_bootloader_serial_gccarmemb_nrf52840_xxAA.dir/src/dfu_transfer_mesh.c.obj
 .debug_info    0x0000f2cb     0x1718 mesh/bootloader/CMakeFiles/mesh_bootloader_serial_gccarmemb_nrf52840_xxAA.dir/src/dfu_util.c.obj
 .debug_info    0x000109e3      0xc77 mesh/bootloader/CMakeFiles/mesh_bootloader_serial_gccarmemb_nrf52840_xxAA.dir/src/fifo.c.obj
 .debug_info    0x0001165a     0x1611 mesh/bootloader/CMakeFiles/mesh_bootloader_serial_gccarmemb_nrf52840_xxAA.dir/src/main.c.obj
 .debug_info    0x00012c6b     0x13e7 mesh/bootloader/CMakeFiles/mesh_bootloader_serial_gccarmemb_nrf52840_xxAA.dir/src/mesh_packet.c.obj
 .debug_info    0x00014052      0x774 mesh/bootloader/CMakeFiles/mesh_bootloader_serial_gccarmemb_nrf52840_xxAA.dir/src/nrf_flash.c.obj
 .debug_info    0x000147c6     0x1817 mesh/bootloader/CMakeFiles/mesh_bootloader_serial_gccarmemb_nrf52840_xxAA.dir/src/radio_control.c.obj
 .debug_info    0x00015fdd      0x34d mesh/bootloader/CMakeFiles/mesh_bootloader_serial_gccarmemb_nrf52840_xxAA.dir/src/rand.c.obj
 .debug_info    0x0001632a     0x240a mesh/bootloader/CMakeFiles/mesh_bootloader_serial_gccarmemb_nrf52840_xxAA.dir/src/transport.c.obj
 .debug_info    0x00018734     0x1ecf mesh/bootloader/CMakeFiles/mesh_bootloader_serial_gccarmemb_nrf52840_xxAA.dir/src/uECC.c.obj
 .debug_info    0x0001a603      0xc21 mesh/bootloader/CMakeFiles/mesh_bootloader_serial_gccarmemb_nrf52840_xxAA.dir/C_/m/sdks/nRF5_SDK_15.0.0_a53641a/components/libraries/sha256/sha256.c.obj
 .debug_info    0x0001b224     0x219b mesh/bootloader/CMakeFiles/mesh_bootloader_serial_gccarmemb_nrf52840_xxAA.dir/src/serial_handler_uart.c.obj
 .debug_info    0x0001d3bf     0x2fbd mesh/bootloader/CMakeFiles/mesh_bootloader_serial_gccarmemb_nrf52840_xxAA.dir/src/mesh_aci.c.obj
 .debug_info    0x0002037c     0x139f mesh/bootloader/CMakeFiles/mesh_bootloader_serial_gccarmemb_nrf52840_xxAA.dir/C_/m/sdks/nRF5_SDK_15.0.0_a53641a/modules/nrfx/mdk/system_nrf52840.c.obj

.debug_abbrev   0x00000000     0x4588
 .debug_abbrev  0x00000000      0x475 mesh/bootloader/CMakeFiles/mesh_bootloader_serial_gccarmemb_nrf52840_xxAA.dir/src/bootloader.c.obj
 .debug_abbrev  0x00000475      0x37c mesh/bootloader/CMakeFiles/mesh_bootloader_serial_gccarmemb_nrf52840_xxAA.dir/src/bootloader_app_bridge.c.obj
 .debug_abbrev  0x000007f1      0x4d6 mesh/bootloader/CMakeFiles/mesh_bootloader_serial_gccarmemb_nrf52840_xxAA.dir/src/bootloader_info.c.obj
 .debug_abbrev  0x00000cc7      0x191 mesh/bootloader/CMakeFiles/mesh_bootloader_serial_gccarmemb_nrf52840_xxAA.dir/src/bootloader_rtc.c.obj
 .debug_abbrev  0x00000e58      0x1db mesh/bootloader/CMakeFiles/mesh_bootloader_serial_gccarmemb_nrf52840_xxAA.dir/src/bootloader_util.c.obj
 .debug_abbrev  0x00001033      0x42f mesh/bootloader/CMakeFiles/mesh_bootloader_serial_gccarmemb_nrf52840_xxAA.dir/src/dfu_bank.c.obj
 .debug_abbrev  0x00001462      0x4bd mesh/bootloader/CMakeFiles/mesh_bootloader_serial_gccarmemb_nrf52840_xxAA.dir/src/dfu_mesh.c.obj
 .debug_abbrev  0x0000191f      0x384 mesh/bootloader/CMakeFiles/mesh_bootloader_serial_gccarmemb_nrf52840_xxAA.dir/src/dfu_transfer_mesh.c.obj
 .debug_abbrev  0x00001ca3      0x405 mesh/bootloader/CMakeFiles/mesh_bootloader_serial_gccarmemb_nrf52840_xxAA.dir/src/dfu_util.c.obj
 .debug_abbrev  0x000020a8      0x2d4 mesh/bootloader/CMakeFiles/mesh_bootloader_serial_gccarmemb_nrf52840_xxAA.dir/src/fifo.c.obj
 .debug_abbrev  0x0000237c      0x31b mesh/bootloader/CMakeFiles/mesh_bootloader_serial_gccarmemb_nrf52840_xxAA.dir/src/main.c.obj
 .debug_abbrev  0x00002697      0x375 mesh/bootloader/CMakeFiles/mesh_bootloader_serial_gccarmemb_nrf52840_xxAA.dir/src/mesh_packet.c.obj
 .debug_abbrev  0x00002a0c      0x1b3 mesh/bootloader/CMakeFiles/mesh_bootloader_serial_gccarmemb_nrf52840_xxAA.dir/src/nrf_flash.c.obj
 .debug_abbrev  0x00002bbf      0x43e mesh/bootloader/CMakeFiles/mesh_bootloader_serial_gccarmemb_nrf52840_xxAA.dir/src/radio_control.c.obj
 .debug_abbrev  0x00002ffd      0x179 mesh/bootloader/CMakeFiles/mesh_bootloader_serial_gccarmemb_nrf52840_xxAA.dir/src/rand.c.obj
 .debug_abbrev  0x00003176      0x4db mesh/bootloader/CMakeFiles/mesh_bootloader_serial_gccarmemb_nrf52840_xxAA.dir/src/transport.c.obj
 .debug_abbrev  0x00003651      0x292 mesh/bootloader/CMakeFiles/mesh_bootloader_serial_gccarmemb_nrf52840_xxAA.dir/src/uECC.c.obj
 .debug_abbrev  0x000038e3      0x24a mesh/bootloader/CMakeFiles/mesh_bootloader_serial_gccarmemb_nrf52840_xxAA.dir/C_/m/sdks/nRF5_SDK_15.0.0_a53641a/components/libraries/sha256/sha256.c.obj
 .debug_abbrev  0x00003b2d      0x44c mesh/bootloader/CMakeFiles/mesh_bootloader_serial_gccarmemb_nrf52840_xxAA.dir/src/serial_handler_uart.c.obj
 .debug_abbrev  0x00003f79      0x404 mesh/bootloader/CMakeFiles/mesh_bootloader_serial_gccarmemb_nrf52840_xxAA.dir/src/mesh_aci.c.obj
 .debug_abbrev  0x0000437d      0x20b mesh/bootloader/CMakeFiles/mesh_bootloader_serial_gccarmemb_nrf52840_xxAA.dir/C_/m/sdks/nRF5_SDK_15.0.0_a53641a/modules/nrfx/mdk/system_nrf52840.c.obj

.debug_loc      0x00000000     0x5f30
 .debug_loc     0x00000000      0x550 mesh/bootloader/CMakeFiles/mesh_bootloader_serial_gccarmemb_nrf52840_xxAA.dir/src/bootloader.c.obj
 .debug_loc     0x00000550      0x36d mesh/bootloader/CMakeFiles/mesh_bootloader_serial_gccarmemb_nrf52840_xxAA.dir/src/bootloader_app_bridge.c.obj
 .debug_loc     0x000008bd      0xad5 mesh/bootloader/CMakeFiles/mesh_bootloader_serial_gccarmemb_nrf52840_xxAA.dir/src/bootloader_info.c.obj
 .debug_loc     0x00001392       0x3c mesh/bootloader/CMakeFiles/mesh_bootloader_serial_gccarmemb_nrf52840_xxAA.dir/src/bootloader_rtc.c.obj
 .debug_loc     0x000013ce       0x31 mesh/bootloader/CMakeFiles/mesh_bootloader_serial_gccarmemb_nrf52840_xxAA.dir/src/bootloader_util.c.obj
 .debug_loc     0x000013ff      0x315 mesh/bootloader/CMakeFiles/mesh_bootloader_serial_gccarmemb_nrf52840_xxAA.dir/src/dfu_bank.c.obj
 .debug_loc     0x00001714      0xf3d mesh/bootloader/CMakeFiles/mesh_bootloader_serial_gccarmemb_nrf52840_xxAA.dir/src/dfu_mesh.c.obj
 .debug_loc     0x00002651      0x4e3 mesh/bootloader/CMakeFiles/mesh_bootloader_serial_gccarmemb_nrf52840_xxAA.dir/src/dfu_transfer_mesh.c.obj
 .debug_loc     0x00002b34      0x5c5 mesh/bootloader/CMakeFiles/mesh_bootloader_serial_gccarmemb_nrf52840_xxAA.dir/src/dfu_util.c.obj
 .debug_loc     0x000030f9      0x369 mesh/bootloader/CMakeFiles/mesh_bootloader_serial_gccarmemb_nrf52840_xxAA.dir/src/fifo.c.obj
 .debug_loc     0x00003462       0x3c mesh/bootloader/CMakeFiles/mesh_bootloader_serial_gccarmemb_nrf52840_xxAA.dir/src/main.c.obj
 .debug_loc     0x0000349e      0x582 mesh/bootloader/CMakeFiles/mesh_bootloader_serial_gccarmemb_nrf52840_xxAA.dir/src/mesh_packet.c.obj
 .debug_loc     0x00003a20      0x184 mesh/bootloader/CMakeFiles/mesh_bootloader_serial_gccarmemb_nrf52840_xxAA.dir/src/nrf_flash.c.obj
 .debug_loc     0x00003ba4      0x259 mesh/bootloader/CMakeFiles/mesh_bootloader_serial_gccarmemb_nrf52840_xxAA.dir/src/radio_control.c.obj
 .debug_loc     0x00003dfd      0x12d mesh/bootloader/CMakeFiles/mesh_bootloader_serial_gccarmemb_nrf52840_xxAA.dir/src/rand.c.obj
 .debug_loc     0x00003f2a      0x5b4 mesh/bootloader/CMakeFiles/mesh_bootloader_serial_gccarmemb_nrf52840_xxAA.dir/src/transport.c.obj
 .debug_loc     0x000044de     0x12f8 mesh/bootloader/CMakeFiles/mesh_bootloader_serial_gccarmemb_nrf52840_xxAA.dir/src/uECC.c.obj
 .debug_loc     0x000057d6      0x537 mesh/bootloader/CMakeFiles/mesh_bootloader_serial_gccarmemb_nrf52840_xxAA.dir/C_/m/sdks/nRF5_SDK_15.0.0_a53641a/components/libraries/sha256/sha256.c.obj
 .debug_loc     0x00005d0d      0x128 mesh/bootloader/CMakeFiles/mesh_bootloader_serial_gccarmemb_nrf52840_xxAA.dir/src/serial_handler_uart.c.obj
 .debug_loc     0x00005e35       0xfb mesh/bootloader/CMakeFiles/mesh_bootloader_serial_gccarmemb_nrf52840_xxAA.dir/src/mesh_aci.c.obj

.debug_aranges  0x00000000      0x7f8
 .debug_aranges
                0x00000000       0x78 mesh/bootloader/CMakeFiles/mesh_bootloader_serial_gccarmemb_nrf52840_xxAA.dir/src/bootloader.c.obj
 .debug_aranges
                0x00000078       0x70 mesh/bootloader/CMakeFiles/mesh_bootloader_serial_gccarmemb_nrf52840_xxAA.dir/src/bootloader_app_bridge.c.obj
 .debug_aranges
                0x000000e8       0xc0 mesh/bootloader/CMakeFiles/mesh_bootloader_serial_gccarmemb_nrf52840_xxAA.dir/src/bootloader_info.c.obj
 .debug_aranges
                0x000001a8       0x28 mesh/bootloader/CMakeFiles/mesh_bootloader_serial_gccarmemb_nrf52840_xxAA.dir/src/bootloader_rtc.c.obj
 .debug_aranges
                0x000001d0       0x20 mesh/bootloader/CMakeFiles/mesh_bootloader_serial_gccarmemb_nrf52840_xxAA.dir/src/bootloader_util.c.obj
 .debug_aranges
                0x000001f0       0x50 mesh/bootloader/CMakeFiles/mesh_bootloader_serial_gccarmemb_nrf52840_xxAA.dir/src/dfu_bank.c.obj
 .debug_aranges
                0x00000240       0xb8 mesh/bootloader/CMakeFiles/mesh_bootloader_serial_gccarmemb_nrf52840_xxAA.dir/src/dfu_mesh.c.obj
 .debug_aranges
                0x000002f8       0x60 mesh/bootloader/CMakeFiles/mesh_bootloader_serial_gccarmemb_nrf52840_xxAA.dir/src/dfu_transfer_mesh.c.obj
 .debug_aranges
                0x00000358       0xa0 mesh/bootloader/CMakeFiles/mesh_bootloader_serial_gccarmemb_nrf52840_xxAA.dir/src/dfu_util.c.obj
 .debug_aranges
                0x000003f8       0x60 mesh/bootloader/CMakeFiles/mesh_bootloader_serial_gccarmemb_nrf52840_xxAA.dir/src/fifo.c.obj
 .debug_aranges
                0x00000458       0x38 mesh/bootloader/CMakeFiles/mesh_bootloader_serial_gccarmemb_nrf52840_xxAA.dir/src/main.c.obj
 .debug_aranges
                0x00000490       0x80 mesh/bootloader/CMakeFiles/mesh_bootloader_serial_gccarmemb_nrf52840_xxAA.dir/src/mesh_packet.c.obj
 .debug_aranges
                0x00000510       0x28 mesh/bootloader/CMakeFiles/mesh_bootloader_serial_gccarmemb_nrf52840_xxAA.dir/src/nrf_flash.c.obj
 .debug_aranges
                0x00000538       0x40 mesh/bootloader/CMakeFiles/mesh_bootloader_serial_gccarmemb_nrf52840_xxAA.dir/src/radio_control.c.obj
 .debug_aranges
                0x00000578       0x30 mesh/bootloader/CMakeFiles/mesh_bootloader_serial_gccarmemb_nrf52840_xxAA.dir/src/rand.c.obj
 .debug_aranges
                0x000005a8       0xa8 mesh/bootloader/CMakeFiles/mesh_bootloader_serial_gccarmemb_nrf52840_xxAA.dir/src/transport.c.obj
 .debug_aranges
                0x00000650       0xb0 mesh/bootloader/CMakeFiles/mesh_bootloader_serial_gccarmemb_nrf52840_xxAA.dir/src/uECC.c.obj
 .debug_aranges
                0x00000700       0x38 mesh/bootloader/CMakeFiles/mesh_bootloader_serial_gccarmemb_nrf52840_xxAA.dir/C_/m/sdks/nRF5_SDK_15.0.0_a53641a/components/libraries/sha256/sha256.c.obj
 .debug_aranges
                0x00000738       0x58 mesh/bootloader/CMakeFiles/mesh_bootloader_serial_gccarmemb_nrf52840_xxAA.dir/src/serial_handler_uart.c.obj
 .debug_aranges
                0x00000790       0x38 mesh/bootloader/CMakeFiles/mesh_bootloader_serial_gccarmemb_nrf52840_xxAA.dir/src/mesh_aci.c.obj
 .debug_aranges
                0x000007c8       0x30 mesh/bootloader/CMakeFiles/mesh_bootloader_serial_gccarmemb_nrf52840_xxAA.dir/C_/m/sdks/nRF5_SDK_15.0.0_a53641a/modules/nrfx/mdk/system_nrf52840.c.obj

.debug_ranges   0x00000000      0xef0
 .debug_ranges  0x00000000      0x110 mesh/bootloader/CMakeFiles/mesh_bootloader_serial_gccarmemb_nrf52840_xxAA.dir/src/bootloader.c.obj
 .debug_ranges  0x00000110       0x60 mesh/bootloader/CMakeFiles/mesh_bootloader_serial_gccarmemb_nrf52840_xxAA.dir/src/bootloader_app_bridge.c.obj
 .debug_ranges  0x00000170      0x1a8 mesh/bootloader/CMakeFiles/mesh_bootloader_serial_gccarmemb_nrf52840_xxAA.dir/src/bootloader_info.c.obj
 .debug_ranges  0x00000318       0x18 mesh/bootloader/CMakeFiles/mesh_bootloader_serial_gccarmemb_nrf52840_xxAA.dir/src/bootloader_rtc.c.obj
 .debug_ranges  0x00000330       0x10 mesh/bootloader/CMakeFiles/mesh_bootloader_serial_gccarmemb_nrf52840_xxAA.dir/src/bootloader_util.c.obj
 .debug_ranges  0x00000340       0xa8 mesh/bootloader/CMakeFiles/mesh_bootloader_serial_gccarmemb_nrf52840_xxAA.dir/src/dfu_bank.c.obj
 .debug_ranges  0x000003e8      0x318 mesh/bootloader/CMakeFiles/mesh_bootloader_serial_gccarmemb_nrf52840_xxAA.dir/src/dfu_mesh.c.obj
 .debug_ranges  0x00000700       0xa0 mesh/bootloader/CMakeFiles/mesh_bootloader_serial_gccarmemb_nrf52840_xxAA.dir/src/dfu_transfer_mesh.c.obj
 .debug_ranges  0x000007a0       0xc0 mesh/bootloader/CMakeFiles/mesh_bootloader_serial_gccarmemb_nrf52840_xxAA.dir/src/dfu_util.c.obj
 .debug_ranges  0x00000860       0x68 mesh/bootloader/CMakeFiles/mesh_bootloader_serial_gccarmemb_nrf52840_xxAA.dir/src/fifo.c.obj
 .debug_ranges  0x000008c8       0x28 mesh/bootloader/CMakeFiles/mesh_bootloader_serial_gccarmemb_nrf52840_xxAA.dir/src/main.c.obj
 .debug_ranges  0x000008f0       0x90 mesh/bootloader/CMakeFiles/mesh_bootloader_serial_gccarmemb_nrf52840_xxAA.dir/src/mesh_packet.c.obj
 .debug_ranges  0x00000980       0x70 mesh/bootloader/CMakeFiles/mesh_bootloader_serial_gccarmemb_nrf52840_xxAA.dir/src/nrf_flash.c.obj
 .debug_ranges  0x000009f0       0xe8 mesh/bootloader/CMakeFiles/mesh_bootloader_serial_gccarmemb_nrf52840_xxAA.dir/src/radio_control.c.obj
 .debug_ranges  0x00000ad8       0x20 mesh/bootloader/CMakeFiles/mesh_bootloader_serial_gccarmemb_nrf52840_xxAA.dir/src/rand.c.obj
 .debug_ranges  0x00000af8      0x148 mesh/bootloader/CMakeFiles/mesh_bootloader_serial_gccarmemb_nrf52840_xxAA.dir/src/transport.c.obj
 .debug_ranges  0x00000c40      0x198 mesh/bootloader/CMakeFiles/mesh_bootloader_serial_gccarmemb_nrf52840_xxAA.dir/src/uECC.c.obj
 .debug_ranges  0x00000dd8       0x28 mesh/bootloader/CMakeFiles/mesh_bootloader_serial_gccarmemb_nrf52840_xxAA.dir/C_/m/sdks/nRF5_SDK_15.0.0_a53641a/components/libraries/sha256/sha256.c.obj
 .debug_ranges  0x00000e00       0x70 mesh/bootloader/CMakeFiles/mesh_bootloader_serial_gccarmemb_nrf52840_xxAA.dir/src/serial_handler_uart.c.obj
 .debug_ranges  0x00000e70       0x60 mesh/bootloader/CMakeFiles/mesh_bootloader_serial_gccarmemb_nrf52840_xxAA.dir/src/mesh_aci.c.obj
 .debug_ranges  0x00000ed0       0x20 mesh/bootloader/CMakeFiles/mesh_bootloader_serial_gccarmemb_nrf52840_xxAA.dir/C_/m/sdks/nRF5_SDK_15.0.0_a53641a/modules/nrfx/mdk/system_nrf52840.c.obj

.debug_line     0x00000000     0x55fd
 .debug_line    0x00000000      0x71b mesh/bootloader/CMakeFiles/mesh_bootloader_serial_gccarmemb_nrf52840_xxAA.dir/src/bootloader.c.obj
 .debug_line    0x0000071b      0x44f mesh/bootloader/CMakeFiles/mesh_bootloader_serial_gccarmemb_nrf52840_xxAA.dir/src/bootloader_app_bridge.c.obj
 .debug_line    0x00000b6a      0x607 mesh/bootloader/CMakeFiles/mesh_bootloader_serial_gccarmemb_nrf52840_xxAA.dir/src/bootloader_info.c.obj
 .debug_line    0x00001171      0x1ea mesh/bootloader/CMakeFiles/mesh_bootloader_serial_gccarmemb_nrf52840_xxAA.dir/src/bootloader_rtc.c.obj
 .debug_line    0x0000135b      0x135 mesh/bootloader/CMakeFiles/mesh_bootloader_serial_gccarmemb_nrf52840_xxAA.dir/src/bootloader_util.c.obj
 .debug_line    0x00001490      0x51a mesh/bootloader/CMakeFiles/mesh_bootloader_serial_gccarmemb_nrf52840_xxAA.dir/src/dfu_bank.c.obj
 .debug_line    0x000019aa      0x8b0 mesh/bootloader/CMakeFiles/mesh_bootloader_serial_gccarmemb_nrf52840_xxAA.dir/src/dfu_mesh.c.obj
 .debug_line    0x0000225a      0x3e2 mesh/bootloader/CMakeFiles/mesh_bootloader_serial_gccarmemb_nrf52840_xxAA.dir/src/dfu_transfer_mesh.c.obj
 .debug_line    0x0000263c      0x44e mesh/bootloader/CMakeFiles/mesh_bootloader_serial_gccarmemb_nrf52840_xxAA.dir/src/dfu_util.c.obj
 .debug_line    0x00002a8a      0x32c mesh/bootloader/CMakeFiles/mesh_bootloader_serial_gccarmemb_nrf52840_xxAA.dir/src/fifo.c.obj
 .debug_line    0x00002db6      0x2f6 mesh/bootloader/CMakeFiles/mesh_bootloader_serial_gccarmemb_nrf52840_xxAA.dir/src/main.c.obj
 .debug_line    0x000030ac      0x451 mesh/bootloader/CMakeFiles/mesh_bootloader_serial_gccarmemb_nrf52840_xxAA.dir/src/mesh_packet.c.obj
 .debug_line    0x000034fd      0x1f5 mesh/bootloader/CMakeFiles/mesh_bootloader_serial_gccarmemb_nrf52840_xxAA.dir/src/nrf_flash.c.obj
 .debug_line    0x000036f2      0x3b0 mesh/bootloader/CMakeFiles/mesh_bootloader_serial_gccarmemb_nrf52840_xxAA.dir/src/radio_control.c.obj
 .debug_line    0x00003aa2      0x1e9 mesh/bootloader/CMakeFiles/mesh_bootloader_serial_gccarmemb_nrf52840_xxAA.dir/src/rand.c.obj
 .debug_line    0x00003c8b      0x5db mesh/bootloader/CMakeFiles/mesh_bootloader_serial_gccarmemb_nrf52840_xxAA.dir/src/transport.c.obj
 .debug_line    0x00004266      0x520 mesh/bootloader/CMakeFiles/mesh_bootloader_serial_gccarmemb_nrf52840_xxAA.dir/src/uECC.c.obj
 .debug_line    0x00004786      0x427 mesh/bootloader/CMakeFiles/mesh_bootloader_serial_gccarmemb_nrf52840_xxAA.dir/C_/m/sdks/nRF5_SDK_15.0.0_a53641a/components/libraries/sha256/sha256.c.obj
 .debug_line    0x00004bad      0x42e mesh/bootloader/CMakeFiles/mesh_bootloader_serial_gccarmemb_nrf52840_xxAA.dir/src/serial_handler_uart.c.obj
 .debug_line    0x00004fdb      0x41b mesh/bootloader/CMakeFiles/mesh_bootloader_serial_gccarmemb_nrf52840_xxAA.dir/src/mesh_aci.c.obj
 .debug_line    0x000053f6      0x207 mesh/bootloader/CMakeFiles/mesh_bootloader_serial_gccarmemb_nrf52840_xxAA.dir/C_/m/sdks/nRF5_SDK_15.0.0_a53641a/modules/nrfx/mdk/system_nrf52840.c.obj

.debug_str      0x00000000     0x5731
 .debug_str     0x00000000     0x28e1 mesh/bootloader/CMakeFiles/mesh_bootloader_serial_gccarmemb_nrf52840_xxAA.dir/src/bootloader.c.obj
                               0x2b5a (size before relaxing)
 .debug_str     0x000028e1      0x335 mesh/bootloader/CMakeFiles/mesh_bootloader_serial_gccarmemb_nrf52840_xxAA.dir/src/bootloader_app_bridge.c.obj
                               0x19cd (size before relaxing)